[0.005s] Invoking command in '/home/taoqiu/ros2_ws/build/openarm_bringup': AMENT_PREFIX_PATH=/home/taoqiu/ros2_ws/install/openarm_bimanual_moveit_config:/home/taoqiu/ros2_ws/install/openarm_description:${AMENT_PREFIX_PATH} CMAKE_PREFIX_PATH=/home/taoqiu/ros2_ws/install/openarm_bimanual_moveit_config:/home/taoqiu/ros2_ws/install/openarm_description:/opt/ros/humble CONDA_PROMPT_MODIFIER=(base) /usr/bin/cmake /home/taoqiu/ros2_ws/src/openarm_ros2/openarm_bringup -DCMAKE_INSTALL_PREFIX=/home/taoqiu/ros2_ws/install/openarm_bringup
[0.014s] -- Found ament_cmake: 1.3.14 (/opt/ros/humble/share/ament_cmake/cmake)
[0.097s] -- Found ament_lint_auto: 0.12.15 (/opt/ros/humble/share/ament_lint_auto/cmake)
[0.134s] -- Added test 'flake8' to check Python code syntax and style conventions
[0.134s] -- Added test 'lint_cmake' to check CMake code style
[0.134s] -- Added test 'pep257' to check Python code against some of the docstring style conventions in PEP 257
[0.135s] -- Added test 'xmllint' to check XML markup files
[0.135s] -- Configuring done
[0.136s] -- Generating done
[0.137s] -- Build files have been written to: /home/taoqiu/ros2_ws/build/openarm_bringup
[0.138s] Invoked command in '/home/taoqiu/ros2_ws/build/openarm_bringup' returned '0': AMENT_PREFIX_PATH=/home/taoqiu/ros2_ws/install/openarm_bimanual_moveit_config:/home/taoqiu/ros2_ws/install/openarm_description:${AMENT_PREFIX_PATH} CMAKE_PREFIX_PATH=/home/taoqiu/ros2_ws/install/openarm_bimanual_moveit_config:/home/taoqiu/ros2_ws/install/openarm_description:/opt/ros/humble CONDA_PROMPT_MODIFIER=(base) /usr/bin/cmake /home/taoqiu/ros2_ws/src/openarm_ros2/openarm_bringup -DCMAKE_INSTALL_PREFIX=/home/taoqiu/ros2_ws/install/openarm_bringup
[0.139s] Invoking command in '/home/taoqiu/ros2_ws/build/openarm_bringup': AMENT_PREFIX_PATH=/home/taoqiu/ros2_ws/install/openarm_bimanual_moveit_config:/home/taoqiu/ros2_ws/install/openarm_description:${AMENT_PREFIX_PATH} CMAKE_PREFIX_PATH=/home/taoqiu/ros2_ws/install/openarm_bimanual_moveit_config:/home/taoqiu/ros2_ws/install/openarm_description:/opt/ros/humble CONDA_PROMPT_MODIFIER=(base) /usr/bin/cmake --build /home/taoqiu/ros2_ws/build/openarm_bringup -- -j24 -l24
[0.161s] Invoked command in '/home/taoqiu/ros2_ws/build/openarm_bringup' returned '0': AMENT_PREFIX_PATH=/home/taoqiu/ros2_ws/install/openarm_bimanual_moveit_config:/home/taoqiu/ros2_ws/install/openarm_description:${AMENT_PREFIX_PATH} CMAKE_PREFIX_PATH=/home/taoqiu/ros2_ws/install/openarm_bimanual_moveit_config:/home/taoqiu/ros2_ws/install/openarm_description:/opt/ros/humble CONDA_PROMPT_MODIFIER=(base) /usr/bin/cmake --build /home/taoqiu/ros2_ws/build/openarm_bringup -- -j24 -l24
[0.165s] Invoking command in '/home/taoqiu/ros2_ws/build/openarm_bringup': AMENT_PREFIX_PATH=/home/taoqiu/ros2_ws/install/openarm_bimanual_moveit_config:/home/taoqiu/ros2_ws/install/openarm_description:${AMENT_PREFIX_PATH} CMAKE_PREFIX_PATH=/home/taoqiu/ros2_ws/install/openarm_bimanual_moveit_config:/home/taoqiu/ros2_ws/install/openarm_description:/opt/ros/humble CONDA_PROMPT_MODIFIER=(base) /usr/bin/cmake --install /home/taoqiu/ros2_ws/build/openarm_bringup
[0.169s] -- Install configuration: ""
[0.169s] -- Up-to-date: /home/taoqiu/ros2_ws/install/openarm_bringup/share/openarm_bringup/launch
[0.169s] -- Up-to-date: /home/taoqiu/ros2_ws/install/openarm_bringup/share/openarm_bringup/launch/openarm.bimanual.launch.py
[0.169s] -- Up-to-date: /home/taoqiu/ros2_ws/install/openarm_bringup/share/openarm_bringup/launch/__pycache__
[0.169s] -- Up-to-date: /home/taoqiu/ros2_ws/install/openarm_bringup/share/openarm_bringup/launch/__pycache__/openarm.bimanual.launch.cpython-313.pyc
[0.169s] -- Up-to-date: /home/taoqiu/ros2_ws/install/openarm_bringup/share/openarm_bringup/config
[0.169s] -- Up-to-date: /home/taoqiu/ros2_ws/install/openarm_bringup/share/openarm_bringup/config/controllers
[0.169s] -- Up-to-date: /home/taoqiu/ros2_ws/install/openarm_bringup/share/openarm_bringup/config/controllers/openarm_bimanual_controllers.yaml
[0.169s] -- Up-to-date: /home/taoqiu/ros2_ws/install/openarm_bringup/share/ament_index/resource_index/package_run_dependencies/openarm_bringup
[0.169s] -- Installing: /home/taoqiu/ros2_ws/install/openarm_bringup/share/ament_index/resource_index/parent_prefix_path/openarm_bringup
[0.169s] -- Up-to-date: /home/taoqiu/ros2_ws/install/openarm_bringup/share/openarm_bringup/environment/ament_prefix_path.sh
[0.169s] -- Installing: /home/taoqiu/ros2_ws/install/openarm_bringup/share/openarm_bringup/environment/ament_prefix_path.dsv
[0.169s] -- Up-to-date: /home/taoqiu/ros2_ws/install/openarm_bringup/share/openarm_bringup/environment/path.sh
[0.169s] -- Installing: /home/taoqiu/ros2_ws/install/openarm_bringup/share/openarm_bringup/environment/path.dsv
[0.169s] -- Up-to-date: /home/taoqiu/ros2_ws/install/openarm_bringup/share/openarm_bringup/local_setup.bash
[0.169s] -- Up-to-date: /home/taoqiu/ros2_ws/install/openarm_bringup/share/openarm_bringup/local_setup.sh
[0.169s] -- Up-to-date: /home/taoqiu/ros2_ws/install/openarm_bringup/share/openarm_bringup/local_setup.zsh
[0.169s] -- Installing: /home/taoqiu/ros2_ws/install/openarm_bringup/share/openarm_bringup/local_setup.dsv
[0.169s] -- Installing: /home/taoqiu/ros2_ws/install/openarm_bringup/share/openarm_bringup/package.dsv
[0.169s] -- Up-to-date: /home/taoqiu/ros2_ws/install/openarm_bringup/share/ament_index/resource_index/packages/openarm_bringup
[0.169s] -- Up-to-date: /home/taoqiu/ros2_ws/install/openarm_bringup/share/openarm_bringup/cmake/openarm_bringupConfig.cmake
[0.169s] -- Up-to-date: /home/taoqiu/ros2_ws/install/openarm_bringup/share/openarm_bringup/cmake/openarm_bringupConfig-version.cmake
[0.169s] -- Up-to-date: /home/taoqiu/ros2_ws/install/openarm_bringup/share/openarm_bringup/package.xml
[0.170s] Invoked command in '/home/taoqiu/ros2_ws/build/openarm_bringup' returned '0': AMENT_PREFIX_PATH=/home/taoqiu/ros2_ws/install/openarm_bimanual_moveit_config:/home/taoqiu/ros2_ws/install/openarm_description:${AMENT_PREFIX_PATH} CMAKE_PREFIX_PATH=/home/taoqiu/ros2_ws/install/openarm_bimanual_moveit_config:/home/taoqiu/ros2_ws/install/openarm_description:/opt/ros/humble CONDA_PROMPT_MODIFIER=(base) /usr/bin/cmake --install /home/taoqiu/ros2_ws/build/openarm_bringup
