[0.005s] Invoking command in '/home/taoqiu/ros2_ws/build/openarm_hardware': CMAKE_PREFIX_PATH=/home/taoqiu/ros2_ws/install/openarm_can:/home/taoqiu/ros2_ws/install/openarm:/home/taoqiu/ros2_ws/install/openarm_hardware:/home/taoqiu/ros2_ws/install/openarm_bringup:/home/taoqiu/ros2_ws/install/openarm_bimanual_moveit_config:/home/taoqiu/ros2_ws/install/openarm_description:/home/taoqiu/ros2_ws/install/bio_ik:/opt/ros/humble CONDA_PROMPT_MODIFIER=(base) /usr/bin/cmake --build /home/taoqiu/ros2_ws/build/openarm_hardware -- -j24 -l24
[0.061s] [ 50%] Building CXX object CMakeFiles/openarm_hardware.dir/src/openarm_simple_hardware.cpp.o
[1.787s] [100%] Linking CXX shared library libopenarm_hardware.so
[1.901s] [100%] Built target openarm_hardware
[1.908s] Invoked command in '/home/taoqiu/ros2_ws/build/openarm_hardware' returned '0': CMAKE_PREFIX_PATH=/home/taoqiu/ros2_ws/install/openarm_can:/home/taoqiu/ros2_ws/install/openarm:/home/taoqiu/ros2_ws/install/openarm_hardware:/home/taoqiu/ros2_ws/install/openarm_bringup:/home/taoqiu/ros2_ws/install/openarm_bimanual_moveit_config:/home/taoqiu/ros2_ws/install/openarm_description:/home/taoqiu/ros2_ws/install/bio_ik:/opt/ros/humble CONDA_PROMPT_MODIFIER=(base) /usr/bin/cmake --build /home/taoqiu/ros2_ws/build/openarm_hardware -- -j24 -l24
[1.909s] Invoking command in '/home/taoqiu/ros2_ws/build/openarm_hardware': CMAKE_PREFIX_PATH=/home/taoqiu/ros2_ws/install/openarm_can:/home/taoqiu/ros2_ws/install/openarm:/home/taoqiu/ros2_ws/install/openarm_hardware:/home/taoqiu/ros2_ws/install/openarm_bringup:/home/taoqiu/ros2_ws/install/openarm_bimanual_moveit_config:/home/taoqiu/ros2_ws/install/openarm_description:/home/taoqiu/ros2_ws/install/bio_ik:/opt/ros/humble CONDA_PROMPT_MODIFIER=(base) /usr/bin/cmake --install /home/taoqiu/ros2_ws/build/openarm_hardware
[1.914s] -- Install configuration: ""
[1.914s] -- Up-to-date: /home/taoqiu/ros2_ws/install/openarm_hardware/share/openarm_hardware/openarm_hardware.xml
[1.914s] -- Installing: /home/taoqiu/ros2_ws/install/openarm_hardware/lib/libopenarm_hardware.so
[1.916s] -- Set runtime path of "/home/taoqiu/ros2_ws/install/openarm_hardware/lib/libopenarm_hardware.so" to ""
[1.916s] -- Up-to-date: /home/taoqiu/ros2_ws/install/openarm_hardware/include
[1.916s] -- Up-to-date: /home/taoqiu/ros2_ws/install/openarm_hardware/include/openarm_hardware
[1.916s] -- Installing: /home/taoqiu/ros2_ws/install/openarm_hardware/include/openarm_hardware/openarm_simple_hardware.hpp
[1.916s] -- Up-to-date: /home/taoqiu/ros2_ws/install/openarm_hardware/include/openarm_hardware/visibility_control.h
[1.916s] -- Up-to-date: /home/taoqiu/ros2_ws/install/openarm_hardware/share/openarm_hardware/environment/library_path.sh
[1.916s] -- Up-to-date: /home/taoqiu/ros2_ws/install/openarm_hardware/share/openarm_hardware/environment/library_path.dsv
[1.916s] -- Up-to-date: /home/taoqiu/ros2_ws/install/openarm_hardware/share/ament_index/resource_index/package_run_dependencies/openarm_hardware
[1.916s] -- Up-to-date: /home/taoqiu/ros2_ws/install/openarm_hardware/share/ament_index/resource_index/parent_prefix_path/openarm_hardware
[1.916s] -- Up-to-date: /home/taoqiu/ros2_ws/install/openarm_hardware/share/openarm_hardware/environment/ament_prefix_path.sh
[1.916s] -- Up-to-date: /home/taoqiu/ros2_ws/install/openarm_hardware/share/openarm_hardware/environment/ament_prefix_path.dsv
[1.916s] -- Up-to-date: /home/taoqiu/ros2_ws/install/openarm_hardware/share/openarm_hardware/environment/path.sh
[1.916s] -- Up-to-date: /home/taoqiu/ros2_ws/install/openarm_hardware/share/openarm_hardware/environment/path.dsv
[1.916s] -- Up-to-date: /home/taoqiu/ros2_ws/install/openarm_hardware/share/openarm_hardware/local_setup.bash
[1.916s] -- Up-to-date: /home/taoqiu/ros2_ws/install/openarm_hardware/share/openarm_hardware/local_setup.sh
[1.916s] -- Up-to-date: /home/taoqiu/ros2_ws/install/openarm_hardware/share/openarm_hardware/local_setup.zsh
[1.917s] -- Up-to-date: /home/taoqiu/ros2_ws/install/openarm_hardware/share/openarm_hardware/local_setup.dsv
[1.917s] -- Installing: /home/taoqiu/ros2_ws/install/openarm_hardware/share/openarm_hardware/package.dsv
[1.917s] -- Up-to-date: /home/taoqiu/ros2_ws/install/openarm_hardware/share/ament_index/resource_index/packages/openarm_hardware
[1.917s] -- Up-to-date: /home/taoqiu/ros2_ws/install/openarm_hardware/share/ament_index/resource_index/hardware_interface__pluginlib__plugin/openarm_hardware
[1.917s] -- Up-to-date: /home/taoqiu/ros2_ws/install/openarm_hardware/share/openarm_hardware/cmake/ament_cmake_export_include_directories-extras.cmake
[1.917s] -- Up-to-date: /home/taoqiu/ros2_ws/install/openarm_hardware/share/openarm_hardware/cmake/ament_cmake_export_libraries-extras.cmake
[1.917s] -- Up-to-date: /home/taoqiu/ros2_ws/install/openarm_hardware/share/openarm_hardware/cmake/ament_cmake_export_dependencies-extras.cmake
[1.917s] -- Up-to-date: /home/taoqiu/ros2_ws/install/openarm_hardware/share/openarm_hardware/cmake/openarm_hardwareConfig.cmake
[1.917s] -- Up-to-date: /home/taoqiu/ros2_ws/install/openarm_hardware/share/openarm_hardware/cmake/openarm_hardwareConfig-version.cmake
[1.917s] -- Up-to-date: /home/taoqiu/ros2_ws/install/openarm_hardware/share/openarm_hardware/package.xml
[1.917s] Invoked command in '/home/taoqiu/ros2_ws/build/openarm_hardware' returned '0': CMAKE_PREFIX_PATH=/home/taoqiu/ros2_ws/install/openarm_can:/home/taoqiu/ros2_ws/install/openarm:/home/taoqiu/ros2_ws/install/openarm_hardware:/home/taoqiu/ros2_ws/install/openarm_bringup:/home/taoqiu/ros2_ws/install/openarm_bimanual_moveit_config:/home/taoqiu/ros2_ws/install/openarm_description:/home/taoqiu/ros2_ws/install/bio_ik:/opt/ros/humble CONDA_PROMPT_MODIFIER=(base) /usr/bin/cmake --install /home/taoqiu/ros2_ws/build/openarm_hardware
