[0.007s] Invoking command in '/home/taoqiu/ros2_ws/build/openarm': AMENT_PREFIX_PATH=/home/taoqiu/ros2_ws/install/openarm_bringup:/home/taoqiu/ros2_ws/install/openarm_hardware:/home/taoqiu/ros2_ws/install/openarm_bimanual_moveit_config:/home/taoqiu/ros2_ws/install/openarm_description:${AMENT_PREFIX_PATH} CMAKE_PREFIX_PATH=/home/taoqiu/ros2_ws/install/openarm_bringup:/home/taoqiu/ros2_ws/install/openarm_hardware:/home/taoqiu/ros2_ws/install/openarm_bimanual_moveit_config:/home/taoqiu/ros2_ws/install/openarm_description:/home/taoqiu/ros2_ws/install/openarm_can:/opt/ros/humble CONDA_PROMPT_MODIFIER=(base) LD_LIBRARY_PATH=/home/taoqiu/ros2_ws/install/openarm_hardware/lib:${LD_LIBRARY_PATH} PATH=/home/taoqiu/ros2_ws/install/openarm_can/bin:${PATH} PKG_CONFIG_PATH=/home/taoqiu/ros2_ws/install/openarm_can/lib/x86_64-linux-gnu/pkgconfig:/home/taoqiu/ros2_ws/install/openarm_can/lib/pkgconfig /usr/bin/cmake --build /home/taoqiu/ros2_ws/build/openarm -- -j24 -l24
[0.026s] Invoked command in '/home/taoqiu/ros2_ws/build/openarm' returned '0': AMENT_PREFIX_PATH=/home/taoqiu/ros2_ws/install/openarm_bringup:/home/taoqiu/ros2_ws/install/openarm_hardware:/home/taoqiu/ros2_ws/install/openarm_bimanual_moveit_config:/home/taoqiu/ros2_ws/install/openarm_description:${AMENT_PREFIX_PATH} CMAKE_PREFIX_PATH=/home/taoqiu/ros2_ws/install/openarm_bringup:/home/taoqiu/ros2_ws/install/openarm_hardware:/home/taoqiu/ros2_ws/install/openarm_bimanual_moveit_config:/home/taoqiu/ros2_ws/install/openarm_description:/home/taoqiu/ros2_ws/install/openarm_can:/opt/ros/humble CONDA_PROMPT_MODIFIER=(base) LD_LIBRARY_PATH=/home/taoqiu/ros2_ws/install/openarm_hardware/lib:${LD_LIBRARY_PATH} PATH=/home/taoqiu/ros2_ws/install/openarm_can/bin:${PATH} PKG_CONFIG_PATH=/home/taoqiu/ros2_ws/install/openarm_can/lib/x86_64-linux-gnu/pkgconfig:/home/taoqiu/ros2_ws/install/openarm_can/lib/pkgconfig /usr/bin/cmake --build /home/taoqiu/ros2_ws/build/openarm -- -j24 -l24
[0.027s] Invoking command in '/home/taoqiu/ros2_ws/build/openarm': AMENT_PREFIX_PATH=/home/taoqiu/ros2_ws/install/openarm_bringup:/home/taoqiu/ros2_ws/install/openarm_hardware:/home/taoqiu/ros2_ws/install/openarm_bimanual_moveit_config:/home/taoqiu/ros2_ws/install/openarm_description:${AMENT_PREFIX_PATH} CMAKE_PREFIX_PATH=/home/taoqiu/ros2_ws/install/openarm_bringup:/home/taoqiu/ros2_ws/install/openarm_hardware:/home/taoqiu/ros2_ws/install/openarm_bimanual_moveit_config:/home/taoqiu/ros2_ws/install/openarm_description:/home/taoqiu/ros2_ws/install/openarm_can:/opt/ros/humble CONDA_PROMPT_MODIFIER=(base) LD_LIBRARY_PATH=/home/taoqiu/ros2_ws/install/openarm_hardware/lib:${LD_LIBRARY_PATH} PATH=/home/taoqiu/ros2_ws/install/openarm_can/bin:${PATH} PKG_CONFIG_PATH=/home/taoqiu/ros2_ws/install/openarm_can/lib/x86_64-linux-gnu/pkgconfig:/home/taoqiu/ros2_ws/install/openarm_can/lib/pkgconfig /usr/bin/cmake --install /home/taoqiu/ros2_ws/build/openarm
[0.031s] -- Install configuration: ""
[0.031s] -- Up-to-date: /home/taoqiu/ros2_ws/install/openarm/share/ament_index/resource_index/package_run_dependencies/openarm
[0.031s] -- Up-to-date: /home/taoqiu/ros2_ws/install/openarm/share/ament_index/resource_index/parent_prefix_path/openarm
[0.031s] -- Up-to-date: /home/taoqiu/ros2_ws/install/openarm/share/openarm/environment/ament_prefix_path.sh
[0.031s] -- Up-to-date: /home/taoqiu/ros2_ws/install/openarm/share/openarm/environment/ament_prefix_path.dsv
[0.031s] -- Up-to-date: /home/taoqiu/ros2_ws/install/openarm/share/openarm/environment/path.sh
[0.032s] -- Up-to-date: /home/taoqiu/ros2_ws/install/openarm/share/openarm/environment/path.dsv
[0.032s] -- Up-to-date: /home/taoqiu/ros2_ws/install/openarm/share/openarm/local_setup.bash
[0.032s] -- Up-to-date: /home/taoqiu/ros2_ws/install/openarm/share/openarm/local_setup.sh
[0.032s] -- Up-to-date: /home/taoqiu/ros2_ws/install/openarm/share/openarm/local_setup.zsh
[0.032s] -- Up-to-date: /home/taoqiu/ros2_ws/install/openarm/share/openarm/local_setup.dsv
[0.032s] -- Installing: /home/taoqiu/ros2_ws/install/openarm/share/openarm/package.dsv
[0.032s] -- Up-to-date: /home/taoqiu/ros2_ws/install/openarm/share/ament_index/resource_index/packages/openarm
[0.032s] -- Up-to-date: /home/taoqiu/ros2_ws/install/openarm/share/openarm/cmake/openarmConfig.cmake
[0.032s] -- Up-to-date: /home/taoqiu/ros2_ws/install/openarm/share/openarm/cmake/openarmConfig-version.cmake
[0.032s] -- Up-to-date: /home/taoqiu/ros2_ws/install/openarm/share/openarm/package.xml
[0.032s] Invoked command in '/home/taoqiu/ros2_ws/build/openarm' returned '0': AMENT_PREFIX_PATH=/home/taoqiu/ros2_ws/install/openarm_bringup:/home/taoqiu/ros2_ws/install/openarm_hardware:/home/taoqiu/ros2_ws/install/openarm_bimanual_moveit_config:/home/taoqiu/ros2_ws/install/openarm_description:${AMENT_PREFIX_PATH} CMAKE_PREFIX_PATH=/home/taoqiu/ros2_ws/install/openarm_bringup:/home/taoqiu/ros2_ws/install/openarm_hardware:/home/taoqiu/ros2_ws/install/openarm_bimanual_moveit_config:/home/taoqiu/ros2_ws/install/openarm_description:/home/taoqiu/ros2_ws/install/openarm_can:/opt/ros/humble CONDA_PROMPT_MODIFIER=(base) LD_LIBRARY_PATH=/home/taoqiu/ros2_ws/install/openarm_hardware/lib:${LD_LIBRARY_PATH} PATH=/home/taoqiu/ros2_ws/install/openarm_can/bin:${PATH} PKG_CONFIG_PATH=/home/taoqiu/ros2_ws/install/openarm_can/lib/x86_64-linux-gnu/pkgconfig:/home/taoqiu/ros2_ws/install/openarm_can/lib/pkgconfig /usr/bin/cmake --install /home/taoqiu/ros2_ws/build/openarm
