[0.004s] Invoking command in '/home/taoqiu/ros2_ws/build/openarm_bimanual_planner_msgs': CMAKE_PREFIX_PATH=/opt/ros/humble CONDA_PROMPT_MODIFIER=(base) PS1=(venv-openarm-ik) VIRTUAL_ENV_PROMPT=(venv-openarm-ik) /usr/bin/cmake /home/taoqiu/ros2_ws/src/openarm_ros2/openarm_bimanual_planner_msgs -DAMENT_CMAKE_SYMLINK_INSTALL=1 -DCMAKE_INSTALL_PREFIX=/home/taoqiu/ros2_ws/install/openarm_bimanual_planner_msgs
[0.043s] -- The C compiler identification is GNU 11.4.0
[0.117s] -- The CXX compiler identification is GNU 11.4.0
[0.121s] -- Detecting C compiler ABI info
[0.161s] -- Detecting C compiler ABI info - done
[0.165s] -- Check for working C compiler: /usr/bin/cc - skipped
[0.165s] -- Detecting C compile features
[0.165s] -- Detecting C compile features - done
[0.167s] -- Detecting CXX compiler ABI info
[0.210s] -- Detecting CXX compiler ABI info - done
[0.215s] -- Check for working CXX compiler: /usr/bin/c++ - skipped
[0.215s] -- Detecting CXX compile features
[0.215s] -- Detecting CXX compile features - done
[0.216s] -- Found ament_cmake: 1.3.14 (/opt/ros/humble/share/ament_cmake/cmake)
[0.338s] -- Found Python3: /home/taoqiu/venv-openarm-ik/bin/python3 (found version "3.10.12") found components: Interpreter 
[0.386s] -- Override CMake install command with custom implementation using symlinks instead of copying resources
[0.400s] -- Found rosidl_default_generators: 1.2.1 (/opt/ros/humble/share/rosidl_default_generators/cmake)
[0.401s] -- Using all available rosidl_typesupport_c: rosidl_typesupport_fastrtps_c;rosidl_typesupport_introspection_c
[0.404s] -- Found rosidl_adapter: 3.1.8 (/opt/ros/humble/share/rosidl_adapter/cmake)
[0.423s] -- Using all available rosidl_typesupport_cpp: rosidl_typesupport_fastrtps_cpp;rosidl_typesupport_introspection_cpp
[0.441s] -- Found geometry_msgs: 4.9.1 (/opt/ros/humble/share/geometry_msgs/cmake)
[0.639s] -- Found ament_cmake_ros: 0.10.0 (/opt/ros/humble/share/ament_cmake_ros/cmake)
[0.785s] -- Using all available rosidl_typesupport_c: rosidl_typesupport_fastrtps_c;rosidl_typesupport_introspection_c
[1.028s] -- Using all available rosidl_typesupport_cpp: rosidl_typesupport_fastrtps_cpp;rosidl_typesupport_introspection_cpp
[1.056s] -- Found PythonInterp: /home/taoqiu/venv-openarm-ik/bin/python3 (found suitable version "3.10.12", minimum required is "3.6") 
[1.057s] -- Found python_cmake_module: 0.10.0 (/opt/ros/humble/share/python_cmake_module/cmake)
[1.085s] -- Found PythonLibs: /usr/lib/x86_64-linux-gnu/libpython3.10.so (found suitable version "3.10.12", minimum required is "3.5") 
[1.085s] -- Using PYTHON_EXECUTABLE: /home/taoqiu/venv-openarm-ik/bin/python3
[1.085s] -- Using PYTHON_INCLUDE_DIRS: /usr/include/python3.10
[1.085s] -- Using PYTHON_LIBRARIES: /usr/lib/x86_64-linux-gnu/libpython3.10.so
[1.100s] -- Found PythonExtra: .so  
[1.201s] -- Configuring done
[1.220s] -- Generating done
[1.225s] -- Build files have been written to: /home/taoqiu/ros2_ws/build/openarm_bimanual_planner_msgs
[1.230s] Invoked command in '/home/taoqiu/ros2_ws/build/openarm_bimanual_planner_msgs' returned '0': CMAKE_PREFIX_PATH=/opt/ros/humble CONDA_PROMPT_MODIFIER=(base) PS1=(venv-openarm-ik) VIRTUAL_ENV_PROMPT=(venv-openarm-ik) /usr/bin/cmake /home/taoqiu/ros2_ws/src/openarm_ros2/openarm_bimanual_planner_msgs -DAMENT_CMAKE_SYMLINK_INSTALL=1 -DCMAKE_INSTALL_PREFIX=/home/taoqiu/ros2_ws/install/openarm_bimanual_planner_msgs
[1.231s] Invoking command in '/home/taoqiu/ros2_ws/build/openarm_bimanual_planner_msgs': CMAKE_PREFIX_PATH=/opt/ros/humble CONDA_PROMPT_MODIFIER=(base) PS1=(venv-openarm-ik) VIRTUAL_ENV_PROMPT=(venv-openarm-ik) /usr/bin/cmake --build /home/taoqiu/ros2_ws/build/openarm_bimanual_planner_msgs -- -j24 -l24
[1.258s] [  3%] Generating C code for ROS interfaces
[1.265s] [  6%] Generating Rust code for ROS interfaces
[1.265s] [  9%] Generating C++ code for ROS interfaces
[1.269s] [  9%] Built target ament_cmake_python_symlink_openarm_bimanual_planner_msgs
[1.397s] running egg_info
[1.397s] creating openarm_bimanual_planner_msgs.egg-info
[1.397s] writing openarm_bimanual_planner_msgs.egg-info/PKG-INFO
[1.397s] writing dependency_links to openarm_bimanual_planner_msgs.egg-info/dependency_links.txt
[1.397s] writing top-level names to openarm_bimanual_planner_msgs.egg-info/top_level.txt
[1.397s] writing manifest file 'openarm_bimanual_planner_msgs.egg-info/SOURCES.txt'
[1.399s] reading manifest file 'openarm_bimanual_planner_msgs.egg-info/SOURCES.txt'
[1.399s] writing manifest file 'openarm_bimanual_planner_msgs.egg-info/SOURCES.txt'
[1.409s] [  9%] Built target openarm_bimanual_planner_msgs__rs
[1.412s] [  9%] Built target ament_cmake_python_build_openarm_bimanual_planner_msgs_egg
[1.462s] [ 12%] Building C object CMakeFiles/openarm_bimanual_planner_msgs__rosidl_generator_c.dir/rosidl_generator_c/openarm_bimanual_planner_msgs/action/detail/bimanual_plan__functions.c.o
[1.476s] [ 12%] Built target openarm_bimanual_planner_msgs__cpp
[1.481s] [ 15%] Generating C++ type support dispatch for ROS interfaces
[1.482s] [ 18%] Generating C++ introspection for ROS interfaces
[1.482s] [ 21%] Generating C++ type support for eProsima Fast-RTPS
[1.535s] [ 25%] Linking C shared library libopenarm_bimanual_planner_msgs__rosidl_generator_c.so
[1.560s] [ 25%] Built target openarm_bimanual_planner_msgs__rosidl_generator_c
[1.567s] [ 34%] Generating C introspection for ROS interfaces
[1.567s] [ 34%] Generating C type support for eProsima Fast-RTPS
[1.567s] [ 34%] Generating C type support dispatch for ROS interfaces
[1.622s] [ 37%] Building CXX object CMakeFiles/openarm_bimanual_planner_msgs__rosidl_typesupport_cpp.dir/rosidl_typesupport_cpp/openarm_bimanual_planner_msgs/action/bimanual_plan__type_support.cpp.o
[1.640s] [ 40%] Building CXX object CMakeFiles/openarm_bimanual_planner_msgs__rosidl_typesupport_introspection_cpp.dir/rosidl_typesupport_introspection_cpp/openarm_bimanual_planner_msgs/action/detail/bimanual_plan__type_support.cpp.o
[1.671s] [ 43%] Building CXX object CMakeFiles/openarm_bimanual_planner_msgs__rosidl_typesupport_fastrtps_cpp.dir/rosidl_typesupport_fastrtps_cpp/openarm_bimanual_planner_msgs/action/detail/dds_fastrtps/bimanual_plan__type_support.cpp.o
[1.710s] [ 46%] Building CXX object CMakeFiles/openarm_bimanual_planner_msgs__rosidl_typesupport_c.dir/rosidl_typesupport_c/openarm_bimanual_planner_msgs/action/bimanual_plan__type_support.cpp.o
[1.739s] [ 50%] Linking CXX shared library libopenarm_bimanual_planner_msgs__rosidl_typesupport_c.so
[1.744s] [ 53%] Building C object CMakeFiles/openarm_bimanual_planner_msgs__rosidl_typesupport_introspection_c.dir/rosidl_typesupport_introspection_c/openarm_bimanual_planner_msgs/action/detail/bimanual_plan__type_support.c.o
[1.754s] [ 56%] Building CXX object CMakeFiles/openarm_bimanual_planner_msgs__rosidl_typesupport_fastrtps_c.dir/rosidl_typesupport_fastrtps_c/openarm_bimanual_planner_msgs/action/detail/bimanual_plan__type_support_c.cpp.o
[1.766s] [ 56%] Built target openarm_bimanual_planner_msgs__rosidl_typesupport_c
[1.782s] [ 59%] Linking C shared library libopenarm_bimanual_planner_msgs__rosidl_typesupport_introspection_c.so
[1.804s] [ 59%] Built target openarm_bimanual_planner_msgs__rosidl_typesupport_introspection_c
[1.824s] [ 62%] Linking CXX shared library libopenarm_bimanual_planner_msgs__rosidl_typesupport_cpp.so
[1.849s] [ 62%] Built target openarm_bimanual_planner_msgs__rosidl_typesupport_cpp
[1.899s] [ 65%] Linking CXX shared library libopenarm_bimanual_planner_msgs__rosidl_typesupport_introspection_cpp.so
[1.918s] [ 68%] Linking CXX shared library libopenarm_bimanual_planner_msgs__rosidl_typesupport_fastrtps_cpp.so
[1.927s] [ 71%] Linking CXX shared library libopenarm_bimanual_planner_msgs__rosidl_typesupport_fastrtps_c.so
[1.943s] [ 71%] Built target openarm_bimanual_planner_msgs__rosidl_typesupport_introspection_cpp
[1.957s] [ 71%] Built target openarm_bimanual_planner_msgs__rosidl_typesupport_fastrtps_cpp
[1.968s] [ 71%] Built target openarm_bimanual_planner_msgs__rosidl_typesupport_fastrtps_c
[1.981s] [ 71%] Built target openarm_bimanual_planner_msgs
[1.999s] [ 75%] Generating Python code for ROS interfaces
[2.349s] [ 75%] Built target openarm_bimanual_planner_msgs__py
[2.361s] [ 78%] Building C object CMakeFiles/openarm_bimanual_planner_msgs__rosidl_generator_py.dir/rosidl_generator_py/openarm_bimanual_planner_msgs/action/_bimanual_plan_s.c.o
[2.445s] [ 81%] Linking C shared library rosidl_generator_py/openarm_bimanual_planner_msgs/libopenarm_bimanual_planner_msgs__rosidl_generator_py.so
[2.482s] [ 81%] Built target openarm_bimanual_planner_msgs__rosidl_generator_py
[2.499s] [ 84%] Building C object CMakeFiles/openarm_bimanual_planner_msgs__rosidl_typesupport_c__pyext.dir/rosidl_generator_py/openarm_bimanual_planner_msgs/_openarm_bimanual_planner_msgs_s.ep.rosidl_typesupport_c.c.o
[2.499s] [ 90%] Building C object CMakeFiles/openarm_bimanual_planner_msgs__rosidl_typesupport_introspection_c__pyext.dir/rosidl_generator_py/openarm_bimanual_planner_msgs/_openarm_bimanual_planner_msgs_s.ep.rosidl_typesupport_introspection_c.c.o
[2.499s] [ 90%] Building C object CMakeFiles/openarm_bimanual_planner_msgs__rosidl_typesupport_fastrtps_c__pyext.dir/rosidl_generator_py/openarm_bimanual_planner_msgs/_openarm_bimanual_planner_msgs_s.ep.rosidl_typesupport_fastrtps_c.c.o
[2.562s] [ 93%] Linking C shared library rosidl_generator_py/openarm_bimanual_planner_msgs/openarm_bimanual_planner_msgs_s__rosidl_typesupport_introspection_c.cpython-310-x86_64-linux-gnu.so
[2.563s] [100%] Linking C shared library rosidl_generator_py/openarm_bimanual_planner_msgs/openarm_bimanual_planner_msgs_s__rosidl_typesupport_c.cpython-310-x86_64-linux-gnu.so
[2.563s] [100%] Linking C shared library rosidl_generator_py/openarm_bimanual_planner_msgs/openarm_bimanual_planner_msgs_s__rosidl_typesupport_fastrtps_c.cpython-310-x86_64-linux-gnu.so
[2.587s] [100%] Built target openarm_bimanual_planner_msgs__rosidl_typesupport_fastrtps_c__pyext
[2.589s] [100%] Built target openarm_bimanual_planner_msgs__rosidl_typesupport_introspection_c__pyext
[2.590s] [100%] Built target openarm_bimanual_planner_msgs__rosidl_typesupport_c__pyext
[2.599s] Invoked command in '/home/taoqiu/ros2_ws/build/openarm_bimanual_planner_msgs' returned '0': CMAKE_PREFIX_PATH=/opt/ros/humble CONDA_PROMPT_MODIFIER=(base) PS1=(venv-openarm-ik) VIRTUAL_ENV_PROMPT=(venv-openarm-ik) /usr/bin/cmake --build /home/taoqiu/ros2_ws/build/openarm_bimanual_planner_msgs -- -j24 -l24
[2.609s] Invoking command in '/home/taoqiu/ros2_ws/build/openarm_bimanual_planner_msgs': CMAKE_PREFIX_PATH=/opt/ros/humble CONDA_PROMPT_MODIFIER=(base) PS1=(venv-openarm-ik) VIRTUAL_ENV_PROMPT=(venv-openarm-ik) /usr/bin/cmake --install /home/taoqiu/ros2_ws/build/openarm_bimanual_planner_msgs
[2.620s] -- Install configuration: ""
[2.621s] -- Execute custom install script
[2.621s] -- Symlinking: /home/taoqiu/ros2_ws/install/openarm_bimanual_planner_msgs/share/ament_index/resource_index/rosidl_interfaces/openarm_bimanual_planner_msgs
[2.636s] -- Symlinking: /home/taoqiu/ros2_ws/install/openarm_bimanual_planner_msgs/include/openarm_bimanual_planner_msgs/openarm_bimanual_planner_msgs/action/bimanual_plan.h
[2.648s] -- Symlinking: /home/taoqiu/ros2_ws/install/openarm_bimanual_planner_msgs/include/openarm_bimanual_planner_msgs/openarm_bimanual_planner_msgs/action/detail/bimanual_plan__functions.h
[2.659s] -- Symlinking: /home/taoqiu/ros2_ws/install/openarm_bimanual_planner_msgs/include/openarm_bimanual_planner_msgs/openarm_bimanual_planner_msgs/action/detail/bimanual_plan__struct.h
[2.670s] -- Symlinking: /home/taoqiu/ros2_ws/install/openarm_bimanual_planner_msgs/include/openarm_bimanual_planner_msgs/openarm_bimanual_planner_msgs/action/detail/bimanual_plan__type_support.h
[2.686s] -- Symlinking: /home/taoqiu/ros2_ws/install/openarm_bimanual_planner_msgs/include/openarm_bimanual_planner_msgs/openarm_bimanual_planner_msgs/msg/rosidl_generator_c__visibility_control.h
[2.697s] -- Symlinking: /home/taoqiu/ros2_ws/install/openarm_bimanual_planner_msgs/share/openarm_bimanual_planner_msgs/environment/library_path.sh
[2.709s] -- Symlinking: /home/taoqiu/ros2_ws/install/openarm_bimanual_planner_msgs/share/openarm_bimanual_planner_msgs/environment/library_path.dsv
[2.722s] -- Symlinking: /home/taoqiu/ros2_ws/install/openarm_bimanual_planner_msgs/include/openarm_bimanual_planner_msgs/openarm_bimanual_planner_msgs/action/detail/bimanual_plan__rosidl_typesupport_fastrtps_c.h
[2.738s] -- Symlinking: /home/taoqiu/ros2_ws/install/openarm_bimanual_planner_msgs/include/openarm_bimanual_planner_msgs/openarm_bimanual_planner_msgs/msg/rosidl_typesupport_fastrtps_c__visibility_control.h
[2.757s] -- Symlinking: /home/taoqiu/ros2_ws/install/openarm_bimanual_planner_msgs/include/openarm_bimanual_planner_msgs/openarm_bimanual_planner_msgs/action/detail/bimanual_plan__rosidl_typesupport_introspection_c.h
[2.773s] -- Symlinking: /home/taoqiu/ros2_ws/install/openarm_bimanual_planner_msgs/include/openarm_bimanual_planner_msgs/openarm_bimanual_planner_msgs/msg/rosidl_typesupport_introspection_c__visibility_control.h
[2.793s] -- Symlinking: /home/taoqiu/ros2_ws/install/openarm_bimanual_planner_msgs/include/openarm_bimanual_planner_msgs/openarm_bimanual_planner_msgs/action/bimanual_plan.hpp
[2.809s] -- Symlinking: /home/taoqiu/ros2_ws/install/openarm_bimanual_planner_msgs/include/openarm_bimanual_planner_msgs/openarm_bimanual_planner_msgs/action/detail/bimanual_plan__builder.hpp
[2.824s] -- Symlinking: /home/taoqiu/ros2_ws/install/openarm_bimanual_planner_msgs/include/openarm_bimanual_planner_msgs/openarm_bimanual_planner_msgs/action/detail/bimanual_plan__struct.hpp
[2.845s] -- Symlinking: /home/taoqiu/ros2_ws/install/openarm_bimanual_planner_msgs/include/openarm_bimanual_planner_msgs/openarm_bimanual_planner_msgs/action/detail/bimanual_plan__traits.hpp
[2.859s] -- Symlinking: /home/taoqiu/ros2_ws/install/openarm_bimanual_planner_msgs/include/openarm_bimanual_planner_msgs/openarm_bimanual_planner_msgs/action/detail/bimanual_plan__type_support.hpp
[2.877s] -- Symlinking: /home/taoqiu/ros2_ws/install/openarm_bimanual_planner_msgs/include/openarm_bimanual_planner_msgs/openarm_bimanual_planner_msgs/msg/rosidl_generator_cpp__visibility_control.hpp
[2.895s] -- Symlinking: /home/taoqiu/ros2_ws/install/openarm_bimanual_planner_msgs/include/openarm_bimanual_planner_msgs/openarm_bimanual_planner_msgs/action/detail/bimanual_plan__rosidl_typesupport_fastrtps_cpp.hpp
[2.910s] -- Symlinking: /home/taoqiu/ros2_ws/install/openarm_bimanual_planner_msgs/include/openarm_bimanual_planner_msgs/openarm_bimanual_planner_msgs/msg/rosidl_typesupport_fastrtps_cpp__visibility_control.h
[2.927s] -- Symlinking: /home/taoqiu/ros2_ws/install/openarm_bimanual_planner_msgs/include/openarm_bimanual_planner_msgs/openarm_bimanual_planner_msgs/action/detail/bimanual_plan__rosidl_typesupport_introspection_cpp.hpp
[2.943s] -- Symlinking: /home/taoqiu/ros2_ws/install/openarm_bimanual_planner_msgs/share/openarm_bimanual_planner_msgs/environment/pythonpath.sh
[2.958s] -- Symlinking: /home/taoqiu/ros2_ws/install/openarm_bimanual_planner_msgs/share/openarm_bimanual_planner_msgs/environment/pythonpath.dsv
[2.976s] -- Symlinking: /home/taoqiu/ros2_ws/install/openarm_bimanual_planner_msgs/lib/python3.10/site-packages/openarm_bimanual_planner_msgs-1.0.0-py3.10.egg-info/PKG-INFO
[2.988s] -- Symlinking: /home/taoqiu/ros2_ws/install/openarm_bimanual_planner_msgs/lib/python3.10/site-packages/openarm_bimanual_planner_msgs-1.0.0-py3.10.egg-info/SOURCES.txt
[3.009s] -- Symlinking: /home/taoqiu/ros2_ws/install/openarm_bimanual_planner_msgs/lib/python3.10/site-packages/openarm_bimanual_planner_msgs-1.0.0-py3.10.egg-info/dependency_links.txt
[3.026s] -- Symlinking: /home/taoqiu/ros2_ws/install/openarm_bimanual_planner_msgs/lib/python3.10/site-packages/openarm_bimanual_planner_msgs-1.0.0-py3.10.egg-info/top_level.txt
[3.046s] -- Symlinking: /home/taoqiu/ros2_ws/install/openarm_bimanual_planner_msgs/lib/python3.10/site-packages/openarm_bimanual_planner_msgs/__init__.py
[3.056s] -- Symlinking: /home/taoqiu/ros2_ws/install/openarm_bimanual_planner_msgs/lib/python3.10/site-packages/openarm_bimanual_planner_msgs/_openarm_bimanual_planner_msgs_s.ep.rosidl_typesupport_c.c
[3.069s] -- Symlinking: /home/taoqiu/ros2_ws/install/openarm_bimanual_planner_msgs/lib/python3.10/site-packages/openarm_bimanual_planner_msgs/_openarm_bimanual_planner_msgs_s.ep.rosidl_typesupport_fastrtps_c.c
[3.085s] -- Symlinking: /home/taoqiu/ros2_ws/install/openarm_bimanual_planner_msgs/lib/python3.10/site-packages/openarm_bimanual_planner_msgs/_openarm_bimanual_planner_msgs_s.ep.rosidl_typesupport_introspection_c.c
[3.100s] -- Symlinking: /home/taoqiu/ros2_ws/install/openarm_bimanual_planner_msgs/lib/python3.10/site-packages/openarm_bimanual_planner_msgs/action/__init__.py
[3.112s] -- Symlinking: /home/taoqiu/ros2_ws/install/openarm_bimanual_planner_msgs/lib/python3.10/site-packages/openarm_bimanual_planner_msgs/action/_bimanual_plan.py
[3.127s] -- Symlinking: /home/taoqiu/ros2_ws/install/openarm_bimanual_planner_msgs/lib/python3.10/site-packages/openarm_bimanual_planner_msgs/action/_bimanual_plan_s.c
[3.137s] -- Symlinking: /home/taoqiu/ros2_ws/install/openarm_bimanual_planner_msgs/lib/python3.10/site-packages/openarm_bimanual_planner_msgs/libopenarm_bimanual_planner_msgs__rosidl_generator_py.so
[3.156s] -- Symlinking: /home/taoqiu/ros2_ws/install/openarm_bimanual_planner_msgs/lib/python3.10/site-packages/openarm_bimanual_planner_msgs/openarm_bimanual_planner_msgs_s__rosidl_typesupport_c.cpython-310-x86_64-linux-gnu.so
[3.173s] -- Symlinking: /home/taoqiu/ros2_ws/install/openarm_bimanual_planner_msgs/lib/python3.10/site-packages/openarm_bimanual_planner_msgs/openarm_bimanual_planner_msgs_s__rosidl_typesupport_fastrtps_c.cpython-310-x86_64-linux-gnu.so
[3.193s] -- Symlinking: /home/taoqiu/ros2_ws/install/openarm_bimanual_planner_msgs/lib/python3.10/site-packages/openarm_bimanual_planner_msgs/openarm_bimanual_planner_msgs_s__rosidl_typesupport_introspection_c.cpython-310-x86_64-linux-gnu.so
[3.209s] -- Up-to-date symlink: /home/taoqiu/ros2_ws/install/openarm_bimanual_planner_msgs/lib/python3.10/site-packages/openarm_bimanual_planner_msgs/openarm_bimanual_planner_msgs_s__rosidl_typesupport_fastrtps_c.cpython-310-x86_64-linux-gnu.so
[3.209s] -- Up-to-date symlink: /home/taoqiu/ros2_ws/install/openarm_bimanual_planner_msgs/lib/python3.10/site-packages/openarm_bimanual_planner_msgs/openarm_bimanual_planner_msgs_s__rosidl_typesupport_introspection_c.cpython-310-x86_64-linux-gnu.so
[3.210s] -- Up-to-date symlink: /home/taoqiu/ros2_ws/install/openarm_bimanual_planner_msgs/lib/python3.10/site-packages/openarm_bimanual_planner_msgs/openarm_bimanual_planner_msgs_s__rosidl_typesupport_c.cpython-310-x86_64-linux-gnu.so
[3.210s] -- Symlinking: /home/taoqiu/ros2_ws/install/openarm_bimanual_planner_msgs/share/ament_index/resource_index/rust_packages/openarm_bimanual_planner_msgs
[3.229s] -- Symlinking: /home/taoqiu/ros2_ws/install/openarm_bimanual_planner_msgs/share/openarm_bimanual_planner_msgs/rust/Cargo.toml
[3.245s] -- Symlinking: /home/taoqiu/ros2_ws/install/openarm_bimanual_planner_msgs/share/openarm_bimanual_planner_msgs/rust/build.rs
[3.257s] -- Symlinking: /home/taoqiu/ros2_ws/install/openarm_bimanual_planner_msgs/share/openarm_bimanual_planner_msgs/rust/src/action.rs
[3.266s] -- Symlinking: /home/taoqiu/ros2_ws/install/openarm_bimanual_planner_msgs/share/openarm_bimanual_planner_msgs/rust/src/action/rmw.rs
[3.281s] -- Symlinking: /home/taoqiu/ros2_ws/install/openarm_bimanual_planner_msgs/share/openarm_bimanual_planner_msgs/rust/src/lib.rs
[3.297s] -- Symlinking: /home/taoqiu/ros2_ws/install/openarm_bimanual_planner_msgs/share/openarm_bimanual_planner_msgs/action/BimanualPlan.idl
[3.311s] -- Symlinking: /home/taoqiu/ros2_ws/install/openarm_bimanual_planner_msgs/share/openarm_bimanual_planner_msgs/action/BimanualPlan.action
[3.326s] -- Symlinking: /home/taoqiu/ros2_ws/install/openarm_bimanual_planner_msgs/share/ament_index/resource_index/package_run_dependencies/openarm_bimanual_planner_msgs
[3.341s] -- Symlinking: /home/taoqiu/ros2_ws/install/openarm_bimanual_planner_msgs/share/ament_index/resource_index/parent_prefix_path/openarm_bimanual_planner_msgs
[3.351s] -- Symlinking: /home/taoqiu/ros2_ws/install/openarm_bimanual_planner_msgs/share/openarm_bimanual_planner_msgs/environment/ament_prefix_path.sh
[3.356s] -- Symlinking: /home/taoqiu/ros2_ws/install/openarm_bimanual_planner_msgs/share/openarm_bimanual_planner_msgs/environment/ament_prefix_path.dsv
[3.360s] -- Symlinking: /home/taoqiu/ros2_ws/install/openarm_bimanual_planner_msgs/share/openarm_bimanual_planner_msgs/environment/path.sh
[3.364s] -- Symlinking: /home/taoqiu/ros2_ws/install/openarm_bimanual_planner_msgs/share/openarm_bimanual_planner_msgs/environment/path.dsv
[3.370s] -- Symlinking: /home/taoqiu/ros2_ws/install/openarm_bimanual_planner_msgs/share/openarm_bimanual_planner_msgs/local_setup.bash
[3.380s] -- Symlinking: /home/taoqiu/ros2_ws/install/openarm_bimanual_planner_msgs/share/openarm_bimanual_planner_msgs/local_setup.sh
[3.389s] -- Symlinking: /home/taoqiu/ros2_ws/install/openarm_bimanual_planner_msgs/share/openarm_bimanual_planner_msgs/local_setup.zsh
[3.405s] -- Symlinking: /home/taoqiu/ros2_ws/install/openarm_bimanual_planner_msgs/share/openarm_bimanual_planner_msgs/local_setup.dsv
[3.416s] -- Symlinking: /home/taoqiu/ros2_ws/install/openarm_bimanual_planner_msgs/share/openarm_bimanual_planner_msgs/package.dsv
[3.432s] -- Symlinking: /home/taoqiu/ros2_ws/install/openarm_bimanual_planner_msgs/share/ament_index/resource_index/packages/openarm_bimanual_planner_msgs
[3.446s] -- Symlinking: /home/taoqiu/ros2_ws/install/openarm_bimanual_planner_msgs/share/openarm_bimanual_planner_msgs/cmake/rosidl_cmake-extras.cmake
[3.462s] -- Symlinking: /home/taoqiu/ros2_ws/install/openarm_bimanual_planner_msgs/share/openarm_bimanual_planner_msgs/cmake/ament_cmake_export_dependencies-extras.cmake
[3.478s] -- Symlinking: /home/taoqiu/ros2_ws/install/openarm_bimanual_planner_msgs/share/openarm_bimanual_planner_msgs/cmake/ament_cmake_export_include_directories-extras.cmake
[3.492s] -- Symlinking: /home/taoqiu/ros2_ws/install/openarm_bimanual_planner_msgs/share/openarm_bimanual_planner_msgs/cmake/ament_cmake_export_libraries-extras.cmake
[3.510s] -- Symlinking: /home/taoqiu/ros2_ws/install/openarm_bimanual_planner_msgs/share/openarm_bimanual_planner_msgs/cmake/ament_cmake_export_targets-extras.cmake
[3.522s] -- Symlinking: /home/taoqiu/ros2_ws/install/openarm_bimanual_planner_msgs/share/openarm_bimanual_planner_msgs/cmake/rosidl_cmake_export_typesupport_targets-extras.cmake
[3.528s] -- Symlinking: /home/taoqiu/ros2_ws/install/openarm_bimanual_planner_msgs/share/openarm_bimanual_planner_msgs/cmake/rosidl_cmake_export_typesupport_libraries-extras.cmake
[3.532s] -- Symlinking: /home/taoqiu/ros2_ws/install/openarm_bimanual_planner_msgs/share/openarm_bimanual_planner_msgs/cmake/openarm_bimanual_planner_msgsConfig.cmake
[3.535s] -- Symlinking: /home/taoqiu/ros2_ws/install/openarm_bimanual_planner_msgs/share/openarm_bimanual_planner_msgs/cmake/openarm_bimanual_planner_msgsConfig-version.cmake
[3.539s] -- Symlinking: /home/taoqiu/ros2_ws/install/openarm_bimanual_planner_msgs/share/openarm_bimanual_planner_msgs/package.xml
[3.544s] -- Installing: /home/taoqiu/ros2_ws/install/openarm_bimanual_planner_msgs/lib/libopenarm_bimanual_planner_msgs__rosidl_generator_c.so
[3.544s] -- Set runtime path of "/home/taoqiu/ros2_ws/install/openarm_bimanual_planner_msgs/lib/libopenarm_bimanual_planner_msgs__rosidl_generator_c.so" to ""
[3.544s] -- Installing: /home/taoqiu/ros2_ws/install/openarm_bimanual_planner_msgs/lib/libopenarm_bimanual_planner_msgs__rosidl_typesupport_fastrtps_c.so
[3.544s] -- Set runtime path of "/home/taoqiu/ros2_ws/install/openarm_bimanual_planner_msgs/lib/libopenarm_bimanual_planner_msgs__rosidl_typesupport_fastrtps_c.so" to ""
[3.544s] -- Installing: /home/taoqiu/ros2_ws/install/openarm_bimanual_planner_msgs/lib/libopenarm_bimanual_planner_msgs__rosidl_typesupport_introspection_c.so
[3.544s] -- Set runtime path of "/home/taoqiu/ros2_ws/install/openarm_bimanual_planner_msgs/lib/libopenarm_bimanual_planner_msgs__rosidl_typesupport_introspection_c.so" to ""
[3.544s] -- Installing: /home/taoqiu/ros2_ws/install/openarm_bimanual_planner_msgs/lib/libopenarm_bimanual_planner_msgs__rosidl_typesupport_c.so
[3.544s] -- Set runtime path of "/home/taoqiu/ros2_ws/install/openarm_bimanual_planner_msgs/lib/libopenarm_bimanual_planner_msgs__rosidl_typesupport_c.so" to ""
[3.545s] -- Installing: /home/taoqiu/ros2_ws/install/openarm_bimanual_planner_msgs/lib/libopenarm_bimanual_planner_msgs__rosidl_typesupport_fastrtps_cpp.so
[3.545s] -- Set runtime path of "/home/taoqiu/ros2_ws/install/openarm_bimanual_planner_msgs/lib/libopenarm_bimanual_planner_msgs__rosidl_typesupport_fastrtps_cpp.so" to ""
[3.545s] -- Installing: /home/taoqiu/ros2_ws/install/openarm_bimanual_planner_msgs/lib/libopenarm_bimanual_planner_msgs__rosidl_typesupport_introspection_cpp.so
[3.545s] -- Set runtime path of "/home/taoqiu/ros2_ws/install/openarm_bimanual_planner_msgs/lib/libopenarm_bimanual_planner_msgs__rosidl_typesupport_introspection_cpp.so" to ""
[3.545s] -- Installing: /home/taoqiu/ros2_ws/install/openarm_bimanual_planner_msgs/lib/libopenarm_bimanual_planner_msgs__rosidl_typesupport_cpp.so
[3.545s] -- Set runtime path of "/home/taoqiu/ros2_ws/install/openarm_bimanual_planner_msgs/lib/libopenarm_bimanual_planner_msgs__rosidl_typesupport_cpp.so" to ""
[3.564s] Listing '/home/taoqiu/ros2_ws/install/openarm_bimanual_planner_msgs/lib/python3.10/site-packages/openarm_bimanual_planner_msgs'...
[3.564s] Compiling '/home/taoqiu/ros2_ws/install/openarm_bimanual_planner_msgs/lib/python3.10/site-packages/openarm_bimanual_planner_msgs/__init__.py'...
[3.564s] Listing '/home/taoqiu/ros2_ws/install/openarm_bimanual_planner_msgs/lib/python3.10/site-packages/openarm_bimanual_planner_msgs/action'...
[3.565s] Compiling '/home/taoqiu/ros2_ws/install/openarm_bimanual_planner_msgs/lib/python3.10/site-packages/openarm_bimanual_planner_msgs/action/__init__.py'...
[3.565s] Compiling '/home/taoqiu/ros2_ws/install/openarm_bimanual_planner_msgs/lib/python3.10/site-packages/openarm_bimanual_planner_msgs/action/_bimanual_plan.py'...
[3.567s] -- Installing: /home/taoqiu/ros2_ws/install/openarm_bimanual_planner_msgs/lib/libopenarm_bimanual_planner_msgs__rosidl_generator_py.so
[3.567s] -- Set runtime path of "/home/taoqiu/ros2_ws/install/openarm_bimanual_planner_msgs/lib/libopenarm_bimanual_planner_msgs__rosidl_generator_py.so" to ""
[3.567s] -- Installing: /home/taoqiu/ros2_ws/install/openarm_bimanual_planner_msgs/share/openarm_bimanual_planner_msgs/cmake/export_openarm_bimanual_planner_msgs__rosidl_generator_cExport.cmake
[3.567s] -- Installing: /home/taoqiu/ros2_ws/install/openarm_bimanual_planner_msgs/share/openarm_bimanual_planner_msgs/cmake/export_openarm_bimanual_planner_msgs__rosidl_generator_cExport-noconfig.cmake
[3.567s] -- Installing: /home/taoqiu/ros2_ws/install/openarm_bimanual_planner_msgs/share/openarm_bimanual_planner_msgs/cmake/export_openarm_bimanual_planner_msgs__rosidl_typesupport_fastrtps_cExport.cmake
[3.567s] -- Installing: /home/taoqiu/ros2_ws/install/openarm_bimanual_planner_msgs/share/openarm_bimanual_planner_msgs/cmake/export_openarm_bimanual_planner_msgs__rosidl_typesupport_fastrtps_cExport-noconfig.cmake
[3.567s] -- Installing: /home/taoqiu/ros2_ws/install/openarm_bimanual_planner_msgs/share/openarm_bimanual_planner_msgs/cmake/openarm_bimanual_planner_msgs__rosidl_typesupport_introspection_cExport.cmake
[3.567s] -- Installing: /home/taoqiu/ros2_ws/install/openarm_bimanual_planner_msgs/share/openarm_bimanual_planner_msgs/cmake/openarm_bimanual_planner_msgs__rosidl_typesupport_introspection_cExport-noconfig.cmake
[3.567s] -- Installing: /home/taoqiu/ros2_ws/install/openarm_bimanual_planner_msgs/share/openarm_bimanual_planner_msgs/cmake/openarm_bimanual_planner_msgs__rosidl_typesupport_cExport.cmake
[3.567s] -- Installing: /home/taoqiu/ros2_ws/install/openarm_bimanual_planner_msgs/share/openarm_bimanual_planner_msgs/cmake/openarm_bimanual_planner_msgs__rosidl_typesupport_cExport-noconfig.cmake
[3.567s] -- Installing: /home/taoqiu/ros2_ws/install/openarm_bimanual_planner_msgs/share/openarm_bimanual_planner_msgs/cmake/export_openarm_bimanual_planner_msgs__rosidl_generator_cppExport.cmake
[3.567s] -- Installing: /home/taoqiu/ros2_ws/install/openarm_bimanual_planner_msgs/share/openarm_bimanual_planner_msgs/cmake/export_openarm_bimanual_planner_msgs__rosidl_typesupport_fastrtps_cppExport.cmake
[3.568s] -- Installing: /home/taoqiu/ros2_ws/install/openarm_bimanual_planner_msgs/share/openarm_bimanual_planner_msgs/cmake/export_openarm_bimanual_planner_msgs__rosidl_typesupport_fastrtps_cppExport-noconfig.cmake
[3.568s] -- Installing: /home/taoqiu/ros2_ws/install/openarm_bimanual_planner_msgs/share/openarm_bimanual_planner_msgs/cmake/openarm_bimanual_planner_msgs__rosidl_typesupport_introspection_cppExport.cmake
[3.568s] -- Installing: /home/taoqiu/ros2_ws/install/openarm_bimanual_planner_msgs/share/openarm_bimanual_planner_msgs/cmake/openarm_bimanual_planner_msgs__rosidl_typesupport_introspection_cppExport-noconfig.cmake
[3.568s] -- Installing: /home/taoqiu/ros2_ws/install/openarm_bimanual_planner_msgs/share/openarm_bimanual_planner_msgs/cmake/openarm_bimanual_planner_msgs__rosidl_typesupport_cppExport.cmake
[3.568s] -- Installing: /home/taoqiu/ros2_ws/install/openarm_bimanual_planner_msgs/share/openarm_bimanual_planner_msgs/cmake/openarm_bimanual_planner_msgs__rosidl_typesupport_cppExport-noconfig.cmake
[3.568s] -- Installing: /home/taoqiu/ros2_ws/install/openarm_bimanual_planner_msgs/share/openarm_bimanual_planner_msgs/cmake/export_openarm_bimanual_planner_msgs__rosidl_generator_pyExport.cmake
[3.568s] -- Installing: /home/taoqiu/ros2_ws/install/openarm_bimanual_planner_msgs/share/openarm_bimanual_planner_msgs/cmake/export_openarm_bimanual_planner_msgs__rosidl_generator_pyExport-noconfig.cmake
[3.569s] Invoked command in '/home/taoqiu/ros2_ws/build/openarm_bimanual_planner_msgs' returned '0': CMAKE_PREFIX_PATH=/opt/ros/humble CONDA_PROMPT_MODIFIER=(base) PS1=(venv-openarm-ik) VIRTUAL_ENV_PROMPT=(venv-openarm-ik) /usr/bin/cmake --install /home/taoqiu/ros2_ws/build/openarm_bimanual_planner_msgs
