-- The CXX compiler identification is GNU 11.4.0
-- Detecting CXX compiler ABI info
-- Detecting CXX compiler ABI info - done
-- Check for working CXX compiler: /usr/bin/c++ - skipped
-- Detecting CXX compile features
-- Detecting CXX compile features - done
-- Found Boost: /usr/include (found version "1.74.0") found components: filesystem serialization 
-- eigenpy not FOUND.
-- Checking for NumPy
--   NUMPY_INCLUDE_DIRS=/home/taoqiu/miniconda3/lib/python3.13/site-packages/numpy/_core/include
--   NUMPY_VERSION=2.5.1
-- Found Python3: /home/taoqiu/miniconda3/bin/python (found version "3.13.13") found components: Interpreter Development.Module NumPy 
-- PythonLibraryDirs: 
-- PythonLibVersionString: 3.13.13
-- Python site lib: lib/python3.13/site-packages
-- Python include dirs: /home/taoqiu/miniconda3/include/python3.13
-- Checking for NumPy
--   NUMPY_INCLUDE_DIRS=/home/taoqiu/miniconda3/lib/python3.13/site-packages/numpy/_core/include
--   NUMPY_VERSION=2.5.1
-- NumPy include dir: /home/taoqiu/miniconda3/lib/python3.13/site-packages/numpy/_core/include
[33mCMake Warning at /usr/share/cmake-3.22/Modules/FindBoost.cmake:2201 (message):
  No header defined for python310; skipping header check (note: header-only
  libraries have no designated component)
Call Stack (most recent call first):
  /opt/ros/humble/lib/x86_64-linux-gnu/cmake/eigenpy/boost.cmake:146 (find_package)
  /opt/ros/humble/lib/x86_64-linux-gnu/cmake/eigenpy/eigenpyConfig.cmake:172 (SEARCH_FOR_BOOST_PYTHON)
  /usr/share/cmake-3.22/Modules/CMakeFindDependencyMacro.cmake:47 (find_package)
  /opt/ros/humble/lib/x86_64-linux-gnu/cmake/pinocchio/pinocchioConfig.cmake:184 (find_dependency)
  CMakeLists.txt:7 (find_package)

[0m
-- Found Boost: /usr/include (found version "1.74.0") found components: python310 
-- Default C++ standard: 201703
-- Minimal C++ standard upgraded to 11
-- C++ standard sufficient: Minimal required 11, currently defined: 17
-- coal not FOUND.
-- Found Boost: /usr/include (found version "1.74.0") found components: serialization filesystem 
-- C++ standard sufficient: Minimal required 11, currently defined: 17
-- Minimal C++ standard upgraded to 17
-- C++ standard sufficient: Minimal required 17, currently defined: 17
-- Configuring done
-- Generating done
-- Build files have been written to: /home/taoqiu/ros2_ws/build/openarm_gravcheck
[ 50%] [32mBuilding CXX object CMakeFiles/gravcheck.dir/gravcheck.cpp.o[0m
[01m[K/home/taoqiu/ros2_ws/tools/openarm_gravcheck/gravcheck.cpp:37:10:[m[K [01;31m[Kfatal error: [m[Kopenarm/config/openarm_v10_config.hpp: 没有那个文件或目录
   37 | #include [01;31m[K<openarm/config/openarm_v10_config.hpp>[m[K
      |          [01;31m[K^~~~~~~~~~~~~~~~~~~~~~~~~~~~~~~~~~~~~~~[m[K
compilation terminated.
gmake[2]: *** [CMakeFiles/gravcheck.dir/build.make:76：CMakeFiles/gravcheck.dir/gravcheck.cpp.o] 错误 1
gmake[1]: *** [CMakeFiles/Makefile2:83：CMakeFiles/gravcheck.dir/all] 错误 2
gmake: *** [Makefile:91：all] 错误 2
