-- The CXX compiler identification is GNU 11.4.0
-- Detecting CXX compiler ABI info
-- Detecting CXX compiler ABI info - done
-- Check for working CXX compiler: /usr/bin/c++ - skipped
-- Detecting CXX compile features
-- Detecting CXX compile features - done
-- Found Boost: /usr/include (found version "1.74.0") found components: filesystem serialization 
-- eigenpy not FOUND.
-- Checking for NumPy
--   NUMPY_INCLUDE_DIRS=/home/taoqiu/miniconda3/lib/python3.13/site-packages/numpy/_core/include
--   NUMPY_VERSION=2.5.1
-- Found Python3: /home/taoqiu/miniconda3/bin/python (found version "3.13.13") found components: Interpreter Development.Module NumPy 
-- PythonLibraryDirs: 
-- PythonLibVersionString: 3.13.13
-- Python site lib: lib/python3.13/site-packages
-- Python include dirs: /home/taoqiu/miniconda3/include/python3.13
-- Checking for NumPy
--   NUMPY_INCLUDE_DIRS=/home/taoqiu/miniconda3/lib/python3.13/site-packages/numpy/_core/include
--   NUMPY_VERSION=2.5.1
-- NumPy include dir: /home/taoqiu/miniconda3/lib/python3.13/site-packages/numpy/_core/include
-- Found Boost: /usr/include (found version "1.74.0") found components: python310 
-- Default C++ standard: 201703
-- Minimal C++ standard upgraded to 11
-- C++ standard sufficient: Minimal required 11, currently defined: 17
-- coal not FOUND.
-- Found Boost: /usr/include (found version "1.74.0") found components: serialization filesystem 
-- C++ standard sufficient: Minimal required 11, currently defined: 17
-- Minimal C++ standard upgraded to 17
-- C++ standard sufficient: Minimal required 17, currently defined: 17
-- Configuring done
-- Generating done
-- Build files have been written to: /home/taoqiu/ros2_ws/build/openarm_gravcheck
[ 50%] [32mBuilding CXX object CMakeFiles/gravcheck.dir/gravcheck.cpp.o[0m
