[0.006s] Invoking command in '/home/taoqiu/ros2_ws/build/bio_ik': CMAKE_PREFIX_PATH=/opt/ros/humble CONDA_PROMPT_MODIFIER=(base) /usr/bin/cmake /home/taoqiu/ros2_ws/src/bio_ik -DCMAKE_INSTALL_PREFIX=/home/taoqiu/ros2_ws/install/bio_ik
[0.014s] -- Found ament_cmake: 1.3.14 (/opt/ros/humble/share/ament_cmake/cmake)
[0.095s] -- Found ament_cmake_ros: 0.10.0 (/opt/ros/humble/share/ament_cmake_ros/cmake)
[0.096s] -- Found moveit_core: 2.5.9 (/opt/ros/humble/share/moveit_core/cmake)
[0.108s] -- Found Boost: /usr/lib/x86_64-linux-gnu/cmake/Boost-1.74.0/BoostConfig.cmake (found version "1.74.0") found components: chrono date_time filesystem iostreams program_options regex serialization system thread 
[0.117s] -- Found parameter_traits: 0.7.4 (/opt/ros/humble/share/parameter_traits/cmake)
[0.128s] -- Found rosidl_generator_c: 3.1.8 (/opt/ros/humble/share/rosidl_generator_c/cmake)
[0.129s] -- Found rosidl_adapter: 3.1.8 (/opt/ros/humble/share/rosidl_adapter/cmake)
[0.131s] -- Found rosidl_generator_cpp: 3.1.8 (/opt/ros/humble/share/rosidl_generator_cpp/cmake)
[0.138s] -- Using all available rosidl_typesupport_c: rosidl_typesupport_fastrtps_c;rosidl_typesupport_introspection_c
[0.146s] -- Using all available rosidl_typesupport_cpp: rosidl_typesupport_fastrtps_cpp;rosidl_typesupport_introspection_cpp
[0.157s] -- Found rmw_implementation_cmake: 6.1.2 (/opt/ros/humble/share/rmw_implementation_cmake/cmake)
[0.157s] -- Found rmw_fastrtps_cpp: 6.2.10 (/opt/ros/humble/share/rmw_fastrtps_cpp/cmake)
[0.221s] -- Using RMW implementation 'rmw_fastrtps_cpp' as default
[0.247s] -- Found rclcpp_lifecycle: 16.0.19 (/opt/ros/humble/share/rclcpp_lifecycle/cmake)
[0.280s] -- library: /usr/lib/x86_64-linux-gnu/libcurl.so
[0.307s] -- Ensuring Eigen3 include directory is part of orocos-kdl CMake target
[0.407s] -- Found moveit_ros_planning: 2.5.9 (/opt/ros/humble/share/moveit_ros_planning/cmake)
[0.410s] -- Found Boost: /usr/lib/x86_64-linux-gnu/cmake/Boost-1.74.0/BoostConfig.cmake (found version "1.74.0") found components: system filesystem date_time program_options thread chrono 
[0.423s] -- OPENMP FOUND
[0.425s] -- Found gtest sources under '/opt/ros/humble/src/gtest_vendor': C++ tests using 'Google Test' will be built
[0.482s] -- Configuring done
[0.497s] CMake Warning at CMakeLists.txt:104 (add_library):
[0.497s]   Cannot generate a safe runtime search path for target bio_ik because files
[0.497s]   in some directories may conflict with libraries in implicit directories:
[0.497s] 
[0.497s]     runtime library [libgomp.so.1] in /usr/lib/gcc/x86_64-linux-gnu/11 may be hidden by files in:
[0.497s]       /home/taoqiu/miniconda3/lib
[0.497s]     runtime library [libcurl.so.4] in /usr/lib/x86_64-linux-gnu may be hidden by files in:
[0.497s]       /home/taoqiu/miniconda3/lib
[0.497s] 
[0.497s]   Some of these libraries may not be found correctly.
[0.497s] 
[0.497s] 
[0.502s] CMake Warning at CMakeLists.txt:127 (add_library):
[0.502s]   Cannot generate a safe runtime search path for target bio_ik_plugin because
[0.502s]   files in some directories may conflict with libraries in implicit
[0.502s]   directories:
[0.502s] 
[0.502s]     runtime library [libcurl.so.4] in /usr/lib/x86_64-linux-gnu may be hidden by files in:
[0.502s]       /home/taoqiu/miniconda3/lib
[0.502s]     runtime library [libgomp.so.1] in /usr/lib/gcc/x86_64-linux-gnu/11 may be hidden by files in:
[0.502s]       /home/taoqiu/miniconda3/lib
[0.502s] 
[0.502s]   Some of these libraries may not be found correctly.
[0.502s] 
[0.502s] 
[0.506s] CMake Warning at /opt/ros/humble/share/ament_cmake_gtest/cmake/ament_add_gtest_executable.cmake:50 (add_executable):
[0.506s]   Cannot generate a safe runtime search path for target bio_ik_test because
[0.506s]   files in some directories may conflict with libraries in implicit
[0.506s]   directories:
[0.506s] 
[0.506s]     runtime library [libcurl.so.4] in /usr/lib/x86_64-linux-gnu may be hidden by files in:
[0.506s]       /home/taoqiu/miniconda3/lib
[0.506s]     runtime library [libgomp.so.1] in /usr/lib/gcc/x86_64-linux-gnu/11 may be hidden by files in:
[0.506s]       /home/taoqiu/miniconda3/lib
[0.506s] 
[0.506s]   Some of these libraries may not be found correctly.
[0.506s] Call Stack (most recent call first):
[0.506s]   /opt/ros/humble/share/ament_cmake_gtest/cmake/ament_add_gtest_executable.cmake:37 (_ament_add_gtest_executable)
[0.506s]   /opt/ros/humble/share/ament_cmake_gtest/cmake/ament_add_gtest.cmake:68 (ament_add_gtest_executable)
[0.506s]   CMakeLists.txt:178 (ament_add_gtest)
[0.506s] 
[0.506s] 
[0.508s] -- Generating done
[0.515s] -- Build files have been written to: /home/taoqiu/ros2_ws/build/bio_ik
[0.521s] Invoked command in '/home/taoqiu/ros2_ws/build/bio_ik' returned '0': CMAKE_PREFIX_PATH=/opt/ros/humble CONDA_PROMPT_MODIFIER=(base) /usr/bin/cmake /home/taoqiu/ros2_ws/src/bio_ik -DCMAKE_INSTALL_PREFIX=/home/taoqiu/ros2_ws/install/bio_ik
[0.522s] Invoking command in '/home/taoqiu/ros2_ws/build/bio_ik': CMAKE_PREFIX_PATH=/opt/ros/humble CONDA_PROMPT_MODIFIER=(base) /usr/bin/cmake --build /home/taoqiu/ros2_ws/build/bio_ik -- -j24 -l24
[0.555s] Consolidate compiler generated dependencies of target gtest
[0.558s] Consolidate compiler generated dependencies of target gtest_main
[0.566s] [  9%] Built target gtest
[0.567s] [ 19%] Built target gtest_main
[0.572s] Consolidate compiler generated dependencies of target bio_ik
[0.585s] [ 52%] Built target bio_ik
[0.598s] Consolidate compiler generated dependencies of target bio_ik_test
[0.611s] [ 61%] Built target bio_ik_test
[0.614s] Consolidate compiler generated dependencies of target bio_ik_plugin
[0.633s] [100%] Built target bio_ik_plugin
[0.646s] Invoked command in '/home/taoqiu/ros2_ws/build/bio_ik' returned '0': CMAKE_PREFIX_PATH=/opt/ros/humble CONDA_PROMPT_MODIFIER=(base) /usr/bin/cmake --build /home/taoqiu/ros2_ws/build/bio_ik -- -j24 -l24
[0.647s] Invoking command in '/home/taoqiu/ros2_ws/build/bio_ik': CMAKE_PREFIX_PATH=/opt/ros/humble CONDA_PROMPT_MODIFIER=(base) /usr/bin/cmake --install /home/taoqiu/ros2_ws/build/bio_ik
[0.657s] -- Install configuration: "Release"
[0.657s] -- Up-to-date: /home/taoqiu/ros2_ws/install/bio_ik/include
[0.657s] -- Up-to-date: /home/taoqiu/ros2_ws/install/bio_ik/include/bio_ik
[0.657s] -- Up-to-date: /home/taoqiu/ros2_ws/install/bio_ik/include/bio_ik/goal_types.h
[0.657s] -- Up-to-date: /home/taoqiu/ros2_ws/install/bio_ik/include/bio_ik/frame.h
[0.657s] -- Up-to-date: /home/taoqiu/ros2_ws/install/bio_ik/include/bio_ik/goal.h
[0.657s] -- Up-to-date: /home/taoqiu/ros2_ws/install/bio_ik/include/bio_ik/robot_info.h
[0.657s] -- Up-to-date: /home/taoqiu/ros2_ws/install/bio_ik/include/bio_ik/bio_ik.h
[0.657s] -- Up-to-date: /home/taoqiu/ros2_ws/install/bio_ik/lib/libbio_ik.so
[0.657s] -- Up-to-date: /home/taoqiu/ros2_ws/install/bio_ik/lib/libbio_ik_plugin.so
[0.657s] -- Up-to-date: /home/taoqiu/ros2_ws/install/bio_ik/share/bio_ik/bio_ik_kinematics_description.xml
[0.657s] -- Up-to-date: /home/taoqiu/ros2_ws/install/bio_ik/share/bio_ik/environment/library_path.sh
[0.657s] -- Installing: /home/taoqiu/ros2_ws/install/bio_ik/share/bio_ik/environment/library_path.dsv
[0.657s] -- Up-to-date: /home/taoqiu/ros2_ws/install/bio_ik/share/ament_index/resource_index/package_run_dependencies/bio_ik
[0.657s] -- Up-to-date: /home/taoqiu/ros2_ws/install/bio_ik/share/ament_index/resource_index/parent_prefix_path/bio_ik
[0.657s] -- Up-to-date: /home/taoqiu/ros2_ws/install/bio_ik/share/bio_ik/environment/ament_prefix_path.sh
[0.657s] -- Installing: /home/taoqiu/ros2_ws/install/bio_ik/share/bio_ik/environment/ament_prefix_path.dsv
[0.657s] -- Up-to-date: /home/taoqiu/ros2_ws/install/bio_ik/share/bio_ik/environment/path.sh
[0.658s] -- Installing: /home/taoqiu/ros2_ws/install/bio_ik/share/bio_ik/environment/path.dsv
[0.658s] -- Up-to-date: /home/taoqiu/ros2_ws/install/bio_ik/share/bio_ik/local_setup.bash
[0.658s] -- Up-to-date: /home/taoqiu/ros2_ws/install/bio_ik/share/bio_ik/local_setup.sh
[0.658s] -- Up-to-date: /home/taoqiu/ros2_ws/install/bio_ik/share/bio_ik/local_setup.zsh
[0.658s] -- Installing: /home/taoqiu/ros2_ws/install/bio_ik/share/bio_ik/local_setup.dsv
[0.658s] -- Installing: /home/taoqiu/ros2_ws/install/bio_ik/share/bio_ik/package.dsv
[0.658s] -- Up-to-date: /home/taoqiu/ros2_ws/install/bio_ik/share/ament_index/resource_index/packages/bio_ik
[0.658s] -- Up-to-date: /home/taoqiu/ros2_ws/install/bio_ik/share/ament_index/resource_index/moveit_core__pluginlib__plugin/bio_ik
[0.658s] -- Up-to-date: /home/taoqiu/ros2_ws/install/bio_ik/share/bio_ik/cmake/export_bio_ikExport.cmake
[0.658s] -- Up-to-date: /home/taoqiu/ros2_ws/install/bio_ik/share/bio_ik/cmake/export_bio_ikExport-release.cmake
[0.658s] -- Up-to-date: /home/taoqiu/ros2_ws/install/bio_ik/share/bio_ik/cmake/ament_cmake_export_include_directories-extras.cmake
[0.658s] -- Up-to-date: /home/taoqiu/ros2_ws/install/bio_ik/share/bio_ik/cmake/ament_cmake_export_libraries-extras.cmake
[0.658s] -- Up-to-date: /home/taoqiu/ros2_ws/install/bio_ik/share/bio_ik/cmake/ament_cmake_export_targets-extras.cmake
[0.658s] -- Up-to-date: /home/taoqiu/ros2_ws/install/bio_ik/share/bio_ik/cmake/ament_cmake_export_dependencies-extras.cmake
[0.658s] -- Up-to-date: /home/taoqiu/ros2_ws/install/bio_ik/share/bio_ik/cmake/bio_ikConfig.cmake
[0.658s] -- Up-to-date: /home/taoqiu/ros2_ws/install/bio_ik/share/bio_ik/cmake/bio_ikConfig-version.cmake
[0.658s] -- Up-to-date: /home/taoqiu/ros2_ws/install/bio_ik/share/bio_ik/package.xml
[0.659s] Invoked command in '/home/taoqiu/ros2_ws/build/bio_ik' returned '0': CMAKE_PREFIX_PATH=/opt/ros/humble CONDA_PROMPT_MODIFIER=(base) /usr/bin/cmake --install /home/taoqiu/ros2_ws/build/bio_ik
