[0.003s] Invoking command in '/home/taoqiu/ros2_ws/build/pick_ik': CMAKE_PREFIX_PATH=/opt/ros/humble CONDA_PROMPT_MODIFIER=(base) /usr/bin/cmake /home/taoqiu/ros2_ws/src/pick_ik -DBUILD_TESTING=OFF -DCMAKE_INSTALL_PREFIX=/home/taoqiu/ros2_ws/install/pick_ik
[0.035s] -- The C compiler identification is GNU 11.4.0
[0.093s] -- The CXX compiler identification is GNU 11.4.0
[0.098s] -- Detecting C compiler ABI info
[0.176s] -- Detecting C compiler ABI info - done
[0.180s] -- Check for working C compiler: /usr/bin/cc - skipped
[0.180s] -- Detecting C compile features
[0.180s] -- Detecting C compile features - done
[0.182s] -- Detecting CXX compiler ABI info
[0.223s] -- Detecting CXX compiler ABI info - done
[0.227s] -- Check for working CXX compiler: /usr/bin/c++ - skipped
[0.227s] -- Detecting CXX compile features
[0.227s] -- Detecting CXX compile features - done
[0.228s] -- Found ament_cmake: 1.3.14 (/opt/ros/humble/share/ament_cmake/cmake)
[0.426s] -- Found Python3: /home/taoqiu/miniconda3/bin/python3 (found version "3.13.13") found components: Interpreter 
[0.475s] -- Found ament_cmake_ros: 0.10.0 (/opt/ros/humble/share/ament_cmake_ros/cmake)
[0.479s] -- Found generate_parameter_library: 0.7.4 (/opt/ros/humble/share/generate_parameter_library/cmake)
[0.480s] -- Found parameter_traits: 0.7.4 (/opt/ros/humble/share/parameter_traits/cmake)
[0.500s] -- Found rosidl_generator_c: 3.1.8 (/opt/ros/humble/share/rosidl_generator_c/cmake)
[0.503s] -- Found rosidl_adapter: 3.1.8 (/opt/ros/humble/share/rosidl_adapter/cmake)
[0.507s] -- Found rosidl_generator_cpp: 3.1.8 (/opt/ros/humble/share/rosidl_generator_cpp/cmake)
[0.512s] -- Using all available rosidl_typesupport_c: rosidl_typesupport_fastrtps_c;rosidl_typesupport_introspection_c
[0.519s] -- Using all available rosidl_typesupport_cpp: rosidl_typesupport_fastrtps_cpp;rosidl_typesupport_introspection_cpp
[0.540s] -- Found rmw_implementation_cmake: 6.1.2 (/opt/ros/humble/share/rmw_implementation_cmake/cmake)
[0.541s] -- Found rmw_fastrtps_cpp: 6.2.10 (/opt/ros/humble/share/rmw_fastrtps_cpp/cmake)
[0.588s] -- Found OpenSSL: /usr/lib/x86_64-linux-gnu/libcrypto.so (found version "3.0.2")  
[0.603s] -- Found FastRTPS: /opt/ros/humble/include  
[0.626s] -- Using RMW implementation 'rmw_fastrtps_cpp' as default
[0.631s] -- Looking for pthread.h
[0.667s] -- Looking for pthread.h - found
[0.667s] -- Performing Test CMAKE_HAVE_LIBC_PTHREAD
[0.742s] -- Performing Test CMAKE_HAVE_LIBC_PTHREAD - Success
[0.743s] -- Found Threads: TRUE  
[0.791s] -- Found rclcpp_lifecycle: 16.0.19 (/opt/ros/humble/share/rclcpp_lifecycle/cmake)
[0.800s] -- Found moveit_core: 2.5.9 (/opt/ros/humble/share/moveit_core/cmake)
[0.816s] -- Found Boost: /usr/lib/x86_64-linux-gnu/cmake/Boost-1.74.0/BoostConfig.cmake (found version "1.74.0") found components: chrono date_time filesystem iostreams program_options regex serialization system thread 
[0.891s] -- library: /usr/lib/x86_64-linux-gnu/libcurl.so
[0.926s] -- Found Eigen3: TRUE (found version "3.4.0") 
[0.926s] -- Ensuring Eigen3 include directory is part of orocos-kdl CMake target
[1.099s] -- Configuring done
[1.108s] CMake Warning at CMakeLists.txt:26 (add_library):
[1.108s]   Cannot generate a safe runtime search path for target pick_ik_plugin
[1.108s]   because files in some directories may conflict with libraries in implicit
[1.108s]   directories:
[1.108s] 
[1.108s]     runtime library [libcurl.so.4] in /usr/lib/x86_64-linux-gnu may be hidden by files in:
[1.108s]       /home/taoqiu/miniconda3/lib
[1.108s] 
[1.108s]   Some of these libraries may not be found correctly.
[1.108s] 
[1.108s] 
[1.109s] -- Generating done
[1.112s] -- Build files have been written to: /home/taoqiu/ros2_ws/build/pick_ik
[1.118s] Invoked command in '/home/taoqiu/ros2_ws/build/pick_ik' returned '0': CMAKE_PREFIX_PATH=/opt/ros/humble CONDA_PROMPT_MODIFIER=(base) /usr/bin/cmake /home/taoqiu/ros2_ws/src/pick_ik -DBUILD_TESTING=OFF -DCMAKE_INSTALL_PREFIX=/home/taoqiu/ros2_ws/install/pick_ik
[1.119s] Invoking command in '/home/taoqiu/ros2_ws/build/pick_ik': CMAKE_PREFIX_PATH=/opt/ros/humble CONDA_PROMPT_MODIFIER=(base) /usr/bin/cmake --build /home/taoqiu/ros2_ws/build/pick_ik -- -j24 -l24
[1.153s] [ 10%] Running `/opt/ros/humble/bin/generate_parameter_library_cpp /home/taoqiu/ros2_ws/build/pick_ik/include/pick_ik/pick_ik_parameters.hpp /home/taoqiu/ros2_ws/src/pick_ik/src/pick_ik_parameters.yaml `
[1.528s] [ 20%] Creating deprecated header file /home/taoqiu/ros2_ws/build/pick_ik/include/pick_ik_parameters.hpp
[1.539s] [ 20%] Built target pick_ik_parameters
[1.559s] [ 30%] Building CXX object CMakeFiles/pick_ik_plugin.dir/src/pick_ik_plugin.cpp.o
[1.559s] [ 40%] Building CXX object CMakeFiles/pick_ik_plugin.dir/src/ik_memetic.cpp.o
[1.559s] [ 50%] Building CXX object CMakeFiles/pick_ik_plugin.dir/src/ik_gradient.cpp.o
[1.560s] [ 60%] Building CXX object CMakeFiles/pick_ik_plugin.dir/src/fk_moveit.cpp.o
[1.560s] [ 70%] Building CXX object CMakeFiles/pick_ik_plugin.dir/src/forward_kinematics.cpp.o
[1.560s] [ 80%] Building CXX object CMakeFiles/pick_ik_plugin.dir/src/goal.cpp.o
[1.561s] [ 90%] Building CXX object CMakeFiles/pick_ik_plugin.dir/src/robot.cpp.o
[1.831s] In file included from /home/taoqiu/ros2_ws/src/pick_ik/include/pick_ik/robot.hpp:3,
[1.831s]                  from /home/taoqiu/ros2_ws/src/pick_ik/src/robot.cpp:1:
[1.831s] /opt/ros/humble/include/tl_expected/expected.hpp:19:167: note: ‘#pragma message: tl_expected/expected.hpp is deprecated. Use <tl/expected.hpp> from libexpected-dev, or <rcpputils/tl_expected/expected.hpp> if the system header is not available.’
[1.831s]    19 |   "tl_expected/expected.hpp is deprecated. Use <tl/expected.hpp> from libexpected-dev, or <rcpputils/tl_expected/expected.hpp> if the system header is not available.") // NOLINT
[1.831s]       |                                                                                                                                                                       ^
[2.835s] In file included from /home/taoqiu/ros2_ws/src/pick_ik/include/pick_ik/robot.hpp:3,
[2.835s]                  from /home/taoqiu/ros2_ws/src/pick_ik/include/pick_ik/goal.hpp:4,
[2.835s]                  from /home/taoqiu/ros2_ws/src/pick_ik/src/ik_gradient.cpp:1:
[2.835s] /opt/ros/humble/include/tl_expected/expected.hpp:19:167: note: ‘#pragma message: tl_expected/expected.hpp is deprecated. Use <tl/expected.hpp> from libexpected-dev, or <rcpputils/tl_expected/expected.hpp> if the system header is not available.’
[2.835s]    19 |   "tl_expected/expected.hpp is deprecated. Use <tl/expected.hpp> from libexpected-dev, or <rcpputils/tl_expected/expected.hpp> if the system header is not available.") // NOLINT
[2.835s]       |                                                                                                                                                                       ^
[2.842s] In file included from /home/taoqiu/ros2_ws/src/pick_ik/include/pick_ik/robot.hpp:3,
[2.842s]                  from /home/taoqiu/ros2_ws/src/pick_ik/include/pick_ik/goal.hpp:4,
[2.842s]                  from /home/taoqiu/ros2_ws/src/pick_ik/src/ik_memetic.cpp:1:
[2.842s] /opt/ros/humble/include/tl_expected/expected.hpp:19:167: note: ‘#pragma message: tl_expected/expected.hpp is deprecated. Use <tl/expected.hpp> from libexpected-dev, or <rcpputils/tl_expected/expected.hpp> if the system header is not available.’
[2.842s]    19 |   "tl_expected/expected.hpp is deprecated. Use <tl/expected.hpp> from libexpected-dev, or <rcpputils/tl_expected/expected.hpp> if the system header is not available.") // NOLINT
[2.842s]       |                                                                                                                                                                       ^
[2.849s] In file included from /home/taoqiu/ros2_ws/src/pick_ik/include/pick_ik/robot.hpp:3,
[2.849s]                  from /home/taoqiu/ros2_ws/src/pick_ik/include/pick_ik/goal.hpp:4,
[2.849s]                  from /home/taoqiu/ros2_ws/src/pick_ik/src/goal.cpp:2:
[2.849s] /opt/ros/humble/include/tl_expected/expected.hpp:19:167: note: ‘#pragma message: tl_expected/expected.hpp is deprecated. Use <tl/expected.hpp> from libexpected-dev, or <rcpputils/tl_expected/expected.hpp> if the system header is not available.’
[2.849s]    19 |   "tl_expected/expected.hpp is deprecated. Use <tl/expected.hpp> from libexpected-dev, or <rcpputils/tl_expected/expected.hpp> if the system header is not available.") // NOLINT
[2.849s]       |                                                                                                                                                                       ^
[2.898s] In file included from /home/taoqiu/ros2_ws/src/pick_ik/include/pick_ik/robot.hpp:3,
[2.898s]                  from /home/taoqiu/ros2_ws/src/pick_ik/include/pick_ik/goal.hpp:4,
[2.898s]                  from /home/taoqiu/ros2_ws/src/pick_ik/src/pick_ik_plugin.cpp:2:
[2.898s] /opt/ros/humble/include/tl_expected/expected.hpp:19:167: note: ‘#pragma message: tl_expected/expected.hpp is deprecated. Use <tl/expected.hpp> from libexpected-dev, or <rcpputils/tl_expected/expected.hpp> if the system header is not available.’
[2.898s]    19 |   "tl_expected/expected.hpp is deprecated. Use <tl/expected.hpp> from libexpected-dev, or <rcpputils/tl_expected/expected.hpp> if the system header is not available.") // NOLINT
[2.898s]       |                                                                                                                                                                       ^
[2.934s] In file included from /home/taoqiu/ros2_ws/src/pick_ik/src/pick_ik_plugin.cpp:7:
[2.934s] /home/taoqiu/ros2_ws/build/pick_ik/include/pick_ik_parameters.hpp:1:124: note: ‘#pragma message: #include "pick_ik_parameters.hpp" is deprecated. Use #include <pick_ik/pick_ik_parameters.hpp> instead.’
[2.934s]     1 | #pragma message("#include \"pick_ik_parameters.hpp\" is deprecated. Use #include <pick_ik/pick_ik_parameters.hpp> instead.")
[2.934s]       |                                                                                                                            ^
[3.632s] In file included from /home/taoqiu/ros2_ws/src/pick_ik/src/robot.cpp:6:
[3.632s] /opt/ros/humble/include/tl_expected/expected.hpp:19:167: note: ‘#pragma message: tl_expected/expected.hpp is deprecated. Use <tl/expected.hpp> from libexpected-dev, or <rcpputils/tl_expected/expected.hpp> if the system header is not available.’
[3.632s]    19 |   "tl_expected/expected.hpp is deprecated. Use <tl/expected.hpp> from libexpected-dev, or <rcpputils/tl_expected/expected.hpp> if the system header is not available.") // NOLINT
[3.632s]       |                                                                                                                                                                       ^
[5.378s] [100%] Linking CXX shared library libpick_ik_plugin.so
[5.546s] [100%] Built target pick_ik_plugin
[5.554s] Invoked command in '/home/taoqiu/ros2_ws/build/pick_ik' returned '0': CMAKE_PREFIX_PATH=/opt/ros/humble CONDA_PROMPT_MODIFIER=(base) /usr/bin/cmake --build /home/taoqiu/ros2_ws/build/pick_ik -- -j24 -l24
[5.561s] Invoking command in '/home/taoqiu/ros2_ws/build/pick_ik': CMAKE_PREFIX_PATH=/opt/ros/humble CONDA_PROMPT_MODIFIER=(base) /usr/bin/cmake --install /home/taoqiu/ros2_ws/build/pick_ik
[5.567s] -- Install configuration: ""
[5.567s] -- Installing: /home/taoqiu/ros2_ws/install/pick_ik/include/pick_ik
[5.567s] -- Installing: /home/taoqiu/ros2_ws/install/pick_ik/include/pick_ik/pick_ik_parameters.hpp
[5.567s] -- Installing: /home/taoqiu/ros2_ws/install/pick_ik/share/pick_ik/pick_ik_kinematics_description.xml
[5.567s] -- Up-to-date: /home/taoqiu/ros2_ws/install/pick_ik/include/pick_ik
[5.567s] -- Installing: /home/taoqiu/ros2_ws/install/pick_ik/include/pick_ik/pick_ik
[5.567s] -- Installing: /home/taoqiu/ros2_ws/install/pick_ik/include/pick_ik/pick_ik/pick_ik_plugin.hpp
[5.567s] -- Installing: /home/taoqiu/ros2_ws/install/pick_ik/include/pick_ik/pick_ik/robot.hpp
[5.567s] -- Installing: /home/taoqiu/ros2_ws/install/pick_ik/include/pick_ik/pick_ik/ik_memetic.hpp
[5.567s] -- Installing: /home/taoqiu/ros2_ws/install/pick_ik/include/pick_ik/pick_ik/forward_kinematics.hpp
[5.568s] -- Installing: /home/taoqiu/ros2_ws/install/pick_ik/include/pick_ik/pick_ik/fk_moveit.hpp
[5.568s] -- Installing: /home/taoqiu/ros2_ws/install/pick_ik/include/pick_ik/pick_ik/ik_gradient.hpp
[5.568s] -- Installing: /home/taoqiu/ros2_ws/install/pick_ik/include/pick_ik/pick_ik/goal.hpp
[5.568s] -- Installing: /home/taoqiu/ros2_ws/install/pick_ik/lib/libpick_ik_plugin.so
[5.569s] -- Set runtime path of "/home/taoqiu/ros2_ws/install/pick_ik/lib/libpick_ik_plugin.so" to ""
[5.569s] -- Installing: /home/taoqiu/ros2_ws/install/pick_ik/share/pick_ik/environment/library_path.sh
[5.569s] -- Installing: /home/taoqiu/ros2_ws/install/pick_ik/share/pick_ik/environment/library_path.dsv
[5.569s] -- Installing: /home/taoqiu/ros2_ws/install/pick_ik/share/ament_index/resource_index/package_run_dependencies/pick_ik
[5.569s] -- Installing: /home/taoqiu/ros2_ws/install/pick_ik/share/ament_index/resource_index/parent_prefix_path/pick_ik
[5.569s] -- Installing: /home/taoqiu/ros2_ws/install/pick_ik/share/pick_ik/environment/ament_prefix_path.sh
[5.570s] -- Installing: /home/taoqiu/ros2_ws/install/pick_ik/share/pick_ik/environment/ament_prefix_path.dsv
[5.570s] -- Installing: /home/taoqiu/ros2_ws/install/pick_ik/share/pick_ik/environment/path.sh
[5.570s] -- Installing: /home/taoqiu/ros2_ws/install/pick_ik/share/pick_ik/environment/path.dsv
[5.570s] -- Installing: /home/taoqiu/ros2_ws/install/pick_ik/share/pick_ik/local_setup.bash
[5.570s] -- Installing: /home/taoqiu/ros2_ws/install/pick_ik/share/pick_ik/local_setup.sh
[5.570s] -- Installing: /home/taoqiu/ros2_ws/install/pick_ik/share/pick_ik/local_setup.zsh
[5.570s] -- Installing: /home/taoqiu/ros2_ws/install/pick_ik/share/pick_ik/local_setup.dsv
[5.570s] -- Installing: /home/taoqiu/ros2_ws/install/pick_ik/share/pick_ik/package.dsv
[5.570s] -- Installing: /home/taoqiu/ros2_ws/install/pick_ik/share/ament_index/resource_index/packages/pick_ik
[5.570s] -- Installing: /home/taoqiu/ros2_ws/install/pick_ik/share/ament_index/resource_index/moveit_core__pluginlib__plugin/pick_ik
[5.570s] -- Installing: /home/taoqiu/ros2_ws/install/pick_ik/share/pick_ik/cmake/export_pick_ikExport.cmake
[5.570s] -- Installing: /home/taoqiu/ros2_ws/install/pick_ik/share/pick_ik/cmake/export_pick_ikExport-noconfig.cmake
[5.570s] -- Installing: /home/taoqiu/ros2_ws/install/pick_ik/share/pick_ik/cmake/ament_cmake_export_dependencies-extras.cmake
[5.570s] -- Installing: /home/taoqiu/ros2_ws/install/pick_ik/share/pick_ik/cmake/ament_cmake_export_targets-extras.cmake
[5.570s] -- Installing: /home/taoqiu/ros2_ws/install/pick_ik/share/pick_ik/cmake/pick_ikConfig.cmake
[5.570s] -- Installing: /home/taoqiu/ros2_ws/install/pick_ik/share/pick_ik/cmake/pick_ikConfig-version.cmake
[5.570s] -- Installing: /home/taoqiu/ros2_ws/install/pick_ik/share/pick_ik/package.xml
[5.571s] Invoked command in '/home/taoqiu/ros2_ws/build/pick_ik' returned '0': CMAKE_PREFIX_PATH=/opt/ros/humble CONDA_PROMPT_MODIFIER=(base) /usr/bin/cmake --install /home/taoqiu/ros2_ws/build/pick_ik
