[0.005s] Invoking command in '/home/taoqiu/ros2_ws/build/openarm_can': CMAKE_PREFIX_PATH=/opt/ros/humble CONDA_PROMPT_MODIFIER=(base) /usr/bin/cmake --build /home/taoqiu/ros2_ws/build/openarm_can -- -j24 -l24
[0.025s] -- Configuring done
[0.034s] -- Generating done
[0.038s] -- Build files have been written to: /home/taoqiu/ros2_ws/build/openarm_can
[0.053s] Consolidate compiler generated dependencies of target openarm_can
[0.063s] [ 24%] Built target openarm_can
[0.076s] Consolidate compiler generated dependencies of target openarm-can-example-posforce
[0.076s] Consolidate compiler generated dependencies of target openarm-can-example-posvel
[0.076s] Consolidate compiler generated dependencies of target openarm-can-health
[0.076s] Consolidate compiler generated dependencies of target openarm-can-example-vel
[0.077s] Consolidate compiler generated dependencies of target openarm-can-example-mit
[0.077s] Consolidate compiler generated dependencies of target openarm-can-motor-sampling-check
[0.077s] Consolidate compiler generated dependencies of target openarm-can-demo
[0.078s] Consolidate compiler generated dependencies of target openarm-can-example-gripper-posforce
[0.079s] [ 26%] Building CXX object CMakeFiles/openarm-can-enable-switch.dir/examples/enable_switch.cpp.o
[0.079s] Consolidate compiler generated dependencies of target openarm-can-cli
[0.080s] [ 31%] Built target openarm-can-example-posforce
[0.080s] [ 36%] Built target openarm-can-example-vel
[0.082s] [ 41%] Built target openarm-can-example-posvel
[0.082s] [ 56%] Built target openarm-can-demo
[0.082s] [ 56%] Built target openarm-can-motor-sampling-check
[0.082s] [ 56%] Built target openarm-can-health
[0.083s] [ 60%] Built target openarm-can-example-gripper-posforce
[0.084s] [ 65%] Built target openarm-can-example-mit
[0.087s] [ 97%] Built target openarm-can-cli
[1.884s] [100%] Linking CXX executable openarm-can-enable-switch
[1.990s] [100%] Built target openarm-can-enable-switch
[2.000s] Invoked command in '/home/taoqiu/ros2_ws/build/openarm_can' returned '0': CMAKE_PREFIX_PATH=/opt/ros/humble CONDA_PROMPT_MODIFIER=(base) /usr/bin/cmake --build /home/taoqiu/ros2_ws/build/openarm_can -- -j24 -l24
[2.006s] Invoking command in '/home/taoqiu/ros2_ws/build/openarm_can': CMAKE_PREFIX_PATH=/opt/ros/humble CONDA_PROMPT_MODIFIER=(base) /usr/bin/cmake --install /home/taoqiu/ros2_ws/build/openarm_can
[2.011s] -- Install configuration: ""
[2.011s] -- Up-to-date: /home/taoqiu/ros2_ws/install/openarm_can/lib/libopenarm_can.a
[2.011s] -- Up-to-date: /home/taoqiu/ros2_ws/install/openarm_can/include/openarm
[2.011s] -- Up-to-date: /home/taoqiu/ros2_ws/install/openarm_can/include/openarm/canbus
[2.011s] -- Up-to-date: /home/taoqiu/ros2_ws/install/openarm_can/include/openarm/canbus/can_device_collection.hpp
[2.011s] -- Up-to-date: /home/taoqiu/ros2_ws/install/openarm_can/include/openarm/canbus/can_socket.hpp
[2.011s] -- Up-to-date: /home/taoqiu/ros2_ws/install/openarm_can/include/openarm/canbus/can_device.hpp
[2.011s] -- Up-to-date: /home/taoqiu/ros2_ws/install/openarm_can/include/openarm/damiao_motor
[2.011s] -- Up-to-date: /home/taoqiu/ros2_ws/install/openarm_can/include/openarm/damiao_motor/dm_motor_constants.hpp
[2.011s] -- Up-to-date: /home/taoqiu/ros2_ws/install/openarm_can/include/openarm/damiao_motor/dm_motor_device.hpp
[2.011s] -- Up-to-date: /home/taoqiu/ros2_ws/install/openarm_can/include/openarm/damiao_motor/dm_motor_device_collection.hpp
[2.011s] -- Up-to-date: /home/taoqiu/ros2_ws/install/openarm_can/include/openarm/damiao_motor/dm_motor_control.hpp
[2.011s] -- Up-to-date: /home/taoqiu/ros2_ws/install/openarm_can/include/openarm/damiao_motor/dm_motor.hpp
[2.011s] -- Up-to-date: /home/taoqiu/ros2_ws/install/openarm_can/include/openarm/can
[2.011s] -- Up-to-date: /home/taoqiu/ros2_ws/install/openarm_can/include/openarm/can/socket
[2.011s] -- Up-to-date: /home/taoqiu/ros2_ws/install/openarm_can/include/openarm/can/socket/arm_component.hpp
[2.011s] -- Up-to-date: /home/taoqiu/ros2_ws/install/openarm_can/include/openarm/can/socket/openarm.hpp
[2.012s] -- Up-to-date: /home/taoqiu/ros2_ws/install/openarm_can/include/openarm/can/socket/gripper_component.hpp
[2.012s] -- Up-to-date: /home/taoqiu/ros2_ws/install/openarm_can/lib/cmake/OpenArmCAN/OpenArmCANTargets.cmake
[2.012s] -- Up-to-date: /home/taoqiu/ros2_ws/install/openarm_can/lib/cmake/OpenArmCAN/OpenArmCANTargets-noconfig.cmake
[2.012s] -- Up-to-date: /home/taoqiu/ros2_ws/install/openarm_can/lib/cmake/OpenArmCAN/OpenArmCANConfig.cmake
[2.012s] -- Up-to-date: /home/taoqiu/ros2_ws/install/openarm_can/lib/cmake/OpenArmCAN/OpenArmCANConfigVersion.cmake
[2.012s] -- Up-to-date: /home/taoqiu/ros2_ws/install/openarm_can/lib/pkgconfig/openarm-can.pc
[2.012s] -- Up-to-date: /home/taoqiu/ros2_ws/install/openarm_can/bin/openarm-can-motor-sampling-check
[2.012s] -- Up-to-date: /home/taoqiu/ros2_ws/install/openarm_can/bin/openarm-can-demo
[2.012s] -- Up-to-date: /home/taoqiu/ros2_ws/install/openarm_can/bin/openarm-can-health
[2.012s] -- Installing: /home/taoqiu/ros2_ws/install/openarm_can/bin/openarm-can-enable-switch
[2.012s] -- Up-to-date: /home/taoqiu/ros2_ws/install/openarm_can/bin/openarm-can-cli
[2.012s] -- Up-to-date: /home/taoqiu/ros2_ws/install/openarm_can/bin/openarm-can-calibration-in-cell
[2.012s] -- Up-to-date: /home/taoqiu/ros2_ws/install/openarm_can/bin/openarm-can-configure-socketcan-4-arms
[2.012s] -- Up-to-date: /home/taoqiu/ros2_ws/install/openarm_can/bin/openarm-can-zero-position-calibration
[2.012s] -- Up-to-date: /home/taoqiu/ros2_ws/install/openarm_can/share/bash-completion/completions/openarm-can-cli
[2.013s] Invoked command in '/home/taoqiu/ros2_ws/build/openarm_can' returned '0': CMAKE_PREFIX_PATH=/opt/ros/humble CONDA_PROMPT_MODIFIER=(base) /usr/bin/cmake --install /home/taoqiu/ros2_ws/build/openarm_can
