[0.006s] Invoking command in '/home/taoqiu/ros2_ws/build/openarm_can': CMAKE_PREFIX_PATH=${CMAKE_PREFIX_PATH}:/opt/ros/humble CONDA_PROMPT_MODIFIER=(base) /usr/bin/cmake --build /home/taoqiu/ros2_ws/build/openarm_can -- -j24 -l24
[0.091s] [ 24%] Built target openarm_can
[0.106s] Consolidate compiler generated dependencies of target openarm-can-enable-switch
[0.107s] [ 43%] Built target openarm-can-example-gripper-posforce
[0.107s] [ 43%] Built target openarm-can-example-vel
[0.107s] [ 43%] Built target openarm-can-example-posforce
[0.107s] [ 43%] Built target openarm-can-motor-sampling-check
[0.107s] [ 48%] Built target openarm-can-example-posvel
[0.110s] [ 56%] Built target openarm-can-health
[0.110s] [ 58%] Built target openarm-can-example-mit
[0.111s] [ 63%] Built target openarm-can-demo
[0.111s] [ 95%] Built target openarm-can-cli
[0.113s] [ 97%] Building CXX object CMakeFiles/openarm-can-enable-switch.dir/examples/enable_switch.cpp.o
[1.833s] [100%] Linking CXX executable openarm-can-enable-switch
[1.919s] [100%] Built target openarm-can-enable-switch
[1.927s] Invoked command in '/home/taoqiu/ros2_ws/build/openarm_can' returned '0': CMAKE_PREFIX_PATH=${CMAKE_PREFIX_PATH}:/opt/ros/humble CONDA_PROMPT_MODIFIER=(base) /usr/bin/cmake --build /home/taoqiu/ros2_ws/build/openarm_can -- -j24 -l24
[1.934s] Invoking command in '/home/taoqiu/ros2_ws/build/openarm_can': CMAKE_PREFIX_PATH=${CMAKE_PREFIX_PATH}:/opt/ros/humble CONDA_PROMPT_MODIFIER=(base) /usr/bin/cmake --install /home/taoqiu/ros2_ws/build/openarm_can
[1.941s] -- Install configuration: ""
[1.941s] -- Up-to-date: /home/taoqiu/ros2_ws/install/openarm_can/lib/libopenarm_can.a
[1.941s] -- Up-to-date: /home/taoqiu/ros2_ws/install/openarm_can/include/openarm
[1.941s] -- Up-to-date: /home/taoqiu/ros2_ws/install/openarm_can/include/openarm/canbus
[1.941s] -- Up-to-date: /home/taoqiu/ros2_ws/install/openarm_can/include/openarm/canbus/can_device_collection.hpp
[1.941s] -- Up-to-date: /home/taoqiu/ros2_ws/install/openarm_can/include/openarm/canbus/can_socket.hpp
[1.941s] -- Up-to-date: /home/taoqiu/ros2_ws/install/openarm_can/include/openarm/canbus/can_device.hpp
[1.941s] -- Up-to-date: /home/taoqiu/ros2_ws/install/openarm_can/include/openarm/damiao_motor
[1.941s] -- Up-to-date: /home/taoqiu/ros2_ws/install/openarm_can/include/openarm/damiao_motor/dm_motor_constants.hpp
[1.941s] -- Up-to-date: /home/taoqiu/ros2_ws/install/openarm_can/include/openarm/damiao_motor/dm_motor_device.hpp
[1.941s] -- Up-to-date: /home/taoqiu/ros2_ws/install/openarm_can/include/openarm/damiao_motor/dm_motor_device_collection.hpp
[1.941s] -- Up-to-date: /home/taoqiu/ros2_ws/install/openarm_can/include/openarm/damiao_motor/dm_motor_control.hpp
[1.941s] -- Up-to-date: /home/taoqiu/ros2_ws/install/openarm_can/include/openarm/damiao_motor/dm_motor.hpp
[1.941s] -- Installing: /home/taoqiu/ros2_ws/install/openarm_can/include/openarm/config
[1.942s] -- Installing: /home/taoqiu/ros2_ws/install/openarm_can/include/openarm/config/openarm_v10_config.hpp
[1.942s] -- Up-to-date: /home/taoqiu/ros2_ws/install/openarm_can/include/openarm/can
[1.942s] -- Up-to-date: /home/taoqiu/ros2_ws/install/openarm_can/include/openarm/can/socket
[1.942s] -- Up-to-date: /home/taoqiu/ros2_ws/install/openarm_can/include/openarm/can/socket/arm_component.hpp
[1.942s] -- Up-to-date: /home/taoqiu/ros2_ws/install/openarm_can/include/openarm/can/socket/openarm.hpp
[1.942s] -- Up-to-date: /home/taoqiu/ros2_ws/install/openarm_can/include/openarm/can/socket/gripper_component.hpp
[1.942s] -- Up-to-date: /home/taoqiu/ros2_ws/install/openarm_can/lib/cmake/OpenArmCAN/OpenArmCANTargets.cmake
[1.942s] -- Up-to-date: /home/taoqiu/ros2_ws/install/openarm_can/lib/cmake/OpenArmCAN/OpenArmCANTargets-noconfig.cmake
[1.942s] -- Up-to-date: /home/taoqiu/ros2_ws/install/openarm_can/lib/cmake/OpenArmCAN/OpenArmCANConfig.cmake
[1.942s] -- Up-to-date: /home/taoqiu/ros2_ws/install/openarm_can/lib/cmake/OpenArmCAN/OpenArmCANConfigVersion.cmake
[1.942s] -- Up-to-date: /home/taoqiu/ros2_ws/install/openarm_can/lib/pkgconfig/openarm-can.pc
[1.942s] -- Up-to-date: /home/taoqiu/ros2_ws/install/openarm_can/bin/openarm-can-motor-sampling-check
[1.942s] -- Up-to-date: /home/taoqiu/ros2_ws/install/openarm_can/bin/openarm-can-demo
[1.942s] -- Up-to-date: /home/taoqiu/ros2_ws/install/openarm_can/bin/openarm-can-health
[1.942s] -- Installing: /home/taoqiu/ros2_ws/install/openarm_can/bin/openarm-can-enable-switch
[1.943s] -- Up-to-date: /home/taoqiu/ros2_ws/install/openarm_can/bin/openarm-can-cli
[1.943s] -- Up-to-date: /home/taoqiu/ros2_ws/install/openarm_can/bin/openarm-can-calibration-in-cell
[1.943s] -- Up-to-date: /home/taoqiu/ros2_ws/install/openarm_can/bin/openarm-can-configure-socketcan-4-arms
[1.943s] -- Up-to-date: /home/taoqiu/ros2_ws/install/openarm_can/bin/openarm-can-zero-position-calibration
[1.943s] -- Up-to-date: /home/taoqiu/ros2_ws/install/openarm_can/share/bash-completion/completions/openarm-can-cli
[1.943s] Invoked command in '/home/taoqiu/ros2_ws/build/openarm_can' returned '0': CMAKE_PREFIX_PATH=${CMAKE_PREFIX_PATH}:/opt/ros/humble CONDA_PROMPT_MODIFIER=(base) /usr/bin/cmake --install /home/taoqiu/ros2_ws/build/openarm_can
