[0.318s] Invoking command in '/home/taoqiu/ros2_ws/build/openarm_vr': AMENT_PREFIX_PATH=/home/taoqiu/ros2_ws/install/openarm_description:${AMENT_PREFIX_PATH} CMAKE_PREFIX_PATH=/home/taoqiu/ros2_ws/install/openarm_description CONDA_PROMPT_MODIFIER=(base) PYTHONPATH=/home/taoqiu/ros2_ws/build/openarm_vr/prefix_override:/usr/lib/python3/dist-packages/colcon_core/task/python/colcon_distutils_commands:/home/taoqiu/ros2_ws/install/openarm_vr/lib/python3.10/site-packages:${PYTHONPATH} /home/taoqiu/venv-openarm-ik/bin/python -W ignore:setup.py install is deprecated -W ignore:easy_install command is deprecated setup.py develop --editable --build-directory /home/taoqiu/ros2_ws/build/openarm_vr/build --no-deps symlink_data
[0.446s] running develop
[0.526s] running egg_info
[0.526s] creating openarm_vr.egg-info
[0.526s] writing openarm_vr.egg-info/PKG-INFO
[0.526s] writing dependency_links to openarm_vr.egg-info/dependency_links.txt
[0.527s] writing entry points to openarm_vr.egg-info/entry_points.txt
[0.527s] writing requirements to openarm_vr.egg-info/requires.txt
[0.527s] writing top-level names to openarm_vr.egg-info/top_level.txt
[0.527s] writing manifest file 'openarm_vr.egg-info/SOURCES.txt'
[0.527s] reading manifest file 'openarm_vr.egg-info/SOURCES.txt'
[0.528s] writing manifest file 'openarm_vr.egg-info/SOURCES.txt'
[0.528s] running build_ext
[0.528s] Creating /home/taoqiu/ros2_ws/install/openarm_vr/lib/python3.10/site-packages/openarm-vr.egg-link (link to .)
[0.529s] Installing vr_receiver script to /home/taoqiu/ros2_ws/install/openarm_vr/lib/openarm_vr
[0.529s] Installing vr_record script to /home/taoqiu/ros2_ws/install/openarm_vr/lib/openarm_vr
[0.529s] Installing vr_servo script to /home/taoqiu/ros2_ws/install/openarm_vr/lib/openarm_vr
[0.529s] 
[0.529s] Installed /home/taoqiu/ros2_ws/build/openarm_vr
[0.529s] running symlink_data
[0.529s] creating /home/taoqiu/ros2_ws/install/openarm_vr/share/ament_index
[0.529s] creating /home/taoqiu/ros2_ws/install/openarm_vr/share/ament_index/resource_index
[0.529s] creating /home/taoqiu/ros2_ws/install/openarm_vr/share/ament_index/resource_index/packages
[0.529s] symbolically linking /home/taoqiu/ros2_ws/build/openarm_vr/resource/openarm_vr -> /home/taoqiu/ros2_ws/install/openarm_vr/share/ament_index/resource_index/packages
[0.529s] symbolically linking /home/taoqiu/ros2_ws/build/openarm_vr/package.xml -> /home/taoqiu/ros2_ws/install/openarm_vr/share/openarm_vr
[0.529s] creating /home/taoqiu/ros2_ws/install/openarm_vr/share/openarm_vr/launch
[0.529s] symbolically linking /home/taoqiu/ros2_ws/build/openarm_vr/launch/vr_teleop.launch.py -> /home/taoqiu/ros2_ws/install/openarm_vr/share/openarm_vr/launch
[0.540s] Invoked command in '/home/taoqiu/ros2_ws/build/openarm_vr' returned '0': AMENT_PREFIX_PATH=/home/taoqiu/ros2_ws/install/openarm_description:${AMENT_PREFIX_PATH} CMAKE_PREFIX_PATH=/home/taoqiu/ros2_ws/install/openarm_description CONDA_PROMPT_MODIFIER=(base) PYTHONPATH=/home/taoqiu/ros2_ws/build/openarm_vr/prefix_override:/usr/lib/python3/dist-packages/colcon_core/task/python/colcon_distutils_commands:/home/taoqiu/ros2_ws/install/openarm_vr/lib/python3.10/site-packages:${PYTHONPATH} /home/taoqiu/venv-openarm-ik/bin/python -W ignore:setup.py install is deprecated -W ignore:easy_install command is deprecated setup.py develop --editable --build-directory /home/taoqiu/ros2_ws/build/openarm_vr/build --no-deps symlink_data
