[0.060s] [34mcolcon[0m [1;30mDEBUG[0m [32mCommand line arguments: ['/usr/bin/colcon', 'build'][0m
[0.060s] [34mcolcon[0m [1;30mDEBUG[0m [32mParsed command line arguments: Namespace(log_base=None, log_level=None, verb_name='build', build_base='build', install_base='install', merge_install=False, symlink_install=False, test_result_base=None, continue_on_error=False, executor='parallel', parallel_workers=24, event_handlers=None, ignore_user_meta=False, metas=['./colcon.meta'], base_paths=['.'], packages_ignore=None, packages_ignore_regex=None, paths=None, packages_up_to=None, packages_up_to_regex=None, packages_above=None, packages_above_and_dependencies=None, packages_above_depth=None, packages_select_by_dep=None, packages_skip_by_dep=None, packages_skip_up_to=None, packages_select_build_failed=False, packages_skip_build_finished=False, packages_select_test_failures=False, packages_skip_test_passed=False, packages_select=None, packages_skip=None, packages_select_regex=None, packages_skip_regex=None, packages_start=None, packages_end=None, allow_overriding=[], cmake_args=None, cmake_target=None, cmake_target_skip_unavailable=False, cmake_clean_cache=False, cmake_clean_first=False, cmake_force_configure=False, ament_cmake_args=None, catkin_cmake_args=None, catkin_skip_building_tests=False, verb_parser=<colcon_defaults.argument_parser.defaults.DefaultArgumentsDecorator object at 0x7e0c3b540df0>, verb_extension=<colcon_core.verb.build.BuildVerb object at 0x7e0c3b540820>, main=<bound method BuildVerb.main of <colcon_core.verb.build.BuildVerb object at 0x7e0c3b540820>>)[0m
[0.138s] [34mcolcon.colcon_core.package_discovery[0m [1;30mLevel 1[0m discover_packages(colcon_meta) check parameters
[0.139s] [34mcolcon.colcon_metadata.package_discovery.colcon_meta[0m [1;30mINFO[0m Using configuration from '/home/taoqiu/ros2_ws/colcon.meta'
[0.139s] [34mcolcon.colcon_core.package_discovery[0m [1;30mLevel 1[0m discover_packages(recursive) check parameters
[0.139s] [34mcolcon.colcon_core.package_discovery[0m [1;30mLevel 1[0m discover_packages(ignore) check parameters
[0.139s] [34mcolcon.colcon_core.package_discovery[0m [1;30mLevel 1[0m discover_packages(path) check parameters
[0.139s] [34mcolcon.colcon_core.package_discovery[0m [1;30mLevel 1[0m discover_packages(colcon_meta) discover
[0.139s] [34mcolcon.colcon_core.package_discovery[0m [1;30mLevel 1[0m discover_packages(recursive) discover
[0.139s] [34mcolcon.colcon_core.package_discovery[0m [1;30mINFO[0m Crawling recursively for packages in '/home/taoqiu/ros2_ws'
[0.139s] [34mcolcon.colcon_core.package_identification[0m [1;30mLevel 1[0m _identify(.) by extensions ['ignore', 'ignore_ament_install']
[0.139s] [34mcolcon.colcon_core.package_identification[0m [1;30mLevel 1[0m _identify(.) by extension 'ignore'
[0.139s] [34mcolcon.colcon_core.package_identification[0m [1;30mLevel 1[0m _identify(.) by extension 'ignore_ament_install'
[0.139s] [34mcolcon.colcon_core.package_identification[0m [1;30mLevel 1[0m _identify(.) by extensions ['colcon_pkg']
[0.139s] [34mcolcon.colcon_core.package_identification[0m [1;30mLevel 1[0m _identify(.) by extension 'colcon_pkg'
[0.139s] [34mcolcon.colcon_core.package_identification[0m [1;30mLevel 1[0m _identify(.) by extensions ['colcon_meta']
[0.139s] [34mcolcon.colcon_core.package_identification[0m [1;30mLevel 1[0m _identify(.) by extension 'colcon_meta'
[0.139s] [34mcolcon.colcon_core.package_identification[0m [1;30mLevel 1[0m _identify(.) by extensions ['ros']
[0.139s] [34mcolcon.colcon_core.package_identification[0m [1;30mLevel 1[0m _identify(.) by extension 'ros'
[0.150s] [34mcolcon.colcon_core.package_identification[0m [1;30mLevel 1[0m _identify(.) by extensions ['cmake', 'python']
[0.150s] [34mcolcon.colcon_core.package_identification[0m [1;30mLevel 1[0m _identify(.) by extension 'cmake'
[0.150s] [34mcolcon.colcon_core.package_identification[0m [1;30mLevel 1[0m _identify(.) by extension 'python'
[0.150s] [34mcolcon.colcon_core.package_identification[0m [1;30mLevel 1[0m _identify(.) by extensions ['python_setup_py']
[0.150s] [34mcolcon.colcon_core.package_identification[0m [1;30mLevel 1[0m _identify(.) by extension 'python_setup_py'
[0.150s] [34mcolcon.colcon_core.package_identification[0m [1;30mLevel 1[0m _identify(build) by extensions ['ignore', 'ignore_ament_install']
[0.150s] [34mcolcon.colcon_core.package_identification[0m [1;30mLevel 1[0m _identify(build) by extension 'ignore'
[0.150s] [34mcolcon.colcon_core.package_identification[0m [1;30mLevel 1[0m _identify(build) ignored
[0.150s] [34mcolcon.colcon_core.package_identification[0m [1;30mLevel 1[0m _identify(install) by extensions ['ignore', 'ignore_ament_install']
[0.150s] [34mcolcon.colcon_core.package_identification[0m [1;30mLevel 1[0m _identify(install) by extension 'ignore'
[0.150s] [34mcolcon.colcon_core.package_identification[0m [1;30mLevel 1[0m _identify(install) ignored
[0.150s] [34mcolcon.colcon_core.package_identification[0m [1;30mLevel 1[0m _identify(log) by extensions ['ignore', 'ignore_ament_install']
[0.150s] [34mcolcon.colcon_core.package_identification[0m [1;30mLevel 1[0m _identify(log) by extension 'ignore'
[0.150s] [34mcolcon.colcon_core.package_identification[0m [1;30mLevel 1[0m _identify(log) ignored
[0.150s] [34mcolcon.colcon_core.package_identification[0m [1;30mLevel 1[0m _identify(src) by extensions ['ignore', 'ignore_ament_install']
[0.150s] [34mcolcon.colcon_core.package_identification[0m [1;30mLevel 1[0m _identify(src) by extension 'ignore'
[0.150s] [34mcolcon.colcon_core.package_identification[0m [1;30mLevel 1[0m _identify(src) by extension 'ignore_ament_install'
[0.150s] [34mcolcon.colcon_core.package_identification[0m [1;30mLevel 1[0m _identify(src) by extensions ['colcon_pkg']
[0.150s] [34mcolcon.colcon_core.package_identification[0m [1;30mLevel 1[0m _identify(src) by extension 'colcon_pkg'
[0.150s] [34mcolcon.colcon_core.package_identification[0m [1;30mLevel 1[0m _identify(src) by extensions ['colcon_meta']
[0.150s] [34mcolcon.colcon_core.package_identification[0m [1;30mLevel 1[0m _identify(src) by extension 'colcon_meta'
[0.151s] [34mcolcon.colcon_core.package_identification[0m [1;30mLevel 1[0m _identify(src) by extensions ['ros']
[0.151s] [34mcolcon.colcon_core.package_identification[0m [1;30mLevel 1[0m _identify(src) by extension 'ros'
[0.151s] [34mcolcon.colcon_core.package_identification[0m [1;30mLevel 1[0m _identify(src) by extensions ['cmake', 'python']
[0.151s] [34mcolcon.colcon_core.package_identification[0m [1;30mLevel 1[0m _identify(src) by extension 'cmake'
[0.151s] [34mcolcon.colcon_core.package_identification[0m [1;30mLevel 1[0m _identify(src) by extension 'python'
[0.151s] [34mcolcon.colcon_core.package_identification[0m [1;30mLevel 1[0m _identify(src) by extensions ['python_setup_py']
[0.151s] [34mcolcon.colcon_core.package_identification[0m [1;30mLevel 1[0m _identify(src) by extension 'python_setup_py'
[0.151s] [34mcolcon.colcon_core.package_identification[0m [1;30mLevel 1[0m _identify(src/bio_ik) by extensions ['ignore', 'ignore_ament_install']
[0.151s] [34mcolcon.colcon_core.package_identification[0m [1;30mLevel 1[0m _identify(src/bio_ik) by extension 'ignore'
[0.151s] [34mcolcon.colcon_core.package_identification[0m [1;30mLevel 1[0m _identify(src/bio_ik) by extension 'ignore_ament_install'
[0.151s] [34mcolcon.colcon_core.package_identification[0m [1;30mLevel 1[0m _identify(src/bio_ik) by extensions ['colcon_pkg']
[0.151s] [34mcolcon.colcon_core.package_identification[0m [1;30mLevel 1[0m _identify(src/bio_ik) by extension 'colcon_pkg'
[0.151s] [34mcolcon.colcon_core.package_identification[0m [1;30mLevel 1[0m _identify(src/bio_ik) by extensions ['colcon_meta']
[0.151s] [34mcolcon.colcon_core.package_identification[0m [1;30mLevel 1[0m _identify(src/bio_ik) by extension 'colcon_meta'
[0.151s] [34mcolcon.colcon_core.package_identification[0m [1;30mLevel 1[0m _identify(src/bio_ik) by extensions ['ros']
[0.151s] [34mcolcon.colcon_core.package_identification[0m [1;30mLevel 1[0m _identify(src/bio_ik) by extension 'ros'
[0.152s] [34mcolcon.colcon_core.package_identification[0m [1;30mDEBUG[0m [32mPackage 'src/bio_ik' with type 'ros.ament_cmake' and name 'bio_ik'[0m
[0.152s] [34mcolcon.colcon_core.package_identification[0m [1;30mLevel 1[0m _identify(src/openarm_can) by extensions ['ignore', 'ignore_ament_install']
[0.152s] [34mcolcon.colcon_core.package_identification[0m [1;30mLevel 1[0m _identify(src/openarm_can) by extension 'ignore'
[0.152s] [34mcolcon.colcon_core.package_identification[0m [1;30mLevel 1[0m _identify(src/openarm_can) by extension 'ignore_ament_install'
[0.153s] [34mcolcon.colcon_core.package_identification[0m [1;30mLevel 1[0m _identify(src/openarm_can) by extensions ['colcon_pkg']
[0.153s] [34mcolcon.colcon_core.package_identification[0m [1;30mLevel 1[0m _identify(src/openarm_can) by extension 'colcon_pkg'
[0.153s] [34mcolcon.colcon_core.package_identification[0m [1;30mLevel 1[0m _identify(src/openarm_can) by extensions ['colcon_meta']
[0.153s] [34mcolcon.colcon_core.package_identification[0m [1;30mLevel 1[0m _identify(src/openarm_can) by extension 'colcon_meta'
[0.153s] [34mcolcon.colcon_core.package_identification[0m [1;30mLevel 1[0m _identify(src/openarm_can) by extensions ['ros']
[0.153s] [34mcolcon.colcon_core.package_identification[0m [1;30mLevel 1[0m _identify(src/openarm_can) by extension 'ros'
[0.153s] [34mcolcon.colcon_core.package_identification[0m [1;30mDEBUG[0m [32mPackage 'src/openarm_can' with type 'ros.cmake' and name 'openarm_can'[0m
[0.153s] [34mcolcon.colcon_core.package_identification[0m [1;30mLevel 1[0m _identify(src/openarm_description) by extensions ['ignore', 'ignore_ament_install']
[0.153s] [34mcolcon.colcon_core.package_identification[0m [1;30mLevel 1[0m _identify(src/openarm_description) by extension 'ignore'
[0.153s] [34mcolcon.colcon_core.package_identification[0m [1;30mLevel 1[0m _identify(src/openarm_description) by extension 'ignore_ament_install'
[0.153s] [34mcolcon.colcon_core.package_identification[0m [1;30mLevel 1[0m _identify(src/openarm_description) by extensions ['colcon_pkg']
[0.153s] [34mcolcon.colcon_core.package_identification[0m [1;30mLevel 1[0m _identify(src/openarm_description) by extension 'colcon_pkg'
[0.153s] [34mcolcon.colcon_core.package_identification[0m [1;30mLevel 1[0m _identify(src/openarm_description) by extensions ['colcon_meta']
[0.153s] [34mcolcon.colcon_core.package_identification[0m [1;30mLevel 1[0m _identify(src/openarm_description) by extension 'colcon_meta'
[0.153s] [34mcolcon.colcon_core.package_identification[0m [1;30mLevel 1[0m _identify(src/openarm_description) by extensions ['ros']
[0.153s] [34mcolcon.colcon_core.package_identification[0m [1;30mLevel 1[0m _identify(src/openarm_description) by extension 'ros'
[0.153s] [34mcolcon.colcon_core.package_identification[0m [1;30mDEBUG[0m [32mPackage 'src/openarm_description' with type 'ros.ament_cmake' and name 'openarm_description'[0m
[0.154s] [34mcolcon.colcon_core.package_identification[0m [1;30mLevel 1[0m _identify(src/openarm_ros2) by extensions ['ignore', 'ignore_ament_install']
[0.154s] [34mcolcon.colcon_core.package_identification[0m [1;30mLevel 1[0m _identify(src/openarm_ros2) by extension 'ignore'
[0.154s] [34mcolcon.colcon_core.package_identification[0m [1;30mLevel 1[0m _identify(src/openarm_ros2) by extension 'ignore_ament_install'
[0.154s] [34mcolcon.colcon_core.package_identification[0m [1;30mLevel 1[0m _identify(src/openarm_ros2) by extensions ['colcon_pkg']
[0.154s] [34mcolcon.colcon_core.package_identification[0m [1;30mLevel 1[0m _identify(src/openarm_ros2) by extension 'colcon_pkg'
[0.154s] [34mcolcon.colcon_core.package_identification[0m [1;30mLevel 1[0m _identify(src/openarm_ros2) by extensions ['colcon_meta']
[0.154s] [34mcolcon.colcon_core.package_identification[0m [1;30mLevel 1[0m _identify(src/openarm_ros2) by extension 'colcon_meta'
[0.154s] [34mcolcon.colcon_core.package_identification[0m [1;30mLevel 1[0m _identify(src/openarm_ros2) by extensions ['ros']
[0.154s] [34mcolcon.colcon_core.package_identification[0m [1;30mLevel 1[0m _identify(src/openarm_ros2) by extension 'ros'
[0.154s] [34mcolcon.colcon_core.package_identification[0m [1;30mLevel 1[0m _identify(src/openarm_ros2) by extensions ['cmake', 'python']
[0.154s] [34mcolcon.colcon_core.package_identification[0m [1;30mLevel 1[0m _identify(src/openarm_ros2) by extension 'cmake'
[0.154s] [34mcolcon.colcon_core.package_identification[0m [1;30mLevel 1[0m _identify(src/openarm_ros2) by extension 'python'
[0.154s] [34mcolcon.colcon_core.package_identification[0m [1;30mLevel 1[0m _identify(src/openarm_ros2) by extensions ['python_setup_py']
[0.154s] [34mcolcon.colcon_core.package_identification[0m [1;30mLevel 1[0m _identify(src/openarm_ros2) by extension 'python_setup_py'
[0.154s] [34mcolcon.colcon_core.package_identification[0m [1;30mLevel 1[0m _identify(src/openarm_ros2/dev) by extensions ['ignore', 'ignore_ament_install']
[0.154s] [34mcolcon.colcon_core.package_identification[0m [1;30mLevel 1[0m _identify(src/openarm_ros2/dev) by extension 'ignore'
[0.154s] [34mcolcon.colcon_core.package_identification[0m [1;30mLevel 1[0m _identify(src/openarm_ros2/dev) by extension 'ignore_ament_install'
[0.154s] [34mcolcon.colcon_core.package_identification[0m [1;30mLevel 1[0m _identify(src/openarm_ros2/dev) by extensions ['colcon_pkg']
[0.154s] [34mcolcon.colcon_core.package_identification[0m [1;30mLevel 1[0m _identify(src/openarm_ros2/dev) by extension 'colcon_pkg'
[0.154s] [34mcolcon.colcon_core.package_identification[0m [1;30mLevel 1[0m _identify(src/openarm_ros2/dev) by extensions ['colcon_meta']
[0.154s] [34mcolcon.colcon_core.package_identification[0m [1;30mLevel 1[0m _identify(src/openarm_ros2/dev) by extension 'colcon_meta'
[0.154s] [34mcolcon.colcon_core.package_identification[0m [1;30mLevel 1[0m _identify(src/openarm_ros2/dev) by extensions ['ros']
[0.154s] [34mcolcon.colcon_core.package_identification[0m [1;30mLevel 1[0m _identify(src/openarm_ros2/dev) by extension 'ros'
[0.154s] [34mcolcon.colcon_core.package_identification[0m [1;30mLevel 1[0m _identify(src/openarm_ros2/dev) by extensions ['cmake', 'python']
[0.154s] [34mcolcon.colcon_core.package_identification[0m [1;30mLevel 1[0m _identify(src/openarm_ros2/dev) by extension 'cmake'
[0.154s] [34mcolcon.colcon_core.package_identification[0m [1;30mLevel 1[0m _identify(src/openarm_ros2/dev) by extension 'python'
[0.154s] [34mcolcon.colcon_core.package_identification[0m [1;30mLevel 1[0m _identify(src/openarm_ros2/dev) by extensions ['python_setup_py']
[0.154s] [34mcolcon.colcon_core.package_identification[0m [1;30mLevel 1[0m _identify(src/openarm_ros2/dev) by extension 'python_setup_py'
[0.154s] [34mcolcon.colcon_core.package_identification[0m [1;30mLevel 1[0m _identify(src/openarm_ros2/openarm) by extensions ['ignore', 'ignore_ament_install']
[0.154s] [34mcolcon.colcon_core.package_identification[0m [1;30mLevel 1[0m _identify(src/openarm_ros2/openarm) by extension 'ignore'
[0.154s] [34mcolcon.colcon_core.package_identification[0m [1;30mLevel 1[0m _identify(src/openarm_ros2/openarm) by extension 'ignore_ament_install'
[0.154s] [34mcolcon.colcon_core.package_identification[0m [1;30mLevel 1[0m _identify(src/openarm_ros2/openarm) by extensions ['colcon_pkg']
[0.154s] [34mcolcon.colcon_core.package_identification[0m [1;30mLevel 1[0m _identify(src/openarm_ros2/openarm) by extension 'colcon_pkg'
[0.154s] [34mcolcon.colcon_core.package_identification[0m [1;30mLevel 1[0m _identify(src/openarm_ros2/openarm) by extensions ['colcon_meta']
[0.154s] [34mcolcon.colcon_core.package_identification[0m [1;30mLevel 1[0m _identify(src/openarm_ros2/openarm) by extension 'colcon_meta'
[0.154s] [34mcolcon.colcon_core.package_identification[0m [1;30mLevel 1[0m _identify(src/openarm_ros2/openarm) by extensions ['ros']
[0.154s] [34mcolcon.colcon_core.package_identification[0m [1;30mLevel 1[0m _identify(src/openarm_ros2/openarm) by extension 'ros'
[0.154s] [34mcolcon.colcon_core.package_identification[0m [1;30mDEBUG[0m [32mPackage 'src/openarm_ros2/openarm' with type 'ros.ament_cmake' and name 'openarm'[0m
[0.155s] [34mcolcon.colcon_core.package_identification[0m [1;30mLevel 1[0m _identify(src/openarm_ros2/openarm_acm_tool) by extensions ['ignore', 'ignore_ament_install']
[0.155s] [34mcolcon.colcon_core.package_identification[0m [1;30mLevel 1[0m _identify(src/openarm_ros2/openarm_acm_tool) by extension 'ignore'
[0.155s] [34mcolcon.colcon_core.package_identification[0m [1;30mLevel 1[0m _identify(src/openarm_ros2/openarm_acm_tool) by extension 'ignore_ament_install'
[0.155s] [34mcolcon.colcon_core.package_identification[0m [1;30mLevel 1[0m _identify(src/openarm_ros2/openarm_acm_tool) by extensions ['colcon_pkg']
[0.155s] [34mcolcon.colcon_core.package_identification[0m [1;30mLevel 1[0m _identify(src/openarm_ros2/openarm_acm_tool) by extension 'colcon_pkg'
[0.155s] [34mcolcon.colcon_core.package_identification[0m [1;30mLevel 1[0m _identify(src/openarm_ros2/openarm_acm_tool) by extensions ['colcon_meta']
[0.155s] [34mcolcon.colcon_core.package_identification[0m [1;30mLevel 1[0m _identify(src/openarm_ros2/openarm_acm_tool) by extension 'colcon_meta'
[0.155s] [34mcolcon.colcon_core.package_identification[0m [1;30mLevel 1[0m _identify(src/openarm_ros2/openarm_acm_tool) by extensions ['ros']
[0.155s] [34mcolcon.colcon_core.package_identification[0m [1;30mLevel 1[0m _identify(src/openarm_ros2/openarm_acm_tool) by extension 'ros'
[0.155s] [34mcolcon.colcon_core.package_identification[0m [1;30mDEBUG[0m [32mPackage 'src/openarm_ros2/openarm_acm_tool' with type 'ros.ament_cmake' and name 'openarm_acm_tool'[0m
[0.155s] [34mcolcon.colcon_core.package_identification[0m [1;30mLevel 1[0m _identify(src/openarm_ros2/openarm_bimanual_moveit_config) by extensions ['ignore', 'ignore_ament_install']
[0.155s] [34mcolcon.colcon_core.package_identification[0m [1;30mLevel 1[0m _identify(src/openarm_ros2/openarm_bimanual_moveit_config) by extension 'ignore'
[0.155s] [34mcolcon.colcon_core.package_identification[0m [1;30mLevel 1[0m _identify(src/openarm_ros2/openarm_bimanual_moveit_config) by extension 'ignore_ament_install'
[0.155s] [34mcolcon.colcon_core.package_identification[0m [1;30mLevel 1[0m _identify(src/openarm_ros2/openarm_bimanual_moveit_config) by extensions ['colcon_pkg']
[0.155s] [34mcolcon.colcon_core.package_identification[0m [1;30mLevel 1[0m _identify(src/openarm_ros2/openarm_bimanual_moveit_config) by extension 'colcon_pkg'
[0.155s] [34mcolcon.colcon_core.package_identification[0m [1;30mLevel 1[0m _identify(src/openarm_ros2/openarm_bimanual_moveit_config) by extensions ['colcon_meta']
[0.155s] [34mcolcon.colcon_core.package_identification[0m [1;30mLevel 1[0m _identify(src/openarm_ros2/openarm_bimanual_moveit_config) by extension 'colcon_meta'
[0.155s] [34mcolcon.colcon_core.package_identification[0m [1;30mLevel 1[0m _identify(src/openarm_ros2/openarm_bimanual_moveit_config) by extensions ['ros']
[0.155s] [34mcolcon.colcon_core.package_identification[0m [1;30mLevel 1[0m _identify(src/openarm_ros2/openarm_bimanual_moveit_config) by extension 'ros'
[0.156s] [34mcolcon.colcon_core.package_identification[0m [1;30mDEBUG[0m [32mPackage 'src/openarm_ros2/openarm_bimanual_moveit_config' with type 'ros.ament_cmake' and name 'openarm_bimanual_moveit_config'[0m
[0.156s] [34mcolcon.colcon_core.package_identification[0m [1;30mLevel 1[0m _identify(src/openarm_ros2/openarm_bringup) by extensions ['ignore', 'ignore_ament_install']
[0.156s] [34mcolcon.colcon_core.package_identification[0m [1;30mLevel 1[0m _identify(src/openarm_ros2/openarm_bringup) by extension 'ignore'
[0.156s] [34mcolcon.colcon_core.package_identification[0m [1;30mLevel 1[0m _identify(src/openarm_ros2/openarm_bringup) by extension 'ignore_ament_install'
[0.156s] [34mcolcon.colcon_core.package_identification[0m [1;30mLevel 1[0m _identify(src/openarm_ros2/openarm_bringup) by extensions ['colcon_pkg']
[0.156s] [34mcolcon.colcon_core.package_identification[0m [1;30mLevel 1[0m _identify(src/openarm_ros2/openarm_bringup) by extension 'colcon_pkg'
[0.156s] [34mcolcon.colcon_core.package_identification[0m [1;30mLevel 1[0m _identify(src/openarm_ros2/openarm_bringup) by extensions ['colcon_meta']
[0.156s] [34mcolcon.colcon_core.package_identification[0m [1;30mLevel 1[0m _identify(src/openarm_ros2/openarm_bringup) by extension 'colcon_meta'
[0.156s] [34mcolcon.colcon_core.package_identification[0m [1;30mLevel 1[0m _identify(src/openarm_ros2/openarm_bringup) by extensions ['ros']
[0.156s] [34mcolcon.colcon_core.package_identification[0m [1;30mLevel 1[0m _identify(src/openarm_ros2/openarm_bringup) by extension 'ros'
[0.156s] [34mcolcon.colcon_core.package_identification[0m [1;30mDEBUG[0m [32mPackage 'src/openarm_ros2/openarm_bringup' with type 'ros.ament_cmake' and name 'openarm_bringup'[0m
[0.156s] [34mcolcon.colcon_core.package_identification[0m [1;30mLevel 1[0m _identify(src/openarm_ros2/openarm_hardware) by extensions ['ignore', 'ignore_ament_install']
[0.156s] [34mcolcon.colcon_core.package_identification[0m [1;30mLevel 1[0m _identify(src/openarm_ros2/openarm_hardware) by extension 'ignore'
[0.156s] [34mcolcon.colcon_core.package_identification[0m [1;30mLevel 1[0m _identify(src/openarm_ros2/openarm_hardware) by extension 'ignore_ament_install'
[0.156s] [34mcolcon.colcon_core.package_identification[0m [1;30mLevel 1[0m _identify(src/openarm_ros2/openarm_hardware) by extensions ['colcon_pkg']
[0.156s] [34mcolcon.colcon_core.package_identification[0m [1;30mLevel 1[0m _identify(src/openarm_ros2/openarm_hardware) by extension 'colcon_pkg'
[0.156s] [34mcolcon.colcon_core.package_identification[0m [1;30mLevel 1[0m _identify(src/openarm_ros2/openarm_hardware) by extensions ['colcon_meta']
[0.156s] [34mcolcon.colcon_core.package_identification[0m [1;30mLevel 1[0m _identify(src/openarm_ros2/openarm_hardware) by extension 'colcon_meta'
[0.156s] [34mcolcon.colcon_core.package_identification[0m [1;30mLevel 1[0m _identify(src/openarm_ros2/openarm_hardware) by extensions ['ros']
[0.156s] [34mcolcon.colcon_core.package_identification[0m [1;30mLevel 1[0m _identify(src/openarm_ros2/openarm_hardware) by extension 'ros'
[0.157s] [34mcolcon.colcon_core.package_identification[0m [1;30mDEBUG[0m [32mPackage 'src/openarm_ros2/openarm_hardware' with type 'ros.ament_cmake' and name 'openarm_hardware'[0m
[0.157s] [34mcolcon.colcon_core.package_identification[0m [1;30mLevel 1[0m _identify(src/pick_ik) by extensions ['ignore', 'ignore_ament_install']
[0.157s] [34mcolcon.colcon_core.package_identification[0m [1;30mLevel 1[0m _identify(src/pick_ik) by extension 'ignore'
[0.157s] [34mcolcon.colcon_core.package_identification[0m [1;30mLevel 1[0m _identify(src/pick_ik) by extension 'ignore_ament_install'
[0.157s] [34mcolcon.colcon_core.package_identification[0m [1;30mLevel 1[0m _identify(src/pick_ik) by extensions ['colcon_pkg']
[0.157s] [34mcolcon.colcon_core.package_identification[0m [1;30mLevel 1[0m _identify(src/pick_ik) by extension 'colcon_pkg'
[0.157s] [34mcolcon.colcon_core.package_identification[0m [1;30mLevel 1[0m _identify(src/pick_ik) by extensions ['colcon_meta']
[0.157s] [34mcolcon.colcon_core.package_identification[0m [1;30mLevel 1[0m _identify(src/pick_ik) by extension 'colcon_meta'
[0.157s] [34mcolcon.colcon_core.package_identification[0m [1;30mLevel 1[0m _identify(src/pick_ik) by extensions ['ros']
[0.157s] [34mcolcon.colcon_core.package_identification[0m [1;30mLevel 1[0m _identify(src/pick_ik) by extension 'ros'
[0.157s] [34mcolcon.colcon_core.package_identification[0m [1;30mDEBUG[0m [32mPackage 'src/pick_ik' with type 'ros.ament_cmake' and name 'pick_ik'[0m
[0.157s] [34mcolcon.colcon_core.package_identification[0m [1;30mLevel 1[0m _identify(tools) by extensions ['ignore', 'ignore_ament_install']
[0.158s] [34mcolcon.colcon_core.package_identification[0m [1;30mLevel 1[0m _identify(tools) by extension 'ignore'
[0.158s] [34mcolcon.colcon_core.package_identification[0m [1;30mLevel 1[0m _identify(tools) by extension 'ignore_ament_install'
[0.158s] [34mcolcon.colcon_core.package_identification[0m [1;30mLevel 1[0m _identify(tools) by extensions ['colcon_pkg']
[0.158s] [34mcolcon.colcon_core.package_identification[0m [1;30mLevel 1[0m _identify(tools) by extension 'colcon_pkg'
[0.158s] [34mcolcon.colcon_core.package_identification[0m [1;30mLevel 1[0m _identify(tools) by extensions ['colcon_meta']
[0.158s] [34mcolcon.colcon_core.package_identification[0m [1;30mLevel 1[0m _identify(tools) by extension 'colcon_meta'
[0.158s] [34mcolcon.colcon_core.package_identification[0m [1;30mLevel 1[0m _identify(tools) by extensions ['ros']
[0.158s] [34mcolcon.colcon_core.package_identification[0m [1;30mLevel 1[0m _identify(tools) by extension 'ros'
[0.158s] [34mcolcon.colcon_core.package_identification[0m [1;30mLevel 1[0m _identify(tools) by extensions ['cmake', 'python']
[0.158s] [34mcolcon.colcon_core.package_identification[0m [1;30mLevel 1[0m _identify(tools) by extension 'cmake'
[0.158s] [34mcolcon.colcon_core.package_identification[0m [1;30mLevel 1[0m _identify(tools) by extension 'python'
[0.158s] [34mcolcon.colcon_core.package_identification[0m [1;30mLevel 1[0m _identify(tools) by extensions ['python_setup_py']
[0.158s] [34mcolcon.colcon_core.package_identification[0m [1;30mLevel 1[0m _identify(tools) by extension 'python_setup_py'
[0.158s] [34mcolcon.colcon_core.package_identification[0m [1;30mLevel 1[0m _identify(tools/openarm_gravcheck) by extensions ['ignore', 'ignore_ament_install']
[0.158s] [34mcolcon.colcon_core.package_identification[0m [1;30mLevel 1[0m _identify(tools/openarm_gravcheck) by extension 'ignore'
[0.158s] [34mcolcon.colcon_core.package_identification[0m [1;30mLevel 1[0m _identify(tools/openarm_gravcheck) by extension 'ignore_ament_install'
[0.158s] [34mcolcon.colcon_core.package_identification[0m [1;30mLevel 1[0m _identify(tools/openarm_gravcheck) by extensions ['colcon_pkg']
[0.158s] [34mcolcon.colcon_core.package_identification[0m [1;30mLevel 1[0m _identify(tools/openarm_gravcheck) by extension 'colcon_pkg'
[0.158s] [34mcolcon.colcon_core.package_identification[0m [1;30mLevel 1[0m _identify(tools/openarm_gravcheck) by extensions ['colcon_meta']
[0.158s] [34mcolcon.colcon_core.package_identification[0m [1;30mLevel 1[0m _identify(tools/openarm_gravcheck) by extension 'colcon_meta'
[0.158s] [34mcolcon.colcon_core.package_identification[0m [1;30mLevel 1[0m _identify(tools/openarm_gravcheck) by extensions ['ros']
[0.158s] [34mcolcon.colcon_core.package_identification[0m [1;30mLevel 1[0m _identify(tools/openarm_gravcheck) by extension 'ros'
[0.158s] [34mcolcon.colcon_core.package_identification[0m [1;30mLevel 1[0m _identify(tools/openarm_gravcheck) by extensions ['cmake', 'python']
[0.158s] [34mcolcon.colcon_core.package_identification[0m [1;30mLevel 1[0m _identify(tools/openarm_gravcheck) by extension 'cmake'
[0.159s] [34mcolcon.colcon_core.package_identification[0m [1;30mLevel 1[0m _identify(tools/openarm_gravcheck) by extension 'python'
[0.159s] [34mcolcon.colcon_core.package_identification[0m [1;30mDEBUG[0m [32mPackage 'tools/openarm_gravcheck' with type 'cmake' and name 'openarm_gravcheck'[0m
[0.159s] [34mcolcon.colcon_core.package_discovery[0m [1;30mLevel 1[0m discover_packages(recursive) using defaults
[0.159s] [34mcolcon.colcon_core.package_discovery[0m [1;30mLevel 1[0m discover_packages(ignore) discover
[0.159s] [34mcolcon.colcon_core.package_discovery[0m [1;30mLevel 1[0m discover_packages(ignore) using defaults
[0.159s] [34mcolcon.colcon_core.package_discovery[0m [1;30mLevel 1[0m discover_packages(path) discover
[0.159s] [34mcolcon.colcon_core.package_discovery[0m [1;30mLevel 1[0m discover_packages(path) using defaults
[0.167s] [34mcolcon.colcon_core.package_discovery[0m [1;30mLevel 1[0m discover_packages(prefix_path) check parameters
[0.167s] [34mcolcon.colcon_core.package_discovery[0m [1;30mLevel 1[0m discover_packages(prefix_path) discover
[0.169s] [34mcolcon.colcon_installed_package_information.package_discovery[0m [1;30mDEBUG[0m [32mFound 388 installed packages in /opt/ros/humble[0m
[0.169s] [34mcolcon.colcon_core.package_discovery[0m [1;30mLevel 1[0m discover_packages(prefix_path) using defaults
[0.190s] [34mcolcon.colcon_core.verb[0m [1;30mLevel 5[0m set package 'bio_ik' build argument 'cmake_args' from command line to 'None'
[0.190s] [34mcolcon.colcon_core.verb[0m [1;30mLevel 5[0m set package 'bio_ik' build argument 'cmake_target' from command line to 'None'
[0.190s] [34mcolcon.colcon_core.verb[0m [1;30mLevel 5[0m set package 'bio_ik' build argument 'cmake_target_skip_unavailable' from command line to 'False'
[0.190s] [34mcolcon.colcon_core.verb[0m [1;30mLevel 5[0m set package 'bio_ik' build argument 'cmake_clean_cache' from command line to 'False'
[0.190s] [34mcolcon.colcon_core.verb[0m [1;30mLevel 5[0m set package 'bio_ik' build argument 'cmake_clean_first' from command line to 'False'
[0.190s] [34mcolcon.colcon_core.verb[0m [1;30mLevel 5[0m set package 'bio_ik' build argument 'cmake_force_configure' from command line to 'False'
[0.190s] [34mcolcon.colcon_core.verb[0m [1;30mLevel 5[0m set package 'bio_ik' build argument 'ament_cmake_args' from command line to 'None'
[0.190s] [34mcolcon.colcon_core.verb[0m [1;30mLevel 5[0m set package 'bio_ik' build argument 'catkin_cmake_args' from command line to 'None'
[0.190s] [34mcolcon.colcon_core.verb[0m [1;30mLevel 5[0m set package 'bio_ik' build argument 'catkin_skip_building_tests' from command line to 'False'
[0.190s] [34mcolcon.colcon_core.verb[0m [1;30mDEBUG[0m [32mBuilding package 'bio_ik' with the following arguments: {'ament_cmake_args': None, 'build_base': '/home/taoqiu/ros2_ws/build/bio_ik', 'catkin_cmake_args': None, 'catkin_skip_building_tests': False, 'cmake_args': None, 'cmake_clean_cache': False, 'cmake_clean_first': False, 'cmake_force_configure': False, 'cmake_target': None, 'cmake_target_skip_unavailable': False, 'install_base': '/home/taoqiu/ros2_ws/install/bio_ik', 'merge_install': False, 'path': '/home/taoqiu/ros2_ws/src/bio_ik', 'symlink_install': False, 'test_result_base': None}[0m
[0.190s] [34mcolcon.colcon_core.verb[0m [1;30mLevel 5[0m set package 'openarm_acm_tool' build argument 'cmake_args' from command line to 'None'
[0.190s] [34mcolcon.colcon_core.verb[0m [1;30mLevel 5[0m set package 'openarm_acm_tool' build argument 'cmake_target' from command line to 'None'
[0.190s] [34mcolcon.colcon_core.verb[0m [1;30mLevel 5[0m set package 'openarm_acm_tool' build argument 'cmake_target_skip_unavailable' from command line to 'False'
[0.190s] [34mcolcon.colcon_core.verb[0m [1;30mLevel 5[0m set package 'openarm_acm_tool' build argument 'cmake_clean_cache' from command line to 'False'
[0.190s] [34mcolcon.colcon_core.verb[0m [1;30mLevel 5[0m set package 'openarm_acm_tool' build argument 'cmake_clean_first' from command line to 'False'
[0.190s] [34mcolcon.colcon_core.verb[0m [1;30mLevel 5[0m set package 'openarm_acm_tool' build argument 'cmake_force_configure' from command line to 'False'
[0.190s] [34mcolcon.colcon_core.verb[0m [1;30mLevel 5[0m set package 'openarm_acm_tool' build argument 'ament_cmake_args' from command line to 'None'
[0.190s] [34mcolcon.colcon_core.verb[0m [1;30mLevel 5[0m set package 'openarm_acm_tool' build argument 'catkin_cmake_args' from command line to 'None'
[0.190s] [34mcolcon.colcon_core.verb[0m [1;30mLevel 5[0m set package 'openarm_acm_tool' build argument 'catkin_skip_building_tests' from command line to 'False'
[0.190s] [34mcolcon.colcon_core.verb[0m [1;30mDEBUG[0m [32mBuilding package 'openarm_acm_tool' with the following arguments: {'ament_cmake_args': None, 'build_base': '/home/taoqiu/ros2_ws/build/openarm_acm_tool', 'catkin_cmake_args': None, 'catkin_skip_building_tests': False, 'cmake_args': None, 'cmake_clean_cache': False, 'cmake_clean_first': False, 'cmake_force_configure': False, 'cmake_target': None, 'cmake_target_skip_unavailable': False, 'install_base': '/home/taoqiu/ros2_ws/install/openarm_acm_tool', 'merge_install': False, 'path': '/home/taoqiu/ros2_ws/src/openarm_ros2/openarm_acm_tool', 'symlink_install': False, 'test_result_base': None}[0m
[0.190s] [34mcolcon.colcon_core.verb[0m [1;30mLevel 5[0m set package 'openarm_can' build argument 'cmake_args' from command line to 'None'
[0.190s] [34mcolcon.colcon_core.verb[0m [1;30mLevel 5[0m set package 'openarm_can' build argument 'cmake_target' from command line to 'None'
[0.190s] [34mcolcon.colcon_core.verb[0m [1;30mLevel 5[0m set package 'openarm_can' build argument 'cmake_target_skip_unavailable' from command line to 'False'
[0.190s] [34mcolcon.colcon_core.verb[0m [1;30mLevel 5[0m set package 'openarm_can' build argument 'cmake_clean_cache' from command line to 'False'
[0.190s] [34mcolcon.colcon_core.verb[0m [1;30mLevel 5[0m set package 'openarm_can' build argument 'cmake_clean_first' from command line to 'False'
[0.190s] [34mcolcon.colcon_core.verb[0m [1;30mLevel 5[0m set package 'openarm_can' build argument 'cmake_force_configure' from command line to 'False'
[0.190s] [34mcolcon.colcon_core.verb[0m [1;30mLevel 5[0m set package 'openarm_can' build argument 'ament_cmake_args' from command line to 'None'
[0.190s] [34mcolcon.colcon_core.verb[0m [1;30mLevel 5[0m set package 'openarm_can' build argument 'catkin_cmake_args' from command line to 'None'
[0.190s] [34mcolcon.colcon_core.verb[0m [1;30mLevel 5[0m set package 'openarm_can' build argument 'catkin_skip_building_tests' from command line to 'False'
[0.190s] [34mcolcon.colcon_core.verb[0m [1;30mDEBUG[0m [32mBuilding package 'openarm_can' with the following arguments: {'ament_cmake_args': None, 'build_base': '/home/taoqiu/ros2_ws/build/openarm_can', 'catkin_cmake_args': None, 'catkin_skip_building_tests': False, 'cmake_args': None, 'cmake_clean_cache': False, 'cmake_clean_first': False, 'cmake_force_configure': False, 'cmake_target': None, 'cmake_target_skip_unavailable': False, 'install_base': '/home/taoqiu/ros2_ws/install/openarm_can', 'merge_install': False, 'path': '/home/taoqiu/ros2_ws/src/openarm_can', 'symlink_install': False, 'test_result_base': None}[0m
[0.190s] [34mcolcon.colcon_core.verb[0m [1;30mLevel 5[0m set package 'openarm_description' build argument 'cmake_args' from command line to 'None'
[0.190s] [34mcolcon.colcon_core.verb[0m [1;30mLevel 5[0m set package 'openarm_description' build argument 'cmake_target' from command line to 'None'
[0.190s] [34mcolcon.colcon_core.verb[0m [1;30mLevel 5[0m set package 'openarm_description' build argument 'cmake_target_skip_unavailable' from command line to 'False'
[0.190s] [34mcolcon.colcon_core.verb[0m [1;30mLevel 5[0m set package 'openarm_description' build argument 'cmake_clean_cache' from command line to 'False'
[0.190s] [34mcolcon.colcon_core.verb[0m [1;30mLevel 5[0m set package 'openarm_description' build argument 'cmake_clean_first' from command line to 'False'
[0.190s] [34mcolcon.colcon_core.verb[0m [1;30mLevel 5[0m set package 'openarm_description' build argument 'cmake_force_configure' from command line to 'False'
[0.190s] [34mcolcon.colcon_core.verb[0m [1;30mLevel 5[0m set package 'openarm_description' build argument 'ament_cmake_args' from command line to 'None'
[0.190s] [34mcolcon.colcon_core.verb[0m [1;30mLevel 5[0m set package 'openarm_description' build argument 'catkin_cmake_args' from command line to 'None'
[0.190s] [34mcolcon.colcon_core.verb[0m [1;30mLevel 5[0m set package 'openarm_description' build argument 'catkin_skip_building_tests' from command line to 'False'
[0.190s] [34mcolcon.colcon_core.verb[0m [1;30mDEBUG[0m [32mBuilding package 'openarm_description' with the following arguments: {'ament_cmake_args': None, 'build_base': '/home/taoqiu/ros2_ws/build/openarm_description', 'catkin_cmake_args': None, 'catkin_skip_building_tests': False, 'cmake_args': None, 'cmake_clean_cache': False, 'cmake_clean_first': False, 'cmake_force_configure': False, 'cmake_target': None, 'cmake_target_skip_unavailable': False, 'install_base': '/home/taoqiu/ros2_ws/install/openarm_description', 'merge_install': False, 'path': '/home/taoqiu/ros2_ws/src/openarm_description', 'symlink_install': False, 'test_result_base': None}[0m
[0.190s] [34mcolcon.colcon_core.verb[0m [1;30mLevel 5[0m set package 'openarm_gravcheck' build argument 'cmake_args' from command line to 'None'
[0.190s] [34mcolcon.colcon_core.verb[0m [1;30mLevel 5[0m set package 'openarm_gravcheck' build argument 'cmake_target' from command line to 'None'
[0.191s] [34mcolcon.colcon_core.verb[0m [1;30mLevel 5[0m set package 'openarm_gravcheck' build argument 'cmake_target_skip_unavailable' from command line to 'False'
[0.191s] [34mcolcon.colcon_core.verb[0m [1;30mLevel 5[0m set package 'openarm_gravcheck' build argument 'cmake_clean_cache' from command line to 'False'
[0.191s] [34mcolcon.colcon_core.verb[0m [1;30mLevel 5[0m set package 'openarm_gravcheck' build argument 'cmake_clean_first' from command line to 'False'
[0.191s] [34mcolcon.colcon_core.verb[0m [1;30mLevel 5[0m set package 'openarm_gravcheck' build argument 'cmake_force_configure' from command line to 'False'
[0.191s] [34mcolcon.colcon_core.verb[0m [1;30mLevel 5[0m set package 'openarm_gravcheck' build argument 'ament_cmake_args' from command line to 'None'
[0.191s] [34mcolcon.colcon_core.verb[0m [1;30mLevel 5[0m set package 'openarm_gravcheck' build argument 'catkin_cmake_args' from command line to 'None'
[0.191s] [34mcolcon.colcon_core.verb[0m [1;30mLevel 5[0m set package 'openarm_gravcheck' build argument 'catkin_skip_building_tests' from command line to 'False'
[0.191s] [34mcolcon.colcon_core.verb[0m [1;30mDEBUG[0m [32mBuilding package 'openarm_gravcheck' with the following arguments: {'ament_cmake_args': None, 'build_base': '/home/taoqiu/ros2_ws/build/openarm_gravcheck', 'catkin_cmake_args': None, 'catkin_skip_building_tests': False, 'cmake_args': None, 'cmake_clean_cache': False, 'cmake_clean_first': False, 'cmake_force_configure': False, 'cmake_target': None, 'cmake_target_skip_unavailable': False, 'install_base': '/home/taoqiu/ros2_ws/install/openarm_gravcheck', 'merge_install': False, 'path': '/home/taoqiu/ros2_ws/tools/openarm_gravcheck', 'symlink_install': False, 'test_result_base': None}[0m
[0.191s] [34mcolcon.colcon_core.verb[0m [1;30mLevel 5[0m set package 'pick_ik' build argument 'cmake_args' from command line to 'None'
[0.191s] [34mcolcon.colcon_core.verb[0m [1;30mLevel 5[0m overwrite package 'pick_ik' build argument 'cmake_args' from package metadata with '['-DBUILD_TESTING=OFF', '-Dfmt_DIR=/usr/lib/x86_64-linux-gnu/cmake/fmt']' (before: 'None')
[0.191s] [34mcolcon.colcon_core.verb[0m [1;30mLevel 5[0m set package 'pick_ik' build argument 'cmake_target' from command line to 'None'
[0.191s] [34mcolcon.colcon_core.verb[0m [1;30mLevel 5[0m set package 'pick_ik' build argument 'cmake_target_skip_unavailable' from command line to 'False'
[0.191s] [34mcolcon.colcon_core.verb[0m [1;30mLevel 5[0m set package 'pick_ik' build argument 'cmake_clean_cache' from command line to 'False'
[0.191s] [34mcolcon.colcon_core.verb[0m [1;30mLevel 5[0m set package 'pick_ik' build argument 'cmake_clean_first' from command line to 'False'
[0.191s] [34mcolcon.colcon_core.verb[0m [1;30mLevel 5[0m set package 'pick_ik' build argument 'cmake_force_configure' from command line to 'False'
[0.191s] [34mcolcon.colcon_core.verb[0m [1;30mLevel 5[0m set package 'pick_ik' build argument 'ament_cmake_args' from command line to 'None'
[0.191s] [34mcolcon.colcon_core.verb[0m [1;30mLevel 5[0m set package 'pick_ik' build argument 'catkin_cmake_args' from command line to 'None'
[0.191s] [34mcolcon.colcon_core.verb[0m [1;30mLevel 5[0m set package 'pick_ik' build argument 'catkin_skip_building_tests' from command line to 'False'
[0.191s] [34mcolcon.colcon_core.verb[0m [1;30mDEBUG[0m [32mBuilding package 'pick_ik' with the following arguments: {'ament_cmake_args': None, 'build_base': '/home/taoqiu/ros2_ws/build/pick_ik', 'catkin_cmake_args': None, 'catkin_skip_building_tests': False, 'cmake_args': ['-DBUILD_TESTING=OFF', '-Dfmt_DIR=/usr/lib/x86_64-linux-gnu/cmake/fmt'], 'cmake_clean_cache': False, 'cmake_clean_first': False, 'cmake_force_configure': False, 'cmake_target': None, 'cmake_target_skip_unavailable': False, 'install_base': '/home/taoqiu/ros2_ws/install/pick_ik', 'merge_install': False, 'path': '/home/taoqiu/ros2_ws/src/pick_ik', 'symlink_install': False, 'test_result_base': None}[0m
[0.191s] [34mcolcon.colcon_core.verb[0m [1;30mLevel 5[0m set package 'openarm_bimanual_moveit_config' build argument 'cmake_args' from command line to 'None'
[0.191s] [34mcolcon.colcon_core.verb[0m [1;30mLevel 5[0m set package 'openarm_bimanual_moveit_config' build argument 'cmake_target' from command line to 'None'
[0.191s] [34mcolcon.colcon_core.verb[0m [1;30mLevel 5[0m set package 'openarm_bimanual_moveit_config' build argument 'cmake_target_skip_unavailable' from command line to 'False'
[0.191s] [34mcolcon.colcon_core.verb[0m [1;30mLevel 5[0m set package 'openarm_bimanual_moveit_config' build argument 'cmake_clean_cache' from command line to 'False'
[0.191s] [34mcolcon.colcon_core.verb[0m [1;30mLevel 5[0m set package 'openarm_bimanual_moveit_config' build argument 'cmake_clean_first' from command line to 'False'
[0.191s] [34mcolcon.colcon_core.verb[0m [1;30mLevel 5[0m set package 'openarm_bimanual_moveit_config' build argument 'cmake_force_configure' from command line to 'False'
[0.191s] [34mcolcon.colcon_core.verb[0m [1;30mLevel 5[0m set package 'openarm_bimanual_moveit_config' build argument 'ament_cmake_args' from command line to 'None'
[0.191s] [34mcolcon.colcon_core.verb[0m [1;30mLevel 5[0m set package 'openarm_bimanual_moveit_config' build argument 'catkin_cmake_args' from command line to 'None'
[0.191s] [34mcolcon.colcon_core.verb[0m [1;30mLevel 5[0m set package 'openarm_bimanual_moveit_config' build argument 'catkin_skip_building_tests' from command line to 'False'
[0.191s] [34mcolcon.colcon_core.verb[0m [1;30mDEBUG[0m [32mBuilding package 'openarm_bimanual_moveit_config' with the following arguments: {'ament_cmake_args': None, 'build_base': '/home/taoqiu/ros2_ws/build/openarm_bimanual_moveit_config', 'catkin_cmake_args': None, 'catkin_skip_building_tests': False, 'cmake_args': None, 'cmake_clean_cache': False, 'cmake_clean_first': False, 'cmake_force_configure': False, 'cmake_target': None, 'cmake_target_skip_unavailable': False, 'install_base': '/home/taoqiu/ros2_ws/install/openarm_bimanual_moveit_config', 'merge_install': False, 'path': '/home/taoqiu/ros2_ws/src/openarm_ros2/openarm_bimanual_moveit_config', 'symlink_install': False, 'test_result_base': None}[0m
[0.191s] [34mcolcon.colcon_core.verb[0m [1;30mLevel 5[0m set package 'openarm_hardware' build argument 'cmake_args' from command line to 'None'
[0.191s] [34mcolcon.colcon_core.verb[0m [1;30mLevel 5[0m set package 'openarm_hardware' build argument 'cmake_target' from command line to 'None'
[0.191s] [34mcolcon.colcon_core.verb[0m [1;30mLevel 5[0m set package 'openarm_hardware' build argument 'cmake_target_skip_unavailable' from command line to 'False'
[0.191s] [34mcolcon.colcon_core.verb[0m [1;30mLevel 5[0m set package 'openarm_hardware' build argument 'cmake_clean_cache' from command line to 'False'
[0.191s] [34mcolcon.colcon_core.verb[0m [1;30mLevel 5[0m set package 'openarm_hardware' build argument 'cmake_clean_first' from command line to 'False'
[0.191s] [34mcolcon.colcon_core.verb[0m [1;30mLevel 5[0m set package 'openarm_hardware' build argument 'cmake_force_configure' from command line to 'False'
[0.191s] [34mcolcon.colcon_core.verb[0m [1;30mLevel 5[0m set package 'openarm_hardware' build argument 'ament_cmake_args' from command line to 'None'
[0.191s] [34mcolcon.colcon_core.verb[0m [1;30mLevel 5[0m set package 'openarm_hardware' build argument 'catkin_cmake_args' from command line to 'None'
[0.191s] [34mcolcon.colcon_core.verb[0m [1;30mLevel 5[0m set package 'openarm_hardware' build argument 'catkin_skip_building_tests' from command line to 'False'
[0.191s] [34mcolcon.colcon_core.verb[0m [1;30mDEBUG[0m [32mBuilding package 'openarm_hardware' with the following arguments: {'ament_cmake_args': None, 'build_base': '/home/taoqiu/ros2_ws/build/openarm_hardware', 'catkin_cmake_args': None, 'catkin_skip_building_tests': False, 'cmake_args': None, 'cmake_clean_cache': False, 'cmake_clean_first': False, 'cmake_force_configure': False, 'cmake_target': None, 'cmake_target_skip_unavailable': False, 'install_base': '/home/taoqiu/ros2_ws/install/openarm_hardware', 'merge_install': False, 'path': '/home/taoqiu/ros2_ws/src/openarm_ros2/openarm_hardware', 'symlink_install': False, 'test_result_base': None}[0m
[0.191s] [34mcolcon.colcon_core.verb[0m [1;30mLevel 5[0m set package 'openarm_bringup' build argument 'cmake_args' from command line to 'None'
[0.191s] [34mcolcon.colcon_core.verb[0m [1;30mLevel 5[0m set package 'openarm_bringup' build argument 'cmake_target' from command line to 'None'
[0.191s] [34mcolcon.colcon_core.verb[0m [1;30mLevel 5[0m set package 'openarm_bringup' build argument 'cmake_target_skip_unavailable' from command line to 'False'
[0.191s] [34mcolcon.colcon_core.verb[0m [1;30mLevel 5[0m set package 'openarm_bringup' build argument 'cmake_clean_cache' from command line to 'False'
[0.191s] [34mcolcon.colcon_core.verb[0m [1;30mLevel 5[0m set package 'openarm_bringup' build argument 'cmake_clean_first' from command line to 'False'
[0.191s] [34mcolcon.colcon_core.verb[0m [1;30mLevel 5[0m set package 'openarm_bringup' build argument 'cmake_force_configure' from command line to 'False'
[0.191s] [34mcolcon.colcon_core.verb[0m [1;30mLevel 5[0m set package 'openarm_bringup' build argument 'ament_cmake_args' from command line to 'None'
[0.191s] [34mcolcon.colcon_core.verb[0m [1;30mLevel 5[0m set package 'openarm_bringup' build argument 'catkin_cmake_args' from command line to 'None'
[0.191s] [34mcolcon.colcon_core.verb[0m [1;30mLevel 5[0m set package 'openarm_bringup' build argument 'catkin_skip_building_tests' from command line to 'False'
[0.191s] [34mcolcon.colcon_core.verb[0m [1;30mDEBUG[0m [32mBuilding package 'openarm_bringup' with the following arguments: {'ament_cmake_args': None, 'build_base': '/home/taoqiu/ros2_ws/build/openarm_bringup', 'catkin_cmake_args': None, 'catkin_skip_building_tests': False, 'cmake_args': None, 'cmake_clean_cache': False, 'cmake_clean_first': False, 'cmake_force_configure': False, 'cmake_target': None, 'cmake_target_skip_unavailable': False, 'install_base': '/home/taoqiu/ros2_ws/install/openarm_bringup', 'merge_install': False, 'path': '/home/taoqiu/ros2_ws/src/openarm_ros2/openarm_bringup', 'symlink_install': False, 'test_result_base': None}[0m
[0.192s] [34mcolcon.colcon_core.verb[0m [1;30mLevel 5[0m set package 'openarm' build argument 'cmake_args' from command line to 'None'
[0.192s] [34mcolcon.colcon_core.verb[0m [1;30mLevel 5[0m set package 'openarm' build argument 'cmake_target' from command line to 'None'
[0.192s] [34mcolcon.colcon_core.verb[0m [1;30mLevel 5[0m set package 'openarm' build argument 'cmake_target_skip_unavailable' from command line to 'False'
[0.192s] [34mcolcon.colcon_core.verb[0m [1;30mLevel 5[0m set package 'openarm' build argument 'cmake_clean_cache' from command line to 'False'
[0.192s] [34mcolcon.colcon_core.verb[0m [1;30mLevel 5[0m set package 'openarm' build argument 'cmake_clean_first' from command line to 'False'
[0.192s] [34mcolcon.colcon_core.verb[0m [1;30mLevel 5[0m set package 'openarm' build argument 'cmake_force_configure' from command line to 'False'
[0.192s] [34mcolcon.colcon_core.verb[0m [1;30mLevel 5[0m set package 'openarm' build argument 'ament_cmake_args' from command line to 'None'
[0.192s] [34mcolcon.colcon_core.verb[0m [1;30mLevel 5[0m set package 'openarm' build argument 'catkin_cmake_args' from command line to 'None'
[0.192s] [34mcolcon.colcon_core.verb[0m [1;30mLevel 5[0m set package 'openarm' build argument 'catkin_skip_building_tests' from command line to 'False'
[0.192s] [34mcolcon.colcon_core.verb[0m [1;30mDEBUG[0m [32mBuilding package 'openarm' with the following arguments: {'ament_cmake_args': None, 'build_base': '/home/taoqiu/ros2_ws/build/openarm', 'catkin_cmake_args': None, 'catkin_skip_building_tests': False, 'cmake_args': None, 'cmake_clean_cache': False, 'cmake_clean_first': False, 'cmake_force_configure': False, 'cmake_target': None, 'cmake_target_skip_unavailable': False, 'install_base': '/home/taoqiu/ros2_ws/install/openarm', 'merge_install': False, 'path': '/home/taoqiu/ros2_ws/src/openarm_ros2/openarm', 'symlink_install': False, 'test_result_base': None}[0m
[0.192s] [34mcolcon.colcon_core.executor[0m [1;30mINFO[0m Executing jobs using 'parallel' executor
[0.192s] [34mcolcon.colcon_parallel_executor.executor.parallel[0m [1;30mDEBUG[0m [32mrun_until_complete[0m
[0.193s] [34mcolcon.colcon_ros.task.ament_cmake.build[0m [1;30mINFO[0m Building ROS package in '/home/taoqiu/ros2_ws/src/openarm_description' with build type 'ament_cmake'
[0.193s] [34mcolcon.colcon_cmake.task.cmake.build[0m [1;30mINFO[0m Building CMake package in '/home/taoqiu/ros2_ws/src/openarm_description'
[0.194s] [34mcolcon.colcon_core.plugin_system[0m [1;30mINFO[0m Skipping extension 'colcon_core.shell.bat': Not used on non-Windows systems
[0.194s] [34mcolcon.colcon_core.shell[0m [1;30mINFO[0m Skip shell extension 'powershell' for command environment: Not usable outside of PowerShell
[0.194s] [34mcolcon.colcon_core.shell[0m [1;30mDEBUG[0m [32mSkip shell extension 'dsv' for command environment[0m
[0.197s] [34mcolcon.colcon_ros.task.cmake.build[0m [1;30mINFO[0m Building ROS package in '/home/taoqiu/ros2_ws/src/openarm_can' with build type 'cmake'
[0.197s] [34mcolcon.colcon_cmake.task.cmake.build[0m [1;30mINFO[0m Building CMake package in '/home/taoqiu/ros2_ws/src/openarm_can'
[0.197s] [34mcolcon.colcon_core.shell[0m [1;30mINFO[0m Skip shell extension 'powershell' for command environment: Not usable outside of PowerShell
[0.197s] [34mcolcon.colcon_core.shell[0m [1;30mDEBUG[0m [32mSkip shell extension 'dsv' for command environment[0m
[0.198s] [34mcolcon.colcon_ros.task.ament_cmake.build[0m [1;30mINFO[0m Building ROS package in '/home/taoqiu/ros2_ws/src/bio_ik' with build type 'ament_cmake'
[0.198s] [34mcolcon.colcon_cmake.task.cmake.build[0m [1;30mINFO[0m Building CMake package in '/home/taoqiu/ros2_ws/src/bio_ik'
[0.198s] [34mcolcon.colcon_core.shell[0m [1;30mINFO[0m Skip shell extension 'powershell' for command environment: Not usable outside of PowerShell
[0.198s] [34mcolcon.colcon_core.shell[0m [1;30mDEBUG[0m [32mSkip shell extension 'dsv' for command environment[0m
[0.200s] [34mcolcon.colcon_ros.task.ament_cmake.build[0m [1;30mINFO[0m Building ROS package in '/home/taoqiu/ros2_ws/src/openarm_ros2/openarm_acm_tool' with build type 'ament_cmake'
[0.200s] [34mcolcon.colcon_cmake.task.cmake.build[0m [1;30mINFO[0m Building CMake package in '/home/taoqiu/ros2_ws/src/openarm_ros2/openarm_acm_tool'
[0.200s] [34mcolcon.colcon_core.shell[0m [1;30mINFO[0m Skip shell extension 'powershell' for command environment: Not usable outside of PowerShell
[0.200s] [34mcolcon.colcon_core.shell[0m [1;30mDEBUG[0m [32mSkip shell extension 'dsv' for command environment[0m
[0.201s] [34mcolcon.colcon_cmake.task.cmake.build[0m [1;30mINFO[0m Building CMake package in '/home/taoqiu/ros2_ws/tools/openarm_gravcheck'
[0.201s] [34mcolcon.colcon_core.shell[0m [1;30mINFO[0m Skip shell extension 'powershell' for command environment: Not usable outside of PowerShell
[0.201s] [34mcolcon.colcon_core.shell[0m [1;30mDEBUG[0m [32mSkip shell extension 'dsv' for command environment[0m
[0.203s] [34mcolcon.colcon_ros.task.ament_cmake.build[0m [1;30mINFO[0m Building ROS package in '/home/taoqiu/ros2_ws/src/pick_ik' with build type 'ament_cmake'
[0.203s] [34mcolcon.colcon_cmake.task.cmake.build[0m [1;30mINFO[0m Building CMake package in '/home/taoqiu/ros2_ws/src/pick_ik'
[0.203s] [34mcolcon.colcon_core.shell[0m [1;30mINFO[0m Skip shell extension 'powershell' for command environment: Not usable outside of PowerShell
[0.203s] [34mcolcon.colcon_core.shell[0m [1;30mDEBUG[0m [32mSkip shell extension 'dsv' for command environment[0m
[0.207s] [34mcolcon.colcon_core.event_handler.log_command[0m [1;30mDEBUG[0m [32mInvoking command in '/home/taoqiu/ros2_ws/build/openarm_description': CMAKE_PREFIX_PATH=/opt/ros/humble CONDA_PROMPT_MODIFIER=(base) /usr/bin/cmake --build /home/taoqiu/ros2_ws/build/openarm_description -- -j24 -l24[0m
[0.209s] [34mcolcon.colcon_core.event_handler.log_command[0m [1;30mDEBUG[0m [32mInvoking command in '/home/taoqiu/ros2_ws/build/openarm_can': CMAKE_PREFIX_PATH=/opt/ros/humble CONDA_PROMPT_MODIFIER=(base) /usr/bin/cmake --build /home/taoqiu/ros2_ws/build/openarm_can -- -j24 -l24[0m
[0.211s] [34mcolcon.colcon_core.event_handler.log_command[0m [1;30mDEBUG[0m [32mInvoking command in '/home/taoqiu/ros2_ws/build/bio_ik': CMAKE_PREFIX_PATH=/opt/ros/humble CONDA_PROMPT_MODIFIER=(base) /usr/bin/cmake --build /home/taoqiu/ros2_ws/build/bio_ik -- -j24 -l24[0m
[0.212s] [34mcolcon.colcon_core.event_handler.log_command[0m [1;30mDEBUG[0m [32mInvoking command in '/home/taoqiu/ros2_ws/build/openarm_acm_tool': CMAKE_PREFIX_PATH=/opt/ros/humble CONDA_PROMPT_MODIFIER=(base) /usr/bin/cmake --build /home/taoqiu/ros2_ws/build/openarm_acm_tool -- -j24 -l24[0m
[0.214s] [34mcolcon.colcon_core.event_handler.log_command[0m [1;30mDEBUG[0m [32mInvoking command in '/home/taoqiu/ros2_ws/build/openarm_gravcheck': CONDA_PROMPT_MODIFIER=(base) /usr/bin/cmake --build /home/taoqiu/ros2_ws/build/openarm_gravcheck -- -j24 -l24[0m
[0.217s] [34mcolcon.colcon_core.event_handler.log_command[0m [1;30mDEBUG[0m [32mInvoking command in '/home/taoqiu/ros2_ws/build/pick_ik': CMAKE_PREFIX_PATH=/opt/ros/humble CONDA_PROMPT_MODIFIER=(base) /usr/bin/cmake --build /home/taoqiu/ros2_ws/build/pick_ik -- -j24 -l24[0m
[0.228s] [34mcolcon.colcon_core.event_handler.log_command[0m [1;30mDEBUG[0m [32mInvoked command in '/home/taoqiu/ros2_ws/build/openarm_description' returned '0': CMAKE_PREFIX_PATH=/opt/ros/humble CONDA_PROMPT_MODIFIER=(base) /usr/bin/cmake --build /home/taoqiu/ros2_ws/build/openarm_description -- -j24 -l24[0m
[0.233s] [34mcolcon.colcon_core.event_handler.log_command[0m [1;30mDEBUG[0m [32mInvoking command in '/home/taoqiu/ros2_ws/build/openarm_description': CMAKE_PREFIX_PATH=/opt/ros/humble CONDA_PROMPT_MODIFIER=(base) /usr/bin/cmake --install /home/taoqiu/ros2_ws/build/openarm_description[0m
[0.240s] [34mcolcon.colcon_core.environment[0m [1;30mLevel 1[0m create_environment_scripts_only(openarm_description)
[0.242s] [34mcolcon.colcon_core.environment[0m [1;30mLevel 1[0m checking '/home/taoqiu/ros2_ws/install/openarm_description' for CMake module files
[0.242s] [34mcolcon.colcon_core.environment[0m [1;30mLevel 1[0m checking '/home/taoqiu/ros2_ws/install/openarm_description' for CMake config files
[0.243s] [34mcolcon.colcon_core.shell[0m [1;30mLevel 1[0m create_environment_hook('openarm_description', 'cmake_prefix_path')
[0.244s] [34mcolcon.colcon_core.shell[0m [1;30mINFO[0m Creating environment hook '/home/taoqiu/ros2_ws/install/openarm_description/share/openarm_description/hook/cmake_prefix_path.ps1'
[0.245s] [34mcolcon.colcon_core.shell[0m [1;30mINFO[0m Creating environment descriptor '/home/taoqiu/ros2_ws/install/openarm_description/share/openarm_description/hook/cmake_prefix_path.dsv'
[0.245s] [34mcolcon.colcon_core.shell[0m [1;30mINFO[0m Creating environment hook '/home/taoqiu/ros2_ws/install/openarm_description/share/openarm_description/hook/cmake_prefix_path.sh'
[0.247s] [34mcolcon.colcon_core.environment[0m [1;30mLevel 1[0m checking '/home/taoqiu/ros2_ws/install/openarm_description/bin'
[0.247s] [34mcolcon.colcon_core.environment[0m [1;30mLevel 1[0m checking '/home/taoqiu/ros2_ws/install/openarm_description/lib/pkgconfig/openarm_description.pc'
[0.248s] [34mcolcon.colcon_core.environment[0m [1;30mLevel 1[0m checking '/home/taoqiu/ros2_ws/install/openarm_description/lib/python3.10/site-packages'
[0.248s] [34mcolcon.colcon_core.environment[0m [1;30mLevel 1[0m checking '/home/taoqiu/ros2_ws/install/openarm_description/bin'
[0.248s] [34mcolcon.colcon_core.shell[0m [1;30mINFO[0m Creating package script '/home/taoqiu/ros2_ws/install/openarm_description/share/openarm_description/package.ps1'
[0.250s] [34mcolcon.colcon_core.shell[0m [1;30mINFO[0m Creating package descriptor '/home/taoqiu/ros2_ws/install/openarm_description/share/openarm_description/package.dsv'
[0.251s] [34mcolcon.colcon_core.shell[0m [1;30mINFO[0m Creating package script '/home/taoqiu/ros2_ws/install/openarm_description/share/openarm_description/package.sh'
[0.253s] [34mcolcon.colcon_core.shell[0m [1;30mINFO[0m Creating package script '/home/taoqiu/ros2_ws/install/openarm_description/share/openarm_description/package.bash'
[0.254s] [34mcolcon.colcon_core.shell[0m [1;30mINFO[0m Creating package script '/home/taoqiu/ros2_ws/install/openarm_description/share/openarm_description/package.zsh'
[0.255s] [34mcolcon.colcon_core.event_handler.log_command[0m [1;30mDEBUG[0m [32mInvoked command in '/home/taoqiu/ros2_ws/build/openarm_description' returned '0': CMAKE_PREFIX_PATH=/opt/ros/humble CONDA_PROMPT_MODIFIER=(base) /usr/bin/cmake --install /home/taoqiu/ros2_ws/build/openarm_description[0m
[0.256s] [34mcolcon.colcon_core.environment[0m [1;30mLevel 1[0m create_file_with_runtime_dependencies(/home/taoqiu/ros2_ws/install/openarm_description/share/colcon-core/packages/openarm_description)
[0.257s] [34mcolcon.colcon_core.environment[0m [1;30mLevel 1[0m create_environment_scripts_only(openarm_description)
[0.257s] [34mcolcon.colcon_core.environment[0m [1;30mLevel 1[0m checking '/home/taoqiu/ros2_ws/install/openarm_description' for CMake module files
[0.257s] [34mcolcon.colcon_core.environment[0m [1;30mLevel 1[0m checking '/home/taoqiu/ros2_ws/install/openarm_description' for CMake config files
[0.259s] [34mcolcon.colcon_core.shell[0m [1;30mLevel 1[0m create_environment_hook('openarm_description', 'cmake_prefix_path')
[0.259s] [34mcolcon.colcon_core.shell[0m [1;30mINFO[0m Creating environment hook '/home/taoqiu/ros2_ws/install/openarm_description/share/openarm_description/hook/cmake_prefix_path.ps1'
[0.259s] [34mcolcon.colcon_core.shell[0m [1;30mINFO[0m Creating environment descriptor '/home/taoqiu/ros2_ws/install/openarm_description/share/openarm_description/hook/cmake_prefix_path.dsv'
[0.260s] [34mcolcon.colcon_core.shell[0m [1;30mINFO[0m Creating environment hook '/home/taoqiu/ros2_ws/install/openarm_description/share/openarm_description/hook/cmake_prefix_path.sh'
[0.260s] [34mcolcon.colcon_core.environment[0m [1;30mLevel 1[0m checking '/home/taoqiu/ros2_ws/install/openarm_description/bin'
[0.260s] [34mcolcon.colcon_core.environment[0m [1;30mLevel 1[0m checking '/home/taoqiu/ros2_ws/install/openarm_description/lib/pkgconfig/openarm_description.pc'
[0.261s] [34mcolcon.colcon_core.environment[0m [1;30mLevel 1[0m checking '/home/taoqiu/ros2_ws/install/openarm_description/lib/python3.10/site-packages'
[0.261s] [34mcolcon.colcon_core.environment[0m [1;30mLevel 1[0m checking '/home/taoqiu/ros2_ws/install/openarm_description/bin'
[0.261s] [34mcolcon.colcon_core.shell[0m [1;30mINFO[0m Creating package script '/home/taoqiu/ros2_ws/install/openarm_description/share/openarm_description/package.ps1'
[0.262s] [34mcolcon.colcon_core.shell[0m [1;30mINFO[0m Creating package descriptor '/home/taoqiu/ros2_ws/install/openarm_description/share/openarm_description/package.dsv'
[0.262s] [34mcolcon.colcon_core.shell[0m [1;30mINFO[0m Creating package script '/home/taoqiu/ros2_ws/install/openarm_description/share/openarm_description/package.sh'
[0.262s] [34mcolcon.colcon_core.shell[0m [1;30mINFO[0m Creating package script '/home/taoqiu/ros2_ws/install/openarm_description/share/openarm_description/package.bash'
[0.263s] [34mcolcon.colcon_core.shell[0m [1;30mINFO[0m Creating package script '/home/taoqiu/ros2_ws/install/openarm_description/share/openarm_description/package.zsh'
[0.263s] [34mcolcon.colcon_core.environment[0m [1;30mLevel 1[0m create_file_with_runtime_dependencies(/home/taoqiu/ros2_ws/install/openarm_description/share/colcon-core/packages/openarm_description)
[0.263s] [34mcolcon.colcon_ros.task.ament_cmake.build[0m [1;30mINFO[0m Building ROS package in '/home/taoqiu/ros2_ws/src/openarm_ros2/openarm_bimanual_moveit_config' with build type 'ament_cmake'
[0.264s] [34mcolcon.colcon_cmake.task.cmake.build[0m [1;30mINFO[0m Building CMake package in '/home/taoqiu/ros2_ws/src/openarm_ros2/openarm_bimanual_moveit_config'
[0.264s] [34mcolcon.colcon_core.shell[0m [1;30mINFO[0m Skip shell extension 'powershell' for command environment: Not usable outside of PowerShell
[0.264s] [34mcolcon.colcon_core.shell[0m [1;30mDEBUG[0m [32mSkip shell extension 'dsv' for command environment[0m
[0.266s] [34mcolcon.colcon_core.event_handler.log_command[0m [1;30mDEBUG[0m [32mInvoked command in '/home/taoqiu/ros2_ws/build/openarm_acm_tool' returned '0': CMAKE_PREFIX_PATH=/opt/ros/humble CONDA_PROMPT_MODIFIER=(base) /usr/bin/cmake --build /home/taoqiu/ros2_ws/build/openarm_acm_tool -- -j24 -l24[0m
[0.267s] [34mcolcon.colcon_core.event_handler.log_command[0m [1;30mDEBUG[0m [32mInvoking command in '/home/taoqiu/ros2_ws/build/openarm_acm_tool': CMAKE_PREFIX_PATH=/opt/ros/humble CONDA_PROMPT_MODIFIER=(base) /usr/bin/cmake --install /home/taoqiu/ros2_ws/build/openarm_acm_tool[0m
[0.268s] [34mcolcon.colcon_core.event_handler.log_command[0m [1;30mDEBUG[0m [32mInvoked command in '/home/taoqiu/ros2_ws/build/openarm_can' returned '0': CMAKE_PREFIX_PATH=/opt/ros/humble CONDA_PROMPT_MODIFIER=(base) /usr/bin/cmake --build /home/taoqiu/ros2_ws/build/openarm_can -- -j24 -l24[0m
[0.268s] [34mcolcon.colcon_core.event_handler.log_command[0m [1;30mDEBUG[0m [32mInvoking command in '/home/taoqiu/ros2_ws/build/openarm_can': CMAKE_PREFIX_PATH=/opt/ros/humble CONDA_PROMPT_MODIFIER=(base) /usr/bin/cmake --install /home/taoqiu/ros2_ws/build/openarm_can[0m
[0.271s] [34mcolcon.colcon_core.event_handler.log_command[0m [1;30mDEBUG[0m [32mInvoking command in '/home/taoqiu/ros2_ws/build/openarm_bimanual_moveit_config': AMENT_PREFIX_PATH=/home/taoqiu/ros2_ws/install/openarm_description:${AMENT_PREFIX_PATH} CMAKE_PREFIX_PATH=/home/taoqiu/ros2_ws/install/openarm_description:/opt/ros/humble CONDA_PROMPT_MODIFIER=(base) /usr/bin/cmake --build /home/taoqiu/ros2_ws/build/openarm_bimanual_moveit_config -- -j24 -l24[0m
[0.274s] [34mcolcon.colcon_core.shell[0m [1;30mLevel 1[0m create_environment_hook('openarm_can', 'pkg_config_path')
[0.274s] [34mcolcon.colcon_core.shell[0m [1;30mINFO[0m Creating environment hook '/home/taoqiu/ros2_ws/install/openarm_can/share/openarm_can/hook/pkg_config_path.ps1'
[0.275s] [34mcolcon.colcon_core.event_handler.log_command[0m [1;30mDEBUG[0m [32mInvoked command in '/home/taoqiu/ros2_ws/build/openarm_can' returned '0': CMAKE_PREFIX_PATH=/opt/ros/humble CONDA_PROMPT_MODIFIER=(base) /usr/bin/cmake --install /home/taoqiu/ros2_ws/build/openarm_can[0m
[0.275s] [34mcolcon.colcon_core.shell[0m [1;30mINFO[0m Creating environment descriptor '/home/taoqiu/ros2_ws/install/openarm_can/share/openarm_can/hook/pkg_config_path.dsv'
[0.275s] [34mcolcon.colcon_core.shell[0m [1;30mINFO[0m Creating environment hook '/home/taoqiu/ros2_ws/install/openarm_can/share/openarm_can/hook/pkg_config_path.sh'
[0.276s] [34mcolcon.colcon_core.shell[0m [1;30mLevel 1[0m create_environment_hook('openarm_can', 'pkg_config_path_multiarch')
[0.276s] [34mcolcon.colcon_core.shell[0m [1;30mINFO[0m Creating environment hook '/home/taoqiu/ros2_ws/install/openarm_can/share/openarm_can/hook/pkg_config_path_multiarch.ps1'
[0.276s] [34mcolcon.colcon_core.shell[0m [1;30mINFO[0m Creating environment descriptor '/home/taoqiu/ros2_ws/install/openarm_can/share/openarm_can/hook/pkg_config_path_multiarch.dsv'
[0.276s] [34mcolcon.colcon_core.shell[0m [1;30mINFO[0m Creating environment hook '/home/taoqiu/ros2_ws/install/openarm_can/share/openarm_can/hook/pkg_config_path_multiarch.sh'
[0.276s] [34mcolcon.colcon_core.environment[0m [1;30mLevel 1[0m create_environment_scripts_only(openarm_can)
[0.277s] [34mcolcon.colcon_core.environment[0m [1;30mLevel 1[0m checking '/home/taoqiu/ros2_ws/install/openarm_can' for CMake module files
[0.277s] [34mcolcon.colcon_core.environment[0m [1;30mLevel 1[0m checking '/home/taoqiu/ros2_ws/install/openarm_can' for CMake config files
[0.277s] [34mcolcon.colcon_core.shell[0m [1;30mLevel 1[0m create_environment_hook('openarm_can', 'cmake_prefix_path')
[0.277s] [34mcolcon.colcon_core.shell[0m [1;30mINFO[0m Creating environment hook '/home/taoqiu/ros2_ws/install/openarm_can/share/openarm_can/hook/cmake_prefix_path.ps1'
[0.277s] [34mcolcon.colcon_core.shell[0m [1;30mINFO[0m Creating environment descriptor '/home/taoqiu/ros2_ws/install/openarm_can/share/openarm_can/hook/cmake_prefix_path.dsv'
[0.277s] [34mcolcon.colcon_core.shell[0m [1;30mINFO[0m Creating environment hook '/home/taoqiu/ros2_ws/install/openarm_can/share/openarm_can/hook/cmake_prefix_path.sh'
[0.278s] [34mcolcon.colcon_core.environment[0m [1;30mLevel 1[0m checking '/home/taoqiu/ros2_ws/install/openarm_can/lib'
[0.278s] [34mcolcon.colcon_core.environment[0m [1;30mLevel 1[0m checking '/home/taoqiu/ros2_ws/install/openarm_can/bin'
[0.278s] [34mcolcon.colcon_core.shell[0m [1;30mLevel 1[0m create_environment_hook('openarm_can', 'path')
[0.278s] [34mcolcon.colcon_core.shell[0m [1;30mINFO[0m Creating environment hook '/home/taoqiu/ros2_ws/install/openarm_can/share/openarm_can/hook/path.ps1'
[0.278s] [34mcolcon.colcon_core.shell[0m [1;30mINFO[0m Creating environment descriptor '/home/taoqiu/ros2_ws/install/openarm_can/share/openarm_can/hook/path.dsv'
[0.278s] [34mcolcon.colcon_core.shell[0m [1;30mINFO[0m Creating environment hook '/home/taoqiu/ros2_ws/install/openarm_can/share/openarm_can/hook/path.sh'
[0.278s] [34mcolcon.colcon_core.environment[0m [1;30mLevel 1[0m checking '/home/taoqiu/ros2_ws/install/openarm_can/lib/pkgconfig/openarm_can.pc'
[0.278s] [34mcolcon.colcon_core.environment[0m [1;30mLevel 1[0m checking '/home/taoqiu/ros2_ws/install/openarm_can/lib/python3.10/site-packages'
[0.279s] [34mcolcon.colcon_core.environment[0m [1;30mLevel 1[0m checking '/home/taoqiu/ros2_ws/install/openarm_can/bin'
[0.279s] [34mcolcon.colcon_core.shell[0m [1;30mLevel 1[0m create_environment_hook('openarm_can', 'pythonscriptspath')
[0.279s] [34mcolcon.colcon_core.shell[0m [1;30mINFO[0m Creating environment hook '/home/taoqiu/ros2_ws/install/openarm_can/share/openarm_can/hook/pythonscriptspath.ps1'
[0.279s] [34mcolcon.colcon_core.shell[0m [1;30mINFO[0m Creating environment descriptor '/home/taoqiu/ros2_ws/install/openarm_can/share/openarm_can/hook/pythonscriptspath.dsv'
[0.279s] [34mcolcon.colcon_core.shell[0m [1;30mINFO[0m Creating environment hook '/home/taoqiu/ros2_ws/install/openarm_can/share/openarm_can/hook/pythonscriptspath.sh'
[0.280s] [34mcolcon.colcon_core.shell[0m [1;30mINFO[0m Creating package script '/home/taoqiu/ros2_ws/install/openarm_can/share/openarm_can/package.ps1'
[0.280s] [34mcolcon.colcon_core.shell[0m [1;30mINFO[0m Creating package descriptor '/home/taoqiu/ros2_ws/install/openarm_can/share/openarm_can/package.dsv'
[0.280s] [34mcolcon.colcon_core.shell[0m [1;30mINFO[0m Creating package script '/home/taoqiu/ros2_ws/install/openarm_can/share/openarm_can/package.sh'
[0.280s] [34mcolcon.colcon_core.shell[0m [1;30mINFO[0m Creating package script '/home/taoqiu/ros2_ws/install/openarm_can/share/openarm_can/package.bash'
[0.280s] [34mcolcon.colcon_core.shell[0m [1;30mINFO[0m Creating package script '/home/taoqiu/ros2_ws/install/openarm_can/share/openarm_can/package.zsh'
[0.281s] [34mcolcon.colcon_core.environment[0m [1;30mLevel 1[0m create_file_with_runtime_dependencies(/home/taoqiu/ros2_ws/install/openarm_can/share/colcon-core/packages/openarm_can)
[0.281s] [34mcolcon.colcon_ros.task.ament_cmake.build[0m [1;30mINFO[0m Building ROS package in '/home/taoqiu/ros2_ws/src/openarm_ros2/openarm_hardware' with build type 'ament_cmake'
[0.281s] [34mcolcon.colcon_cmake.task.cmake.build[0m [1;30mINFO[0m Building CMake package in '/home/taoqiu/ros2_ws/src/openarm_ros2/openarm_hardware'
[0.281s] [34mcolcon.colcon_core.shell[0m [1;30mINFO[0m Skip shell extension 'powershell' for command environment: Not usable outside of PowerShell
[0.281s] [34mcolcon.colcon_core.shell[0m [1;30mDEBUG[0m [32mSkip shell extension 'dsv' for command environment[0m
[0.283s] [34mcolcon.colcon_core.environment[0m [1;30mLevel 1[0m create_environment_scripts_only(openarm_acm_tool)
[0.283s] [34mcolcon.colcon_core.environment[0m [1;30mLevel 1[0m checking '/home/taoqiu/ros2_ws/install/openarm_acm_tool' for CMake module files
[0.283s] [34mcolcon.colcon_core.event_handler.log_command[0m [1;30mDEBUG[0m [32mInvoked command in '/home/taoqiu/ros2_ws/build/openarm_acm_tool' returned '0': CMAKE_PREFIX_PATH=/opt/ros/humble CONDA_PROMPT_MODIFIER=(base) /usr/bin/cmake --install /home/taoqiu/ros2_ws/build/openarm_acm_tool[0m
[0.284s] [34mcolcon.colcon_core.environment[0m [1;30mLevel 1[0m checking '/home/taoqiu/ros2_ws/install/openarm_acm_tool' for CMake config files
[0.284s] [34mcolcon.colcon_core.shell[0m [1;30mLevel 1[0m create_environment_hook('openarm_acm_tool', 'cmake_prefix_path')
[0.284s] [34mcolcon.colcon_core.shell[0m [1;30mINFO[0m Creating environment hook '/home/taoqiu/ros2_ws/install/openarm_acm_tool/share/openarm_acm_tool/hook/cmake_prefix_path.ps1'
[0.284s] [34mcolcon.colcon_core.shell[0m [1;30mINFO[0m Creating environment descriptor '/home/taoqiu/ros2_ws/install/openarm_acm_tool/share/openarm_acm_tool/hook/cmake_prefix_path.dsv'
[0.284s] [34mcolcon.colcon_core.shell[0m [1;30mINFO[0m Creating environment hook '/home/taoqiu/ros2_ws/install/openarm_acm_tool/share/openarm_acm_tool/hook/cmake_prefix_path.sh'
[0.284s] [34mcolcon.colcon_core.environment[0m [1;30mLevel 1[0m checking '/home/taoqiu/ros2_ws/install/openarm_acm_tool/lib'
[0.284s] [34mcolcon.colcon_core.environment[0m [1;30mLevel 1[0m checking '/home/taoqiu/ros2_ws/install/openarm_acm_tool/bin'
[0.284s] [34mcolcon.colcon_core.environment[0m [1;30mLevel 1[0m checking '/home/taoqiu/ros2_ws/install/openarm_acm_tool/lib/pkgconfig/openarm_acm_tool.pc'
[0.285s] [34mcolcon.colcon_core.environment[0m [1;30mLevel 1[0m checking '/home/taoqiu/ros2_ws/install/openarm_acm_tool/lib/python3.10/site-packages'
[0.285s] [34mcolcon.colcon_core.environment[0m [1;30mLevel 1[0m checking '/home/taoqiu/ros2_ws/install/openarm_acm_tool/bin'
[0.285s] [34mcolcon.colcon_core.shell[0m [1;30mINFO[0m Creating package script '/home/taoqiu/ros2_ws/install/openarm_acm_tool/share/openarm_acm_tool/package.ps1'
[0.285s] [34mcolcon.colcon_core.shell[0m [1;30mINFO[0m Creating package descriptor '/home/taoqiu/ros2_ws/install/openarm_acm_tool/share/openarm_acm_tool/package.dsv'
[0.285s] [34mcolcon.colcon_core.shell[0m [1;30mINFO[0m Creating package script '/home/taoqiu/ros2_ws/install/openarm_acm_tool/share/openarm_acm_tool/package.sh'
[0.286s] [34mcolcon.colcon_core.shell[0m [1;30mINFO[0m Creating package script '/home/taoqiu/ros2_ws/install/openarm_acm_tool/share/openarm_acm_tool/package.bash'
[0.286s] [34mcolcon.colcon_core.shell[0m [1;30mINFO[0m Creating package script '/home/taoqiu/ros2_ws/install/openarm_acm_tool/share/openarm_acm_tool/package.zsh'
[0.286s] [34mcolcon.colcon_core.environment[0m [1;30mLevel 1[0m create_file_with_runtime_dependencies(/home/taoqiu/ros2_ws/install/openarm_acm_tool/share/colcon-core/packages/openarm_acm_tool)
[0.286s] [34mcolcon.colcon_core.environment[0m [1;30mLevel 1[0m create_environment_scripts_only(openarm_acm_tool)
[0.286s] [34mcolcon.colcon_core.environment[0m [1;30mLevel 1[0m checking '/home/taoqiu/ros2_ws/install/openarm_acm_tool' for CMake module files
[0.287s] [34mcolcon.colcon_core.environment[0m [1;30mLevel 1[0m checking '/home/taoqiu/ros2_ws/install/openarm_acm_tool' for CMake config files
[0.287s] [34mcolcon.colcon_core.shell[0m [1;30mLevel 1[0m create_environment_hook('openarm_acm_tool', 'cmake_prefix_path')
[0.287s] [34mcolcon.colcon_core.shell[0m [1;30mINFO[0m Creating environment hook '/home/taoqiu/ros2_ws/install/openarm_acm_tool/share/openarm_acm_tool/hook/cmake_prefix_path.ps1'
[0.287s] [34mcolcon.colcon_core.shell[0m [1;30mINFO[0m Creating environment descriptor '/home/taoqiu/ros2_ws/install/openarm_acm_tool/share/openarm_acm_tool/hook/cmake_prefix_path.dsv'
[0.288s] [34mcolcon.colcon_core.shell[0m [1;30mINFO[0m Creating environment hook '/home/taoqiu/ros2_ws/install/openarm_acm_tool/share/openarm_acm_tool/hook/cmake_prefix_path.sh'
[0.288s] [34mcolcon.colcon_core.environment[0m [1;30mLevel 1[0m checking '/home/taoqiu/ros2_ws/install/openarm_acm_tool/lib'
[0.288s] [34mcolcon.colcon_core.environment[0m [1;30mLevel 1[0m checking '/home/taoqiu/ros2_ws/install/openarm_acm_tool/bin'
[0.288s] [34mcolcon.colcon_core.environment[0m [1;30mLevel 1[0m checking '/home/taoqiu/ros2_ws/install/openarm_acm_tool/lib/pkgconfig/openarm_acm_tool.pc'
[0.289s] [34mcolcon.colcon_core.environment[0m [1;30mLevel 1[0m checking '/home/taoqiu/ros2_ws/install/openarm_acm_tool/lib/python3.10/site-packages'
[0.289s] [34mcolcon.colcon_core.environment[0m [1;30mLevel 1[0m checking '/home/taoqiu/ros2_ws/install/openarm_acm_tool/bin'
[0.289s] [34mcolcon.colcon_core.shell[0m [1;30mINFO[0m Creating package script '/home/taoqiu/ros2_ws/install/openarm_acm_tool/share/openarm_acm_tool/package.ps1'
[0.290s] [34mcolcon.colcon_core.shell[0m [1;30mINFO[0m Creating package descriptor '/home/taoqiu/ros2_ws/install/openarm_acm_tool/share/openarm_acm_tool/package.dsv'
[0.291s] [34mcolcon.colcon_core.shell[0m [1;30mINFO[0m Creating package script '/home/taoqiu/ros2_ws/install/openarm_acm_tool/share/openarm_acm_tool/package.sh'
[0.291s] [34mcolcon.colcon_core.shell[0m [1;30mINFO[0m Creating package script '/home/taoqiu/ros2_ws/install/openarm_acm_tool/share/openarm_acm_tool/package.bash'
[0.292s] [34mcolcon.colcon_core.shell[0m [1;30mINFO[0m Creating package script '/home/taoqiu/ros2_ws/install/openarm_acm_tool/share/openarm_acm_tool/package.zsh'
[0.292s] [34mcolcon.colcon_core.environment[0m [1;30mLevel 1[0m create_file_with_runtime_dependencies(/home/taoqiu/ros2_ws/install/openarm_acm_tool/share/colcon-core/packages/openarm_acm_tool)
[0.294s] [34mcolcon.colcon_core.event_handler.log_command[0m [1;30mDEBUG[0m [32mInvoked command in '/home/taoqiu/ros2_ws/build/pick_ik' returned '0': CMAKE_PREFIX_PATH=/opt/ros/humble CONDA_PROMPT_MODIFIER=(base) /usr/bin/cmake --build /home/taoqiu/ros2_ws/build/pick_ik -- -j24 -l24[0m
[0.295s] [34mcolcon.colcon_core.event_handler.log_command[0m [1;30mDEBUG[0m [32mInvoking command in '/home/taoqiu/ros2_ws/build/pick_ik': CMAKE_PREFIX_PATH=/opt/ros/humble CONDA_PROMPT_MODIFIER=(base) /usr/bin/cmake --install /home/taoqiu/ros2_ws/build/pick_ik[0m
[0.296s] [34mcolcon.colcon_core.event_handler.log_command[0m [1;30mDEBUG[0m [32mInvoked command in '/home/taoqiu/ros2_ws/build/openarm_gravcheck' returned '2': CONDA_PROMPT_MODIFIER=(base) /usr/bin/cmake --build /home/taoqiu/ros2_ws/build/openarm_gravcheck -- -j24 -l24[0m
[0.298s] [34mcolcon.colcon_core.event_handler.log_command[0m [1;30mDEBUG[0m [32mInvoking command in '/home/taoqiu/ros2_ws/build/openarm_hardware': CMAKE_PREFIX_PATH=/home/taoqiu/ros2_ws/install/openarm_can:/opt/ros/humble CONDA_PROMPT_MODIFIER=(base) PATH=/home/taoqiu/ros2_ws/install/openarm_can/bin:${PATH} PKG_CONFIG_PATH=/home/taoqiu/ros2_ws/install/openarm_can/lib/x86_64-linux-gnu/pkgconfig:/home/taoqiu/ros2_ws/install/openarm_can/lib/pkgconfig /usr/bin/cmake --build /home/taoqiu/ros2_ws/build/openarm_hardware -- -j24 -l24[0m
[0.299s] [34mcolcon.colcon_core.event_handler.log_command[0m [1;30mDEBUG[0m [32mInvoked command in '/home/taoqiu/ros2_ws/build/openarm_bimanual_moveit_config' returned '0': AMENT_PREFIX_PATH=/home/taoqiu/ros2_ws/install/openarm_description:${AMENT_PREFIX_PATH} CMAKE_PREFIX_PATH=/home/taoqiu/ros2_ws/install/openarm_description:/opt/ros/humble CONDA_PROMPT_MODIFIER=(base) /usr/bin/cmake --build /home/taoqiu/ros2_ws/build/openarm_bimanual_moveit_config -- -j24 -l24[0m
[0.300s] [34mcolcon.colcon_core.event_handler.log_command[0m [1;30mDEBUG[0m [32mInvoking command in '/home/taoqiu/ros2_ws/build/openarm_bimanual_moveit_config': AMENT_PREFIX_PATH=/home/taoqiu/ros2_ws/install/openarm_description:${AMENT_PREFIX_PATH} CMAKE_PREFIX_PATH=/home/taoqiu/ros2_ws/install/openarm_description:/opt/ros/humble CONDA_PROMPT_MODIFIER=(base) /usr/bin/cmake --install /home/taoqiu/ros2_ws/build/openarm_bimanual_moveit_config[0m
[0.314s] [34mcolcon.colcon_parallel_executor.executor.parallel[0m [1;30mDEBUG[0m [32mclosing loop[0m
[0.314s] [34mcolcon.colcon_parallel_executor.executor.parallel[0m [1;30mDEBUG[0m [32mloop closed[0m
[0.314s] [34mcolcon.colcon_parallel_executor.executor.parallel[0m [1;30mDEBUG[0m [32mrun_until_complete finished with '2'[0m
[0.314s] [34mcolcon.colcon_core.event_reactor[0m [1;30mDEBUG[0m [32mjoining thread[0m
[0.318s] [34mcolcon.colcon_core.plugin_system[0m [1;30mINFO[0m Skipping extension 'colcon_notification.desktop_notification.terminal_notifier': Not used on non-Darwin systems
[0.319s] [34mcolcon.colcon_core.plugin_system[0m [1;30mINFO[0m Skipping extension 'colcon_notification.desktop_notification.win32': Not used on non-Windows systems
[0.319s] [34mcolcon.colcon_notification.desktop_notification[0m [1;30mINFO[0m Sending desktop notification using 'notify2'
[0.325s] [34mcolcon.colcon_core.event_reactor[0m [1;30mDEBUG[0m [32mjoined thread[0m
[0.325s] [34mcolcon.colcon_core.shell[0m [1;30mINFO[0m Creating prefix script '/home/taoqiu/ros2_ws/install/local_setup.ps1'
[0.325s] [34mcolcon.colcon_core.shell[0m [1;30mINFO[0m Creating prefix util module '/home/taoqiu/ros2_ws/install/_local_setup_util_ps1.py'
[0.326s] [34mcolcon.colcon_core.shell[0m [1;30mINFO[0m Creating prefix chain script '/home/taoqiu/ros2_ws/install/setup.ps1'
[0.326s] [34mcolcon.colcon_core.shell[0m [1;30mINFO[0m Creating prefix script '/home/taoqiu/ros2_ws/install/local_setup.sh'
[0.327s] [34mcolcon.colcon_core.shell[0m [1;30mINFO[0m Creating prefix util module '/home/taoqiu/ros2_ws/install/_local_setup_util_sh.py'
[0.327s] [34mcolcon.colcon_core.shell[0m [1;30mINFO[0m Creating prefix chain script '/home/taoqiu/ros2_ws/install/setup.sh'
[0.327s] [34mcolcon.colcon_core.shell[0m [1;30mINFO[0m Creating prefix script '/home/taoqiu/ros2_ws/install/local_setup.bash'
[0.327s] [34mcolcon.colcon_core.shell[0m [1;30mINFO[0m Creating prefix chain script '/home/taoqiu/ros2_ws/install/setup.bash'
[0.328s] [34mcolcon.colcon_core.shell[0m [1;30mINFO[0m Creating prefix script '/home/taoqiu/ros2_ws/install/local_setup.zsh'
[0.328s] [34mcolcon.colcon_core.shell[0m [1;30mINFO[0m Creating prefix chain script '/home/taoqiu/ros2_ws/install/setup.zsh'
