[0.004s] Invoking command in '/home/taoqiu/ros2_ws/build/openarm_can': CMAKE_PREFIX_PATH=/opt/ros/humble CONDA_PROMPT_MODIFIER=(base) /usr/bin/cmake /home/taoqiu/ros2_ws/src/openarm_can -DCMAKE_INSTALL_PREFIX=/home/taoqiu/ros2_ws/install/openarm_can
[0.035s] -- The C compiler identification is GNU 11.4.0
[0.069s] -- The CXX compiler identification is GNU 11.4.0
[0.074s] -- Detecting C compiler ABI info
[0.120s] -- Detecting C compiler ABI info - done
[0.123s] -- Check for working C compiler: /usr/bin/cc - skipped
[0.123s] -- Detecting C compile features
[0.124s] -- Detecting C compile features - done
[0.125s] -- Detecting CXX compiler ABI info
[0.178s] -- Detecting CXX compiler ABI info - done
[0.182s] -- Check for working CXX compiler: /usr/bin/c++ - skipped
[0.182s] -- Detecting CXX compile features
[0.182s] -- Detecting CXX compile features - done
[0.188s] -- Configuring done
[0.197s] -- Generating done
[0.200s] -- Build files have been written to: /home/taoqiu/ros2_ws/build/openarm_can
[0.202s] Invoked command in '/home/taoqiu/ros2_ws/build/openarm_can' returned '0': CMAKE_PREFIX_PATH=/opt/ros/humble CONDA_PROMPT_MODIFIER=(base) /usr/bin/cmake /home/taoqiu/ros2_ws/src/openarm_can -DCMAKE_INSTALL_PREFIX=/home/taoqiu/ros2_ws/install/openarm_can
[0.203s] Invoking command in '/home/taoqiu/ros2_ws/build/openarm_can': CMAKE_PREFIX_PATH=/opt/ros/humble CONDA_PROMPT_MODIFIER=(base) /usr/bin/cmake --build /home/taoqiu/ros2_ws/build/openarm_can -- -j24 -l24
[0.232s] [  5%] Building CXX object CMakeFiles/openarm_can.dir/src/openarm/canbus/can_socket.cpp.o
[0.232s] [  5%] Building CXX object CMakeFiles/openarm_can.dir/src/openarm/canbus/can_device_collection.cpp.o
[0.233s] [  7%] Building CXX object CMakeFiles/openarm_can.dir/src/openarm/damiao_motor/dm_motor_control.cpp.o
[0.233s] [ 10%] Building CXX object CMakeFiles/openarm_can.dir/src/openarm/damiao_motor/dm_motor_device_collection.cpp.o
[0.233s] [ 12%] Building CXX object CMakeFiles/openarm_can.dir/src/openarm/damiao_motor/dm_motor_device.cpp.o
[0.235s] [ 17%] Building CXX object CMakeFiles/openarm_can.dir/src/openarm/can/socket/gripper_component.cpp.o
[0.235s] [ 17%] Building CXX object CMakeFiles/openarm_can.dir/src/openarm/can/socket/arm_component.cpp.o
[0.235s] [ 20%] Building CXX object CMakeFiles/openarm_can.dir/src/openarm/damiao_motor/dm_motor.cpp.o
[0.235s] [ 23%] Building CXX object CMakeFiles/openarm_can.dir/src/openarm/can/socket/openarm.cpp.o
[0.555s] [ 25%] Linking CXX static library libopenarm_can.a
[0.601s] [ 25%] Built target openarm_can
[0.615s] [ 30%] Building CXX object CMakeFiles/openarm-can-health.dir/examples/health.cpp.o
[0.615s] [ 33%] Building CXX object CMakeFiles/openarm-can-example-gripper-posforce.dir/examples/gripper_posforce.cpp.o
[0.615s] [ 28%] Building CXX object CMakeFiles/openarm-can-motor-sampling-check.dir/setup/motor_sampling_check.cpp.o
[0.618s] [ 35%] Building CXX object CMakeFiles/openarm-can-demo.dir/examples/demo.cpp.o
[0.620s] [ 38%] Building CXX object CMakeFiles/openarm-can-example-vel.dir/examples/vel.cpp.o
[0.622s] [ 41%] Building CXX object CMakeFiles/openarm-can-example-posvel.dir/examples/posvel.cpp.o
[0.622s] [ 43%] Building CXX object CMakeFiles/openarm-can-example-posforce.dir/examples/posforce.cpp.o
[0.622s] [ 46%] Building CXX object CMakeFiles/openarm-can-cli.dir/setup/cli/commands/can_configure_commands.cpp.o
[0.622s] [ 48%] Building CXX object CMakeFiles/openarm-can-cli.dir/setup/cli/commands/motor_status_commands.cpp.o
[0.623s] [ 53%] Building CXX object CMakeFiles/openarm-can-cli.dir/setup/cli/commands/zero_position_commands.cpp.o
[0.623s] [ 53%] Building CXX object CMakeFiles/openarm-can-cli.dir/setup/cli/commands/change_motor_baudrate_commands.cpp.o
[0.623s] [ 56%] Building CXX object CMakeFiles/openarm-can-cli.dir/setup/cli/commands/motor_read_param_commands.cpp.o
[0.623s] [ 58%] Building CXX object CMakeFiles/openarm-can-cli.dir/setup/cli/commands/monitor_motor_status_commands.cpp.o
[0.623s] [ 64%] Building CXX object CMakeFiles/openarm-can-cli.dir/setup/cli/commands/discover_motor_commands.cpp.o
[0.624s] [ 66%] Building CXX object CMakeFiles/openarm-can-cli.dir/setup/cli/commands/change_motor_id_commands.cpp.o
[0.624s] [ 66%] Building CXX object CMakeFiles/openarm-can-example-mit.dir/examples/mit.cpp.o
[0.624s] [ 69%] Building CXX object CMakeFiles/openarm-can-cli.dir/setup/cli/commands/write_motor_param_commands.cpp.o
[0.624s] [ 71%] Building CXX object CMakeFiles/openarm-can-cli.dir/setup/cli/commands/diagnose_commands.cpp.o
[0.624s] [ 74%] Building CXX object CMakeFiles/openarm-can-cli.dir/setup/cli/openarm_cli.cpp.o
[0.626s] [ 76%] Building CXX object CMakeFiles/openarm-can-cli.dir/setup/cli/commands/clear_error_commands.cpp.o
[0.943s] /home/taoqiu/ros2_ws/src/openarm_can/setup/motor_sampling_check.cpp: In function ‘void {anonymous}::signal_handler(int)’:
[0.943s] /home/taoqiu/ros2_ws/src/openarm_can/setup/motor_sampling_check.cpp:28:25: warning: unused parameter ‘signum’ [-Wunused-parameter]
[0.943s]    28 | void signal_handler(int signum) { keep_running = 0; }
[0.943s]       |                     ~~~~^~~~~~
[1.014s] [ 79%] Linking CXX executable openarm-can-example-posforce
[1.066s] [ 82%] Linking CXX executable openarm-can-example-mit
[1.071s] [ 82%] Built target openarm-can-example-posforce
[1.101s] [ 84%] Linking CXX executable openarm-can-motor-sampling-check
[1.115s] [ 87%] Linking CXX executable openarm-can-example-posvel
[1.126s] [ 89%] Linking CXX executable openarm-can-example-vel
[1.126s] [ 89%] Built target openarm-can-example-mit
[1.165s] [ 89%] Built target openarm-can-motor-sampling-check
[1.175s] [ 89%] Built target openarm-can-example-posvel
[1.178s] [ 89%] Built target openarm-can-example-vel
[1.206s] [ 92%] Linking CXX executable openarm-can-demo
[1.229s] [ 94%] Linking CXX executable openarm-can-example-gripper-posforce
[1.263s] [ 94%] Built target openarm-can-demo
[1.293s] [ 94%] Built target openarm-can-example-gripper-posforce
[2.628s] [ 97%] Linking CXX executable openarm-can-health
[2.714s] [ 97%] Built target openarm-can-health
[2.753s] [100%] Linking CXX executable openarm-can-cli
[2.863s] [100%] Built target openarm-can-cli
[2.870s] Invoked command in '/home/taoqiu/ros2_ws/build/openarm_can' returned '0': CMAKE_PREFIX_PATH=/opt/ros/humble CONDA_PROMPT_MODIFIER=(base) /usr/bin/cmake --build /home/taoqiu/ros2_ws/build/openarm_can -- -j24 -l24
[2.871s] Invoking command in '/home/taoqiu/ros2_ws/build/openarm_can': CMAKE_PREFIX_PATH=/opt/ros/humble CONDA_PROMPT_MODIFIER=(base) /usr/bin/cmake --install /home/taoqiu/ros2_ws/build/openarm_can
[2.875s] -- Install configuration: ""
[2.875s] -- Installing: /home/taoqiu/ros2_ws/install/openarm_can/lib/libopenarm_can.a
[2.876s] -- Installing: /home/taoqiu/ros2_ws/install/openarm_can/include/openarm
[2.876s] -- Installing: /home/taoqiu/ros2_ws/install/openarm_can/include/openarm/canbus
[2.876s] -- Installing: /home/taoqiu/ros2_ws/install/openarm_can/include/openarm/canbus/can_device_collection.hpp
[2.876s] -- Installing: /home/taoqiu/ros2_ws/install/openarm_can/include/openarm/canbus/can_socket.hpp
[2.876s] -- Installing: /home/taoqiu/ros2_ws/install/openarm_can/include/openarm/canbus/can_device.hpp
[2.877s] -- Installing: /home/taoqiu/ros2_ws/install/openarm_can/include/openarm/damiao_motor
[2.877s] -- Installing: /home/taoqiu/ros2_ws/install/openarm_can/include/openarm/damiao_motor/dm_motor_constants.hpp
[2.877s] -- Installing: /home/taoqiu/ros2_ws/install/openarm_can/include/openarm/damiao_motor/dm_motor_device.hpp
[2.877s] -- Installing: /home/taoqiu/ros2_ws/install/openarm_can/include/openarm/damiao_motor/dm_motor_device_collection.hpp
[2.877s] -- Installing: /home/taoqiu/ros2_ws/install/openarm_can/include/openarm/damiao_motor/dm_motor_control.hpp
[2.877s] -- Installing: /home/taoqiu/ros2_ws/install/openarm_can/include/openarm/damiao_motor/dm_motor.hpp
[2.877s] -- Installing: /home/taoqiu/ros2_ws/install/openarm_can/include/openarm/can
[2.877s] -- Installing: /home/taoqiu/ros2_ws/install/openarm_can/include/openarm/can/socket
[2.877s] -- Installing: /home/taoqiu/ros2_ws/install/openarm_can/include/openarm/can/socket/arm_component.hpp
[2.877s] -- Installing: /home/taoqiu/ros2_ws/install/openarm_can/include/openarm/can/socket/openarm.hpp
[2.877s] -- Installing: /home/taoqiu/ros2_ws/install/openarm_can/include/openarm/can/socket/gripper_component.hpp
[2.877s] -- Installing: /home/taoqiu/ros2_ws/install/openarm_can/lib/cmake/OpenArmCAN/OpenArmCANTargets.cmake
[2.877s] -- Installing: /home/taoqiu/ros2_ws/install/openarm_can/lib/cmake/OpenArmCAN/OpenArmCANTargets-noconfig.cmake
[2.877s] -- Installing: /home/taoqiu/ros2_ws/install/openarm_can/lib/cmake/OpenArmCAN/OpenArmCANConfig.cmake
[2.877s] -- Installing: /home/taoqiu/ros2_ws/install/openarm_can/lib/cmake/OpenArmCAN/OpenArmCANConfigVersion.cmake
[2.877s] -- Installing: /home/taoqiu/ros2_ws/install/openarm_can/lib/pkgconfig/openarm-can.pc
[2.877s] -- Installing: /home/taoqiu/ros2_ws/install/openarm_can/bin/openarm-can-motor-sampling-check
[2.877s] -- Installing: /home/taoqiu/ros2_ws/install/openarm_can/bin/openarm-can-demo
[2.877s] -- Installing: /home/taoqiu/ros2_ws/install/openarm_can/bin/openarm-can-health
[2.878s] -- Installing: /home/taoqiu/ros2_ws/install/openarm_can/bin/openarm-can-cli
[2.879s] -- Installing: /home/taoqiu/ros2_ws/install/openarm_can/bin/openarm-can-calibration-in-cell
[2.879s] -- Installing: /home/taoqiu/ros2_ws/install/openarm_can/bin/openarm-can-configure-socketcan-4-arms
[2.879s] -- Installing: /home/taoqiu/ros2_ws/install/openarm_can/bin/openarm-can-zero-position-calibration
[2.879s] -- Installing: /home/taoqiu/ros2_ws/install/openarm_can/share/bash-completion/completions/openarm-can-cli
[2.880s] Invoked command in '/home/taoqiu/ros2_ws/build/openarm_can' returned '0': CMAKE_PREFIX_PATH=/opt/ros/humble CONDA_PROMPT_MODIFIER=(base) /usr/bin/cmake --install /home/taoqiu/ros2_ws/build/openarm_can
