[0.005s] Invoking command in '/home/taoqiu/ros2_ws/build/openarm_bringup': AMENT_PREFIX_PATH=/home/taoqiu/ros2_ws/install/openarm_bimanual_moveit_config:/home/taoqiu/ros2_ws/install/openarm_description:${AMENT_PREFIX_PATH} CMAKE_PREFIX_PATH=/home/taoqiu/ros2_ws/install/openarm_bimanual_moveit_config:/home/taoqiu/ros2_ws/install/openarm_description:/opt/ros/humble CONDA_PROMPT_MODIFIER=(base) /usr/bin/cmake /home/taoqiu/ros2_ws/src/openarm_ros2/openarm_bringup -DCMAKE_INSTALL_PREFIX=/home/taoqiu/ros2_ws/install/openarm_bringup
[0.043s] -- The C compiler identification is GNU 11.4.0
[0.081s] -- The CXX compiler identification is GNU 11.4.0
[0.086s] -- Detecting C compiler ABI info
[0.123s] -- Detecting C compiler ABI info - done
[0.130s] -- Check for working C compiler: /usr/bin/cc - skipped
[0.130s] -- Detecting C compile features
[0.130s] -- Detecting C compile features - done
[0.132s] -- Detecting CXX compiler ABI info
[0.175s] -- Detecting CXX compiler ABI info - done
[0.181s] -- Check for working CXX compiler: /usr/bin/c++ - skipped
[0.181s] -- Detecting CXX compile features
[0.181s] -- Detecting CXX compile features - done
[0.182s] -- Found ament_cmake: 1.3.14 (/opt/ros/humble/share/ament_cmake/cmake)
[0.290s] -- Found Python3: /usr/bin/python3 (found version "3.10.12") found components: Interpreter 
[0.338s] -- Found ament_lint_auto: 0.12.15 (/opt/ros/humble/share/ament_lint_auto/cmake)
[0.382s] -- Added test 'flake8' to check Python code syntax and style conventions
[0.383s] -- Added test 'lint_cmake' to check CMake code style
[0.383s] -- Added test 'pep257' to check Python code against some of the docstring style conventions in PEP 257
[0.383s] -- Added test 'xmllint' to check XML markup files
[0.384s] -- Configuring done
[0.385s] -- Generating done
[0.385s] -- Build files have been written to: /home/taoqiu/ros2_ws/build/openarm_bringup
[0.388s] Invoked command in '/home/taoqiu/ros2_ws/build/openarm_bringup' returned '0': AMENT_PREFIX_PATH=/home/taoqiu/ros2_ws/install/openarm_bimanual_moveit_config:/home/taoqiu/ros2_ws/install/openarm_description:${AMENT_PREFIX_PATH} CMAKE_PREFIX_PATH=/home/taoqiu/ros2_ws/install/openarm_bimanual_moveit_config:/home/taoqiu/ros2_ws/install/openarm_description:/opt/ros/humble CONDA_PROMPT_MODIFIER=(base) /usr/bin/cmake /home/taoqiu/ros2_ws/src/openarm_ros2/openarm_bringup -DCMAKE_INSTALL_PREFIX=/home/taoqiu/ros2_ws/install/openarm_bringup
[0.389s] Invoking command in '/home/taoqiu/ros2_ws/build/openarm_bringup': AMENT_PREFIX_PATH=/home/taoqiu/ros2_ws/install/openarm_bimanual_moveit_config:/home/taoqiu/ros2_ws/install/openarm_description:${AMENT_PREFIX_PATH} CMAKE_PREFIX_PATH=/home/taoqiu/ros2_ws/install/openarm_bimanual_moveit_config:/home/taoqiu/ros2_ws/install/openarm_description:/opt/ros/humble CONDA_PROMPT_MODIFIER=(base) /usr/bin/cmake --build /home/taoqiu/ros2_ws/build/openarm_bringup -- -j24 -l24
[0.413s] Invoked command in '/home/taoqiu/ros2_ws/build/openarm_bringup' returned '0': AMENT_PREFIX_PATH=/home/taoqiu/ros2_ws/install/openarm_bimanual_moveit_config:/home/taoqiu/ros2_ws/install/openarm_description:${AMENT_PREFIX_PATH} CMAKE_PREFIX_PATH=/home/taoqiu/ros2_ws/install/openarm_bimanual_moveit_config:/home/taoqiu/ros2_ws/install/openarm_description:/opt/ros/humble CONDA_PROMPT_MODIFIER=(base) /usr/bin/cmake --build /home/taoqiu/ros2_ws/build/openarm_bringup -- -j24 -l24
[0.414s] Invoking command in '/home/taoqiu/ros2_ws/build/openarm_bringup': AMENT_PREFIX_PATH=/home/taoqiu/ros2_ws/install/openarm_bimanual_moveit_config:/home/taoqiu/ros2_ws/install/openarm_description:${AMENT_PREFIX_PATH} CMAKE_PREFIX_PATH=/home/taoqiu/ros2_ws/install/openarm_bimanual_moveit_config:/home/taoqiu/ros2_ws/install/openarm_description:/opt/ros/humble CONDA_PROMPT_MODIFIER=(base) /usr/bin/cmake --install /home/taoqiu/ros2_ws/build/openarm_bringup
[0.419s] -- Install configuration: ""
[0.419s] -- Installing: /home/taoqiu/ros2_ws/install/openarm_bringup/share/openarm_bringup/launch
[0.419s] -- Installing: /home/taoqiu/ros2_ws/install/openarm_bringup/share/openarm_bringup/launch/openarm.bimanual.launch.py
[0.419s] -- Installing: /home/taoqiu/ros2_ws/install/openarm_bringup/share/openarm_bringup/config
[0.419s] -- Installing: /home/taoqiu/ros2_ws/install/openarm_bringup/share/openarm_bringup/config/controllers
[0.419s] -- Installing: /home/taoqiu/ros2_ws/install/openarm_bringup/share/openarm_bringup/config/controllers/openarm_bimanual_moveit_controllers.yaml
[0.419s] -- Installing: /home/taoqiu/ros2_ws/install/openarm_bringup/share/openarm_bringup/config/controllers/openarm_bimanual_controllers.yaml
[0.420s] -- Installing: /home/taoqiu/ros2_ws/install/openarm_bringup/share/ament_index/resource_index/package_run_dependencies/openarm_bringup
[0.420s] -- Installing: /home/taoqiu/ros2_ws/install/openarm_bringup/share/ament_index/resource_index/parent_prefix_path/openarm_bringup
[0.420s] -- Installing: /home/taoqiu/ros2_ws/install/openarm_bringup/share/openarm_bringup/environment/ament_prefix_path.sh
[0.420s] -- Installing: /home/taoqiu/ros2_ws/install/openarm_bringup/share/openarm_bringup/environment/ament_prefix_path.dsv
[0.420s] -- Installing: /home/taoqiu/ros2_ws/install/openarm_bringup/share/openarm_bringup/environment/path.sh
[0.420s] -- Installing: /home/taoqiu/ros2_ws/install/openarm_bringup/share/openarm_bringup/environment/path.dsv
[0.420s] -- Installing: /home/taoqiu/ros2_ws/install/openarm_bringup/share/openarm_bringup/local_setup.bash
[0.420s] -- Installing: /home/taoqiu/ros2_ws/install/openarm_bringup/share/openarm_bringup/local_setup.sh
[0.420s] -- Installing: /home/taoqiu/ros2_ws/install/openarm_bringup/share/openarm_bringup/local_setup.zsh
[0.420s] -- Installing: /home/taoqiu/ros2_ws/install/openarm_bringup/share/openarm_bringup/local_setup.dsv
[0.420s] -- Installing: /home/taoqiu/ros2_ws/install/openarm_bringup/share/openarm_bringup/package.dsv
[0.420s] -- Installing: /home/taoqiu/ros2_ws/install/openarm_bringup/share/ament_index/resource_index/packages/openarm_bringup
[0.421s] -- Installing: /home/taoqiu/ros2_ws/install/openarm_bringup/share/openarm_bringup/cmake/openarm_bringupConfig.cmake
[0.421s] -- Installing: /home/taoqiu/ros2_ws/install/openarm_bringup/share/openarm_bringup/cmake/openarm_bringupConfig-version.cmake
[0.421s] -- Installing: /home/taoqiu/ros2_ws/install/openarm_bringup/share/openarm_bringup/package.xml
[0.422s] Invoked command in '/home/taoqiu/ros2_ws/build/openarm_bringup' returned '0': AMENT_PREFIX_PATH=/home/taoqiu/ros2_ws/install/openarm_bimanual_moveit_config:/home/taoqiu/ros2_ws/install/openarm_description:${AMENT_PREFIX_PATH} CMAKE_PREFIX_PATH=/home/taoqiu/ros2_ws/install/openarm_bimanual_moveit_config:/home/taoqiu/ros2_ws/install/openarm_description:/opt/ros/humble CONDA_PROMPT_MODIFIER=(base) /usr/bin/cmake --install /home/taoqiu/ros2_ws/build/openarm_bringup
