[35m[1mConsolidate compiler generated dependencies of target openarm_can[0m
[ 25%] Built target openarm_can
[35m[1mConsolidate compiler generated dependencies of target openarm-can-demo[0m
[35m[1mConsolidate compiler generated dependencies of target openarm-can-health[0m
[35m[1mConsolidate compiler generated dependencies of target openarm-can-motor-sampling-check[0m
[35m[1mConsolidate compiler generated dependencies of target openarm-can-example-vel[0m
[35m[1mConsolidate compiler generated dependencies of target openarm-can-example-gripper-posforce[0m
[35m[1mConsolidate compiler generated dependencies of target openarm-can-example-posvel[0m
[35m[1mConsolidate compiler generated dependencies of target openarm-can-example-mit[0m
[35m[1mConsolidate compiler generated dependencies of target openarm-can-cli[0m
[35m[1mConsolidate compiler generated dependencies of target openarm-can-example-posforce[0m
[ 35%] Built target openarm-can-demo
[ 35%] Built target openarm-can-example-vel
[ 41%] Built target openarm-can-health
[ 46%] Built target openarm-can-motor-sampling-check
[ 51%] Built target openarm-can-example-gripper-posforce
[ 56%] Built target openarm-can-example-posvel
[ 61%] Built target openarm-can-example-mit
[ 66%] Built target openarm-can-example-posforce
[100%] Built target openarm-can-cli
-- Install configuration: ""
-- Up-to-date: /home/taoqiu/ros2_ws/install/openarm_can/lib/libopenarm_can.a
-- Up-to-date: /home/taoqiu/ros2_ws/install/openarm_can/include/openarm
-- Up-to-date: /home/taoqiu/ros2_ws/install/openarm_can/include/openarm/canbus
-- Up-to-date: /home/taoqiu/ros2_ws/install/openarm_can/include/openarm/canbus/can_device_collection.hpp
-- Up-to-date: /home/taoqiu/ros2_ws/install/openarm_can/include/openarm/canbus/can_socket.hpp
-- Up-to-date: /home/taoqiu/ros2_ws/install/openarm_can/include/openarm/canbus/can_device.hpp
-- Up-to-date: /home/taoqiu/ros2_ws/install/openarm_can/include/openarm/damiao_motor
-- Up-to-date: /home/taoqiu/ros2_ws/install/openarm_can/include/openarm/damiao_motor/dm_motor_constants.hpp
-- Up-to-date: /home/taoqiu/ros2_ws/install/openarm_can/include/openarm/damiao_motor/dm_motor_device.hpp
-- Up-to-date: /home/taoqiu/ros2_ws/install/openarm_can/include/openarm/damiao_motor/dm_motor_device_collection.hpp
-- Up-to-date: /home/taoqiu/ros2_ws/install/openarm_can/include/openarm/damiao_motor/dm_motor_control.hpp
-- Up-to-date: /home/taoqiu/ros2_ws/install/openarm_can/include/openarm/damiao_motor/dm_motor.hpp
-- Up-to-date: /home/taoqiu/ros2_ws/install/openarm_can/include/openarm/can
-- Up-to-date: /home/taoqiu/ros2_ws/install/openarm_can/include/openarm/can/socket
-- Up-to-date: /home/taoqiu/ros2_ws/install/openarm_can/include/openarm/can/socket/arm_component.hpp
-- Up-to-date: /home/taoqiu/ros2_ws/install/openarm_can/include/openarm/can/socket/openarm.hpp
-- Up-to-date: /home/taoqiu/ros2_ws/install/openarm_can/include/openarm/can/socket/gripper_component.hpp
-- Up-to-date: /home/taoqiu/ros2_ws/install/openarm_can/lib/cmake/OpenArmCAN/OpenArmCANTargets.cmake
-- Up-to-date: /home/taoqiu/ros2_ws/install/openarm_can/lib/cmake/OpenArmCAN/OpenArmCANTargets-noconfig.cmake
-- Up-to-date: /home/taoqiu/ros2_ws/install/openarm_can/lib/cmake/OpenArmCAN/OpenArmCANConfig.cmake
-- Up-to-date: /home/taoqiu/ros2_ws/install/openarm_can/lib/cmake/OpenArmCAN/OpenArmCANConfigVersion.cmake
-- Up-to-date: /home/taoqiu/ros2_ws/install/openarm_can/lib/pkgconfig/openarm-can.pc
-- Up-to-date: /home/taoqiu/ros2_ws/install/openarm_can/bin/openarm-can-motor-sampling-check
-- Up-to-date: /home/taoqiu/ros2_ws/install/openarm_can/bin/openarm-can-demo
-- Up-to-date: /home/taoqiu/ros2_ws/install/openarm_can/bin/openarm-can-health
-- Up-to-date: /home/taoqiu/ros2_ws/install/openarm_can/bin/openarm-can-cli
-- Up-to-date: /home/taoqiu/ros2_ws/install/openarm_can/bin/openarm-can-calibration-in-cell
-- Up-to-date: /home/taoqiu/ros2_ws/install/openarm_can/bin/openarm-can-configure-socketcan-4-arms
-- Up-to-date: /home/taoqiu/ros2_ws/install/openarm_can/bin/openarm-can-zero-position-calibration
-- Up-to-date: /home/taoqiu/ros2_ws/install/openarm_can/share/bash-completion/completions/openarm-can-cli
