[0.005s] Invoking command in '/home/taoqiu/ros2_ws/build/openarm_can': CMAKE_PREFIX_PATH=/opt/ros/humble CONDA_PROMPT_MODIFIER=(base) /usr/bin/cmake --build /home/taoqiu/ros2_ws/build/openarm_can -- -j24 -l24
[0.027s] [35m[1mConsolidate compiler generated dependencies of target openarm_can[0m
[0.050s] [ 25%] Built target openarm_can
[0.053s] [35m[1mConsolidate compiler generated dependencies of target openarm-can-demo[0m
[0.053s] [35m[1mConsolidate compiler generated dependencies of target openarm-can-health[0m
[0.054s] [35m[1mConsolidate compiler generated dependencies of target openarm-can-motor-sampling-check[0m
[0.054s] [35m[1mConsolidate compiler generated dependencies of target openarm-can-example-vel[0m
[0.054s] [35m[1mConsolidate compiler generated dependencies of target openarm-can-example-gripper-posforce[0m
[0.056s] [35m[1mConsolidate compiler generated dependencies of target openarm-can-example-posvel[0m
[0.060s] [35m[1mConsolidate compiler generated dependencies of target openarm-can-example-mit[0m
[0.061s] [35m[1mConsolidate compiler generated dependencies of target openarm-can-cli[0m
[0.061s] [35m[1mConsolidate compiler generated dependencies of target openarm-can-example-posforce[0m
[0.066s] [ 35%] Built target openarm-can-demo
[0.066s] [ 35%] Built target openarm-can-example-vel
[0.067s] [ 41%] Built target openarm-can-health
[0.069s] [ 46%] Built target openarm-can-motor-sampling-check
[0.070s] [ 51%] Built target openarm-can-example-gripper-posforce
[0.071s] [ 56%] Built target openarm-can-example-posvel
[0.072s] [ 61%] Built target openarm-can-example-mit
[0.074s] [ 66%] Built target openarm-can-example-posforce
[0.079s] [100%] Built target openarm-can-cli
[0.087s] Invoked command in '/home/taoqiu/ros2_ws/build/openarm_can' returned '0': CMAKE_PREFIX_PATH=/opt/ros/humble CONDA_PROMPT_MODIFIER=(base) /usr/bin/cmake --build /home/taoqiu/ros2_ws/build/openarm_can -- -j24 -l24
[0.088s] Invoking command in '/home/taoqiu/ros2_ws/build/openarm_can': CMAKE_PREFIX_PATH=/opt/ros/humble CONDA_PROMPT_MODIFIER=(base) /usr/bin/cmake --install /home/taoqiu/ros2_ws/build/openarm_can
[0.093s] -- Install configuration: ""
[0.093s] -- Up-to-date: /home/taoqiu/ros2_ws/install/openarm_can/lib/libopenarm_can.a
[0.093s] -- Up-to-date: /home/taoqiu/ros2_ws/install/openarm_can/include/openarm
[0.094s] -- Up-to-date: /home/taoqiu/ros2_ws/install/openarm_can/include/openarm/canbus
[0.094s] -- Up-to-date: /home/taoqiu/ros2_ws/install/openarm_can/include/openarm/canbus/can_device_collection.hpp
[0.094s] -- Up-to-date: /home/taoqiu/ros2_ws/install/openarm_can/include/openarm/canbus/can_socket.hpp
[0.094s] -- Up-to-date: /home/taoqiu/ros2_ws/install/openarm_can/include/openarm/canbus/can_device.hpp
[0.094s] -- Up-to-date: /home/taoqiu/ros2_ws/install/openarm_can/include/openarm/damiao_motor
[0.094s] -- Up-to-date: /home/taoqiu/ros2_ws/install/openarm_can/include/openarm/damiao_motor/dm_motor_constants.hpp
[0.094s] -- Up-to-date: /home/taoqiu/ros2_ws/install/openarm_can/include/openarm/damiao_motor/dm_motor_device.hpp
[0.094s] -- Up-to-date: /home/taoqiu/ros2_ws/install/openarm_can/include/openarm/damiao_motor/dm_motor_device_collection.hpp
[0.094s] -- Up-to-date: /home/taoqiu/ros2_ws/install/openarm_can/include/openarm/damiao_motor/dm_motor_control.hpp
[0.094s] -- Up-to-date: /home/taoqiu/ros2_ws/install/openarm_can/include/openarm/damiao_motor/dm_motor.hpp
[0.094s] -- Up-to-date: /home/taoqiu/ros2_ws/install/openarm_can/include/openarm/can
[0.094s] -- Up-to-date: /home/taoqiu/ros2_ws/install/openarm_can/include/openarm/can/socket
[0.094s] -- Up-to-date: /home/taoqiu/ros2_ws/install/openarm_can/include/openarm/can/socket/arm_component.hpp
[0.094s] -- Up-to-date: /home/taoqiu/ros2_ws/install/openarm_can/include/openarm/can/socket/openarm.hpp
[0.094s] -- Up-to-date: /home/taoqiu/ros2_ws/install/openarm_can/include/openarm/can/socket/gripper_component.hpp
[0.094s] -- Up-to-date: /home/taoqiu/ros2_ws/install/openarm_can/lib/cmake/OpenArmCAN/OpenArmCANTargets.cmake
[0.094s] -- Up-to-date: /home/taoqiu/ros2_ws/install/openarm_can/lib/cmake/OpenArmCAN/OpenArmCANTargets-noconfig.cmake
[0.094s] -- Up-to-date: /home/taoqiu/ros2_ws/install/openarm_can/lib/cmake/OpenArmCAN/OpenArmCANConfig.cmake
[0.094s] -- Up-to-date: /home/taoqiu/ros2_ws/install/openarm_can/lib/cmake/OpenArmCAN/OpenArmCANConfigVersion.cmake
[0.094s] -- Up-to-date: /home/taoqiu/ros2_ws/install/openarm_can/lib/pkgconfig/openarm-can.pc
[0.094s] -- Up-to-date: /home/taoqiu/ros2_ws/install/openarm_can/bin/openarm-can-motor-sampling-check
[0.095s] -- Up-to-date: /home/taoqiu/ros2_ws/install/openarm_can/bin/openarm-can-demo
[0.095s] -- Up-to-date: /home/taoqiu/ros2_ws/install/openarm_can/bin/openarm-can-health
[0.095s] -- Up-to-date: /home/taoqiu/ros2_ws/install/openarm_can/bin/openarm-can-cli
[0.095s] -- Up-to-date: /home/taoqiu/ros2_ws/install/openarm_can/bin/openarm-can-calibration-in-cell
[0.095s] -- Up-to-date: /home/taoqiu/ros2_ws/install/openarm_can/bin/openarm-can-configure-socketcan-4-arms
[0.095s] -- Up-to-date: /home/taoqiu/ros2_ws/install/openarm_can/bin/openarm-can-zero-position-calibration
[0.095s] -- Up-to-date: /home/taoqiu/ros2_ws/install/openarm_can/share/bash-completion/completions/openarm-can-cli
[0.097s] Invoked command in '/home/taoqiu/ros2_ws/build/openarm_can' returned '0': CMAKE_PREFIX_PATH=/opt/ros/humble CONDA_PROMPT_MODIFIER=(base) /usr/bin/cmake --install /home/taoqiu/ros2_ws/build/openarm_can
