[0.051s] colcon DEBUG Command line arguments: ['/usr/bin/colcon', 'build', '--packages-select', 'openarm_description', 'openarm_hardware']
[0.051s] colcon DEBUG Parsed command line arguments: Namespace(log_base=None, log_level=None, verb_name='build', build_base='build', install_base='install', merge_install=False, symlink_install=False, test_result_base=None, continue_on_error=False, executor='parallel', parallel_workers=24, event_handlers=None, ignore_user_meta=False, metas=['./colcon.meta'], base_paths=['.'], packages_ignore=None, packages_ignore_regex=None, paths=None, packages_up_to=None, packages_up_to_regex=None, packages_above=None, packages_above_and_dependencies=None, packages_above_depth=None, packages_select_by_dep=None, packages_skip_by_dep=None, packages_skip_up_to=None, packages_select_build_failed=False, packages_skip_build_finished=False, packages_select_test_failures=False, packages_skip_test_passed=False, packages_select=['openarm_description', 'openarm_hardware'], packages_skip=None, packages_select_regex=None, packages_skip_regex=None, packages_start=None, packages_end=None, allow_overriding=[], cmake_args=None, cmake_target=None, cmake_target_skip_unavailable=False, cmake_clean_cache=False, cmake_clean_first=False, cmake_force_configure=False, ament_cmake_args=None, catkin_cmake_args=None, catkin_skip_building_tests=False, verb_parser=<colcon_defaults.argument_parser.defaults.DefaultArgumentsDecorator object at 0x70ef5bb28fa0>, verb_extension=<colcon_core.verb.build.BuildVerb object at 0x70ef5bb289d0>, main=<bound method BuildVerb.main of <colcon_core.verb.build.BuildVerb object at 0x70ef5bb289d0>>)
[0.129s] colcon.colcon_core.package_discovery Level 1 discover_packages(colcon_meta) check parameters
[0.129s] colcon.colcon_metadata.package_discovery.colcon_meta INFO Using configuration from '/home/taoqiu/ros2_ws/colcon.meta'
[0.129s] colcon.colcon_core.package_discovery Level 1 discover_packages(recursive) check parameters
[0.129s] colcon.colcon_core.package_discovery Level 1 discover_packages(ignore) check parameters
[0.129s] colcon.colcon_core.package_discovery Level 1 discover_packages(path) check parameters
[0.129s] colcon.colcon_core.package_discovery Level 1 discover_packages(colcon_meta) discover
[0.129s] colcon.colcon_core.package_discovery Level 1 discover_packages(recursive) discover
[0.129s] colcon.colcon_core.package_discovery INFO Crawling recursively for packages in '/home/taoqiu/ros2_ws'
[0.129s] colcon.colcon_core.package_identification Level 1 _identify(.) by extensions ['ignore', 'ignore_ament_install']
[0.129s] colcon.colcon_core.package_identification Level 1 _identify(.) by extension 'ignore'
[0.130s] colcon.colcon_core.package_identification Level 1 _identify(.) by extension 'ignore_ament_install'
[0.130s] colcon.colcon_core.package_identification Level 1 _identify(.) by extensions ['colcon_pkg']
[0.130s] colcon.colcon_core.package_identification Level 1 _identify(.) by extension 'colcon_pkg'
[0.130s] colcon.colcon_core.package_identification Level 1 _identify(.) by extensions ['colcon_meta']
[0.130s] colcon.colcon_core.package_identification Level 1 _identify(.) by extension 'colcon_meta'
[0.130s] colcon.colcon_core.package_identification Level 1 _identify(.) by extensions ['ros']
[0.130s] colcon.colcon_core.package_identification Level 1 _identify(.) by extension 'ros'
[0.139s] colcon.colcon_core.package_identification Level 1 _identify(.) by extensions ['cmake', 'python']
[0.139s] colcon.colcon_core.package_identification Level 1 _identify(.) by extension 'cmake'
[0.139s] colcon.colcon_core.package_identification Level 1 _identify(.) by extension 'python'
[0.139s] colcon.colcon_core.package_identification Level 1 _identify(.) by extensions ['python_setup_py']
[0.140s] colcon.colcon_core.package_identification Level 1 _identify(.) by extension 'python_setup_py'
[0.140s] colcon.colcon_core.package_identification Level 1 _identify(build) by extensions ['ignore', 'ignore_ament_install']
[0.140s] colcon.colcon_core.package_identification Level 1 _identify(build) by extension 'ignore'
[0.140s] colcon.colcon_core.package_identification Level 1 _identify(build) ignored
[0.140s] colcon.colcon_core.package_identification Level 1 _identify(install) by extensions ['ignore', 'ignore_ament_install']
[0.140s] colcon.colcon_core.package_identification Level 1 _identify(install) by extension 'ignore'
[0.140s] colcon.colcon_core.package_identification Level 1 _identify(install) ignored
[0.140s] colcon.colcon_core.package_identification Level 1 _identify(log) by extensions ['ignore', 'ignore_ament_install']
[0.140s] colcon.colcon_core.package_identification Level 1 _identify(log) by extension 'ignore'
[0.140s] colcon.colcon_core.package_identification Level 1 _identify(log) ignored
[0.140s] colcon.colcon_core.package_identification Level 1 _identify(src) by extensions ['ignore', 'ignore_ament_install']
[0.140s] colcon.colcon_core.package_identification Level 1 _identify(src) by extension 'ignore'
[0.140s] colcon.colcon_core.package_identification Level 1 _identify(src) by extension 'ignore_ament_install'
[0.140s] colcon.colcon_core.package_identification Level 1 _identify(src) by extensions ['colcon_pkg']
[0.140s] colcon.colcon_core.package_identification Level 1 _identify(src) by extension 'colcon_pkg'
[0.140s] colcon.colcon_core.package_identification Level 1 _identify(src) by extensions ['colcon_meta']
[0.140s] colcon.colcon_core.package_identification Level 1 _identify(src) by extension 'colcon_meta'
[0.140s] colcon.colcon_core.package_identification Level 1 _identify(src) by extensions ['ros']
[0.140s] colcon.colcon_core.package_identification Level 1 _identify(src) by extension 'ros'
[0.140s] colcon.colcon_core.package_identification Level 1 _identify(src) by extensions ['cmake', 'python']
[0.140s] colcon.colcon_core.package_identification Level 1 _identify(src) by extension 'cmake'
[0.140s] colcon.colcon_core.package_identification Level 1 _identify(src) by extension 'python'
[0.140s] colcon.colcon_core.package_identification Level 1 _identify(src) by extensions ['python_setup_py']
[0.140s] colcon.colcon_core.package_identification Level 1 _identify(src) by extension 'python_setup_py'
[0.140s] colcon.colcon_core.package_identification Level 1 _identify(src/bio_ik) by extensions ['ignore', 'ignore_ament_install']
[0.140s] colcon.colcon_core.package_identification Level 1 _identify(src/bio_ik) by extension 'ignore'
[0.140s] colcon.colcon_core.package_identification Level 1 _identify(src/bio_ik) by extension 'ignore_ament_install'
[0.140s] colcon.colcon_core.package_identification Level 1 _identify(src/bio_ik) by extensions ['colcon_pkg']
[0.140s] colcon.colcon_core.package_identification Level 1 _identify(src/bio_ik) by extension 'colcon_pkg'
[0.140s] colcon.colcon_core.package_identification Level 1 _identify(src/bio_ik) by extensions ['colcon_meta']
[0.140s] colcon.colcon_core.package_identification Level 1 _identify(src/bio_ik) by extension 'colcon_meta'
[0.140s] colcon.colcon_core.package_identification Level 1 _identify(src/bio_ik) by extensions ['ros']
[0.140s] colcon.colcon_core.package_identification Level 1 _identify(src/bio_ik) by extension 'ros'
[0.142s] colcon.colcon_core.package_identification DEBUG Package 'src/bio_ik' with type 'ros.ament_cmake' and name 'bio_ik'
[0.142s] colcon.colcon_core.package_identification Level 1 _identify(src/openarm_can) by extensions ['ignore', 'ignore_ament_install']
[0.142s] colcon.colcon_core.package_identification Level 1 _identify(src/openarm_can) by extension 'ignore'
[0.142s] colcon.colcon_core.package_identification Level 1 _identify(src/openarm_can) by extension 'ignore_ament_install'
[0.142s] colcon.colcon_core.package_identification Level 1 _identify(src/openarm_can) by extensions ['colcon_pkg']
[0.142s] colcon.colcon_core.package_identification Level 1 _identify(src/openarm_can) by extension 'colcon_pkg'
[0.142s] colcon.colcon_core.package_identification Level 1 _identify(src/openarm_can) by extensions ['colcon_meta']
[0.142s] colcon.colcon_core.package_identification Level 1 _identify(src/openarm_can) by extension 'colcon_meta'
[0.142s] colcon.colcon_core.package_identification Level 1 _identify(src/openarm_can) by extensions ['ros']
[0.142s] colcon.colcon_core.package_identification Level 1 _identify(src/openarm_can) by extension 'ros'
[0.142s] colcon.colcon_core.package_identification DEBUG Package 'src/openarm_can' with type 'ros.cmake' and name 'openarm_can'
[0.142s] colcon.colcon_core.package_identification Level 1 _identify(src/openarm_description) by extensions ['ignore', 'ignore_ament_install']
[0.142s] colcon.colcon_core.package_identification Level 1 _identify(src/openarm_description) by extension 'ignore'
[0.142s] colcon.colcon_core.package_identification Level 1 _identify(src/openarm_description) by extension 'ignore_ament_install'
[0.142s] colcon.colcon_core.package_identification Level 1 _identify(src/openarm_description) by extensions ['colcon_pkg']
[0.142s] colcon.colcon_core.package_identification Level 1 _identify(src/openarm_description) by extension 'colcon_pkg'
[0.142s] colcon.colcon_core.package_identification Level 1 _identify(src/openarm_description) by extensions ['colcon_meta']
[0.142s] colcon.colcon_core.package_identification Level 1 _identify(src/openarm_description) by extension 'colcon_meta'
[0.142s] colcon.colcon_core.package_identification Level 1 _identify(src/openarm_description) by extensions ['ros']
[0.142s] colcon.colcon_core.package_identification Level 1 _identify(src/openarm_description) by extension 'ros'
[0.143s] colcon.colcon_core.package_identification DEBUG Package 'src/openarm_description' with type 'ros.ament_cmake' and name 'openarm_description'
[0.143s] colcon.colcon_core.package_identification Level 1 _identify(src/openarm_ros2) by extensions ['ignore', 'ignore_ament_install']
[0.143s] colcon.colcon_core.package_identification Level 1 _identify(src/openarm_ros2) by extension 'ignore'
[0.143s] colcon.colcon_core.package_identification Level 1 _identify(src/openarm_ros2) by extension 'ignore_ament_install'
[0.143s] colcon.colcon_core.package_identification Level 1 _identify(src/openarm_ros2) by extensions ['colcon_pkg']
[0.143s] colcon.colcon_core.package_identification Level 1 _identify(src/openarm_ros2) by extension 'colcon_pkg'
[0.143s] colcon.colcon_core.package_identification Level 1 _identify(src/openarm_ros2) by extensions ['colcon_meta']
[0.143s] colcon.colcon_core.package_identification Level 1 _identify(src/openarm_ros2) by extension 'colcon_meta'
[0.143s] colcon.colcon_core.package_identification Level 1 _identify(src/openarm_ros2) by extensions ['ros']
[0.143s] colcon.colcon_core.package_identification Level 1 _identify(src/openarm_ros2) by extension 'ros'
[0.143s] colcon.colcon_core.package_identification Level 1 _identify(src/openarm_ros2) by extensions ['cmake', 'python']
[0.143s] colcon.colcon_core.package_identification Level 1 _identify(src/openarm_ros2) by extension 'cmake'
[0.143s] colcon.colcon_core.package_identification Level 1 _identify(src/openarm_ros2) by extension 'python'
[0.143s] colcon.colcon_core.package_identification Level 1 _identify(src/openarm_ros2) by extensions ['python_setup_py']
[0.143s] colcon.colcon_core.package_identification Level 1 _identify(src/openarm_ros2) by extension 'python_setup_py'
[0.143s] colcon.colcon_core.package_identification Level 1 _identify(src/openarm_ros2/dev) by extensions ['ignore', 'ignore_ament_install']
[0.143s] colcon.colcon_core.package_identification Level 1 _identify(src/openarm_ros2/dev) by extension 'ignore'
[0.143s] colcon.colcon_core.package_identification Level 1 _identify(src/openarm_ros2/dev) by extension 'ignore_ament_install'
[0.143s] colcon.colcon_core.package_identification Level 1 _identify(src/openarm_ros2/dev) by extensions ['colcon_pkg']
[0.143s] colcon.colcon_core.package_identification Level 1 _identify(src/openarm_ros2/dev) by extension 'colcon_pkg'
[0.143s] colcon.colcon_core.package_identification Level 1 _identify(src/openarm_ros2/dev) by extensions ['colcon_meta']
[0.143s] colcon.colcon_core.package_identification Level 1 _identify(src/openarm_ros2/dev) by extension 'colcon_meta'
[0.143s] colcon.colcon_core.package_identification Level 1 _identify(src/openarm_ros2/dev) by extensions ['ros']
[0.143s] colcon.colcon_core.package_identification Level 1 _identify(src/openarm_ros2/dev) by extension 'ros'
[0.143s] colcon.colcon_core.package_identification Level 1 _identify(src/openarm_ros2/dev) by extensions ['cmake', 'python']
[0.143s] colcon.colcon_core.package_identification Level 1 _identify(src/openarm_ros2/dev) by extension 'cmake'
[0.143s] colcon.colcon_core.package_identification Level 1 _identify(src/openarm_ros2/dev) by extension 'python'
[0.143s] colcon.colcon_core.package_identification Level 1 _identify(src/openarm_ros2/dev) by extensions ['python_setup_py']
[0.143s] colcon.colcon_core.package_identification Level 1 _identify(src/openarm_ros2/dev) by extension 'python_setup_py'
[0.143s] colcon.colcon_core.package_identification Level 1 _identify(src/openarm_ros2/openarm) by extensions ['ignore', 'ignore_ament_install']
[0.143s] colcon.colcon_core.package_identification Level 1 _identify(src/openarm_ros2/openarm) by extension 'ignore'
[0.143s] colcon.colcon_core.package_identification Level 1 _identify(src/openarm_ros2/openarm) by extension 'ignore_ament_install'
[0.144s] colcon.colcon_core.package_identification Level 1 _identify(src/openarm_ros2/openarm) by extensions ['colcon_pkg']
[0.144s] colcon.colcon_core.package_identification Level 1 _identify(src/openarm_ros2/openarm) by extension 'colcon_pkg'
[0.144s] colcon.colcon_core.package_identification Level 1 _identify(src/openarm_ros2/openarm) by extensions ['colcon_meta']
[0.144s] colcon.colcon_core.package_identification Level 1 _identify(src/openarm_ros2/openarm) by extension 'colcon_meta'
[0.144s] colcon.colcon_core.package_identification Level 1 _identify(src/openarm_ros2/openarm) by extensions ['ros']
[0.144s] colcon.colcon_core.package_identification Level 1 _identify(src/openarm_ros2/openarm) by extension 'ros'
[0.144s] colcon.colcon_core.package_identification DEBUG Package 'src/openarm_ros2/openarm' with type 'ros.ament_cmake' and name 'openarm'
[0.144s] colcon.colcon_core.package_identification Level 1 _identify(src/openarm_ros2/openarm_acm_tool) by extensions ['ignore', 'ignore_ament_install']
[0.144s] colcon.colcon_core.package_identification Level 1 _identify(src/openarm_ros2/openarm_acm_tool) by extension 'ignore'
[0.144s] colcon.colcon_core.package_identification Level 1 _identify(src/openarm_ros2/openarm_acm_tool) by extension 'ignore_ament_install'
[0.144s] colcon.colcon_core.package_identification Level 1 _identify(src/openarm_ros2/openarm_acm_tool) by extensions ['colcon_pkg']
[0.144s] colcon.colcon_core.package_identification Level 1 _identify(src/openarm_ros2/openarm_acm_tool) by extension 'colcon_pkg'
[0.144s] colcon.colcon_core.package_identification Level 1 _identify(src/openarm_ros2/openarm_acm_tool) by extensions ['colcon_meta']
[0.144s] colcon.colcon_core.package_identification Level 1 _identify(src/openarm_ros2/openarm_acm_tool) by extension 'colcon_meta'
[0.144s] colcon.colcon_core.package_identification Level 1 _identify(src/openarm_ros2/openarm_acm_tool) by extensions ['ros']
[0.144s] colcon.colcon_core.package_identification Level 1 _identify(src/openarm_ros2/openarm_acm_tool) by extension 'ros'
[0.144s] colcon.colcon_core.package_identification DEBUG Package 'src/openarm_ros2/openarm_acm_tool' with type 'ros.ament_cmake' and name 'openarm_acm_tool'
[0.144s] colcon.colcon_core.package_identification Level 1 _identify(src/openarm_ros2/openarm_bimanual_moveit_config) by extensions ['ignore', 'ignore_ament_install']
[0.144s] colcon.colcon_core.package_identification Level 1 _identify(src/openarm_ros2/openarm_bimanual_moveit_config) by extension 'ignore'
[0.145s] colcon.colcon_core.package_identification Level 1 _identify(src/openarm_ros2/openarm_bimanual_moveit_config) by extension 'ignore_ament_install'
[0.145s] colcon.colcon_core.package_identification Level 1 _identify(src/openarm_ros2/openarm_bimanual_moveit_config) by extensions ['colcon_pkg']
[0.145s] colcon.colcon_core.package_identification Level 1 _identify(src/openarm_ros2/openarm_bimanual_moveit_config) by extension 'colcon_pkg'
[0.145s] colcon.colcon_core.package_identification Level 1 _identify(src/openarm_ros2/openarm_bimanual_moveit_config) by extensions ['colcon_meta']
[0.145s] colcon.colcon_core.package_identification Level 1 _identify(src/openarm_ros2/openarm_bimanual_moveit_config) by extension 'colcon_meta'
[0.145s] colcon.colcon_core.package_identification Level 1 _identify(src/openarm_ros2/openarm_bimanual_moveit_config) by extensions ['ros']
[0.145s] colcon.colcon_core.package_identification Level 1 _identify(src/openarm_ros2/openarm_bimanual_moveit_config) by extension 'ros'
[0.145s] colcon.colcon_core.package_identification DEBUG Package 'src/openarm_ros2/openarm_bimanual_moveit_config' with type 'ros.ament_cmake' and name 'openarm_bimanual_moveit_config'
[0.145s] colcon.colcon_core.package_identification Level 1 _identify(src/openarm_ros2/openarm_bimanual_planner) by extensions ['ignore', 'ignore_ament_install']
[0.145s] colcon.colcon_core.package_identification Level 1 _identify(src/openarm_ros2/openarm_bimanual_planner) by extension 'ignore'
[0.145s] colcon.colcon_core.package_identification Level 1 _identify(src/openarm_ros2/openarm_bimanual_planner) by extension 'ignore_ament_install'
[0.145s] colcon.colcon_core.package_identification Level 1 _identify(src/openarm_ros2/openarm_bimanual_planner) by extensions ['colcon_pkg']
[0.145s] colcon.colcon_core.package_identification Level 1 _identify(src/openarm_ros2/openarm_bimanual_planner) by extension 'colcon_pkg'
[0.145s] colcon.colcon_core.package_identification Level 1 _identify(src/openarm_ros2/openarm_bimanual_planner) by extensions ['colcon_meta']
[0.145s] colcon.colcon_core.package_identification Level 1 _identify(src/openarm_ros2/openarm_bimanual_planner) by extension 'colcon_meta'
[0.145s] colcon.colcon_core.package_identification Level 1 _identify(src/openarm_ros2/openarm_bimanual_planner) by extensions ['ros']
[0.145s] colcon.colcon_core.package_identification Level 1 _identify(src/openarm_ros2/openarm_bimanual_planner) by extension 'ros'
[0.145s] colcon.colcon_core.package_identification DEBUG Package 'src/openarm_ros2/openarm_bimanual_planner' with type 'ros.ament_python' and name 'openarm_bimanual_planner'
[0.145s] colcon.colcon_core.package_identification Level 1 _identify(src/openarm_ros2/openarm_bimanual_planner_msgs) by extensions ['ignore', 'ignore_ament_install']
[0.145s] colcon.colcon_core.package_identification Level 1 _identify(src/openarm_ros2/openarm_bimanual_planner_msgs) by extension 'ignore'
[0.145s] colcon.colcon_core.package_identification Level 1 _identify(src/openarm_ros2/openarm_bimanual_planner_msgs) by extension 'ignore_ament_install'
[0.146s] colcon.colcon_core.package_identification Level 1 _identify(src/openarm_ros2/openarm_bimanual_planner_msgs) by extensions ['colcon_pkg']
[0.146s] colcon.colcon_core.package_identification Level 1 _identify(src/openarm_ros2/openarm_bimanual_planner_msgs) by extension 'colcon_pkg'
[0.146s] colcon.colcon_core.package_identification Level 1 _identify(src/openarm_ros2/openarm_bimanual_planner_msgs) by extensions ['colcon_meta']
[0.146s] colcon.colcon_core.package_identification Level 1 _identify(src/openarm_ros2/openarm_bimanual_planner_msgs) by extension 'colcon_meta'
[0.146s] colcon.colcon_core.package_identification Level 1 _identify(src/openarm_ros2/openarm_bimanual_planner_msgs) by extensions ['ros']
[0.146s] colcon.colcon_core.package_identification Level 1 _identify(src/openarm_ros2/openarm_bimanual_planner_msgs) by extension 'ros'
[0.146s] colcon.colcon_core.package_identification DEBUG Package 'src/openarm_ros2/openarm_bimanual_planner_msgs' with type 'ros.ament_cmake' and name 'openarm_bimanual_planner_msgs'
[0.146s] colcon.colcon_core.package_identification Level 1 _identify(src/openarm_ros2/openarm_bringup) by extensions ['ignore', 'ignore_ament_install']
[0.146s] colcon.colcon_core.package_identification Level 1 _identify(src/openarm_ros2/openarm_bringup) by extension 'ignore'
[0.146s] colcon.colcon_core.package_identification Level 1 _identify(src/openarm_ros2/openarm_bringup) by extension 'ignore_ament_install'
[0.146s] colcon.colcon_core.package_identification Level 1 _identify(src/openarm_ros2/openarm_bringup) by extensions ['colcon_pkg']
[0.146s] colcon.colcon_core.package_identification Level 1 _identify(src/openarm_ros2/openarm_bringup) by extension 'colcon_pkg'
[0.146s] colcon.colcon_core.package_identification Level 1 _identify(src/openarm_ros2/openarm_bringup) by extensions ['colcon_meta']
[0.146s] colcon.colcon_core.package_identification Level 1 _identify(src/openarm_ros2/openarm_bringup) by extension 'colcon_meta'
[0.146s] colcon.colcon_core.package_identification Level 1 _identify(src/openarm_ros2/openarm_bringup) by extensions ['ros']
[0.146s] colcon.colcon_core.package_identification Level 1 _identify(src/openarm_ros2/openarm_bringup) by extension 'ros'
[0.146s] colcon.colcon_core.package_identification DEBUG Package 'src/openarm_ros2/openarm_bringup' with type 'ros.ament_cmake' and name 'openarm_bringup'
[0.146s] colcon.colcon_core.package_identification Level 1 _identify(src/openarm_ros2/openarm_hardware) by extensions ['ignore', 'ignore_ament_install']
[0.146s] colcon.colcon_core.package_identification Level 1 _identify(src/openarm_ros2/openarm_hardware) by extension 'ignore'
[0.146s] colcon.colcon_core.package_identification Level 1 _identify(src/openarm_ros2/openarm_hardware) by extension 'ignore_ament_install'
[0.146s] colcon.colcon_core.package_identification Level 1 _identify(src/openarm_ros2/openarm_hardware) by extensions ['colcon_pkg']
[0.146s] colcon.colcon_core.package_identification Level 1 _identify(src/openarm_ros2/openarm_hardware) by extension 'colcon_pkg'
[0.146s] colcon.colcon_core.package_identification Level 1 _identify(src/openarm_ros2/openarm_hardware) by extensions ['colcon_meta']
[0.146s] colcon.colcon_core.package_identification Level 1 _identify(src/openarm_ros2/openarm_hardware) by extension 'colcon_meta'
[0.146s] colcon.colcon_core.package_identification Level 1 _identify(src/openarm_ros2/openarm_hardware) by extensions ['ros']
[0.146s] colcon.colcon_core.package_identification Level 1 _identify(src/openarm_ros2/openarm_hardware) by extension 'ros'
[0.147s] colcon.colcon_core.package_identification DEBUG Package 'src/openarm_ros2/openarm_hardware' with type 'ros.ament_cmake' and name 'openarm_hardware'
[0.147s] colcon.colcon_core.package_identification Level 1 _identify(src/pick_ik) by extensions ['ignore', 'ignore_ament_install']
[0.147s] colcon.colcon_core.package_identification Level 1 _identify(src/pick_ik) by extension 'ignore'
[0.147s] colcon.colcon_core.package_identification Level 1 _identify(src/pick_ik) by extension 'ignore_ament_install'
[0.147s] colcon.colcon_core.package_identification Level 1 _identify(src/pick_ik) by extensions ['colcon_pkg']
[0.147s] colcon.colcon_core.package_identification Level 1 _identify(src/pick_ik) by extension 'colcon_pkg'
[0.147s] colcon.colcon_core.package_identification Level 1 _identify(src/pick_ik) by extensions ['colcon_meta']
[0.147s] colcon.colcon_core.package_identification Level 1 _identify(src/pick_ik) by extension 'colcon_meta'
[0.147s] colcon.colcon_core.package_identification Level 1 _identify(src/pick_ik) by extensions ['ros']
[0.147s] colcon.colcon_core.package_identification Level 1 _identify(src/pick_ik) by extension 'ros'
[0.148s] colcon.colcon_core.package_identification DEBUG Package 'src/pick_ik' with type 'ros.ament_cmake' and name 'pick_ik'
[0.148s] colcon.colcon_core.package_identification Level 1 _identify(tools) by extensions ['ignore', 'ignore_ament_install']
[0.148s] colcon.colcon_core.package_identification Level 1 _identify(tools) by extension 'ignore'
[0.148s] colcon.colcon_core.package_identification Level 1 _identify(tools) by extension 'ignore_ament_install'
[0.148s] colcon.colcon_core.package_identification Level 1 _identify(tools) by extensions ['colcon_pkg']
[0.148s] colcon.colcon_core.package_identification Level 1 _identify(tools) by extension 'colcon_pkg'
[0.148s] colcon.colcon_core.package_identification Level 1 _identify(tools) by extensions ['colcon_meta']
[0.148s] colcon.colcon_core.package_identification Level 1 _identify(tools) by extension 'colcon_meta'
[0.148s] colcon.colcon_core.package_identification Level 1 _identify(tools) by extensions ['ros']
[0.148s] colcon.colcon_core.package_identification Level 1 _identify(tools) by extension 'ros'
[0.148s] colcon.colcon_core.package_identification Level 1 _identify(tools) by extensions ['cmake', 'python']
[0.148s] colcon.colcon_core.package_identification Level 1 _identify(tools) by extension 'cmake'
[0.148s] colcon.colcon_core.package_identification Level 1 _identify(tools) by extension 'python'
[0.148s] colcon.colcon_core.package_identification Level 1 _identify(tools) by extensions ['python_setup_py']
[0.148s] colcon.colcon_core.package_identification Level 1 _identify(tools) by extension 'python_setup_py'
[0.148s] colcon.colcon_core.package_identification Level 1 _identify(tools/openarm_gravcheck) by extensions ['ignore', 'ignore_ament_install']
[0.148s] colcon.colcon_core.package_identification Level 1 _identify(tools/openarm_gravcheck) by extension 'ignore'
[0.148s] colcon.colcon_core.package_identification Level 1 _identify(tools/openarm_gravcheck) by extension 'ignore_ament_install'
[0.148s] colcon.colcon_core.package_identification Level 1 _identify(tools/openarm_gravcheck) by extensions ['colcon_pkg']
[0.148s] colcon.colcon_core.package_identification Level 1 _identify(tools/openarm_gravcheck) by extension 'colcon_pkg'
[0.148s] colcon.colcon_core.package_identification Level 1 _identify(tools/openarm_gravcheck) by extensions ['colcon_meta']
[0.148s] colcon.colcon_core.package_identification Level 1 _identify(tools/openarm_gravcheck) by extension 'colcon_meta'
[0.148s] colcon.colcon_core.package_identification Level 1 _identify(tools/openarm_gravcheck) by extensions ['ros']
[0.148s] colcon.colcon_core.package_identification Level 1 _identify(tools/openarm_gravcheck) by extension 'ros'
[0.148s] colcon.colcon_core.package_identification Level 1 _identify(tools/openarm_gravcheck) by extensions ['cmake', 'python']
[0.148s] colcon.colcon_core.package_identification Level 1 _identify(tools/openarm_gravcheck) by extension 'cmake'
[0.149s] colcon.colcon_core.package_identification Level 1 _identify(tools/openarm_gravcheck) by extension 'python'
[0.149s] colcon.colcon_core.package_identification DEBUG Package 'tools/openarm_gravcheck' with type 'cmake' and name 'openarm_gravcheck'
[0.149s] colcon.colcon_core.package_discovery Level 1 discover_packages(recursive) using defaults
[0.149s] colcon.colcon_core.package_discovery Level 1 discover_packages(ignore) discover
[0.149s] colcon.colcon_core.package_discovery Level 1 discover_packages(ignore) using defaults
[0.149s] colcon.colcon_core.package_discovery Level 1 discover_packages(path) discover
[0.149s] colcon.colcon_core.package_discovery Level 1 discover_packages(path) using defaults
[0.157s] colcon.colcon_core.package_selection INFO Skipping not selected package 'bio_ik' in 'src/bio_ik'
[0.157s] colcon.colcon_core.package_selection INFO Skipping not selected package 'openarm_acm_tool' in 'src/openarm_ros2/openarm_acm_tool'
[0.157s] colcon.colcon_core.package_selection INFO Skipping not selected package 'openarm_bimanual_planner_msgs' in 'src/openarm_ros2/openarm_bimanual_planner_msgs'
[0.157s] colcon.colcon_core.package_selection INFO Skipping not selected package 'openarm_can' in 'src/openarm_can'
[0.157s] colcon.colcon_core.package_selection INFO Skipping not selected package 'openarm_gravcheck' in 'tools/openarm_gravcheck'
[0.157s] colcon.colcon_core.package_selection INFO Skipping not selected package 'pick_ik' in 'src/pick_ik'
[0.157s] colcon.colcon_core.package_selection INFO Skipping not selected package 'openarm_bimanual_moveit_config' in 'src/openarm_ros2/openarm_bimanual_moveit_config'
[0.157s] colcon.colcon_core.package_selection INFO Skipping not selected package 'openarm_bimanual_planner' in 'src/openarm_ros2/openarm_bimanual_planner'
[0.157s] colcon.colcon_core.package_selection INFO Skipping not selected package 'openarm_bringup' in 'src/openarm_ros2/openarm_bringup'
[0.157s] colcon.colcon_core.package_selection INFO Skipping not selected package 'openarm' in 'src/openarm_ros2/openarm'
[0.157s] colcon.colcon_core.package_discovery Level 1 discover_packages(prefix_path) check parameters
[0.157s] colcon.colcon_core.package_discovery Level 1 discover_packages(prefix_path) discover
[0.158s] colcon.colcon_installed_package_information.package_discovery DEBUG Found 388 installed packages in /opt/ros/humble
[0.159s] colcon.colcon_core.package_discovery Level 1 discover_packages(prefix_path) using defaults
[0.179s] colcon.colcon_core.verb Level 5 set package 'openarm_description' build argument 'cmake_args' from command line to 'None'
[0.179s] colcon.colcon_core.verb Level 5 set package 'openarm_description' build argument 'cmake_target' from command line to 'None'
[0.179s] colcon.colcon_core.verb Level 5 set package 'openarm_description' build argument 'cmake_target_skip_unavailable' from command line to 'False'
[0.179s] colcon.colcon_core.verb Level 5 set package 'openarm_description' build argument 'cmake_clean_cache' from command line to 'False'
[0.179s] colcon.colcon_core.verb Level 5 set package 'openarm_description' build argument 'cmake_clean_first' from command line to 'False'
[0.179s] colcon.colcon_core.verb Level 5 set package 'openarm_description' build argument 'cmake_force_configure' from command line to 'False'
[0.179s] colcon.colcon_core.verb Level 5 set package 'openarm_description' build argument 'ament_cmake_args' from command line to 'None'
[0.179s] colcon.colcon_core.verb Level 5 set package 'openarm_description' build argument 'catkin_cmake_args' from command line to 'None'
[0.179s] colcon.colcon_core.verb Level 5 set package 'openarm_description' build argument 'catkin_skip_building_tests' from command line to 'False'
[0.179s] colcon.colcon_core.verb DEBUG Building package 'openarm_description' with the following arguments: {'ament_cmake_args': None, 'build_base': '/home/taoqiu/ros2_ws/build/openarm_description', 'catkin_cmake_args': None, 'catkin_skip_building_tests': False, 'cmake_args': None, 'cmake_clean_cache': False, 'cmake_clean_first': False, 'cmake_force_configure': False, 'cmake_target': None, 'cmake_target_skip_unavailable': False, 'install_base': '/home/taoqiu/ros2_ws/install/openarm_description', 'merge_install': False, 'path': '/home/taoqiu/ros2_ws/src/openarm_description', 'symlink_install': False, 'test_result_base': None}
[0.179s] colcon.colcon_core.verb Level 5 set package 'openarm_hardware' build argument 'cmake_args' from command line to 'None'
[0.179s] colcon.colcon_core.verb Level 5 set package 'openarm_hardware' build argument 'cmake_target' from command line to 'None'
[0.179s] colcon.colcon_core.verb Level 5 set package 'openarm_hardware' build argument 'cmake_target_skip_unavailable' from command line to 'False'
[0.179s] colcon.colcon_core.verb Level 5 set package 'openarm_hardware' build argument 'cmake_clean_cache' from command line to 'False'
[0.179s] colcon.colcon_core.verb Level 5 set package 'openarm_hardware' build argument 'cmake_clean_first' from command line to 'False'
[0.179s] colcon.colcon_core.verb Level 5 set package 'openarm_hardware' build argument 'cmake_force_configure' from command line to 'False'
[0.179s] colcon.colcon_core.verb Level 5 set package 'openarm_hardware' build argument 'ament_cmake_args' from command line to 'None'
[0.179s] colcon.colcon_core.verb Level 5 set package 'openarm_hardware' build argument 'catkin_cmake_args' from command line to 'None'
[0.179s] colcon.colcon_core.verb Level 5 set package 'openarm_hardware' build argument 'catkin_skip_building_tests' from command line to 'False'
[0.179s] colcon.colcon_core.verb DEBUG Building package 'openarm_hardware' with the following arguments: {'ament_cmake_args': None, 'build_base': '/home/taoqiu/ros2_ws/build/openarm_hardware', 'catkin_cmake_args': None, 'catkin_skip_building_tests': False, 'cmake_args': None, 'cmake_clean_cache': False, 'cmake_clean_first': False, 'cmake_force_configure': False, 'cmake_target': None, 'cmake_target_skip_unavailable': False, 'install_base': '/home/taoqiu/ros2_ws/install/openarm_hardware', 'merge_install': False, 'path': '/home/taoqiu/ros2_ws/src/openarm_ros2/openarm_hardware', 'symlink_install': False, 'test_result_base': None}
[0.179s] colcon.colcon_core.executor INFO Executing jobs using 'parallel' executor
[0.180s] colcon.colcon_parallel_executor.executor.parallel DEBUG run_until_complete
[0.180s] colcon.colcon_ros.task.ament_cmake.build INFO Building ROS package in '/home/taoqiu/ros2_ws/src/openarm_description' with build type 'ament_cmake'
[0.180s] colcon.colcon_cmake.task.cmake.build INFO Building CMake package in '/home/taoqiu/ros2_ws/src/openarm_description'
[0.181s] colcon.colcon_core.plugin_system INFO Skipping extension 'colcon_core.shell.bat': Not used on non-Windows systems
[0.181s] colcon.colcon_core.shell INFO Skip shell extension 'powershell' for command environment: Not usable outside of PowerShell
[0.181s] colcon.colcon_core.shell DEBUG Skip shell extension 'dsv' for command environment
[0.182s] colcon.colcon_ros.task.ament_cmake.build INFO Building ROS package in '/home/taoqiu/ros2_ws/src/openarm_ros2/openarm_hardware' with build type 'ament_cmake'
[0.182s] colcon.colcon_cmake.task.cmake.build INFO Building CMake package in '/home/taoqiu/ros2_ws/src/openarm_ros2/openarm_hardware'
[0.182s] colcon.colcon_core.shell INFO Skip shell extension 'powershell' for command environment: Not usable outside of PowerShell
[0.182s] colcon.colcon_core.shell DEBUG Skip shell extension 'dsv' for command environment
[0.185s] colcon.colcon_core.event_handler.log_command DEBUG Invoking command in '/home/taoqiu/ros2_ws/build/openarm_description': CMAKE_PREFIX_PATH=/opt/ros/humble /usr/bin/cmake --build /home/taoqiu/ros2_ws/build/openarm_description -- -j24 -l24
[0.187s] colcon.colcon_core.event_handler.log_command DEBUG Invoking command in '/home/taoqiu/ros2_ws/build/openarm_hardware': CMAKE_PREFIX_PATH=/home/taoqiu/ros2_ws/install/openarm_can:/opt/ros/humble PATH=/home/taoqiu/ros2_ws/install/openarm_can/bin:${PATH} PKG_CONFIG_PATH=/home/taoqiu/ros2_ws/install/openarm_can/lib/x86_64-linux-gnu/pkgconfig:/home/taoqiu/ros2_ws/install/openarm_can/lib/pkgconfig /usr/bin/cmake /home/taoqiu/ros2_ws/src/openarm_ros2/openarm_hardware -DCMAKE_INSTALL_PREFIX=/home/taoqiu/ros2_ws/install/openarm_hardware
[0.211s] colcon.colcon_core.event_handler.log_command DEBUG Invoked command in '/home/taoqiu/ros2_ws/build/openarm_description' returned '0': CMAKE_PREFIX_PATH=/opt/ros/humble /usr/bin/cmake --build /home/taoqiu/ros2_ws/build/openarm_description -- -j24 -l24
[0.216s] colcon.colcon_core.event_handler.log_command DEBUG Invoking command in '/home/taoqiu/ros2_ws/build/openarm_description': CMAKE_PREFIX_PATH=/opt/ros/humble /usr/bin/cmake --install /home/taoqiu/ros2_ws/build/openarm_description
[0.224s] colcon.colcon_core.environment Level 1 create_environment_scripts_only(openarm_description)
[0.228s] colcon.colcon_core.event_handler.log_command DEBUG Invoked command in '/home/taoqiu/ros2_ws/build/openarm_description' returned '0': CMAKE_PREFIX_PATH=/opt/ros/humble /usr/bin/cmake --install /home/taoqiu/ros2_ws/build/openarm_description
[0.229s] colcon.colcon_core.environment Level 1 checking '/home/taoqiu/ros2_ws/install/openarm_description' for CMake module files
[0.229s] colcon.colcon_core.environment Level 1 checking '/home/taoqiu/ros2_ws/install/openarm_description' for CMake config files
[0.229s] colcon.colcon_core.shell Level 1 create_environment_hook('openarm_description', 'cmake_prefix_path')
[0.230s] colcon.colcon_core.shell INFO Creating environment hook '/home/taoqiu/ros2_ws/install/openarm_description/share/openarm_description/hook/cmake_prefix_path.ps1'
[0.230s] colcon.colcon_core.shell INFO Creating environment descriptor '/home/taoqiu/ros2_ws/install/openarm_description/share/openarm_description/hook/cmake_prefix_path.dsv'
[0.230s] colcon.colcon_core.shell INFO Creating environment hook '/home/taoqiu/ros2_ws/install/openarm_description/share/openarm_description/hook/cmake_prefix_path.sh'
[0.231s] colcon.colcon_core.environment Level 1 checking '/home/taoqiu/ros2_ws/install/openarm_description/bin'
[0.231s] colcon.colcon_core.environment Level 1 checking '/home/taoqiu/ros2_ws/install/openarm_description/lib/pkgconfig/openarm_description.pc'
[0.231s] colcon.colcon_core.environment Level 1 checking '/home/taoqiu/ros2_ws/install/openarm_description/lib/python3.10/site-packages'
[0.231s] colcon.colcon_core.environment Level 1 checking '/home/taoqiu/ros2_ws/install/openarm_description/bin'
[0.231s] colcon.colcon_core.shell INFO Creating package script '/home/taoqiu/ros2_ws/install/openarm_description/share/openarm_description/package.ps1'
[0.232s] colcon.colcon_core.shell INFO Creating package descriptor '/home/taoqiu/ros2_ws/install/openarm_description/share/openarm_description/package.dsv'
[0.232s] colcon.colcon_core.shell INFO Creating package script '/home/taoqiu/ros2_ws/install/openarm_description/share/openarm_description/package.sh'
[0.232s] colcon.colcon_core.shell INFO Creating package script '/home/taoqiu/ros2_ws/install/openarm_description/share/openarm_description/package.bash'
[0.233s] colcon.colcon_core.shell INFO Creating package script '/home/taoqiu/ros2_ws/install/openarm_description/share/openarm_description/package.zsh'
[0.233s] colcon.colcon_core.environment Level 1 create_file_with_runtime_dependencies(/home/taoqiu/ros2_ws/install/openarm_description/share/colcon-core/packages/openarm_description)
[0.233s] colcon.colcon_core.environment Level 1 create_environment_scripts_only(openarm_description)
[0.234s] colcon.colcon_core.environment Level 1 checking '/home/taoqiu/ros2_ws/install/openarm_description' for CMake module files
[0.234s] colcon.colcon_core.environment Level 1 checking '/home/taoqiu/ros2_ws/install/openarm_description' for CMake config files
[0.235s] colcon.colcon_core.shell Level 1 create_environment_hook('openarm_description', 'cmake_prefix_path')
[0.235s] colcon.colcon_core.shell INFO Creating environment hook '/home/taoqiu/ros2_ws/install/openarm_description/share/openarm_description/hook/cmake_prefix_path.ps1'
[0.235s] colcon.colcon_core.shell INFO Creating environment descriptor '/home/taoqiu/ros2_ws/install/openarm_description/share/openarm_description/hook/cmake_prefix_path.dsv'
[0.235s] colcon.colcon_core.shell INFO Creating environment hook '/home/taoqiu/ros2_ws/install/openarm_description/share/openarm_description/hook/cmake_prefix_path.sh'
[0.235s] colcon.colcon_core.environment Level 1 checking '/home/taoqiu/ros2_ws/install/openarm_description/bin'
[0.235s] colcon.colcon_core.environment Level 1 checking '/home/taoqiu/ros2_ws/install/openarm_description/lib/pkgconfig/openarm_description.pc'
[0.236s] colcon.colcon_core.environment Level 1 checking '/home/taoqiu/ros2_ws/install/openarm_description/lib/python3.10/site-packages'
[0.236s] colcon.colcon_core.environment Level 1 checking '/home/taoqiu/ros2_ws/install/openarm_description/bin'
[0.236s] colcon.colcon_core.shell INFO Creating package script '/home/taoqiu/ros2_ws/install/openarm_description/share/openarm_description/package.ps1'
[0.236s] colcon.colcon_core.shell INFO Creating package descriptor '/home/taoqiu/ros2_ws/install/openarm_description/share/openarm_description/package.dsv'
[0.237s] colcon.colcon_core.shell INFO Creating package script '/home/taoqiu/ros2_ws/install/openarm_description/share/openarm_description/package.sh'
[0.237s] colcon.colcon_core.shell INFO Creating package script '/home/taoqiu/ros2_ws/install/openarm_description/share/openarm_description/package.bash'
[0.237s] colcon.colcon_core.shell INFO Creating package script '/home/taoqiu/ros2_ws/install/openarm_description/share/openarm_description/package.zsh'
[0.237s] colcon.colcon_core.environment Level 1 create_file_with_runtime_dependencies(/home/taoqiu/ros2_ws/install/openarm_description/share/colcon-core/packages/openarm_description)
[1.341s] colcon.colcon_core.event_handler.log_command DEBUG Invoked command in '/home/taoqiu/ros2_ws/build/openarm_hardware' returned '0': CMAKE_PREFIX_PATH=/home/taoqiu/ros2_ws/install/openarm_can:/opt/ros/humble PATH=/home/taoqiu/ros2_ws/install/openarm_can/bin:${PATH} PKG_CONFIG_PATH=/home/taoqiu/ros2_ws/install/openarm_can/lib/x86_64-linux-gnu/pkgconfig:/home/taoqiu/ros2_ws/install/openarm_can/lib/pkgconfig /usr/bin/cmake /home/taoqiu/ros2_ws/src/openarm_ros2/openarm_hardware -DCMAKE_INSTALL_PREFIX=/home/taoqiu/ros2_ws/install/openarm_hardware
[1.341s] colcon.colcon_core.event_handler.log_command DEBUG Invoking command in '/home/taoqiu/ros2_ws/build/openarm_hardware': CMAKE_PREFIX_PATH=/home/taoqiu/ros2_ws/install/openarm_can:/opt/ros/humble PATH=/home/taoqiu/ros2_ws/install/openarm_can/bin:${PATH} PKG_CONFIG_PATH=/home/taoqiu/ros2_ws/install/openarm_can/lib/x86_64-linux-gnu/pkgconfig:/home/taoqiu/ros2_ws/install/openarm_can/lib/pkgconfig /usr/bin/cmake --build /home/taoqiu/ros2_ws/build/openarm_hardware -- -j24 -l24
[1.414s] colcon.colcon_core.event_handler.log_command DEBUG Invoked command in '/home/taoqiu/ros2_ws/build/openarm_hardware' returned '0': CMAKE_PREFIX_PATH=/home/taoqiu/ros2_ws/install/openarm_can:/opt/ros/humble PATH=/home/taoqiu/ros2_ws/install/openarm_can/bin:${PATH} PKG_CONFIG_PATH=/home/taoqiu/ros2_ws/install/openarm_can/lib/x86_64-linux-gnu/pkgconfig:/home/taoqiu/ros2_ws/install/openarm_can/lib/pkgconfig /usr/bin/cmake --build /home/taoqiu/ros2_ws/build/openarm_hardware -- -j24 -l24
[1.415s] colcon.colcon_core.event_handler.log_command DEBUG Invoking command in '/home/taoqiu/ros2_ws/build/openarm_hardware': CMAKE_PREFIX_PATH=/home/taoqiu/ros2_ws/install/openarm_can:/opt/ros/humble PATH=/home/taoqiu/ros2_ws/install/openarm_can/bin:${PATH} PKG_CONFIG_PATH=/home/taoqiu/ros2_ws/install/openarm_can/lib/x86_64-linux-gnu/pkgconfig:/home/taoqiu/ros2_ws/install/openarm_can/lib/pkgconfig /usr/bin/cmake --install /home/taoqiu/ros2_ws/build/openarm_hardware
[1.428s] colcon.colcon_core.environment Level 1 create_environment_scripts_only(openarm_hardware)
[1.428s] colcon.colcon_core.environment Level 1 checking '/home/taoqiu/ros2_ws/install/openarm_hardware' for CMake module files
[1.428s] colcon.colcon_core.event_handler.log_command DEBUG Invoked command in '/home/taoqiu/ros2_ws/build/openarm_hardware' returned '0': CMAKE_PREFIX_PATH=/home/taoqiu/ros2_ws/install/openarm_can:/opt/ros/humble PATH=/home/taoqiu/ros2_ws/install/openarm_can/bin:${PATH} PKG_CONFIG_PATH=/home/taoqiu/ros2_ws/install/openarm_can/lib/x86_64-linux-gnu/pkgconfig:/home/taoqiu/ros2_ws/install/openarm_can/lib/pkgconfig /usr/bin/cmake --install /home/taoqiu/ros2_ws/build/openarm_hardware
[1.429s] colcon.colcon_core.environment Level 1 checking '/home/taoqiu/ros2_ws/install/openarm_hardware' for CMake config files
[1.429s] colcon.colcon_core.shell Level 1 create_environment_hook('openarm_hardware', 'cmake_prefix_path')
[1.429s] colcon.colcon_core.shell INFO Creating environment hook '/home/taoqiu/ros2_ws/install/openarm_hardware/share/openarm_hardware/hook/cmake_prefix_path.ps1'
[1.430s] colcon.colcon_core.shell INFO Creating environment descriptor '/home/taoqiu/ros2_ws/install/openarm_hardware/share/openarm_hardware/hook/cmake_prefix_path.dsv'
[1.430s] colcon.colcon_core.shell INFO Creating environment hook '/home/taoqiu/ros2_ws/install/openarm_hardware/share/openarm_hardware/hook/cmake_prefix_path.sh'
[1.430s] colcon.colcon_core.environment Level 1 checking '/home/taoqiu/ros2_ws/install/openarm_hardware/lib'
[1.430s] colcon.colcon_core.shell Level 1 create_environment_hook('openarm_hardware', 'ld_library_path_lib')
[1.430s] colcon.colcon_core.shell INFO Creating environment hook '/home/taoqiu/ros2_ws/install/openarm_hardware/share/openarm_hardware/hook/ld_library_path_lib.ps1'
[1.431s] colcon.colcon_core.shell INFO Creating environment descriptor '/home/taoqiu/ros2_ws/install/openarm_hardware/share/openarm_hardware/hook/ld_library_path_lib.dsv'
[1.431s] colcon.colcon_core.shell INFO Creating environment hook '/home/taoqiu/ros2_ws/install/openarm_hardware/share/openarm_hardware/hook/ld_library_path_lib.sh'
[1.431s] colcon.colcon_core.environment Level 1 checking '/home/taoqiu/ros2_ws/install/openarm_hardware/bin'
[1.431s] colcon.colcon_core.environment Level 1 checking '/home/taoqiu/ros2_ws/install/openarm_hardware/lib/pkgconfig/openarm_hardware.pc'
[1.431s] colcon.colcon_core.environment Level 1 checking '/home/taoqiu/ros2_ws/install/openarm_hardware/lib/python3.10/site-packages'
[1.432s] colcon.colcon_core.environment Level 1 checking '/home/taoqiu/ros2_ws/install/openarm_hardware/bin'
[1.432s] colcon.colcon_core.shell INFO Creating package script '/home/taoqiu/ros2_ws/install/openarm_hardware/share/openarm_hardware/package.ps1'
[1.432s] colcon.colcon_core.shell INFO Creating package descriptor '/home/taoqiu/ros2_ws/install/openarm_hardware/share/openarm_hardware/package.dsv'
[1.433s] colcon.colcon_core.shell INFO Creating package script '/home/taoqiu/ros2_ws/install/openarm_hardware/share/openarm_hardware/package.sh'
[1.433s] colcon.colcon_core.shell INFO Creating package script '/home/taoqiu/ros2_ws/install/openarm_hardware/share/openarm_hardware/package.bash'
[1.433s] colcon.colcon_core.shell INFO Creating package script '/home/taoqiu/ros2_ws/install/openarm_hardware/share/openarm_hardware/package.zsh'
[1.433s] colcon.colcon_core.environment Level 1 create_file_with_runtime_dependencies(/home/taoqiu/ros2_ws/install/openarm_hardware/share/colcon-core/packages/openarm_hardware)
[1.433s] colcon.colcon_core.environment Level 1 create_environment_scripts_only(openarm_hardware)
[1.434s] colcon.colcon_core.environment Level 1 checking '/home/taoqiu/ros2_ws/install/openarm_hardware' for CMake module files
[1.434s] colcon.colcon_core.environment Level 1 checking '/home/taoqiu/ros2_ws/install/openarm_hardware' for CMake config files
[1.434s] colcon.colcon_core.shell Level 1 create_environment_hook('openarm_hardware', 'cmake_prefix_path')
[1.434s] colcon.colcon_core.shell INFO Creating environment hook '/home/taoqiu/ros2_ws/install/openarm_hardware/share/openarm_hardware/hook/cmake_prefix_path.ps1'
[1.434s] colcon.colcon_core.shell INFO Creating environment descriptor '/home/taoqiu/ros2_ws/install/openarm_hardware/share/openarm_hardware/hook/cmake_prefix_path.dsv'
[1.434s] colcon.colcon_core.shell INFO Creating environment hook '/home/taoqiu/ros2_ws/install/openarm_hardware/share/openarm_hardware/hook/cmake_prefix_path.sh'
[1.434s] colcon.colcon_core.environment Level 1 checking '/home/taoqiu/ros2_ws/install/openarm_hardware/lib'
[1.434s] colcon.colcon_core.shell Level 1 create_environment_hook('openarm_hardware', 'ld_library_path_lib')
[1.434s] colcon.colcon_core.shell INFO Creating environment hook '/home/taoqiu/ros2_ws/install/openarm_hardware/share/openarm_hardware/hook/ld_library_path_lib.ps1'
[1.435s] colcon.colcon_core.shell INFO Creating environment descriptor '/home/taoqiu/ros2_ws/install/openarm_hardware/share/openarm_hardware/hook/ld_library_path_lib.dsv'
[1.435s] colcon.colcon_core.shell INFO Creating environment hook '/home/taoqiu/ros2_ws/install/openarm_hardware/share/openarm_hardware/hook/ld_library_path_lib.sh'
[1.435s] colcon.colcon_core.environment Level 1 checking '/home/taoqiu/ros2_ws/install/openarm_hardware/bin'
[1.435s] colcon.colcon_core.environment Level 1 checking '/home/taoqiu/ros2_ws/install/openarm_hardware/lib/pkgconfig/openarm_hardware.pc'
[1.435s] colcon.colcon_core.environment Level 1 checking '/home/taoqiu/ros2_ws/install/openarm_hardware/lib/python3.10/site-packages'
[1.435s] colcon.colcon_core.environment Level 1 checking '/home/taoqiu/ros2_ws/install/openarm_hardware/bin'
[1.435s] colcon.colcon_core.shell INFO Creating package script '/home/taoqiu/ros2_ws/install/openarm_hardware/share/openarm_hardware/package.ps1'
[1.436s] colcon.colcon_core.shell INFO Creating package descriptor '/home/taoqiu/ros2_ws/install/openarm_hardware/share/openarm_hardware/package.dsv'
[1.436s] colcon.colcon_core.shell INFO Creating package script '/home/taoqiu/ros2_ws/install/openarm_hardware/share/openarm_hardware/package.sh'
[1.436s] colcon.colcon_core.shell INFO Creating package script '/home/taoqiu/ros2_ws/install/openarm_hardware/share/openarm_hardware/package.bash'
[1.436s] colcon.colcon_core.shell INFO Creating package script '/home/taoqiu/ros2_ws/install/openarm_hardware/share/openarm_hardware/package.zsh'
[1.436s] colcon.colcon_core.environment Level 1 create_file_with_runtime_dependencies(/home/taoqiu/ros2_ws/install/openarm_hardware/share/colcon-core/packages/openarm_hardware)
[1.436s] colcon.colcon_parallel_executor.executor.parallel DEBUG closing loop
[1.436s] colcon.colcon_parallel_executor.executor.parallel DEBUG loop closed
[1.436s] colcon.colcon_parallel_executor.executor.parallel DEBUG run_until_complete finished with '0'
[1.436s] colcon.colcon_core.event_reactor DEBUG joining thread
[1.439s] colcon.colcon_core.plugin_system INFO Skipping extension 'colcon_notification.desktop_notification.terminal_notifier': Not used on non-Darwin systems
[1.439s] colcon.colcon_core.plugin_system INFO Skipping extension 'colcon_notification.desktop_notification.win32': Not used on non-Windows systems
[1.439s] colcon.colcon_notification.desktop_notification INFO Sending desktop notification using 'notify2'
[1.444s] colcon.colcon_core.event_reactor DEBUG joined thread
[1.444s] colcon.colcon_core.shell INFO Creating prefix script '/home/taoqiu/ros2_ws/install/local_setup.ps1'
[1.445s] colcon.colcon_core.shell INFO Creating prefix util module '/home/taoqiu/ros2_ws/install/_local_setup_util_ps1.py'
[1.445s] colcon.colcon_core.shell INFO Creating prefix chain script '/home/taoqiu/ros2_ws/install/setup.ps1'
[1.446s] colcon.colcon_core.shell INFO Creating prefix script '/home/taoqiu/ros2_ws/install/local_setup.sh'
[1.446s] colcon.colcon_core.shell INFO Creating prefix util module '/home/taoqiu/ros2_ws/install/_local_setup_util_sh.py'
[1.446s] colcon.colcon_core.shell INFO Creating prefix chain script '/home/taoqiu/ros2_ws/install/setup.sh'
[1.446s] colcon.colcon_core.shell INFO Creating prefix script '/home/taoqiu/ros2_ws/install/local_setup.bash'
[1.447s] colcon.colcon_core.shell INFO Creating prefix chain script '/home/taoqiu/ros2_ws/install/setup.bash'
[1.447s] colcon.colcon_core.shell INFO Creating prefix script '/home/taoqiu/ros2_ws/install/local_setup.zsh'
[1.447s] colcon.colcon_core.shell INFO Creating prefix chain script '/home/taoqiu/ros2_ws/install/setup.zsh'
