[0.006s] Invoking command in '/home/taoqiu/ros2_ws/build/openarm_can': CMAKE_PREFIX_PATH=/opt/ros/humble CONDA_PROMPT_MODIFIER=(base) /usr/bin/cmake --build /home/taoqiu/ros2_ws/build/openarm_can -- -j24 -l24
[0.037s] [ 24%] Built target openarm_can
[0.049s] Consolidate compiler generated dependencies of target openarm-can-enable-switch
[0.053s] [ 29%] Built target openarm-can-motor-sampling-check
[0.053s] [ 34%] Built target openarm-can-example-mit
[0.053s] [ 39%] Built target openarm-can-health
[0.053s] [ 43%] Built target openarm-can-example-vel
[0.053s] [ 48%] Built target openarm-can-demo
[0.053s] [ 53%] Built target openarm-can-enable-switch
[0.069s] [ 58%] Built target openarm-can-example-posvel
[0.069s] [ 63%] Built target openarm-can-example-posforce
[0.069s] [ 68%] Built target openarm-can-example-gripper-posforce
[0.069s] [100%] Built target openarm-can-cli
[0.069s] Invoked command in '/home/taoqiu/ros2_ws/build/openarm_can' returned '0': CMAKE_PREFIX_PATH=/opt/ros/humble CONDA_PROMPT_MODIFIER=(base) /usr/bin/cmake --build /home/taoqiu/ros2_ws/build/openarm_can -- -j24 -l24
[0.069s] Invoking command in '/home/taoqiu/ros2_ws/build/openarm_can': CMAKE_PREFIX_PATH=/opt/ros/humble CONDA_PROMPT_MODIFIER=(base) /usr/bin/cmake --install /home/taoqiu/ros2_ws/build/openarm_can
[0.075s] -- Install configuration: ""
[0.075s] -- Up-to-date: /home/taoqiu/ros2_ws/install/openarm_can/lib/libopenarm_can.a
[0.075s] -- Up-to-date: /home/taoqiu/ros2_ws/install/openarm_can/include/openarm
[0.075s] -- Up-to-date: /home/taoqiu/ros2_ws/install/openarm_can/include/openarm/canbus
[0.075s] -- Up-to-date: /home/taoqiu/ros2_ws/install/openarm_can/include/openarm/canbus/can_device_collection.hpp
[0.076s] -- Up-to-date: /home/taoqiu/ros2_ws/install/openarm_can/include/openarm/canbus/can_socket.hpp
[0.076s] -- Up-to-date: /home/taoqiu/ros2_ws/install/openarm_can/include/openarm/canbus/can_device.hpp
[0.076s] -- Up-to-date: /home/taoqiu/ros2_ws/install/openarm_can/include/openarm/damiao_motor
[0.076s] -- Up-to-date: /home/taoqiu/ros2_ws/install/openarm_can/include/openarm/damiao_motor/dm_motor_constants.hpp
[0.076s] -- Up-to-date: /home/taoqiu/ros2_ws/install/openarm_can/include/openarm/damiao_motor/dm_motor_device.hpp
[0.076s] -- Up-to-date: /home/taoqiu/ros2_ws/install/openarm_can/include/openarm/damiao_motor/dm_motor_device_collection.hpp
[0.076s] -- Up-to-date: /home/taoqiu/ros2_ws/install/openarm_can/include/openarm/damiao_motor/dm_motor_control.hpp
[0.076s] -- Up-to-date: /home/taoqiu/ros2_ws/install/openarm_can/include/openarm/damiao_motor/dm_motor.hpp
[0.076s] -- Up-to-date: /home/taoqiu/ros2_ws/install/openarm_can/include/openarm/config
[0.076s] -- Up-to-date: /home/taoqiu/ros2_ws/install/openarm_can/include/openarm/config/openarm_v10_config.hpp
[0.085s] -- Up-to-date: /home/taoqiu/ros2_ws/install/openarm_can/include/openarm/can
[0.085s] -- Up-to-date: /home/taoqiu/ros2_ws/install/openarm_can/include/openarm/can/socket
[0.085s] -- Up-to-date: /home/taoqiu/ros2_ws/install/openarm_can/include/openarm/can/socket/arm_component.hpp
[0.085s] -- Up-to-date: /home/taoqiu/ros2_ws/install/openarm_can/include/openarm/can/socket/openarm.hpp
[0.085s] -- Up-to-date: /home/taoqiu/ros2_ws/install/openarm_can/include/openarm/can/socket/gripper_component.hpp
[0.085s] -- Up-to-date: /home/taoqiu/ros2_ws/install/openarm_can/lib/cmake/OpenArmCAN/OpenArmCANTargets.cmake
[0.085s] -- Up-to-date: /home/taoqiu/ros2_ws/install/openarm_can/lib/cmake/OpenArmCAN/OpenArmCANTargets-noconfig.cmake
[0.085s] -- Up-to-date: /home/taoqiu/ros2_ws/install/openarm_can/lib/cmake/OpenArmCAN/OpenArmCANConfig.cmake
[0.085s] -- Up-to-date: /home/taoqiu/ros2_ws/install/openarm_can/lib/cmake/OpenArmCAN/OpenArmCANConfigVersion.cmake
[0.085s] -- Up-to-date: /home/taoqiu/ros2_ws/install/openarm_can/lib/pkgconfig/openarm-can.pc
[0.085s] -- Up-to-date: /home/taoqiu/ros2_ws/install/openarm_can/bin/openarm-can-motor-sampling-check
[0.085s] -- Up-to-date: /home/taoqiu/ros2_ws/install/openarm_can/bin/openarm-can-demo
[0.085s] -- Up-to-date: /home/taoqiu/ros2_ws/install/openarm_can/bin/openarm-can-health
[0.085s] -- Up-to-date: /home/taoqiu/ros2_ws/install/openarm_can/bin/openarm-can-enable-switch
[0.085s] -- Up-to-date: /home/taoqiu/ros2_ws/install/openarm_can/bin/openarm-can-cli
[0.085s] -- Up-to-date: /home/taoqiu/ros2_ws/install/openarm_can/bin/openarm-can-calibration-in-cell
[0.085s] -- Up-to-date: /home/taoqiu/ros2_ws/install/openarm_can/bin/openarm-can-configure-socketcan-4-arms
[0.085s] -- Up-to-date: /home/taoqiu/ros2_ws/install/openarm_can/bin/openarm-can-zero-position-calibration
[0.085s] -- Up-to-date: /home/taoqiu/ros2_ws/install/openarm_can/share/bash-completion/completions/openarm-can-cli
[0.085s] Invoked command in '/home/taoqiu/ros2_ws/build/openarm_can' returned '0': CMAKE_PREFIX_PATH=/opt/ros/humble CONDA_PROMPT_MODIFIER=(base) /usr/bin/cmake --install /home/taoqiu/ros2_ws/build/openarm_can
