running develop
Removing /home/taoqiu/ros2_ws/install/openarm_umi_bridge/lib/python3.10/site-packages/openarm-umi-bridge.egg-link (link to .)
running egg_info
writing ../../../build/openarm_umi_bridge/openarm_umi_bridge.egg-info/PKG-INFO
writing dependency_links to ../../../build/openarm_umi_bridge/openarm_umi_bridge.egg-info/dependency_links.txt
writing entry points to ../../../build/openarm_umi_bridge/openarm_umi_bridge.egg-info/entry_points.txt
writing requirements to ../../../build/openarm_umi_bridge/openarm_umi_bridge.egg-info/requires.txt
writing top-level names to ../../../build/openarm_umi_bridge/openarm_umi_bridge.egg-info/top_level.txt
reading manifest file '../../../build/openarm_umi_bridge/openarm_umi_bridge.egg-info/SOURCES.txt'
writing manifest file '../../../build/openarm_umi_bridge/openarm_umi_bridge.egg-info/SOURCES.txt'
running build
running build_py
creating /home/taoqiu/ros2_ws/build/openarm_umi_bridge/build
creating /home/taoqiu/ros2_ws/build/openarm_umi_bridge/build/lib
creating /home/taoqiu/ros2_ws/build/openarm_umi_bridge/build/lib/openarm_umi_bridge
copying openarm_umi_bridge/__init__.py -> /home/taoqiu/ros2_ws/build/openarm_umi_bridge/build/lib/openarm_umi_bridge
copying openarm_umi_bridge/umi_bridge.py -> /home/taoqiu/ros2_ws/build/openarm_umi_bridge/build/lib/openarm_umi_bridge
running install
running install_lib
creating /home/taoqiu/ros2_ws/install/openarm_umi_bridge/lib/python3.10/site-packages/openarm_umi_bridge
copying /home/taoqiu/ros2_ws/build/openarm_umi_bridge/build/lib/openarm_umi_bridge/__init__.py -> /home/taoqiu/ros2_ws/install/openarm_umi_bridge/lib/python3.10/site-packages/openarm_umi_bridge
copying /home/taoqiu/ros2_ws/build/openarm_umi_bridge/build/lib/openarm_umi_bridge/umi_bridge.py -> /home/taoqiu/ros2_ws/install/openarm_umi_bridge/lib/python3.10/site-packages/openarm_umi_bridge
byte-compiling /home/taoqiu/ros2_ws/install/openarm_umi_bridge/lib/python3.10/site-packages/openarm_umi_bridge/__init__.py to __init__.cpython-310.pyc
byte-compiling /home/taoqiu/ros2_ws/install/openarm_umi_bridge/lib/python3.10/site-packages/openarm_umi_bridge/umi_bridge.py to umi_bridge.cpython-310.pyc
running install_data
copying resource/openarm_umi_bridge -> /home/taoqiu/ros2_ws/install/openarm_umi_bridge/share/ament_index/resource_index/packages
copying package.xml -> /home/taoqiu/ros2_ws/install/openarm_umi_bridge/share/openarm_umi_bridge
copying launch/umi_bridge.launch.py -> /home/taoqiu/ros2_ws/install/openarm_umi_bridge/share/openarm_umi_bridge/launch
running install_egg_info
Copying ../../../build/openarm_umi_bridge/openarm_umi_bridge.egg-info to /home/taoqiu/ros2_ws/install/openarm_umi_bridge/lib/python3.10/site-packages/openarm_umi_bridge-1.0.0-py3.10.egg-info
running install_scripts
Installing umi_bridge script to /home/taoqiu/ros2_ws/install/openarm_umi_bridge/lib/openarm_umi_bridge
writing list of installed files to '/home/taoqiu/ros2_ws/build/openarm_umi_bridge/install.log'
