[0.015s] Invoking command in '/home/taoqiu/ros2_ws/build/openarm_hardware': CMAKE_PREFIX_PATH=/home/taoqiu/ros2_ws/install/openarm_can:/opt/ros/humble CONDA_PROMPT_MODIFIER=(base) PATH=/home/taoqiu/ros2_ws/install/openarm_can/bin:${PATH} PKG_CONFIG_PATH=/home/taoqiu/ros2_ws/install/openarm_can/lib/x86_64-linux-gnu/pkgconfig:/home/taoqiu/ros2_ws/install/openarm_can/lib/pkgconfig /usr/bin/cmake /home/taoqiu/ros2_ws/src/openarm_ros2/openarm_hardware -DCMAKE_INSTALL_PREFIX=/home/taoqiu/ros2_ws/install/openarm_hardware
[0.112s] -- The C compiler identification is GNU 11.4.0
[0.164s] -- The CXX compiler identification is GNU 11.4.0
[0.168s] -- Detecting C compiler ABI info
[0.218s] -- Detecting C compiler ABI info - done
[0.222s] -- Check for working C compiler: /usr/bin/cc - skipped
[0.222s] -- Detecting C compile features
[0.222s] -- Detecting C compile features - done
[0.224s] -- Detecting CXX compiler ABI info
[0.320s] -- Detecting CXX compiler ABI info - done
[0.324s] -- Check for working CXX compiler: /usr/bin/c++ - skipped
[0.324s] -- Detecting CXX compile features
[0.324s] -- Detecting CXX compile features - done
[0.325s] -- Found ament_cmake: 1.3.14 (/opt/ros/humble/share/ament_cmake/cmake)
[0.418s] -- Found Python3: /usr/bin/python3 (found version "3.10.12") found components: Interpreter 
[0.464s] -- Found hardware_interface: 2.54.0 (/opt/ros/humble/share/hardware_interface/cmake)
[0.483s] -- Found rosidl_generator_c: 3.1.8 (/opt/ros/humble/share/rosidl_generator_c/cmake)
[0.485s] -- Found rosidl_adapter: 3.1.8 (/opt/ros/humble/share/rosidl_adapter/cmake)
[0.489s] -- Found rosidl_generator_cpp: 3.1.8 (/opt/ros/humble/share/rosidl_generator_cpp/cmake)
[0.495s] -- Using all available rosidl_typesupport_c: rosidl_typesupport_fastrtps_c;rosidl_typesupport_introspection_c
[0.502s] -- Using all available rosidl_typesupport_cpp: rosidl_typesupport_fastrtps_cpp;rosidl_typesupport_introspection_cpp
[0.595s] -- Found rmw_implementation_cmake: 6.1.2 (/opt/ros/humble/share/rmw_implementation_cmake/cmake)
[0.597s] -- Found rmw_fastrtps_cpp: 6.2.10 (/opt/ros/humble/share/rmw_fastrtps_cpp/cmake)
[0.608s] -- Found TinyXML2 via Config file: TinyXML2_DIR-NOTFOUND
[0.651s] -- Found OpenSSL: /usr/lib/x86_64-linux-gnu/libcrypto.so (found version "3.0.2")  
[0.657s] -- Found TinyXML2 via Config file: TinyXML2_DIR-NOTFOUND
[0.674s] -- Found FastRTPS: /opt/ros/humble/include  
[0.676s] -- Found TinyXML2 via Config file: TinyXML2_DIR-NOTFOUND
[0.681s] -- Found TinyXML2 via Config file: TinyXML2_DIR-NOTFOUND
[0.688s] -- Using RMW implementation 'rmw_fastrtps_cpp' as default
[0.693s] -- Looking for pthread.h
[0.783s] -- Looking for pthread.h - found
[0.783s] -- Performing Test CMAKE_HAVE_LIBC_PTHREAD
[0.852s] -- Performing Test CMAKE_HAVE_LIBC_PTHREAD - Success
[0.853s] -- Found Threads: TRUE  
[0.920s] -- Configuring done
[0.925s] -- Generating done
[0.927s] -- Build files have been written to: /home/taoqiu/ros2_ws/build/openarm_hardware
[0.932s] Invoked command in '/home/taoqiu/ros2_ws/build/openarm_hardware' returned '0': CMAKE_PREFIX_PATH=/home/taoqiu/ros2_ws/install/openarm_can:/opt/ros/humble CONDA_PROMPT_MODIFIER=(base) PATH=/home/taoqiu/ros2_ws/install/openarm_can/bin:${PATH} PKG_CONFIG_PATH=/home/taoqiu/ros2_ws/install/openarm_can/lib/x86_64-linux-gnu/pkgconfig:/home/taoqiu/ros2_ws/install/openarm_can/lib/pkgconfig /usr/bin/cmake /home/taoqiu/ros2_ws/src/openarm_ros2/openarm_hardware -DCMAKE_INSTALL_PREFIX=/home/taoqiu/ros2_ws/install/openarm_hardware
[0.933s] Invoking command in '/home/taoqiu/ros2_ws/build/openarm_hardware': CMAKE_PREFIX_PATH=/home/taoqiu/ros2_ws/install/openarm_can:/opt/ros/humble CONDA_PROMPT_MODIFIER=(base) PATH=/home/taoqiu/ros2_ws/install/openarm_can/bin:${PATH} PKG_CONFIG_PATH=/home/taoqiu/ros2_ws/install/openarm_can/lib/x86_64-linux-gnu/pkgconfig:/home/taoqiu/ros2_ws/install/openarm_can/lib/pkgconfig /usr/bin/cmake --build /home/taoqiu/ros2_ws/build/openarm_hardware -- -j24 -l24
[0.964s] [ 50%] Building CXX object CMakeFiles/openarm_hardware.dir/src/openarm_simple_hardware.cpp.o
[2.693s] [100%] Linking CXX shared library libopenarm_hardware.so
[2.810s] [100%] Built target openarm_hardware
[2.816s] Invoked command in '/home/taoqiu/ros2_ws/build/openarm_hardware' returned '0': CMAKE_PREFIX_PATH=/home/taoqiu/ros2_ws/install/openarm_can:/opt/ros/humble CONDA_PROMPT_MODIFIER=(base) PATH=/home/taoqiu/ros2_ws/install/openarm_can/bin:${PATH} PKG_CONFIG_PATH=/home/taoqiu/ros2_ws/install/openarm_can/lib/x86_64-linux-gnu/pkgconfig:/home/taoqiu/ros2_ws/install/openarm_can/lib/pkgconfig /usr/bin/cmake --build /home/taoqiu/ros2_ws/build/openarm_hardware -- -j24 -l24
[2.817s] Invoking command in '/home/taoqiu/ros2_ws/build/openarm_hardware': CMAKE_PREFIX_PATH=/home/taoqiu/ros2_ws/install/openarm_can:/opt/ros/humble CONDA_PROMPT_MODIFIER=(base) PATH=/home/taoqiu/ros2_ws/install/openarm_can/bin:${PATH} PKG_CONFIG_PATH=/home/taoqiu/ros2_ws/install/openarm_can/lib/x86_64-linux-gnu/pkgconfig:/home/taoqiu/ros2_ws/install/openarm_can/lib/pkgconfig /usr/bin/cmake --install /home/taoqiu/ros2_ws/build/openarm_hardware
[2.822s] -- Install configuration: ""
[2.822s] -- Installing: /home/taoqiu/ros2_ws/install/openarm_hardware/share/openarm_hardware/openarm_hardware.xml
[2.822s] -- Installing: /home/taoqiu/ros2_ws/install/openarm_hardware/lib/libopenarm_hardware.so
[2.823s] -- Set runtime path of "/home/taoqiu/ros2_ws/install/openarm_hardware/lib/libopenarm_hardware.so" to ""
[2.823s] -- Installing: /home/taoqiu/ros2_ws/install/openarm_hardware/include
[2.823s] -- Installing: /home/taoqiu/ros2_ws/install/openarm_hardware/include/openarm_hardware
[2.823s] -- Installing: /home/taoqiu/ros2_ws/install/openarm_hardware/include/openarm_hardware/openarm_simple_hardware.hpp
[2.823s] -- Installing: /home/taoqiu/ros2_ws/install/openarm_hardware/include/openarm_hardware/visibility_control.h
[2.823s] -- Installing: /home/taoqiu/ros2_ws/install/openarm_hardware/share/openarm_hardware/environment/library_path.sh
[2.823s] -- Installing: /home/taoqiu/ros2_ws/install/openarm_hardware/share/openarm_hardware/environment/library_path.dsv
[2.823s] -- Installing: /home/taoqiu/ros2_ws/install/openarm_hardware/share/ament_index/resource_index/package_run_dependencies/openarm_hardware
[2.823s] -- Installing: /home/taoqiu/ros2_ws/install/openarm_hardware/share/ament_index/resource_index/parent_prefix_path/openarm_hardware
[2.823s] -- Installing: /home/taoqiu/ros2_ws/install/openarm_hardware/share/openarm_hardware/environment/ament_prefix_path.sh
[2.823s] -- Installing: /home/taoqiu/ros2_ws/install/openarm_hardware/share/openarm_hardware/environment/ament_prefix_path.dsv
[2.823s] -- Installing: /home/taoqiu/ros2_ws/install/openarm_hardware/share/openarm_hardware/environment/path.sh
[2.823s] -- Installing: /home/taoqiu/ros2_ws/install/openarm_hardware/share/openarm_hardware/environment/path.dsv
[2.823s] -- Installing: /home/taoqiu/ros2_ws/install/openarm_hardware/share/openarm_hardware/local_setup.bash
[2.824s] -- Installing: /home/taoqiu/ros2_ws/install/openarm_hardware/share/openarm_hardware/local_setup.sh
[2.824s] -- Installing: /home/taoqiu/ros2_ws/install/openarm_hardware/share/openarm_hardware/local_setup.zsh
[2.824s] -- Installing: /home/taoqiu/ros2_ws/install/openarm_hardware/share/openarm_hardware/local_setup.dsv
[2.824s] -- Installing: /home/taoqiu/ros2_ws/install/openarm_hardware/share/openarm_hardware/package.dsv
[2.824s] -- Installing: /home/taoqiu/ros2_ws/install/openarm_hardware/share/ament_index/resource_index/packages/openarm_hardware
[2.824s] -- Installing: /home/taoqiu/ros2_ws/install/openarm_hardware/share/ament_index/resource_index/hardware_interface__pluginlib__plugin/openarm_hardware
[2.824s] -- Installing: /home/taoqiu/ros2_ws/install/openarm_hardware/share/openarm_hardware/cmake/ament_cmake_export_include_directories-extras.cmake
[2.824s] -- Installing: /home/taoqiu/ros2_ws/install/openarm_hardware/share/openarm_hardware/cmake/ament_cmake_export_libraries-extras.cmake
[2.824s] -- Installing: /home/taoqiu/ros2_ws/install/openarm_hardware/share/openarm_hardware/cmake/ament_cmake_export_dependencies-extras.cmake
[2.824s] -- Installing: /home/taoqiu/ros2_ws/install/openarm_hardware/share/openarm_hardware/cmake/openarm_hardwareConfig.cmake
[2.824s] -- Installing: /home/taoqiu/ros2_ws/install/openarm_hardware/share/openarm_hardware/cmake/openarm_hardwareConfig-version.cmake
[2.824s] -- Installing: /home/taoqiu/ros2_ws/install/openarm_hardware/share/openarm_hardware/package.xml
[2.825s] Invoked command in '/home/taoqiu/ros2_ws/build/openarm_hardware' returned '0': CMAKE_PREFIX_PATH=/home/taoqiu/ros2_ws/install/openarm_can:/opt/ros/humble CONDA_PROMPT_MODIFIER=(base) PATH=/home/taoqiu/ros2_ws/install/openarm_can/bin:${PATH} PKG_CONFIG_PATH=/home/taoqiu/ros2_ws/install/openarm_can/lib/x86_64-linux-gnu/pkgconfig:/home/taoqiu/ros2_ws/install/openarm_can/lib/pkgconfig /usr/bin/cmake --install /home/taoqiu/ros2_ws/build/openarm_hardware
