[0.059s] colcon DEBUG Command line arguments: ['/usr/bin/colcon', 'build', '--packages-select', 'openarm_can']
[0.059s] colcon DEBUG Parsed command line arguments: Namespace(log_base=None, log_level=None, verb_name='build', build_base='build', install_base='install', merge_install=False, symlink_install=False, test_result_base=None, continue_on_error=False, executor='parallel', parallel_workers=24, event_handlers=None, ignore_user_meta=False, metas=['./colcon.meta'], base_paths=['.'], packages_ignore=None, packages_ignore_regex=None, paths=None, packages_up_to=None, packages_up_to_regex=None, packages_above=None, packages_above_and_dependencies=None, packages_above_depth=None, packages_select_by_dep=None, packages_skip_by_dep=None, packages_skip_up_to=None, packages_select_build_failed=False, packages_skip_build_finished=False, packages_select_test_failures=False, packages_skip_test_passed=False, packages_select=['openarm_can'], packages_skip=None, packages_select_regex=None, packages_skip_regex=None, packages_start=None, packages_end=None, allow_overriding=[], cmake_args=None, cmake_target=None, cmake_target_skip_unavailable=False, cmake_clean_cache=False, cmake_clean_first=False, cmake_force_configure=False, ament_cmake_args=None, catkin_cmake_args=None, catkin_skip_building_tests=False, verb_parser=<colcon_defaults.argument_parser.defaults.DefaultArgumentsDecorator object at 0x70b1385d1030>, verb_extension=<colcon_core.verb.build.BuildVerb object at 0x70b1385d0a60>, main=<bound method BuildVerb.main of <colcon_core.verb.build.BuildVerb object at 0x70b1385d0a60>>)
[0.170s] colcon.colcon_core.package_discovery Level 1 discover_packages(colcon_meta) check parameters
[0.170s] colcon.colcon_core.package_discovery Level 1 discover_packages(recursive) check parameters
[0.170s] colcon.colcon_core.package_discovery Level 1 discover_packages(ignore) check parameters
[0.170s] colcon.colcon_core.package_discovery Level 1 discover_packages(path) check parameters
[0.170s] colcon.colcon_core.package_discovery Level 1 discover_packages(colcon_meta) discover
[0.170s] colcon.colcon_core.package_discovery Level 1 discover_packages(recursive) discover
[0.170s] colcon.colcon_core.package_discovery INFO Crawling recursively for packages in '/home/taoqiu/ros2_ws'
[0.170s] colcon.colcon_core.package_identification Level 1 _identify(.) by extensions ['ignore', 'ignore_ament_install']
[0.170s] colcon.colcon_core.package_identification Level 1 _identify(.) by extension 'ignore'
[0.170s] colcon.colcon_core.package_identification Level 1 _identify(.) by extension 'ignore_ament_install'
[0.170s] colcon.colcon_core.package_identification Level 1 _identify(.) by extensions ['colcon_pkg']
[0.170s] colcon.colcon_core.package_identification Level 1 _identify(.) by extension 'colcon_pkg'
[0.170s] colcon.colcon_core.package_identification Level 1 _identify(.) by extensions ['colcon_meta']
[0.170s] colcon.colcon_core.package_identification Level 1 _identify(.) by extension 'colcon_meta'
[0.170s] colcon.colcon_core.package_identification Level 1 _identify(.) by extensions ['ros']
[0.170s] colcon.colcon_core.package_identification Level 1 _identify(.) by extension 'ros'
[0.179s] colcon.colcon_core.package_identification Level 1 _identify(.) by extensions ['cmake', 'python']
[0.179s] colcon.colcon_core.package_identification Level 1 _identify(.) by extension 'cmake'
[0.179s] colcon.colcon_core.package_identification Level 1 _identify(.) by extension 'python'
[0.179s] colcon.colcon_core.package_identification Level 1 _identify(.) by extensions ['python_setup_py']
[0.179s] colcon.colcon_core.package_identification Level 1 _identify(.) by extension 'python_setup_py'
[0.180s] colcon.colcon_core.package_identification Level 1 _identify(build) by extensions ['ignore', 'ignore_ament_install']
[0.180s] colcon.colcon_core.package_identification Level 1 _identify(build) by extension 'ignore'
[0.180s] colcon.colcon_core.package_identification Level 1 _identify(build) ignored
[0.180s] colcon.colcon_core.package_identification Level 1 _identify(install) by extensions ['ignore', 'ignore_ament_install']
[0.180s] colcon.colcon_core.package_identification Level 1 _identify(install) by extension 'ignore'
[0.180s] colcon.colcon_core.package_identification Level 1 _identify(install) ignored
[0.180s] colcon.colcon_core.package_identification Level 1 _identify(log) by extensions ['ignore', 'ignore_ament_install']
[0.180s] colcon.colcon_core.package_identification Level 1 _identify(log) by extension 'ignore'
[0.180s] colcon.colcon_core.package_identification Level 1 _identify(log) ignored
[0.180s] colcon.colcon_core.package_identification Level 1 _identify(src) by extensions ['ignore', 'ignore_ament_install']
[0.180s] colcon.colcon_core.package_identification Level 1 _identify(src) by extension 'ignore'
[0.180s] colcon.colcon_core.package_identification Level 1 _identify(src) by extension 'ignore_ament_install'
[0.180s] colcon.colcon_core.package_identification Level 1 _identify(src) by extensions ['colcon_pkg']
[0.180s] colcon.colcon_core.package_identification Level 1 _identify(src) by extension 'colcon_pkg'
[0.180s] colcon.colcon_core.package_identification Level 1 _identify(src) by extensions ['colcon_meta']
[0.180s] colcon.colcon_core.package_identification Level 1 _identify(src) by extension 'colcon_meta'
[0.180s] colcon.colcon_core.package_identification Level 1 _identify(src) by extensions ['ros']
[0.180s] colcon.colcon_core.package_identification Level 1 _identify(src) by extension 'ros'
[0.180s] colcon.colcon_core.package_identification Level 1 _identify(src) by extensions ['cmake', 'python']
[0.180s] colcon.colcon_core.package_identification Level 1 _identify(src) by extension 'cmake'
[0.180s] colcon.colcon_core.package_identification Level 1 _identify(src) by extension 'python'
[0.180s] colcon.colcon_core.package_identification Level 1 _identify(src) by extensions ['python_setup_py']
[0.180s] colcon.colcon_core.package_identification Level 1 _identify(src) by extension 'python_setup_py'
[0.180s] colcon.colcon_core.package_identification Level 1 _identify(src/bio_ik) by extensions ['ignore', 'ignore_ament_install']
[0.180s] colcon.colcon_core.package_identification Level 1 _identify(src/bio_ik) by extension 'ignore'
[0.180s] colcon.colcon_core.package_identification Level 1 _identify(src/bio_ik) by extension 'ignore_ament_install'
[0.180s] colcon.colcon_core.package_identification Level 1 _identify(src/bio_ik) by extensions ['colcon_pkg']
[0.180s] colcon.colcon_core.package_identification Level 1 _identify(src/bio_ik) by extension 'colcon_pkg'
[0.180s] colcon.colcon_core.package_identification Level 1 _identify(src/bio_ik) by extensions ['colcon_meta']
[0.180s] colcon.colcon_core.package_identification Level 1 _identify(src/bio_ik) by extension 'colcon_meta'
[0.180s] colcon.colcon_core.package_identification Level 1 _identify(src/bio_ik) by extensions ['ros']
[0.180s] colcon.colcon_core.package_identification Level 1 _identify(src/bio_ik) by extension 'ros'
[0.182s] colcon.colcon_core.package_identification DEBUG Package 'src/bio_ik' with type 'ros.ament_cmake' and name 'bio_ik'
[0.182s] colcon.colcon_core.package_identification Level 1 _identify(src/openarm_can) by extensions ['ignore', 'ignore_ament_install']
[0.182s] colcon.colcon_core.package_identification Level 1 _identify(src/openarm_can) by extension 'ignore'
[0.182s] colcon.colcon_core.package_identification Level 1 _identify(src/openarm_can) by extension 'ignore_ament_install'
[0.182s] colcon.colcon_core.package_identification Level 1 _identify(src/openarm_can) by extensions ['colcon_pkg']
[0.182s] colcon.colcon_core.package_identification Level 1 _identify(src/openarm_can) by extension 'colcon_pkg'
[0.182s] colcon.colcon_core.package_identification Level 1 _identify(src/openarm_can) by extensions ['colcon_meta']
[0.182s] colcon.colcon_core.package_identification Level 1 _identify(src/openarm_can) by extension 'colcon_meta'
[0.182s] colcon.colcon_core.package_identification Level 1 _identify(src/openarm_can) by extensions ['ros']
[0.182s] colcon.colcon_core.package_identification Level 1 _identify(src/openarm_can) by extension 'ros'
[0.182s] colcon.colcon_core.package_identification DEBUG Package 'src/openarm_can' with type 'ros.cmake' and name 'openarm_can'
[0.182s] colcon.colcon_core.package_identification Level 1 _identify(src/openarm_description) by extensions ['ignore', 'ignore_ament_install']
[0.182s] colcon.colcon_core.package_identification Level 1 _identify(src/openarm_description) by extension 'ignore'
[0.182s] colcon.colcon_core.package_identification Level 1 _identify(src/openarm_description) by extension 'ignore_ament_install'
[0.182s] colcon.colcon_core.package_identification Level 1 _identify(src/openarm_description) by extensions ['colcon_pkg']
[0.182s] colcon.colcon_core.package_identification Level 1 _identify(src/openarm_description) by extension 'colcon_pkg'
[0.182s] colcon.colcon_core.package_identification Level 1 _identify(src/openarm_description) by extensions ['colcon_meta']
[0.182s] colcon.colcon_core.package_identification Level 1 _identify(src/openarm_description) by extension 'colcon_meta'
[0.182s] colcon.colcon_core.package_identification Level 1 _identify(src/openarm_description) by extensions ['ros']
[0.182s] colcon.colcon_core.package_identification Level 1 _identify(src/openarm_description) by extension 'ros'
[0.183s] colcon.colcon_core.package_identification DEBUG Package 'src/openarm_description' with type 'ros.ament_cmake' and name 'openarm_description'
[0.183s] colcon.colcon_core.package_identification Level 1 _identify(src/openarm_ros2) by extensions ['ignore', 'ignore_ament_install']
[0.183s] colcon.colcon_core.package_identification Level 1 _identify(src/openarm_ros2) by extension 'ignore'
[0.183s] colcon.colcon_core.package_identification Level 1 _identify(src/openarm_ros2) by extension 'ignore_ament_install'
[0.183s] colcon.colcon_core.package_identification Level 1 _identify(src/openarm_ros2) by extensions ['colcon_pkg']
[0.183s] colcon.colcon_core.package_identification Level 1 _identify(src/openarm_ros2) by extension 'colcon_pkg'
[0.183s] colcon.colcon_core.package_identification Level 1 _identify(src/openarm_ros2) by extensions ['colcon_meta']
[0.183s] colcon.colcon_core.package_identification Level 1 _identify(src/openarm_ros2) by extension 'colcon_meta'
[0.183s] colcon.colcon_core.package_identification Level 1 _identify(src/openarm_ros2) by extensions ['ros']
[0.183s] colcon.colcon_core.package_identification Level 1 _identify(src/openarm_ros2) by extension 'ros'
[0.183s] colcon.colcon_core.package_identification Level 1 _identify(src/openarm_ros2) by extensions ['cmake', 'python']
[0.183s] colcon.colcon_core.package_identification Level 1 _identify(src/openarm_ros2) by extension 'cmake'
[0.183s] colcon.colcon_core.package_identification Level 1 _identify(src/openarm_ros2) by extension 'python'
[0.183s] colcon.colcon_core.package_identification Level 1 _identify(src/openarm_ros2) by extensions ['python_setup_py']
[0.183s] colcon.colcon_core.package_identification Level 1 _identify(src/openarm_ros2) by extension 'python_setup_py'
[0.183s] colcon.colcon_core.package_identification Level 1 _identify(src/openarm_ros2/dev) by extensions ['ignore', 'ignore_ament_install']
[0.183s] colcon.colcon_core.package_identification Level 1 _identify(src/openarm_ros2/dev) by extension 'ignore'
[0.183s] colcon.colcon_core.package_identification Level 1 _identify(src/openarm_ros2/dev) by extension 'ignore_ament_install'
[0.183s] colcon.colcon_core.package_identification Level 1 _identify(src/openarm_ros2/dev) by extensions ['colcon_pkg']
[0.183s] colcon.colcon_core.package_identification Level 1 _identify(src/openarm_ros2/dev) by extension 'colcon_pkg'
[0.183s] colcon.colcon_core.package_identification Level 1 _identify(src/openarm_ros2/dev) by extensions ['colcon_meta']
[0.183s] colcon.colcon_core.package_identification Level 1 _identify(src/openarm_ros2/dev) by extension 'colcon_meta'
[0.183s] colcon.colcon_core.package_identification Level 1 _identify(src/openarm_ros2/dev) by extensions ['ros']
[0.183s] colcon.colcon_core.package_identification Level 1 _identify(src/openarm_ros2/dev) by extension 'ros'
[0.183s] colcon.colcon_core.package_identification Level 1 _identify(src/openarm_ros2/dev) by extensions ['cmake', 'python']
[0.183s] colcon.colcon_core.package_identification Level 1 _identify(src/openarm_ros2/dev) by extension 'cmake'
[0.183s] colcon.colcon_core.package_identification Level 1 _identify(src/openarm_ros2/dev) by extension 'python'
[0.183s] colcon.colcon_core.package_identification Level 1 _identify(src/openarm_ros2/dev) by extensions ['python_setup_py']
[0.183s] colcon.colcon_core.package_identification Level 1 _identify(src/openarm_ros2/dev) by extension 'python_setup_py'
[0.184s] colcon.colcon_core.package_identification Level 1 _identify(src/openarm_ros2/openarm) by extensions ['ignore', 'ignore_ament_install']
[0.184s] colcon.colcon_core.package_identification Level 1 _identify(src/openarm_ros2/openarm) by extension 'ignore'
[0.184s] colcon.colcon_core.package_identification Level 1 _identify(src/openarm_ros2/openarm) by extension 'ignore_ament_install'
[0.184s] colcon.colcon_core.package_identification Level 1 _identify(src/openarm_ros2/openarm) by extensions ['colcon_pkg']
[0.184s] colcon.colcon_core.package_identification Level 1 _identify(src/openarm_ros2/openarm) by extension 'colcon_pkg'
[0.184s] colcon.colcon_core.package_identification Level 1 _identify(src/openarm_ros2/openarm) by extensions ['colcon_meta']
[0.184s] colcon.colcon_core.package_identification Level 1 _identify(src/openarm_ros2/openarm) by extension 'colcon_meta'
[0.184s] colcon.colcon_core.package_identification Level 1 _identify(src/openarm_ros2/openarm) by extensions ['ros']
[0.184s] colcon.colcon_core.package_identification Level 1 _identify(src/openarm_ros2/openarm) by extension 'ros'
[0.184s] colcon.colcon_core.package_identification DEBUG Package 'src/openarm_ros2/openarm' with type 'ros.ament_cmake' and name 'openarm'
[0.184s] colcon.colcon_core.package_identification Level 1 _identify(src/openarm_ros2/openarm_bimanual_moveit_config) by extensions ['ignore', 'ignore_ament_install']
[0.184s] colcon.colcon_core.package_identification Level 1 _identify(src/openarm_ros2/openarm_bimanual_moveit_config) by extension 'ignore'
[0.184s] colcon.colcon_core.package_identification Level 1 _identify(src/openarm_ros2/openarm_bimanual_moveit_config) by extension 'ignore_ament_install'
[0.184s] colcon.colcon_core.package_identification Level 1 _identify(src/openarm_ros2/openarm_bimanual_moveit_config) by extensions ['colcon_pkg']
[0.184s] colcon.colcon_core.package_identification Level 1 _identify(src/openarm_ros2/openarm_bimanual_moveit_config) by extension 'colcon_pkg'
[0.184s] colcon.colcon_core.package_identification Level 1 _identify(src/openarm_ros2/openarm_bimanual_moveit_config) by extensions ['colcon_meta']
[0.184s] colcon.colcon_core.package_identification Level 1 _identify(src/openarm_ros2/openarm_bimanual_moveit_config) by extension 'colcon_meta'
[0.184s] colcon.colcon_core.package_identification Level 1 _identify(src/openarm_ros2/openarm_bimanual_moveit_config) by extensions ['ros']
[0.184s] colcon.colcon_core.package_identification Level 1 _identify(src/openarm_ros2/openarm_bimanual_moveit_config) by extension 'ros'
[0.185s] colcon.colcon_core.package_identification DEBUG Package 'src/openarm_ros2/openarm_bimanual_moveit_config' with type 'ros.ament_cmake' and name 'openarm_bimanual_moveit_config'
[0.185s] colcon.colcon_core.package_identification Level 1 _identify(src/openarm_ros2/openarm_bringup) by extensions ['ignore', 'ignore_ament_install']
[0.185s] colcon.colcon_core.package_identification Level 1 _identify(src/openarm_ros2/openarm_bringup) by extension 'ignore'
[0.185s] colcon.colcon_core.package_identification Level 1 _identify(src/openarm_ros2/openarm_bringup) by extension 'ignore_ament_install'
[0.185s] colcon.colcon_core.package_identification Level 1 _identify(src/openarm_ros2/openarm_bringup) by extensions ['colcon_pkg']
[0.185s] colcon.colcon_core.package_identification Level 1 _identify(src/openarm_ros2/openarm_bringup) by extension 'colcon_pkg'
[0.185s] colcon.colcon_core.package_identification Level 1 _identify(src/openarm_ros2/openarm_bringup) by extensions ['colcon_meta']
[0.185s] colcon.colcon_core.package_identification Level 1 _identify(src/openarm_ros2/openarm_bringup) by extension 'colcon_meta'
[0.185s] colcon.colcon_core.package_identification Level 1 _identify(src/openarm_ros2/openarm_bringup) by extensions ['ros']
[0.185s] colcon.colcon_core.package_identification Level 1 _identify(src/openarm_ros2/openarm_bringup) by extension 'ros'
[0.185s] colcon.colcon_core.package_identification DEBUG Package 'src/openarm_ros2/openarm_bringup' with type 'ros.ament_cmake' and name 'openarm_bringup'
[0.185s] colcon.colcon_core.package_identification Level 1 _identify(src/openarm_ros2/openarm_hardware) by extensions ['ignore', 'ignore_ament_install']
[0.185s] colcon.colcon_core.package_identification Level 1 _identify(src/openarm_ros2/openarm_hardware) by extension 'ignore'
[0.185s] colcon.colcon_core.package_identification Level 1 _identify(src/openarm_ros2/openarm_hardware) by extension 'ignore_ament_install'
[0.185s] colcon.colcon_core.package_identification Level 1 _identify(src/openarm_ros2/openarm_hardware) by extensions ['colcon_pkg']
[0.185s] colcon.colcon_core.package_identification Level 1 _identify(src/openarm_ros2/openarm_hardware) by extension 'colcon_pkg'
[0.185s] colcon.colcon_core.package_identification Level 1 _identify(src/openarm_ros2/openarm_hardware) by extensions ['colcon_meta']
[0.185s] colcon.colcon_core.package_identification Level 1 _identify(src/openarm_ros2/openarm_hardware) by extension 'colcon_meta'
[0.186s] colcon.colcon_core.package_identification Level 1 _identify(src/openarm_ros2/openarm_hardware) by extensions ['ros']
[0.186s] colcon.colcon_core.package_identification Level 1 _identify(src/openarm_ros2/openarm_hardware) by extension 'ros'
[0.186s] colcon.colcon_core.package_identification DEBUG Package 'src/openarm_ros2/openarm_hardware' with type 'ros.ament_cmake' and name 'openarm_hardware'
[0.186s] colcon.colcon_core.package_discovery Level 1 discover_packages(recursive) using defaults
[0.186s] colcon.colcon_core.package_discovery Level 1 discover_packages(ignore) discover
[0.186s] colcon.colcon_core.package_discovery Level 1 discover_packages(ignore) using defaults
[0.186s] colcon.colcon_core.package_discovery Level 1 discover_packages(path) discover
[0.186s] colcon.colcon_core.package_discovery Level 1 discover_packages(path) using defaults
[0.195s] colcon.colcon_core.package_selection INFO Skipping not selected package 'bio_ik' in 'src/bio_ik'
[0.195s] colcon.colcon_core.package_selection INFO Skipping not selected package 'openarm_description' in 'src/openarm_description'
[0.195s] colcon.colcon_core.package_selection INFO Skipping not selected package 'openarm_bimanual_moveit_config' in 'src/openarm_ros2/openarm_bimanual_moveit_config'
[0.195s] colcon.colcon_core.package_selection INFO Skipping not selected package 'openarm_hardware' in 'src/openarm_ros2/openarm_hardware'
[0.195s] colcon.colcon_core.package_selection INFO Skipping not selected package 'openarm_bringup' in 'src/openarm_ros2/openarm_bringup'
[0.195s] colcon.colcon_core.package_selection INFO Skipping not selected package 'openarm' in 'src/openarm_ros2/openarm'
[0.196s] colcon.colcon_core.package_discovery Level 1 discover_packages(prefix_path) check parameters
[0.196s] colcon.colcon_core.package_discovery Level 1 discover_packages(prefix_path) discover
[0.197s] colcon.colcon_installed_package_information.package_discovery DEBUG Found 388 installed packages in /opt/ros/humble
[0.198s] colcon.colcon_core.package_discovery Level 1 discover_packages(prefix_path) using defaults
[0.218s] colcon.colcon_core.verb Level 5 set package 'openarm_can' build argument 'cmake_args' from command line to 'None'
[0.218s] colcon.colcon_core.verb Level 5 set package 'openarm_can' build argument 'cmake_target' from command line to 'None'
[0.218s] colcon.colcon_core.verb Level 5 set package 'openarm_can' build argument 'cmake_target_skip_unavailable' from command line to 'False'
[0.218s] colcon.colcon_core.verb Level 5 set package 'openarm_can' build argument 'cmake_clean_cache' from command line to 'False'
[0.218s] colcon.colcon_core.verb Level 5 set package 'openarm_can' build argument 'cmake_clean_first' from command line to 'False'
[0.218s] colcon.colcon_core.verb Level 5 set package 'openarm_can' build argument 'cmake_force_configure' from command line to 'False'
[0.218s] colcon.colcon_core.verb Level 5 set package 'openarm_can' build argument 'ament_cmake_args' from command line to 'None'
[0.218s] colcon.colcon_core.verb Level 5 set package 'openarm_can' build argument 'catkin_cmake_args' from command line to 'None'
[0.218s] colcon.colcon_core.verb Level 5 set package 'openarm_can' build argument 'catkin_skip_building_tests' from command line to 'False'
[0.218s] colcon.colcon_core.verb DEBUG Building package 'openarm_can' with the following arguments: {'ament_cmake_args': None, 'build_base': '/home/taoqiu/ros2_ws/build/openarm_can', 'catkin_cmake_args': None, 'catkin_skip_building_tests': False, 'cmake_args': None, 'cmake_clean_cache': False, 'cmake_clean_first': False, 'cmake_force_configure': False, 'cmake_target': None, 'cmake_target_skip_unavailable': False, 'install_base': '/home/taoqiu/ros2_ws/install/openarm_can', 'merge_install': False, 'path': '/home/taoqiu/ros2_ws/src/openarm_can', 'symlink_install': False, 'test_result_base': None}
[0.218s] colcon.colcon_core.executor INFO Executing jobs using 'parallel' executor
[0.219s] colcon.colcon_parallel_executor.executor.parallel DEBUG run_until_complete
[0.219s] colcon.colcon_ros.task.cmake.build INFO Building ROS package in '/home/taoqiu/ros2_ws/src/openarm_can' with build type 'cmake'
[0.219s] colcon.colcon_cmake.task.cmake.build INFO Building CMake package in '/home/taoqiu/ros2_ws/src/openarm_can'
[0.220s] colcon.colcon_core.plugin_system INFO Skipping extension 'colcon_core.shell.bat': Not used on non-Windows systems
[0.220s] colcon.colcon_core.shell INFO Skip shell extension 'powershell' for command environment: Not usable outside of PowerShell
[0.220s] colcon.colcon_core.shell DEBUG Skip shell extension 'dsv' for command environment
[0.224s] colcon.colcon_core.event_handler.log_command DEBUG Invoking command in '/home/taoqiu/ros2_ws/build/openarm_can': CMAKE_PREFIX_PATH=/opt/ros/humble CONDA_PROMPT_MODIFIER=(base) /usr/bin/cmake --build /home/taoqiu/ros2_ws/build/openarm_can -- -j24 -l24
[2.220s] colcon.colcon_core.event_handler.log_command DEBUG Invoked command in '/home/taoqiu/ros2_ws/build/openarm_can' returned '0': CMAKE_PREFIX_PATH=/opt/ros/humble CONDA_PROMPT_MODIFIER=(base) /usr/bin/cmake --build /home/taoqiu/ros2_ws/build/openarm_can -- -j24 -l24
[2.226s] colcon.colcon_core.event_handler.log_command DEBUG Invoking command in '/home/taoqiu/ros2_ws/build/openarm_can': CMAKE_PREFIX_PATH=/opt/ros/humble CONDA_PROMPT_MODIFIER=(base) /usr/bin/cmake --install /home/taoqiu/ros2_ws/build/openarm_can
[2.233s] colcon.colcon_core.event_handler.log_command DEBUG Invoked command in '/home/taoqiu/ros2_ws/build/openarm_can' returned '0': CMAKE_PREFIX_PATH=/opt/ros/humble CONDA_PROMPT_MODIFIER=(base) /usr/bin/cmake --install /home/taoqiu/ros2_ws/build/openarm_can
[2.233s] colcon.colcon_core.shell Level 1 create_environment_hook('openarm_can', 'pkg_config_path')
[2.233s] colcon.colcon_core.shell INFO Creating environment hook '/home/taoqiu/ros2_ws/install/openarm_can/share/openarm_can/hook/pkg_config_path.ps1'
[2.234s] colcon.colcon_core.shell INFO Creating environment descriptor '/home/taoqiu/ros2_ws/install/openarm_can/share/openarm_can/hook/pkg_config_path.dsv'
[2.234s] colcon.colcon_core.shell INFO Creating environment hook '/home/taoqiu/ros2_ws/install/openarm_can/share/openarm_can/hook/pkg_config_path.sh'
[2.236s] colcon.colcon_core.shell Level 1 create_environment_hook('openarm_can', 'pkg_config_path_multiarch')
[2.236s] colcon.colcon_core.shell INFO Creating environment hook '/home/taoqiu/ros2_ws/install/openarm_can/share/openarm_can/hook/pkg_config_path_multiarch.ps1'
[2.236s] colcon.colcon_core.shell INFO Creating environment descriptor '/home/taoqiu/ros2_ws/install/openarm_can/share/openarm_can/hook/pkg_config_path_multiarch.dsv'
[2.237s] colcon.colcon_core.shell INFO Creating environment hook '/home/taoqiu/ros2_ws/install/openarm_can/share/openarm_can/hook/pkg_config_path_multiarch.sh'
[2.237s] colcon.colcon_core.environment Level 1 create_environment_scripts_only(openarm_can)
[2.240s] colcon.colcon_core.environment Level 1 checking '/home/taoqiu/ros2_ws/install/openarm_can' for CMake module files
[2.240s] colcon.colcon_core.environment Level 1 checking '/home/taoqiu/ros2_ws/install/openarm_can' for CMake config files
[2.240s] colcon.colcon_core.shell Level 1 create_environment_hook('openarm_can', 'cmake_prefix_path')
[2.240s] colcon.colcon_core.shell INFO Creating environment hook '/home/taoqiu/ros2_ws/install/openarm_can/share/openarm_can/hook/cmake_prefix_path.ps1'
[2.241s] colcon.colcon_core.shell INFO Creating environment descriptor '/home/taoqiu/ros2_ws/install/openarm_can/share/openarm_can/hook/cmake_prefix_path.dsv'
[2.241s] colcon.colcon_core.shell INFO Creating environment hook '/home/taoqiu/ros2_ws/install/openarm_can/share/openarm_can/hook/cmake_prefix_path.sh'
[2.241s] colcon.colcon_core.environment Level 1 checking '/home/taoqiu/ros2_ws/install/openarm_can/lib'
[2.241s] colcon.colcon_core.environment Level 1 checking '/home/taoqiu/ros2_ws/install/openarm_can/bin'
[2.241s] colcon.colcon_core.shell Level 1 create_environment_hook('openarm_can', 'path')
[2.241s] colcon.colcon_core.shell INFO Creating environment hook '/home/taoqiu/ros2_ws/install/openarm_can/share/openarm_can/hook/path.ps1'
[2.242s] colcon.colcon_core.shell INFO Creating environment descriptor '/home/taoqiu/ros2_ws/install/openarm_can/share/openarm_can/hook/path.dsv'
[2.242s] colcon.colcon_core.shell INFO Creating environment hook '/home/taoqiu/ros2_ws/install/openarm_can/share/openarm_can/hook/path.sh'
[2.242s] colcon.colcon_core.environment Level 1 checking '/home/taoqiu/ros2_ws/install/openarm_can/lib/pkgconfig/openarm_can.pc'
[2.242s] colcon.colcon_core.environment Level 1 checking '/home/taoqiu/ros2_ws/install/openarm_can/lib/python3.10/site-packages'
[2.242s] colcon.colcon_core.environment Level 1 checking '/home/taoqiu/ros2_ws/install/openarm_can/bin'
[2.242s] colcon.colcon_core.shell Level 1 create_environment_hook('openarm_can', 'pythonscriptspath')
[2.242s] colcon.colcon_core.shell INFO Creating environment hook '/home/taoqiu/ros2_ws/install/openarm_can/share/openarm_can/hook/pythonscriptspath.ps1'
[2.242s] colcon.colcon_core.shell INFO Creating environment descriptor '/home/taoqiu/ros2_ws/install/openarm_can/share/openarm_can/hook/pythonscriptspath.dsv'
[2.242s] colcon.colcon_core.shell INFO Creating environment hook '/home/taoqiu/ros2_ws/install/openarm_can/share/openarm_can/hook/pythonscriptspath.sh'
[2.243s] colcon.colcon_core.shell INFO Creating package script '/home/taoqiu/ros2_ws/install/openarm_can/share/openarm_can/package.ps1'
[2.243s] colcon.colcon_core.shell INFO Creating package descriptor '/home/taoqiu/ros2_ws/install/openarm_can/share/openarm_can/package.dsv'
[2.244s] colcon.colcon_core.shell INFO Creating package script '/home/taoqiu/ros2_ws/install/openarm_can/share/openarm_can/package.sh'
[2.245s] colcon.colcon_core.shell INFO Creating package script '/home/taoqiu/ros2_ws/install/openarm_can/share/openarm_can/package.bash'
[2.246s] colcon.colcon_core.shell INFO Creating package script '/home/taoqiu/ros2_ws/install/openarm_can/share/openarm_can/package.zsh'
[2.246s] colcon.colcon_core.environment Level 1 create_file_with_runtime_dependencies(/home/taoqiu/ros2_ws/install/openarm_can/share/colcon-core/packages/openarm_can)
[2.246s] colcon.colcon_parallel_executor.executor.parallel DEBUG closing loop
[2.247s] colcon.colcon_parallel_executor.executor.parallel DEBUG loop closed
[2.247s] colcon.colcon_parallel_executor.executor.parallel DEBUG run_until_complete finished with '0'
[2.247s] colcon.colcon_core.event_reactor DEBUG joining thread
[2.253s] colcon.colcon_core.plugin_system INFO Skipping extension 'colcon_notification.desktop_notification.terminal_notifier': Not used on non-Darwin systems
[2.253s] colcon.colcon_core.plugin_system INFO Skipping extension 'colcon_notification.desktop_notification.win32': Not used on non-Windows systems
[2.253s] colcon.colcon_notification.desktop_notification INFO Sending desktop notification using 'notify2'
[2.261s] colcon.colcon_core.event_reactor DEBUG joined thread
[2.261s] colcon.colcon_core.shell INFO Creating prefix script '/home/taoqiu/ros2_ws/install/local_setup.ps1'
[2.262s] colcon.colcon_core.shell INFO Creating prefix util module '/home/taoqiu/ros2_ws/install/_local_setup_util_ps1.py'
[2.263s] colcon.colcon_core.shell INFO Creating prefix chain script '/home/taoqiu/ros2_ws/install/setup.ps1'
[2.263s] colcon.colcon_core.shell INFO Creating prefix script '/home/taoqiu/ros2_ws/install/local_setup.sh'
[2.263s] colcon.colcon_core.shell INFO Creating prefix util module '/home/taoqiu/ros2_ws/install/_local_setup_util_sh.py'
[2.263s] colcon.colcon_core.shell INFO Creating prefix chain script '/home/taoqiu/ros2_ws/install/setup.sh'
[2.264s] colcon.colcon_core.shell INFO Creating prefix script '/home/taoqiu/ros2_ws/install/local_setup.bash'
[2.264s] colcon.colcon_core.shell INFO Creating prefix chain script '/home/taoqiu/ros2_ws/install/setup.bash'
[2.264s] colcon.colcon_core.shell INFO Creating prefix script '/home/taoqiu/ros2_ws/install/local_setup.zsh'
[2.265s] colcon.colcon_core.shell INFO Creating prefix chain script '/home/taoqiu/ros2_ws/install/setup.zsh'
