[0.005s] Invoking command in '/home/taoqiu/ros2_ws/build/openarm_description': CMAKE_PREFIX_PATH=/opt/ros/humble CONDA_PROMPT_MODIFIER=(base) /usr/bin/cmake /home/taoqiu/ros2_ws/src/openarm_description -DCMAKE_INSTALL_PREFIX=/home/taoqiu/ros2_ws/install/openarm_description
[0.038s] -- The C compiler identification is GNU 11.4.0
[0.076s] -- The CXX compiler identification is GNU 11.4.0
[0.081s] -- Detecting C compiler ABI info
[0.121s] -- Detecting C compiler ABI info - done
[0.125s] -- Check for working C compiler: /usr/bin/cc - skipped
[0.125s] -- Detecting C compile features
[0.125s] -- Detecting C compile features - done
[0.126s] -- Detecting CXX compiler ABI info
[0.179s] -- Detecting CXX compiler ABI info - done
[0.183s] -- Check for working CXX compiler: /usr/bin/c++ - skipped
[0.183s] -- Detecting CXX compile features
[0.183s] -- Detecting CXX compile features - done
[0.184s] -- Found ament_cmake: 1.3.14 (/opt/ros/humble/share/ament_cmake/cmake)
[0.333s] -- Found Python3: /usr/bin/python3 (found version "3.10.12") found components: Interpreter 
[0.401s] -- Found ament_lint_auto: 0.12.15 (/opt/ros/humble/share/ament_lint_auto/cmake)
[0.448s] -- Added test 'flake8' to check Python code syntax and style conventions
[0.449s] -- Added test 'lint_cmake' to check CMake code style
[0.450s] -- Added test 'pep257' to check Python code against some of the docstring style conventions in PEP 257
[0.455s] -- Added test 'xmllint' to check XML markup files
[0.455s] -- Configuring done
[0.456s] -- Generating done
[0.457s] -- Build files have been written to: /home/taoqiu/ros2_ws/build/openarm_description
[0.459s] Invoked command in '/home/taoqiu/ros2_ws/build/openarm_description' returned '0': CMAKE_PREFIX_PATH=/opt/ros/humble CONDA_PROMPT_MODIFIER=(base) /usr/bin/cmake /home/taoqiu/ros2_ws/src/openarm_description -DCMAKE_INSTALL_PREFIX=/home/taoqiu/ros2_ws/install/openarm_description
[0.460s] Invoking command in '/home/taoqiu/ros2_ws/build/openarm_description': CMAKE_PREFIX_PATH=/opt/ros/humble CONDA_PROMPT_MODIFIER=(base) /usr/bin/cmake --build /home/taoqiu/ros2_ws/build/openarm_description -- -j24 -l24
[0.488s] Invoked command in '/home/taoqiu/ros2_ws/build/openarm_description' returned '0': CMAKE_PREFIX_PATH=/opt/ros/humble CONDA_PROMPT_MODIFIER=(base) /usr/bin/cmake --build /home/taoqiu/ros2_ws/build/openarm_description -- -j24 -l24
[0.495s] Invoking command in '/home/taoqiu/ros2_ws/build/openarm_description': CMAKE_PREFIX_PATH=/opt/ros/humble CONDA_PROMPT_MODIFIER=(base) /usr/bin/cmake --install /home/taoqiu/ros2_ws/build/openarm_description
[0.501s] -- Install configuration: ""
[0.501s] -- Installing: /home/taoqiu/ros2_ws/install/openarm_description/share/openarm_description/assets
[0.501s] -- Installing: /home/taoqiu/ros2_ws/install/openarm_description/share/openarm_description/assets/__init__.py
[0.501s] -- Installing: /home/taoqiu/ros2_ws/install/openarm_description/share/openarm_description/assets/sensor
[0.501s] -- Installing: /home/taoqiu/ros2_ws/install/openarm_description/share/openarm_description/assets/sensor/zed
[0.501s] -- Installing: /home/taoqiu/ros2_ws/install/openarm_description/share/openarm_description/assets/sensor/zed/urdf_wrapper
[0.501s] -- Installing: /home/taoqiu/ros2_ws/install/openarm_description/share/openarm_description/assets/sensor/zed/urdf_wrapper/openarm_zed_wrapper.xacro
[0.501s] -- Installing: /home/taoqiu/ros2_ws/install/openarm_description/share/openarm_description/assets/robot
[0.501s] -- Installing: /home/taoqiu/ros2_ws/install/openarm_description/share/openarm_description/assets/robot/openarm_v2.0
[0.502s] -- Installing: /home/taoqiu/ros2_ws/install/openarm_description/share/openarm_description/assets/robot/openarm_v2.0/meshes
[0.502s] -- Installing: /home/taoqiu/ros2_ws/install/openarm_description/share/openarm_description/assets/robot/openarm_v2.0/meshes/body
[0.502s] -- Installing: /home/taoqiu/ros2_ws/install/openarm_description/share/openarm_description/assets/robot/openarm_v2.0/meshes/body/collision
[0.502s] -- Installing: /home/taoqiu/ros2_ws/install/openarm_description/share/openarm_description/assets/robot/openarm_v2.0/meshes/body/collision/body_link0_symp.stl
[0.502s] -- Installing: /home/taoqiu/ros2_ws/install/openarm_description/share/openarm_description/assets/robot/openarm_v2.0/meshes/body/visual
[0.502s] -- Installing: /home/taoqiu/ros2_ws/install/openarm_description/share/openarm_description/assets/robot/openarm_v2.0/meshes/body/visual/body_link0.stl
[0.508s] -- Installing: /home/taoqiu/ros2_ws/install/openarm_description/share/openarm_description/assets/robot/openarm_v2.0/meshes/body/visual/body_link0.dae
[0.512s] -- Installing: /home/taoqiu/ros2_ws/install/openarm_description/share/openarm_description/assets/robot/openarm_v2.0/meshes/body/meta.md
[0.512s] -- Installing: /home/taoqiu/ros2_ws/install/openarm_description/share/openarm_description/assets/robot/openarm_v2.0/meshes/arm
[0.512s] -- Installing: /home/taoqiu/ros2_ws/install/openarm_description/share/openarm_description/assets/robot/openarm_v2.0/meshes/arm/collision
[0.512s] -- Installing: /home/taoqiu/ros2_ws/install/openarm_description/share/openarm_description/assets/robot/openarm_v2.0/meshes/arm/collision/splited
[0.512s] -- Installing: /home/taoqiu/ros2_ws/install/openarm_description/share/openarm_description/assets/robot/openarm_v2.0/meshes/arm/collision/splited/link5
[0.512s] -- Installing: /home/taoqiu/ros2_ws/install/openarm_description/share/openarm_description/assets/robot/openarm_v2.0/meshes/arm/collision/splited/link5/link5_01.stl
[0.512s] -- Installing: /home/taoqiu/ros2_ws/install/openarm_description/share/openarm_description/assets/robot/openarm_v2.0/meshes/arm/collision/splited/link5/link5_02.stl
[0.513s] -- Installing: /home/taoqiu/ros2_ws/install/openarm_description/share/openarm_description/assets/robot/openarm_v2.0/meshes/arm/collision/splited/link5/link5_00.stl
[0.513s] -- Installing: /home/taoqiu/ros2_ws/install/openarm_description/share/openarm_description/assets/robot/openarm_v2.0/meshes/arm/collision/link4.stl
[0.513s] -- Installing: /home/taoqiu/ros2_ws/install/openarm_description/share/openarm_description/assets/robot/openarm_v2.0/meshes/arm/collision/link5.stl
[0.513s] -- Installing: /home/taoqiu/ros2_ws/install/openarm_description/share/openarm_description/assets/robot/openarm_v2.0/meshes/arm/collision/link3.stl
[0.513s] -- Installing: /home/taoqiu/ros2_ws/install/openarm_description/share/openarm_description/assets/robot/openarm_v2.0/meshes/arm/collision/link1.stl
[0.513s] -- Installing: /home/taoqiu/ros2_ws/install/openarm_description/share/openarm_description/assets/robot/openarm_v2.0/meshes/arm/collision/link6.stl
[0.513s] -- Installing: /home/taoqiu/ros2_ws/install/openarm_description/share/openarm_description/assets/robot/openarm_v2.0/meshes/arm/collision/base_link.stl
[0.513s] -- Installing: /home/taoqiu/ros2_ws/install/openarm_description/share/openarm_description/assets/robot/openarm_v2.0/meshes/arm/collision/link2.stl
[0.513s] -- Installing: /home/taoqiu/ros2_ws/install/openarm_description/share/openarm_description/assets/robot/openarm_v2.0/meshes/arm/visual
[0.513s] -- Installing: /home/taoqiu/ros2_ws/install/openarm_description/share/openarm_description/assets/robot/openarm_v2.0/meshes/arm/visual/link3.dae
[0.513s] -- Installing: /home/taoqiu/ros2_ws/install/openarm_description/share/openarm_description/assets/robot/openarm_v2.0/meshes/arm/visual/link4.dae
[0.513s] -- Installing: /home/taoqiu/ros2_ws/install/openarm_description/share/openarm_description/assets/robot/openarm_v2.0/meshes/arm/visual/link5.dae
[0.514s] -- Installing: /home/taoqiu/ros2_ws/install/openarm_description/share/openarm_description/assets/robot/openarm_v2.0/meshes/arm/visual/link1.dae
[0.514s] -- Installing: /home/taoqiu/ros2_ws/install/openarm_description/share/openarm_description/assets/robot/openarm_v2.0/meshes/arm/visual/link2.dae
[0.514s] -- Installing: /home/taoqiu/ros2_ws/install/openarm_description/share/openarm_description/assets/robot/openarm_v2.0/meshes/arm/visual/link6.dae
[0.514s] -- Installing: /home/taoqiu/ros2_ws/install/openarm_description/share/openarm_description/assets/robot/openarm_v2.0/meshes/arm/visual/base_link.dae
[0.515s] -- Installing: /home/taoqiu/ros2_ws/install/openarm_description/share/openarm_description/assets/robot/openarm_v2.0/meshes/arm/meta.md
[0.515s] -- Installing: /home/taoqiu/ros2_ws/install/openarm_description/share/openarm_description/assets/robot/openarm_v2.0/urdf
[0.515s] -- Installing: /home/taoqiu/ros2_ws/install/openarm_description/share/openarm_description/assets/robot/openarm_v2.0/urdf/utils
[0.515s] -- Installing: /home/taoqiu/ros2_ws/install/openarm_description/share/openarm_description/assets/robot/openarm_v2.0/urdf/utils/openarm_v20_arm.xacro
[0.515s] -- Installing: /home/taoqiu/ros2_ws/install/openarm_description/share/openarm_description/assets/robot/openarm_v2.0/urdf/utils/openarm_v20_utils.xacro
[0.515s] -- Installing: /home/taoqiu/ros2_ws/install/openarm_description/share/openarm_description/assets/robot/openarm_v2.0/urdf/utils/openarm_v20_robot.xacro
[0.515s] -- Installing: /home/taoqiu/ros2_ws/install/openarm_description/share/openarm_description/assets/robot/openarm_v2.0/urdf/utils/openarm_v20_ee.xacro
[0.515s] -- Installing: /home/taoqiu/ros2_ws/install/openarm_description/share/openarm_description/assets/robot/openarm_v2.0/urdf/utils/openarm_v20_sensor.xacro
[0.515s] -- Installing: /home/taoqiu/ros2_ws/install/openarm_description/share/openarm_description/assets/robot/openarm_v2.0/urdf/example
[0.515s] -- Installing: /home/taoqiu/ros2_ws/install/openarm_description/share/openarm_description/assets/robot/openarm_v2.0/urdf/example/v2.urdf
[0.515s] -- Installing: /home/taoqiu/ros2_ws/install/openarm_description/share/openarm_description/assets/robot/openarm_v2.0/urdf/openarm_v20.urdf.xacro
[0.516s] -- Installing: /home/taoqiu/ros2_ws/install/openarm_description/share/openarm_description/assets/robot/openarm_v2.0/urdf/ros2_control
[0.516s] -- Installing: /home/taoqiu/ros2_ws/install/openarm_description/share/openarm_description/assets/robot/openarm_v2.0/urdf/ros2_control/openarm.bimanual.ros2_control.xacro
[0.516s] -- Installing: /home/taoqiu/ros2_ws/install/openarm_description/share/openarm_description/assets/robot/openarm_v2.0/urdf/ros2_control/openarm.ros2_control.xacro
[0.516s] -- Installing: /home/taoqiu/ros2_ws/install/openarm_description/share/openarm_description/assets/robot/openarm_v2.0/config
[0.516s] -- Installing: /home/taoqiu/ros2_ws/install/openarm_description/share/openarm_description/assets/robot/openarm_v2.0/config/body
[0.516s] -- Installing: /home/taoqiu/ros2_ws/install/openarm_description/share/openarm_description/assets/robot/openarm_v2.0/config/body/link
[0.516s] -- Installing: /home/taoqiu/ros2_ws/install/openarm_description/share/openarm_description/assets/robot/openarm_v2.0/config/body/link/visuals.yaml
[0.516s] -- Installing: /home/taoqiu/ros2_ws/install/openarm_description/share/openarm_description/assets/robot/openarm_v2.0/config/body/link/collisions.yaml
[0.516s] -- Installing: /home/taoqiu/ros2_ws/install/openarm_description/share/openarm_description/assets/robot/openarm_v2.0/config/body/meta.md
[0.516s] -- Installing: /home/taoqiu/ros2_ws/install/openarm_description/share/openarm_description/assets/robot/openarm_v2.0/config/body/struct
[0.516s] -- Installing: /home/taoqiu/ros2_ws/install/openarm_description/share/openarm_description/assets/robot/openarm_v2.0/config/body/struct/reference_points.yaml
[0.516s] -- Installing: /home/taoqiu/ros2_ws/install/openarm_description/share/openarm_description/assets/robot/openarm_v2.0/config/body/struct/topology.yaml
[0.516s] -- Installing: /home/taoqiu/ros2_ws/install/openarm_description/share/openarm_description/assets/robot/openarm_v2.0/config/body/inertials
[0.516s] -- Installing: /home/taoqiu/ros2_ws/install/openarm_description/share/openarm_description/assets/robot/openarm_v2.0/config/body/inertials/nominal.yaml
[0.516s] -- Installing: /home/taoqiu/ros2_ws/install/openarm_description/share/openarm_description/assets/robot/openarm_v2.0/config/robot_presets
[0.516s] -- Installing: /home/taoqiu/ros2_ws/install/openarm_description/share/openarm_description/assets/robot/openarm_v2.0/config/robot_presets/right_arm.yaml
[0.516s] -- Installing: /home/taoqiu/ros2_ws/install/openarm_description/share/openarm_description/assets/robot/openarm_v2.0/config/robot_presets/right_arm_with_pinch_gripper.yaml
[0.516s] -- Installing: /home/taoqiu/ros2_ws/install/openarm_description/share/openarm_description/assets/robot/openarm_v2.0/config/robot_presets/left_arm_with_pinch_gripper.yaml
[0.517s] -- Installing: /home/taoqiu/ros2_ws/install/openarm_description/share/openarm_description/assets/robot/openarm_v2.0/config/robot_presets/default_bimanual.yaml
[0.517s] -- Installing: /home/taoqiu/ros2_ws/install/openarm_description/share/openarm_description/assets/robot/openarm_v2.0/config/robot_presets/left_arm.yaml
[0.517s] -- Installing: /home/taoqiu/ros2_ws/install/openarm_description/share/openarm_description/assets/robot/openarm_v2.0/config/meta.md
[0.517s] -- Installing: /home/taoqiu/ros2_ws/install/openarm_description/share/openarm_description/assets/robot/openarm_v2.0/config/arm
[0.517s] -- Installing: /home/taoqiu/ros2_ws/install/openarm_description/share/openarm_description/assets/robot/openarm_v2.0/config/arm/control
[0.517s] -- Installing: /home/taoqiu/ros2_ws/install/openarm_description/share/openarm_description/assets/robot/openarm_v2.0/config/arm/control/friction.yaml
[0.517s] -- Installing: /home/taoqiu/ros2_ws/install/openarm_description/share/openarm_description/assets/robot/openarm_v2.0/config/arm/control/control_gains.yaml
[0.517s] -- Installing: /home/taoqiu/ros2_ws/install/openarm_description/share/openarm_description/assets/robot/openarm_v2.0/config/arm/link
[0.517s] -- Installing: /home/taoqiu/ros2_ws/install/openarm_description/share/openarm_description/assets/robot/openarm_v2.0/config/arm/link/visuals.yaml
[0.517s] -- Installing: /home/taoqiu/ros2_ws/install/openarm_description/share/openarm_description/assets/robot/openarm_v2.0/config/arm/link/collisions.yaml
[0.517s] -- Installing: /home/taoqiu/ros2_ws/install/openarm_description/share/openarm_description/assets/robot/openarm_v2.0/config/arm/meta.md
[0.517s] -- Installing: /home/taoqiu/ros2_ws/install/openarm_description/share/openarm_description/assets/robot/openarm_v2.0/config/arm/joint
[0.517s] -- Installing: /home/taoqiu/ros2_ws/install/openarm_description/share/openarm_description/assets/robot/openarm_v2.0/config/arm/joint/joint_origins.yaml
[0.517s] -- Installing: /home/taoqiu/ros2_ws/install/openarm_description/share/openarm_description/assets/robot/openarm_v2.0/config/arm/joint/joint_axes.yaml
[0.517s] -- Installing: /home/taoqiu/ros2_ws/install/openarm_description/share/openarm_description/assets/robot/openarm_v2.0/config/arm/joint/joint_limits.yaml
[0.517s] -- Installing: /home/taoqiu/ros2_ws/install/openarm_description/share/openarm_description/assets/robot/openarm_v2.0/config/arm/struct
[0.517s] -- Installing: /home/taoqiu/ros2_ws/install/openarm_description/share/openarm_description/assets/robot/openarm_v2.0/config/arm/struct/reference_points.yaml
[0.517s] -- Installing: /home/taoqiu/ros2_ws/install/openarm_description/share/openarm_description/assets/robot/openarm_v2.0/config/arm/struct/topology.yaml
[0.517s] -- Installing: /home/taoqiu/ros2_ws/install/openarm_description/share/openarm_description/assets/robot/openarm_v2.0/config/arm/struct/name_mapping.yaml
[0.517s] -- Installing: /home/taoqiu/ros2_ws/install/openarm_description/share/openarm_description/assets/robot/openarm_v2.0/config/arm/inertials
[0.517s] -- Installing: /home/taoqiu/ros2_ws/install/openarm_description/share/openarm_description/assets/robot/openarm_v2.0/config/arm/inertials/nominal.yaml
[0.517s] -- Installing: /home/taoqiu/ros2_ws/install/openarm_description/share/openarm_description/assets/robot/openarm_v1.0
[0.517s] -- Installing: /home/taoqiu/ros2_ws/install/openarm_description/share/openarm_description/assets/robot/openarm_v1.0/mesh
[0.517s] -- Installing: /home/taoqiu/ros2_ws/install/openarm_description/share/openarm_description/assets/robot/openarm_v1.0/mesh/body
[0.518s] -- Installing: /home/taoqiu/ros2_ws/install/openarm_description/share/openarm_description/assets/robot/openarm_v1.0/mesh/body/collision
[0.518s] -- Installing: /home/taoqiu/ros2_ws/install/openarm_description/share/openarm_description/assets/robot/openarm_v1.0/mesh/body/collision/body_link0_symp.stl
[0.518s] -- Installing: /home/taoqiu/ros2_ws/install/openarm_description/share/openarm_description/assets/robot/openarm_v1.0/mesh/body/visual
[0.518s] -- Installing: /home/taoqiu/ros2_ws/install/openarm_description/share/openarm_description/assets/robot/openarm_v1.0/mesh/body/visual/body_link0.stl
[0.519s] -- Installing: /home/taoqiu/ros2_ws/install/openarm_description/share/openarm_description/assets/robot/openarm_v1.0/mesh/body/visual/body_link0.dae
[0.523s] -- Installing: /home/taoqiu/ros2_ws/install/openarm_description/share/openarm_description/assets/robot/openarm_v1.0/mesh/arm
[0.523s] -- Installing: /home/taoqiu/ros2_ws/install/openarm_description/share/openarm_description/assets/robot/openarm_v1.0/mesh/arm/collision
[0.523s] -- Installing: /home/taoqiu/ros2_ws/install/openarm_description/share/openarm_description/assets/robot/openarm_v1.0/mesh/arm/collision/link4_symp.stl
[0.523s] -- Installing: /home/taoqiu/ros2_ws/install/openarm_description/share/openarm_description/assets/robot/openarm_v1.0/mesh/arm/collision/link5_symp.stl
[0.524s] -- Installing: /home/taoqiu/ros2_ws/install/openarm_description/share/openarm_description/assets/robot/openarm_v1.0/mesh/arm/collision/link0_symp.stl
[0.524s] -- Installing: /home/taoqiu/ros2_ws/install/openarm_description/share/openarm_description/assets/robot/openarm_v1.0/mesh/arm/collision/link6_symp.stl
[0.524s] -- Installing: /home/taoqiu/ros2_ws/install/openarm_description/share/openarm_description/assets/robot/openarm_v1.0/mesh/arm/collision/link2_symp.stl
[0.524s] -- Installing: /home/taoqiu/ros2_ws/install/openarm_description/share/openarm_description/assets/robot/openarm_v1.0/mesh/arm/collision/link7_symp.stl
[0.524s] -- Installing: /home/taoqiu/ros2_ws/install/openarm_description/share/openarm_description/assets/robot/openarm_v1.0/mesh/arm/collision/link1_symp.stl
[0.524s] -- Installing: /home/taoqiu/ros2_ws/install/openarm_description/share/openarm_description/assets/robot/openarm_v1.0/mesh/arm/collision/link3_symp.stl
[0.524s] -- Installing: /home/taoqiu/ros2_ws/install/openarm_description/share/openarm_description/assets/robot/openarm_v1.0/mesh/arm/visual
[0.524s] -- Installing: /home/taoqiu/ros2_ws/install/openarm_description/share/openarm_description/assets/robot/openarm_v1.0/mesh/arm/visual/link3.dae
[0.527s] -- Installing: /home/taoqiu/ros2_ws/install/openarm_description/share/openarm_description/assets/robot/openarm_v1.0/mesh/arm/visual/link7.stl
[0.529s] -- Installing: /home/taoqiu/ros2_ws/install/openarm_description/share/openarm_description/assets/robot/openarm_v1.0/mesh/arm/visual/link0.stl
[0.530s] -- Installing: /home/taoqiu/ros2_ws/install/openarm_description/share/openarm_description/assets/robot/openarm_v1.0/mesh/arm/visual/link4.dae
[0.533s] -- Installing: /home/taoqiu/ros2_ws/install/openarm_description/share/openarm_description/assets/robot/openarm_v1.0/mesh/arm/visual/link5.dae
[0.536s] -- Installing: /home/taoqiu/ros2_ws/install/openarm_description/share/openarm_description/assets/robot/openarm_v1.0/mesh/arm/visual/link1.dae
[0.539s] -- Installing: /home/taoqiu/ros2_ws/install/openarm_description/share/openarm_description/assets/robot/openarm_v1.0/mesh/arm/visual/link2.dae
[0.541s] -- Installing: /home/taoqiu/ros2_ws/install/openarm_description/share/openarm_description/assets/robot/openarm_v1.0/mesh/arm/visual/link4.stl
[0.543s] -- Installing: /home/taoqiu/ros2_ws/install/openarm_description/share/openarm_description/assets/robot/openarm_v1.0/mesh/arm/visual/link6.dae
[0.546s] -- Installing: /home/taoqiu/ros2_ws/install/openarm_description/share/openarm_description/assets/robot/openarm_v1.0/mesh/arm/visual/link5.stl
[0.548s] -- Installing: /home/taoqiu/ros2_ws/install/openarm_description/share/openarm_description/assets/robot/openarm_v1.0/mesh/arm/visual/link3.stl
[0.550s] -- Installing: /home/taoqiu/ros2_ws/install/openarm_description/share/openarm_description/assets/robot/openarm_v1.0/mesh/arm/visual/link1.stl
[0.552s] -- Installing: /home/taoqiu/ros2_ws/install/openarm_description/share/openarm_description/assets/robot/openarm_v1.0/mesh/arm/visual/link6.stl
[0.554s] -- Installing: /home/taoqiu/ros2_ws/install/openarm_description/share/openarm_description/assets/robot/openarm_v1.0/mesh/arm/visual/link7.dae
[0.556s] -- Installing: /home/taoqiu/ros2_ws/install/openarm_description/share/openarm_description/assets/robot/openarm_v1.0/mesh/arm/visual/link2.stl
[0.558s] -- Installing: /home/taoqiu/ros2_ws/install/openarm_description/share/openarm_description/assets/robot/openarm_v1.0/mesh/arm/visual/link0.dae
[0.560s] -- Installing: /home/taoqiu/ros2_ws/install/openarm_description/share/openarm_description/assets/robot/openarm_v1.0/urdf
[0.560s] -- Installing: /home/taoqiu/ros2_ws/install/openarm_description/share/openarm_description/assets/robot/openarm_v1.0/urdf/body
[0.560s] -- Installing: /home/taoqiu/ros2_ws/install/openarm_description/share/openarm_description/assets/robot/openarm_v1.0/urdf/body/openarm_body.xacro
[0.561s] -- Installing: /home/taoqiu/ros2_ws/install/openarm_description/share/openarm_description/assets/robot/openarm_v1.0/urdf/body/openarm_body_macro.xacro
[0.561s] -- Installing: /home/taoqiu/ros2_ws/install/openarm_description/share/openarm_description/assets/robot/openarm_v1.0/urdf/openarm_v10.urdf.xacro
[0.561s] -- Installing: /home/taoqiu/ros2_ws/install/openarm_description/share/openarm_description/assets/robot/openarm_v1.0/urdf/robot
[0.561s] -- Installing: /home/taoqiu/ros2_ws/install/openarm_description/share/openarm_description/assets/robot/openarm_v1.0/urdf/robot/openarm_robot.xacro
[0.561s] -- Installing: /home/taoqiu/ros2_ws/install/openarm_description/share/openarm_description/assets/robot/openarm_v1.0/urdf/example
[0.561s] -- Installing: /home/taoqiu/ros2_ws/install/openarm_description/share/openarm_description/assets/robot/openarm_v1.0/urdf/example/v1.urdf
[0.561s] -- Installing: /home/taoqiu/ros2_ws/install/openarm_description/share/openarm_description/assets/robot/openarm_v1.0/urdf/ee
[0.561s] -- Installing: /home/taoqiu/ros2_ws/install/openarm_description/share/openarm_description/assets/robot/openarm_v1.0/urdf/ee/openarm_ee_macro.xacro
[0.561s] -- Installing: /home/taoqiu/ros2_ws/install/openarm_description/share/openarm_description/assets/robot/openarm_v1.0/urdf/ee/parallel_link
[0.561s] -- Installing: /home/taoqiu/ros2_ws/install/openarm_description/share/openarm_description/assets/robot/openarm_v1.0/urdf/ee/parallel_link/openarm_parallel_gripper.xacro
[0.561s] -- Installing: /home/taoqiu/ros2_ws/install/openarm_description/share/openarm_description/assets/robot/openarm_v1.0/urdf/ee/pinch_gripper
[0.561s] -- Installing: /home/taoqiu/ros2_ws/install/openarm_description/share/openarm_description/assets/robot/openarm_v1.0/urdf/ee/pinch_gripper/openarm_v20_pinch_gripper.xacro
[0.561s] -- Installing: /home/taoqiu/ros2_ws/install/openarm_description/share/openarm_description/assets/robot/openarm_v1.0/urdf/ee/ee_dispatcher.xacro
[0.561s] -- Installing: /home/taoqiu/ros2_ws/install/openarm_description/share/openarm_description/assets/robot/openarm_v1.0/urdf/arm
[0.561s] -- Installing: /home/taoqiu/ros2_ws/install/openarm_description/share/openarm_description/assets/robot/openarm_v1.0/urdf/arm/openarm_macro.xacro
[0.561s] -- Installing: /home/taoqiu/ros2_ws/install/openarm_description/share/openarm_description/assets/robot/openarm_v1.0/urdf/arm/openarm_arm.xacro
[0.561s] -- Installing: /home/taoqiu/ros2_ws/install/openarm_description/share/openarm_description/assets/robot/openarm_v1.0/urdf/ros2_control
[0.561s] -- Installing: /home/taoqiu/ros2_ws/install/openarm_description/share/openarm_description/assets/robot/openarm_v1.0/urdf/ros2_control/openarm.bimanual.ros2_control.xacro
[0.561s] -- Installing: /home/taoqiu/ros2_ws/install/openarm_description/share/openarm_description/assets/robot/openarm_v1.0/urdf/ros2_control/openarm.ros2_control.xacro
[0.561s] -- Installing: /home/taoqiu/ros2_ws/install/openarm_description/share/openarm_description/assets/robot/openarm_v1.0/config
[0.561s] -- Installing: /home/taoqiu/ros2_ws/install/openarm_description/share/openarm_description/assets/robot/openarm_v1.0/config/body
[0.561s] -- Installing: /home/taoqiu/ros2_ws/install/openarm_description/share/openarm_description/assets/robot/openarm_v1.0/config/body/kinematics.yaml
[0.561s] -- Installing: /home/taoqiu/ros2_ws/install/openarm_description/share/openarm_description/assets/robot/openarm_v1.0/config/body/inertials.yaml
[0.561s] -- Installing: /home/taoqiu/ros2_ws/install/openarm_description/share/openarm_description/assets/robot/openarm_v1.0/config/body/kinematics_link.yaml
[0.561s] -- Installing: /home/taoqiu/ros2_ws/install/openarm_description/share/openarm_description/assets/robot/openarm_v1.0/config/arm
[0.561s] -- Installing: /home/taoqiu/ros2_ws/install/openarm_description/share/openarm_description/assets/robot/openarm_v1.0/config/arm/kinematics.yaml
[0.561s] -- Installing: /home/taoqiu/ros2_ws/install/openarm_description/share/openarm_description/assets/robot/openarm_v1.0/config/arm/inertials.yaml
[0.561s] -- Installing: /home/taoqiu/ros2_ws/install/openarm_description/share/openarm_description/assets/robot/openarm_v1.0/config/arm/kinematics_link.yaml
[0.561s] -- Installing: /home/taoqiu/ros2_ws/install/openarm_description/share/openarm_description/assets/robot/openarm_v1.0/config/arm/control_gains.yaml
[0.561s] -- Installing: /home/taoqiu/ros2_ws/install/openarm_description/share/openarm_description/assets/robot/openarm_v1.0/config/arm/kinematics_offset.yaml
[0.561s] -- Installing: /home/taoqiu/ros2_ws/install/openarm_description/share/openarm_description/assets/robot/openarm_v1.0/config/arm/joint_limits.yaml
[0.561s] -- Installing: /home/taoqiu/ros2_ws/install/openarm_description/share/openarm_description/assets/end_effector
[0.561s] -- Installing: /home/taoqiu/ros2_ws/install/openarm_description/share/openarm_description/assets/end_effector/parallel_link
[0.561s] -- Installing: /home/taoqiu/ros2_ws/install/openarm_description/share/openarm_description/assets/end_effector/parallel_link/meshes
[0.561s] -- Installing: /home/taoqiu/ros2_ws/install/openarm_description/share/openarm_description/assets/end_effector/parallel_link/meshes/collision
[0.561s] -- Installing: /home/taoqiu/ros2_ws/install/openarm_description/share/openarm_description/assets/end_effector/parallel_link/meshes/collision/finger.stl
[0.562s] -- Installing: /home/taoqiu/ros2_ws/install/openarm_description/share/openarm_description/assets/end_effector/parallel_link/meshes/collision/hand.stl
[0.562s] -- Installing: /home/taoqiu/ros2_ws/install/openarm_description/share/openarm_description/assets/end_effector/parallel_link/meshes/visual
[0.562s] -- Installing: /home/taoqiu/ros2_ws/install/openarm_description/share/openarm_description/assets/end_effector/parallel_link/meshes/visual/finger.dae
[0.563s] -- Installing: /home/taoqiu/ros2_ws/install/openarm_description/share/openarm_description/assets/end_effector/parallel_link/meshes/visual/finger.stl
[0.563s] -- Installing: /home/taoqiu/ros2_ws/install/openarm_description/share/openarm_description/assets/end_effector/parallel_link/meshes/visual/hand.dae
[0.564s] -- Installing: /home/taoqiu/ros2_ws/install/openarm_description/share/openarm_description/assets/end_effector/parallel_link/urdf
[0.564s] -- Installing: /home/taoqiu/ros2_ws/install/openarm_description/share/openarm_description/assets/end_effector/parallel_link/urdf/parallel_link_standalone.urdf.xacro
[0.564s] -- Installing: /home/taoqiu/ros2_ws/install/openarm_description/share/openarm_description/assets/end_effector/parallel_link/config
[0.564s] -- Installing: /home/taoqiu/ros2_ws/install/openarm_description/share/openarm_description/assets/end_effector/parallel_link/config/kinematics.yaml
[0.565s] -- Installing: /home/taoqiu/ros2_ws/install/openarm_description/share/openarm_description/assets/end_effector/parallel_link/config/inertials.yaml
[0.565s] -- Installing: /home/taoqiu/ros2_ws/install/openarm_description/share/openarm_description/assets/end_effector/parallel_link/config/kinematics_link.yaml
[0.565s] -- Installing: /home/taoqiu/ros2_ws/install/openarm_description/share/openarm_description/assets/end_effector/parallel_link/config/joint_limits.yaml
[0.565s] -- Installing: /home/taoqiu/ros2_ws/install/openarm_description/share/openarm_description/assets/end_effector/pinch_gripper
[0.565s] -- Installing: /home/taoqiu/ros2_ws/install/openarm_description/share/openarm_description/assets/end_effector/pinch_gripper/meshes
[0.565s] -- Installing: /home/taoqiu/ros2_ws/install/openarm_description/share/openarm_description/assets/end_effector/pinch_gripper/meshes/collision
[0.565s] -- Installing: /home/taoqiu/ros2_ws/install/openarm_description/share/openarm_description/assets/end_effector/pinch_gripper/meshes/collision/splited
[0.565s] -- Installing: /home/taoqiu/ros2_ws/install/openarm_description/share/openarm_description/assets/end_effector/pinch_gripper/meshes/collision/splited/finger_outter
[0.565s] -- Installing: /home/taoqiu/ros2_ws/install/openarm_description/share/openarm_description/assets/end_effector/pinch_gripper/meshes/collision/splited/finger_outter/finger_outter_01.stl
[0.565s] -- Installing: /home/taoqiu/ros2_ws/install/openarm_description/share/openarm_description/assets/end_effector/pinch_gripper/meshes/collision/splited/finger_outter/finger_outter_02.stl
[0.565s] -- Installing: /home/taoqiu/ros2_ws/install/openarm_description/share/openarm_description/assets/end_effector/pinch_gripper/meshes/collision/splited/finger_outter/finger_outter_00.stl
[0.565s] -- Installing: /home/taoqiu/ros2_ws/install/openarm_description/share/openarm_description/assets/end_effector/pinch_gripper/meshes/collision/splited/finger_outer
[0.565s] -- Installing: /home/taoqiu/ros2_ws/install/openarm_description/share/openarm_description/assets/end_effector/pinch_gripper/meshes/collision/splited/finger_outer/finger_outer_02.stl
[0.565s] -- Installing: /home/taoqiu/ros2_ws/install/openarm_description/share/openarm_description/assets/end_effector/pinch_gripper/meshes/collision/splited/finger_outer/finger_outer_03.stl
[0.565s] -- Installing: /home/taoqiu/ros2_ws/install/openarm_description/share/openarm_description/assets/end_effector/pinch_gripper/meshes/collision/splited/finger_outer/finger_outer_01.stl
[0.565s] -- Installing: /home/taoqiu/ros2_ws/install/openarm_description/share/openarm_description/assets/end_effector/pinch_gripper/meshes/collision/splited/finger_outer/finger_outer_00.stl
[0.565s] -- Installing: /home/taoqiu/ros2_ws/install/openarm_description/share/openarm_description/assets/end_effector/pinch_gripper/meshes/collision/splited/finger_inner
[0.566s] -- Installing: /home/taoqiu/ros2_ws/install/openarm_description/share/openarm_description/assets/end_effector/pinch_gripper/meshes/collision/splited/finger_inner/finger_inner_00.stl
[0.566s] -- Installing: /home/taoqiu/ros2_ws/install/openarm_description/share/openarm_description/assets/end_effector/pinch_gripper/meshes/collision/splited/finger_inner/finger_inner_01.stl
[0.566s] -- Installing: /home/taoqiu/ros2_ws/install/openarm_description/share/openarm_description/assets/end_effector/pinch_gripper/meshes/collision/splited/finger_inner/finger_inner_02.stl
[0.566s] -- Installing: /home/taoqiu/ros2_ws/install/openarm_description/share/openarm_description/assets/end_effector/pinch_gripper/meshes/collision/splited/finger_inner/finger_inner_03.stl
[0.566s] -- Installing: /home/taoqiu/ros2_ws/install/openarm_description/share/openarm_description/assets/end_effector/pinch_gripper/meshes/collision/finger_outer.stl
[0.566s] -- Installing: /home/taoqiu/ros2_ws/install/openarm_description/share/openarm_description/assets/end_effector/pinch_gripper/meshes/collision/finger_inner.stl
[0.566s] -- Installing: /home/taoqiu/ros2_ws/install/openarm_description/share/openarm_description/assets/end_effector/pinch_gripper/meshes/collision/ee_base_link.stl
[0.566s] -- Installing: /home/taoqiu/ros2_ws/install/openarm_description/share/openarm_description/assets/end_effector/pinch_gripper/meshes/visual
[0.566s] -- Installing: /home/taoqiu/ros2_ws/install/openarm_description/share/openarm_description/assets/end_effector/pinch_gripper/meshes/visual/finger_outer.dae
[0.566s] -- Installing: /home/taoqiu/ros2_ws/install/openarm_description/share/openarm_description/assets/end_effector/pinch_gripper/meshes/visual/finger_inner.dae
[0.566s] -- Installing: /home/taoqiu/ros2_ws/install/openarm_description/share/openarm_description/assets/end_effector/pinch_gripper/meshes/visual/ee_base_link.dae
[0.567s] -- Installing: /home/taoqiu/ros2_ws/install/openarm_description/share/openarm_description/assets/end_effector/pinch_gripper/urdf
[0.567s] -- Installing: /home/taoqiu/ros2_ws/install/openarm_description/share/openarm_description/assets/end_effector/pinch_gripper/urdf/pinch_gripper_standalone.urdf.xacro
[0.567s] -- Installing: /home/taoqiu/ros2_ws/install/openarm_description/share/openarm_description/assets/end_effector/pinch_gripper/config
[0.567s] -- Installing: /home/taoqiu/ros2_ws/install/openarm_description/share/openarm_description/assets/end_effector/pinch_gripper/config/link
[0.568s] -- Installing: /home/taoqiu/ros2_ws/install/openarm_description/share/openarm_description/assets/end_effector/pinch_gripper/config/link/visuals.yaml
[0.568s] -- Installing: /home/taoqiu/ros2_ws/install/openarm_description/share/openarm_description/assets/end_effector/pinch_gripper/config/link/collisions.yaml
[0.568s] -- Installing: /home/taoqiu/ros2_ws/install/openarm_description/share/openarm_description/assets/end_effector/pinch_gripper/config/old
[0.568s] -- Installing: /home/taoqiu/ros2_ws/install/openarm_description/share/openarm_description/assets/end_effector/pinch_gripper/config/old/kinematics.yaml
[0.568s] -- Installing: /home/taoqiu/ros2_ws/install/openarm_description/share/openarm_description/assets/end_effector/pinch_gripper/config/old/inertials.yaml
[0.568s] -- Installing: /home/taoqiu/ros2_ws/install/openarm_description/share/openarm_description/assets/end_effector/pinch_gripper/config/old/kinematics_link.yaml
[0.568s] -- Installing: /home/taoqiu/ros2_ws/install/openarm_description/share/openarm_description/assets/end_effector/pinch_gripper/config/old/joint_limits.yaml
[0.568s] -- Installing: /home/taoqiu/ros2_ws/install/openarm_description/share/openarm_description/assets/end_effector/pinch_gripper/config/joint
[0.568s] -- Installing: /home/taoqiu/ros2_ws/install/openarm_description/share/openarm_description/assets/end_effector/pinch_gripper/config/joint/joint_mimics.yaml
[0.568s] -- Installing: /home/taoqiu/ros2_ws/install/openarm_description/share/openarm_description/assets/end_effector/pinch_gripper/config/joint/joint_origins.yaml
[0.568s] -- Installing: /home/taoqiu/ros2_ws/install/openarm_description/share/openarm_description/assets/end_effector/pinch_gripper/config/joint/joint_axes.yaml
[0.568s] -- Installing: /home/taoqiu/ros2_ws/install/openarm_description/share/openarm_description/assets/end_effector/pinch_gripper/config/joint/joint_limits.yaml
[0.568s] -- Installing: /home/taoqiu/ros2_ws/install/openarm_description/share/openarm_description/assets/end_effector/pinch_gripper/config/struct
[0.569s] -- Installing: /home/taoqiu/ros2_ws/install/openarm_description/share/openarm_description/assets/end_effector/pinch_gripper/config/struct/reference_points.yaml
[0.569s] -- Installing: /home/taoqiu/ros2_ws/install/openarm_description/share/openarm_description/assets/end_effector/pinch_gripper/config/struct/topology.yaml
[0.569s] -- Installing: /home/taoqiu/ros2_ws/install/openarm_description/share/openarm_description/assets/end_effector/pinch_gripper/config/struct/name_mapping.yaml
[0.569s] -- Installing: /home/taoqiu/ros2_ws/install/openarm_description/share/openarm_description/assets/end_effector/pinch_gripper/config/inertials
[0.569s] -- Installing: /home/taoqiu/ros2_ws/install/openarm_description/share/openarm_description/assets/end_effector/pinch_gripper/config/inertials/nominal.yaml
[0.569s] -- Installing: /home/taoqiu/ros2_ws/install/openarm_description/share/openarm_description/launch
[0.569s] -- Installing: /home/taoqiu/ros2_ws/install/openarm_description/share/openarm_description/launch/display_openarm.launch.py
[0.569s] -- Installing: /home/taoqiu/ros2_ws/install/openarm_description/share/openarm_description/rviz
[0.569s] -- Installing: /home/taoqiu/ros2_ws/install/openarm_description/share/openarm_description/rviz/arm_only.rviz
[0.569s] -- Installing: /home/taoqiu/ros2_ws/install/openarm_description/share/openarm_description/rviz/bimanual.rviz
[0.569s] -- Installing: /home/taoqiu/ros2_ws/install/openarm_description/share/ament_index/resource_index/package_run_dependencies/openarm_description
[0.569s] -- Installing: /home/taoqiu/ros2_ws/install/openarm_description/share/ament_index/resource_index/parent_prefix_path/openarm_description
[0.569s] -- Installing: /home/taoqiu/ros2_ws/install/openarm_description/share/openarm_description/environment/ament_prefix_path.sh
[0.570s] -- Installing: /home/taoqiu/ros2_ws/install/openarm_description/share/openarm_description/environment/ament_prefix_path.dsv
[0.570s] -- Installing: /home/taoqiu/ros2_ws/install/openarm_description/share/openarm_description/environment/path.sh
[0.570s] -- Installing: /home/taoqiu/ros2_ws/install/openarm_description/share/openarm_description/environment/path.dsv
[0.570s] -- Installing: /home/taoqiu/ros2_ws/install/openarm_description/share/openarm_description/local_setup.bash
[0.570s] -- Installing: /home/taoqiu/ros2_ws/install/openarm_description/share/openarm_description/local_setup.sh
[0.570s] -- Installing: /home/taoqiu/ros2_ws/install/openarm_description/share/openarm_description/local_setup.zsh
[0.570s] -- Installing: /home/taoqiu/ros2_ws/install/openarm_description/share/openarm_description/local_setup.dsv
[0.570s] -- Installing: /home/taoqiu/ros2_ws/install/openarm_description/share/openarm_description/package.dsv
[0.570s] -- Installing: /home/taoqiu/ros2_ws/install/openarm_description/share/ament_index/resource_index/packages/openarm_description
[0.570s] -- Installing: /home/taoqiu/ros2_ws/install/openarm_description/share/openarm_description/cmake/openarm_descriptionConfig.cmake
[0.570s] -- Installing: /home/taoqiu/ros2_ws/install/openarm_description/share/openarm_description/cmake/openarm_descriptionConfig-version.cmake
[0.570s] -- Installing: /home/taoqiu/ros2_ws/install/openarm_description/share/openarm_description/package.xml
[0.571s] Invoked command in '/home/taoqiu/ros2_ws/build/openarm_description' returned '0': CMAKE_PREFIX_PATH=/opt/ros/humble CONDA_PROMPT_MODIFIER=(base) /usr/bin/cmake --install /home/taoqiu/ros2_ws/build/openarm_description
