-- Found ament_cmake: 1.3.14 (/opt/ros/humble/share/ament_cmake/cmake)
-- Found ament_lint_auto: 0.12.15 (/opt/ros/humble/share/ament_lint_auto/cmake)
-- Added test 'flake8' to check Python code syntax and style conventions
-- Added test 'lint_cmake' to check CMake code style
-- Added test 'pep257' to check Python code against some of the docstring style conventions in PEP 257
-- Added test 'xmllint' to check XML markup files
-- Configuring done
-- Generating done
-- Build files have been written to: /home/taoqiu/ros2_ws/build/openarm_description
-- Install configuration: ""
-- Up-to-date: /home/taoqiu/ros2_ws/install/openarm_description/share/openarm_description/assets
-- Up-to-date: /home/taoqiu/ros2_ws/install/openarm_description/share/openarm_description/assets/__init__.py
-- Up-to-date: /home/taoqiu/ros2_ws/install/openarm_description/share/openarm_description/assets/sensor
-- Up-to-date: /home/taoqiu/ros2_ws/install/openarm_description/share/openarm_description/assets/sensor/zed
-- Up-to-date: /home/taoqiu/ros2_ws/install/openarm_description/share/openarm_description/assets/sensor/zed/urdf_wrapper
-- Up-to-date: /home/taoqiu/ros2_ws/install/openarm_description/share/openarm_description/assets/sensor/zed/urdf_wrapper/openarm_zed_wrapper.xacro
-- Up-to-date: /home/taoqiu/ros2_ws/install/openarm_description/share/openarm_description/assets/robot
-- Up-to-date: /home/taoqiu/ros2_ws/install/openarm_description/share/openarm_description/assets/robot/openarm_v2.0
-- Up-to-date: /home/taoqiu/ros2_ws/install/openarm_description/share/openarm_description/assets/robot/openarm_v2.0/meshes
-- Up-to-date: /home/taoqiu/ros2_ws/install/openarm_description/share/openarm_description/assets/robot/openarm_v2.0/meshes/body
-- Up-to-date: /home/taoqiu/ros2_ws/install/openarm_description/share/openarm_description/assets/robot/openarm_v2.0/meshes/body/collision
-- Up-to-date: /home/taoqiu/ros2_ws/install/openarm_description/share/openarm_description/assets/robot/openarm_v2.0/meshes/body/collision/body_link0_symp.stl
-- Up-to-date: /home/taoqiu/ros2_ws/install/openarm_description/share/openarm_description/assets/robot/openarm_v2.0/meshes/body/visual
-- Up-to-date: /home/taoqiu/ros2_ws/install/openarm_description/share/openarm_description/assets/robot/openarm_v2.0/meshes/body/visual/body_link0.stl
-- Up-to-date: /home/taoqiu/ros2_ws/install/openarm_description/share/openarm_description/assets/robot/openarm_v2.0/meshes/body/visual/body_link0.dae
-- Up-to-date: /home/taoqiu/ros2_ws/install/openarm_description/share/openarm_description/assets/robot/openarm_v2.0/meshes/body/meta.md
-- Up-to-date: /home/taoqiu/ros2_ws/install/openarm_description/share/openarm_description/assets/robot/openarm_v2.0/meshes/arm
-- Up-to-date: /home/taoqiu/ros2_ws/install/openarm_description/share/openarm_description/assets/robot/openarm_v2.0/meshes/arm/collision
-- Up-to-date: /home/taoqiu/ros2_ws/install/openarm_description/share/openarm_description/assets/robot/openarm_v2.0/meshes/arm/collision/splited
-- Up-to-date: /home/taoqiu/ros2_ws/install/openarm_description/share/openarm_description/assets/robot/openarm_v2.0/meshes/arm/collision/splited/link5
-- Up-to-date: /home/taoqiu/ros2_ws/install/openarm_description/share/openarm_description/assets/robot/openarm_v2.0/meshes/arm/collision/splited/link5/link5_01.stl
-- Up-to-date: /home/taoqiu/ros2_ws/install/openarm_description/share/openarm_description/assets/robot/openarm_v2.0/meshes/arm/collision/splited/link5/link5_02.stl
-- Up-to-date: /home/taoqiu/ros2_ws/install/openarm_description/share/openarm_description/assets/robot/openarm_v2.0/meshes/arm/collision/splited/link5/link5_00.stl
-- Up-to-date: /home/taoqiu/ros2_ws/install/openarm_description/share/openarm_description/assets/robot/openarm_v2.0/meshes/arm/collision/link4.stl
-- Up-to-date: /home/taoqiu/ros2_ws/install/openarm_description/share/openarm_description/assets/robot/openarm_v2.0/meshes/arm/collision/link5.stl
-- Up-to-date: /home/taoqiu/ros2_ws/install/openarm_description/share/openarm_description/assets/robot/openarm_v2.0/meshes/arm/collision/link3.stl
-- Up-to-date: /home/taoqiu/ros2_ws/install/openarm_description/share/openarm_description/assets/robot/openarm_v2.0/meshes/arm/collision/link1.stl
-- Up-to-date: /home/taoqiu/ros2_ws/install/openarm_description/share/openarm_description/assets/robot/openarm_v2.0/meshes/arm/collision/link6.stl
-- Up-to-date: /home/taoqiu/ros2_ws/install/openarm_description/share/openarm_description/assets/robot/openarm_v2.0/meshes/arm/collision/base_link.stl
-- Up-to-date: /home/taoqiu/ros2_ws/install/openarm_description/share/openarm_description/assets/robot/openarm_v2.0/meshes/arm/collision/link2.stl
-- Up-to-date: /home/taoqiu/ros2_ws/install/openarm_description/share/openarm_description/assets/robot/openarm_v2.0/meshes/arm/visual
-- Up-to-date: /home/taoqiu/ros2_ws/install/openarm_description/share/openarm_description/assets/robot/openarm_v2.0/meshes/arm/visual/link3.dae
-- Up-to-date: /home/taoqiu/ros2_ws/install/openarm_description/share/openarm_description/assets/robot/openarm_v2.0/meshes/arm/visual/link4.dae
-- Up-to-date: /home/taoqiu/ros2_ws/install/openarm_description/share/openarm_description/assets/robot/openarm_v2.0/meshes/arm/visual/link5.dae
-- Up-to-date: /home/taoqiu/ros2_ws/install/openarm_description/share/openarm_description/assets/robot/openarm_v2.0/meshes/arm/visual/link1.dae
-- Up-to-date: /home/taoqiu/ros2_ws/install/openarm_description/share/openarm_description/assets/robot/openarm_v2.0/meshes/arm/visual/link2.dae
-- Up-to-date: /home/taoqiu/ros2_ws/install/openarm_description/share/openarm_description/assets/robot/openarm_v2.0/meshes/arm/visual/link6.dae
-- Up-to-date: /home/taoqiu/ros2_ws/install/openarm_description/share/openarm_description/assets/robot/openarm_v2.0/meshes/arm/visual/base_link.dae
-- Up-to-date: /home/taoqiu/ros2_ws/install/openarm_description/share/openarm_description/assets/robot/openarm_v2.0/meshes/arm/meta.md
-- Up-to-date: /home/taoqiu/ros2_ws/install/openarm_description/share/openarm_description/assets/robot/openarm_v2.0/urdf
-- Up-to-date: /home/taoqiu/ros2_ws/install/openarm_description/share/openarm_description/assets/robot/openarm_v2.0/urdf/utils
-- Up-to-date: /home/taoqiu/ros2_ws/install/openarm_description/share/openarm_description/assets/robot/openarm_v2.0/urdf/utils/openarm_v20_arm.xacro
-- Up-to-date: /home/taoqiu/ros2_ws/install/openarm_description/share/openarm_description/assets/robot/openarm_v2.0/urdf/utils/openarm_v20_utils.xacro
-- Up-to-date: /home/taoqiu/ros2_ws/install/openarm_description/share/openarm_description/assets/robot/openarm_v2.0/urdf/utils/openarm_v20_robot.xacro
-- Up-to-date: /home/taoqiu/ros2_ws/install/openarm_description/share/openarm_description/assets/robot/openarm_v2.0/urdf/utils/openarm_v20_ee.xacro
-- Up-to-date: /home/taoqiu/ros2_ws/install/openarm_description/share/openarm_description/assets/robot/openarm_v2.0/urdf/utils/openarm_v20_sensor.xacro
-- Up-to-date: /home/taoqiu/ros2_ws/install/openarm_description/share/openarm_description/assets/robot/openarm_v2.0/urdf/example
-- Up-to-date: /home/taoqiu/ros2_ws/install/openarm_description/share/openarm_description/assets/robot/openarm_v2.0/urdf/example/v2.urdf
-- Up-to-date: /home/taoqiu/ros2_ws/install/openarm_description/share/openarm_description/assets/robot/openarm_v2.0/urdf/openarm_v20.urdf.xacro
-- Up-to-date: /home/taoqiu/ros2_ws/install/openarm_description/share/openarm_description/assets/robot/openarm_v2.0/urdf/ros2_control
-- Up-to-date: /home/taoqiu/ros2_ws/install/openarm_description/share/openarm_description/assets/robot/openarm_v2.0/urdf/ros2_control/openarm.bimanual.ros2_control.xacro
-- Up-to-date: /home/taoqiu/ros2_ws/install/openarm_description/share/openarm_description/assets/robot/openarm_v2.0/urdf/ros2_control/openarm.ros2_control.xacro
-- Up-to-date: /home/taoqiu/ros2_ws/install/openarm_description/share/openarm_description/assets/robot/openarm_v2.0/config
-- Up-to-date: /home/taoqiu/ros2_ws/install/openarm_description/share/openarm_description/assets/robot/openarm_v2.0/config/body
-- Up-to-date: /home/taoqiu/ros2_ws/install/openarm_description/share/openarm_description/assets/robot/openarm_v2.0/config/body/link
-- Up-to-date: /home/taoqiu/ros2_ws/install/openarm_description/share/openarm_description/assets/robot/openarm_v2.0/config/body/link/visuals.yaml
-- Up-to-date: /home/taoqiu/ros2_ws/install/openarm_description/share/openarm_description/assets/robot/openarm_v2.0/config/body/link/collisions.yaml
-- Up-to-date: /home/taoqiu/ros2_ws/install/openarm_description/share/openarm_description/assets/robot/openarm_v2.0/config/body/meta.md
-- Up-to-date: /home/taoqiu/ros2_ws/install/openarm_description/share/openarm_description/assets/robot/openarm_v2.0/config/body/struct
-- Up-to-date: /home/taoqiu/ros2_ws/install/openarm_description/share/openarm_description/assets/robot/openarm_v2.0/config/body/struct/reference_points.yaml
-- Up-to-date: /home/taoqiu/ros2_ws/install/openarm_description/share/openarm_description/assets/robot/openarm_v2.0/config/body/struct/topology.yaml
-- Up-to-date: /home/taoqiu/ros2_ws/install/openarm_description/share/openarm_description/assets/robot/openarm_v2.0/config/body/inertials
-- Up-to-date: /home/taoqiu/ros2_ws/install/openarm_description/share/openarm_description/assets/robot/openarm_v2.0/config/body/inertials/nominal.yaml
-- Up-to-date: /home/taoqiu/ros2_ws/install/openarm_description/share/openarm_description/assets/robot/openarm_v2.0/config/robot_presets
-- Up-to-date: /home/taoqiu/ros2_ws/install/openarm_description/share/openarm_description/assets/robot/openarm_v2.0/config/robot_presets/right_arm.yaml
-- Up-to-date: /home/taoqiu/ros2_ws/install/openarm_description/share/openarm_description/assets/robot/openarm_v2.0/config/robot_presets/right_arm_with_pinch_gripper.yaml
-- Up-to-date: /home/taoqiu/ros2_ws/install/openarm_description/share/openarm_description/assets/robot/openarm_v2.0/config/robot_presets/left_arm_with_pinch_gripper.yaml
-- Up-to-date: /home/taoqiu/ros2_ws/install/openarm_description/share/openarm_description/assets/robot/openarm_v2.0/config/robot_presets/default_bimanual.yaml
-- Up-to-date: /home/taoqiu/ros2_ws/install/openarm_description/share/openarm_description/assets/robot/openarm_v2.0/config/robot_presets/left_arm.yaml
-- Up-to-date: /home/taoqiu/ros2_ws/install/openarm_description/share/openarm_description/assets/robot/openarm_v2.0/config/meta.md
-- Up-to-date: /home/taoqiu/ros2_ws/install/openarm_description/share/openarm_description/assets/robot/openarm_v2.0/config/arm
-- Up-to-date: /home/taoqiu/ros2_ws/install/openarm_description/share/openarm_description/assets/robot/openarm_v2.0/config/arm/control
-- Up-to-date: /home/taoqiu/ros2_ws/install/openarm_description/share/openarm_description/assets/robot/openarm_v2.0/config/arm/control/friction.yaml
-- Up-to-date: /home/taoqiu/ros2_ws/install/openarm_description/share/openarm_description/assets/robot/openarm_v2.0/config/arm/control/control_gains.yaml
-- Up-to-date: /home/taoqiu/ros2_ws/install/openarm_description/share/openarm_description/assets/robot/openarm_v2.0/config/arm/link
-- Up-to-date: /home/taoqiu/ros2_ws/install/openarm_description/share/openarm_description/assets/robot/openarm_v2.0/config/arm/link/visuals.yaml
-- Up-to-date: /home/taoqiu/ros2_ws/install/openarm_description/share/openarm_description/assets/robot/openarm_v2.0/config/arm/link/collisions.yaml
-- Up-to-date: /home/taoqiu/ros2_ws/install/openarm_description/share/openarm_description/assets/robot/openarm_v2.0/config/arm/meta.md
-- Up-to-date: /home/taoqiu/ros2_ws/install/openarm_description/share/openarm_description/assets/robot/openarm_v2.0/config/arm/joint
-- Up-to-date: /home/taoqiu/ros2_ws/install/openarm_description/share/openarm_description/assets/robot/openarm_v2.0/config/arm/joint/joint_origins.yaml
-- Up-to-date: /home/taoqiu/ros2_ws/install/openarm_description/share/openarm_description/assets/robot/openarm_v2.0/config/arm/joint/joint_axes.yaml
-- Up-to-date: /home/taoqiu/ros2_ws/install/openarm_description/share/openarm_description/assets/robot/openarm_v2.0/config/arm/joint/joint_limits.yaml
-- Up-to-date: /home/taoqiu/ros2_ws/install/openarm_description/share/openarm_description/assets/robot/openarm_v2.0/config/arm/struct
-- Up-to-date: /home/taoqiu/ros2_ws/install/openarm_description/share/openarm_description/assets/robot/openarm_v2.0/config/arm/struct/reference_points.yaml
-- Up-to-date: /home/taoqiu/ros2_ws/install/openarm_description/share/openarm_description/assets/robot/openarm_v2.0/config/arm/struct/topology.yaml
-- Up-to-date: /home/taoqiu/ros2_ws/install/openarm_description/share/openarm_description/assets/robot/openarm_v2.0/config/arm/struct/name_mapping.yaml
-- Up-to-date: /home/taoqiu/ros2_ws/install/openarm_description/share/openarm_description/assets/robot/openarm_v2.0/config/arm/inertials
-- Up-to-date: /home/taoqiu/ros2_ws/install/openarm_description/share/openarm_description/assets/robot/openarm_v2.0/config/arm/inertials/nominal.yaml
-- Up-to-date: /home/taoqiu/ros2_ws/install/openarm_description/share/openarm_description/assets/robot/openarm_v1.0
-- Up-to-date: /home/taoqiu/ros2_ws/install/openarm_description/share/openarm_description/assets/robot/openarm_v1.0/mesh
-- Up-to-date: /home/taoqiu/ros2_ws/install/openarm_description/share/openarm_description/assets/robot/openarm_v1.0/mesh/body
-- Up-to-date: /home/taoqiu/ros2_ws/install/openarm_description/share/openarm_description/assets/robot/openarm_v1.0/mesh/body/collision
-- Up-to-date: /home/taoqiu/ros2_ws/install/openarm_description/share/openarm_description/assets/robot/openarm_v1.0/mesh/body/collision/body_link0_symp.stl
-- Up-to-date: /home/taoqiu/ros2_ws/install/openarm_description/share/openarm_description/assets/robot/openarm_v1.0/mesh/body/visual
-- Up-to-date: /home/taoqiu/ros2_ws/install/openarm_description/share/openarm_description/assets/robot/openarm_v1.0/mesh/body/visual/body_link0.stl
-- Up-to-date: /home/taoqiu/ros2_ws/install/openarm_description/share/openarm_description/assets/robot/openarm_v1.0/mesh/body/visual/body_link0.dae
-- Up-to-date: /home/taoqiu/ros2_ws/install/openarm_description/share/openarm_description/assets/robot/openarm_v1.0/mesh/arm
-- Up-to-date: /home/taoqiu/ros2_ws/install/openarm_description/share/openarm_description/assets/robot/openarm_v1.0/mesh/arm/collision
-- Up-to-date: /home/taoqiu/ros2_ws/install/openarm_description/share/openarm_description/assets/robot/openarm_v1.0/mesh/arm/collision/link4_symp.stl
-- Up-to-date: /home/taoqiu/ros2_ws/install/openarm_description/share/openarm_description/assets/robot/openarm_v1.0/mesh/arm/collision/link5_symp.stl
-- Up-to-date: /home/taoqiu/ros2_ws/install/openarm_description/share/openarm_description/assets/robot/openarm_v1.0/mesh/arm/collision/link0_symp.stl
-- Up-to-date: /home/taoqiu/ros2_ws/install/openarm_description/share/openarm_description/assets/robot/openarm_v1.0/mesh/arm/collision/link6_symp.stl
-- Up-to-date: /home/taoqiu/ros2_ws/install/openarm_description/share/openarm_description/assets/robot/openarm_v1.0/mesh/arm/collision/link2_symp.stl
-- Up-to-date: /home/taoqiu/ros2_ws/install/openarm_description/share/openarm_description/assets/robot/openarm_v1.0/mesh/arm/collision/link7_symp.stl
-- Up-to-date: /home/taoqiu/ros2_ws/install/openarm_description/share/openarm_description/assets/robot/openarm_v1.0/mesh/arm/collision/link1_symp.stl
-- Up-to-date: /home/taoqiu/ros2_ws/install/openarm_description/share/openarm_description/assets/robot/openarm_v1.0/mesh/arm/collision/link3_symp.stl
-- Up-to-date: /home/taoqiu/ros2_ws/install/openarm_description/share/openarm_description/assets/robot/openarm_v1.0/mesh/arm/visual
-- Up-to-date: /home/taoqiu/ros2_ws/install/openarm_description/share/openarm_description/assets/robot/openarm_v1.0/mesh/arm/visual/link3.dae
-- Up-to-date: /home/taoqiu/ros2_ws/install/openarm_description/share/openarm_description/assets/robot/openarm_v1.0/mesh/arm/visual/link7.stl
-- Up-to-date: /home/taoqiu/ros2_ws/install/openarm_description/share/openarm_description/assets/robot/openarm_v1.0/mesh/arm/visual/link0.stl
-- Up-to-date: /home/taoqiu/ros2_ws/install/openarm_description/share/openarm_description/assets/robot/openarm_v1.0/mesh/arm/visual/link4.dae
-- Up-to-date: /home/taoqiu/ros2_ws/install/openarm_description/share/openarm_description/assets/robot/openarm_v1.0/mesh/arm/visual/link5.dae
-- Up-to-date: /home/taoqiu/ros2_ws/install/openarm_description/share/openarm_description/assets/robot/openarm_v1.0/mesh/arm/visual/link1.dae
-- Up-to-date: /home/taoqiu/ros2_ws/install/openarm_description/share/openarm_description/assets/robot/openarm_v1.0/mesh/arm/visual/link2.dae
-- Up-to-date: /home/taoqiu/ros2_ws/install/openarm_description/share/openarm_description/assets/robot/openarm_v1.0/mesh/arm/visual/link4.stl
-- Up-to-date: /home/taoqiu/ros2_ws/install/openarm_description/share/openarm_description/assets/robot/openarm_v1.0/mesh/arm/visual/link6.dae
-- Up-to-date: /home/taoqiu/ros2_ws/install/openarm_description/share/openarm_description/assets/robot/openarm_v1.0/mesh/arm/visual/link5.stl
-- Up-to-date: /home/taoqiu/ros2_ws/install/openarm_description/share/openarm_description/assets/robot/openarm_v1.0/mesh/arm/visual/link3.stl
-- Up-to-date: /home/taoqiu/ros2_ws/install/openarm_description/share/openarm_description/assets/robot/openarm_v1.0/mesh/arm/visual/link1.stl
-- Up-to-date: /home/taoqiu/ros2_ws/install/openarm_description/share/openarm_description/assets/robot/openarm_v1.0/mesh/arm/visual/link6.stl
-- Up-to-date: /home/taoqiu/ros2_ws/install/openarm_description/share/openarm_description/assets/robot/openarm_v1.0/mesh/arm/visual/link7.dae
-- Up-to-date: /home/taoqiu/ros2_ws/install/openarm_description/share/openarm_description/assets/robot/openarm_v1.0/mesh/arm/visual/link2.stl
-- Up-to-date: /home/taoqiu/ros2_ws/install/openarm_description/share/openarm_description/assets/robot/openarm_v1.0/mesh/arm/visual/link0.dae
-- Up-to-date: /home/taoqiu/ros2_ws/install/openarm_description/share/openarm_description/assets/robot/openarm_v1.0/urdf
-- Up-to-date: /home/taoqiu/ros2_ws/install/openarm_description/share/openarm_description/assets/robot/openarm_v1.0/urdf/body
-- Up-to-date: /home/taoqiu/ros2_ws/install/openarm_description/share/openarm_description/assets/robot/openarm_v1.0/urdf/body/openarm_body.xacro
-- Up-to-date: /home/taoqiu/ros2_ws/install/openarm_description/share/openarm_description/assets/robot/openarm_v1.0/urdf/body/openarm_body_macro.xacro
-- Up-to-date: /home/taoqiu/ros2_ws/install/openarm_description/share/openarm_description/assets/robot/openarm_v1.0/urdf/openarm_v10.urdf.xacro
-- Up-to-date: /home/taoqiu/ros2_ws/install/openarm_description/share/openarm_description/assets/robot/openarm_v1.0/urdf/robot
-- Up-to-date: /home/taoqiu/ros2_ws/install/openarm_description/share/openarm_description/assets/robot/openarm_v1.0/urdf/robot/openarm_robot.xacro
-- Up-to-date: /home/taoqiu/ros2_ws/install/openarm_description/share/openarm_description/assets/robot/openarm_v1.0/urdf/example
-- Up-to-date: /home/taoqiu/ros2_ws/install/openarm_description/share/openarm_description/assets/robot/openarm_v1.0/urdf/example/v1.urdf
-- Up-to-date: /home/taoqiu/ros2_ws/install/openarm_description/share/openarm_description/assets/robot/openarm_v1.0/urdf/ee
-- Up-to-date: /home/taoqiu/ros2_ws/install/openarm_description/share/openarm_description/assets/robot/openarm_v1.0/urdf/ee/openarm_ee_macro.xacro
-- Up-to-date: /home/taoqiu/ros2_ws/install/openarm_description/share/openarm_description/assets/robot/openarm_v1.0/urdf/ee/parallel_link
-- Up-to-date: /home/taoqiu/ros2_ws/install/openarm_description/share/openarm_description/assets/robot/openarm_v1.0/urdf/ee/parallel_link/openarm_parallel_gripper.xacro
-- Up-to-date: /home/taoqiu/ros2_ws/install/openarm_description/share/openarm_description/assets/robot/openarm_v1.0/urdf/ee/pinch_gripper
-- Up-to-date: /home/taoqiu/ros2_ws/install/openarm_description/share/openarm_description/assets/robot/openarm_v1.0/urdf/ee/pinch_gripper/openarm_v20_pinch_gripper.xacro
-- Up-to-date: /home/taoqiu/ros2_ws/install/openarm_description/share/openarm_description/assets/robot/openarm_v1.0/urdf/ee/ee_dispatcher.xacro
-- Up-to-date: /home/taoqiu/ros2_ws/install/openarm_description/share/openarm_description/assets/robot/openarm_v1.0/urdf/arm
-- Up-to-date: /home/taoqiu/ros2_ws/install/openarm_description/share/openarm_description/assets/robot/openarm_v1.0/urdf/arm/openarm_macro.xacro
-- Up-to-date: /home/taoqiu/ros2_ws/install/openarm_description/share/openarm_description/assets/robot/openarm_v1.0/urdf/arm/openarm_arm.xacro
-- Up-to-date: /home/taoqiu/ros2_ws/install/openarm_description/share/openarm_description/assets/robot/openarm_v1.0/urdf/ros2_control
-- Installing: /home/taoqiu/ros2_ws/install/openarm_description/share/openarm_description/assets/robot/openarm_v1.0/urdf/ros2_control/openarm.bimanual.ros2_control.xacro
-- Up-to-date: /home/taoqiu/ros2_ws/install/openarm_description/share/openarm_description/assets/robot/openarm_v1.0/urdf/ros2_control/openarm.ros2_control.xacro
-- Up-to-date: /home/taoqiu/ros2_ws/install/openarm_description/share/openarm_description/assets/robot/openarm_v1.0/config
-- Up-to-date: /home/taoqiu/ros2_ws/install/openarm_description/share/openarm_description/assets/robot/openarm_v1.0/config/body
-- Up-to-date: /home/taoqiu/ros2_ws/install/openarm_description/share/openarm_description/assets/robot/openarm_v1.0/config/body/kinematics.yaml
-- Up-to-date: /home/taoqiu/ros2_ws/install/openarm_description/share/openarm_description/assets/robot/openarm_v1.0/config/body/inertials.yaml
-- Up-to-date: /home/taoqiu/ros2_ws/install/openarm_description/share/openarm_description/assets/robot/openarm_v1.0/config/body/kinematics_link.yaml
-- Up-to-date: /home/taoqiu/ros2_ws/install/openarm_description/share/openarm_description/assets/robot/openarm_v1.0/config/arm
-- Up-to-date: /home/taoqiu/ros2_ws/install/openarm_description/share/openarm_description/assets/robot/openarm_v1.0/config/arm/kinematics.yaml
-- Up-to-date: /home/taoqiu/ros2_ws/install/openarm_description/share/openarm_description/assets/robot/openarm_v1.0/config/arm/inertials.yaml
-- Up-to-date: /home/taoqiu/ros2_ws/install/openarm_description/share/openarm_description/assets/robot/openarm_v1.0/config/arm/kinematics_link.yaml
-- Up-to-date: /home/taoqiu/ros2_ws/install/openarm_description/share/openarm_description/assets/robot/openarm_v1.0/config/arm/control_gains.yaml
-- Up-to-date: /home/taoqiu/ros2_ws/install/openarm_description/share/openarm_description/assets/robot/openarm_v1.0/config/arm/kinematics_offset.yaml
-- Up-to-date: /home/taoqiu/ros2_ws/install/openarm_description/share/openarm_description/assets/robot/openarm_v1.0/config/arm/joint_limits.yaml
-- Up-to-date: /home/taoqiu/ros2_ws/install/openarm_description/share/openarm_description/assets/end_effector
-- Up-to-date: /home/taoqiu/ros2_ws/install/openarm_description/share/openarm_description/assets/end_effector/parallel_link
-- Up-to-date: /home/taoqiu/ros2_ws/install/openarm_description/share/openarm_description/assets/end_effector/parallel_link/meshes
-- Up-to-date: /home/taoqiu/ros2_ws/install/openarm_description/share/openarm_description/assets/end_effector/parallel_link/meshes/collision
-- Up-to-date: /home/taoqiu/ros2_ws/install/openarm_description/share/openarm_description/assets/end_effector/parallel_link/meshes/collision/finger.stl
-- Up-to-date: /home/taoqiu/ros2_ws/install/openarm_description/share/openarm_description/assets/end_effector/parallel_link/meshes/collision/hand.stl
-- Up-to-date: /home/taoqiu/ros2_ws/install/openarm_description/share/openarm_description/assets/end_effector/parallel_link/meshes/visual
-- Up-to-date: /home/taoqiu/ros2_ws/install/openarm_description/share/openarm_description/assets/end_effector/parallel_link/meshes/visual/finger.dae
-- Up-to-date: /home/taoqiu/ros2_ws/install/openarm_description/share/openarm_description/assets/end_effector/parallel_link/meshes/visual/finger.stl
-- Up-to-date: /home/taoqiu/ros2_ws/install/openarm_description/share/openarm_description/assets/end_effector/parallel_link/meshes/visual/hand.dae
-- Up-to-date: /home/taoqiu/ros2_ws/install/openarm_description/share/openarm_description/assets/end_effector/parallel_link/urdf
-- Up-to-date: /home/taoqiu/ros2_ws/install/openarm_description/share/openarm_description/assets/end_effector/parallel_link/urdf/parallel_link_standalone.urdf.xacro
-- Up-to-date: /home/taoqiu/ros2_ws/install/openarm_description/share/openarm_description/assets/end_effector/parallel_link/config
-- Up-to-date: /home/taoqiu/ros2_ws/install/openarm_description/share/openarm_description/assets/end_effector/parallel_link/config/kinematics.yaml
-- Up-to-date: /home/taoqiu/ros2_ws/install/openarm_description/share/openarm_description/assets/end_effector/parallel_link/config/inertials.yaml
-- Up-to-date: /home/taoqiu/ros2_ws/install/openarm_description/share/openarm_description/assets/end_effector/parallel_link/config/kinematics_link.yaml
-- Up-to-date: /home/taoqiu/ros2_ws/install/openarm_description/share/openarm_description/assets/end_effector/parallel_link/config/joint_limits.yaml
-- Up-to-date: /home/taoqiu/ros2_ws/install/openarm_description/share/openarm_description/assets/end_effector/pinch_gripper
-- Up-to-date: /home/taoqiu/ros2_ws/install/openarm_description/share/openarm_description/assets/end_effector/pinch_gripper/meshes
-- Up-to-date: /home/taoqiu/ros2_ws/install/openarm_description/share/openarm_description/assets/end_effector/pinch_gripper/meshes/collision
-- Up-to-date: /home/taoqiu/ros2_ws/install/openarm_description/share/openarm_description/assets/end_effector/pinch_gripper/meshes/collision/splited
-- Up-to-date: /home/taoqiu/ros2_ws/install/openarm_description/share/openarm_description/assets/end_effector/pinch_gripper/meshes/collision/splited/finger_outter
-- Up-to-date: /home/taoqiu/ros2_ws/install/openarm_description/share/openarm_description/assets/end_effector/pinch_gripper/meshes/collision/splited/finger_outter/finger_outter_01.stl
-- Up-to-date: /home/taoqiu/ros2_ws/install/openarm_description/share/openarm_description/assets/end_effector/pinch_gripper/meshes/collision/splited/finger_outter/finger_outter_02.stl
-- Up-to-date: /home/taoqiu/ros2_ws/install/openarm_description/share/openarm_description/assets/end_effector/pinch_gripper/meshes/collision/splited/finger_outter/finger_outter_00.stl
-- Up-to-date: /home/taoqiu/ros2_ws/install/openarm_description/share/openarm_description/assets/end_effector/pinch_gripper/meshes/collision/splited/finger_outer
-- Up-to-date: /home/taoqiu/ros2_ws/install/openarm_description/share/openarm_description/assets/end_effector/pinch_gripper/meshes/collision/splited/finger_outer/finger_outer_02.stl
-- Up-to-date: /home/taoqiu/ros2_ws/install/openarm_description/share/openarm_description/assets/end_effector/pinch_gripper/meshes/collision/splited/finger_outer/finger_outer_03.stl
-- Up-to-date: /home/taoqiu/ros2_ws/install/openarm_description/share/openarm_description/assets/end_effector/pinch_gripper/meshes/collision/splited/finger_outer/finger_outer_01.stl
-- Up-to-date: /home/taoqiu/ros2_ws/install/openarm_description/share/openarm_description/assets/end_effector/pinch_gripper/meshes/collision/splited/finger_outer/finger_outer_00.stl
-- Up-to-date: /home/taoqiu/ros2_ws/install/openarm_description/share/openarm_description/assets/end_effector/pinch_gripper/meshes/collision/splited/finger_inner
-- Up-to-date: /home/taoqiu/ros2_ws/install/openarm_description/share/openarm_description/assets/end_effector/pinch_gripper/meshes/collision/splited/finger_inner/finger_inner_00.stl
-- Up-to-date: /home/taoqiu/ros2_ws/install/openarm_description/share/openarm_description/assets/end_effector/pinch_gripper/meshes/collision/splited/finger_inner/finger_inner_01.stl
-- Up-to-date: /home/taoqiu/ros2_ws/install/openarm_description/share/openarm_description/assets/end_effector/pinch_gripper/meshes/collision/splited/finger_inner/finger_inner_02.stl
-- Up-to-date: /home/taoqiu/ros2_ws/install/openarm_description/share/openarm_description/assets/end_effector/pinch_gripper/meshes/collision/splited/finger_inner/finger_inner_03.stl
-- Up-to-date: /home/taoqiu/ros2_ws/install/openarm_description/share/openarm_description/assets/end_effector/pinch_gripper/meshes/collision/finger_outer.stl
-- Up-to-date: /home/taoqiu/ros2_ws/install/openarm_description/share/openarm_description/assets/end_effector/pinch_gripper/meshes/collision/finger_inner.stl
-- Up-to-date: /home/taoqiu/ros2_ws/install/openarm_description/share/openarm_description/assets/end_effector/pinch_gripper/meshes/collision/ee_base_link.stl
-- Up-to-date: /home/taoqiu/ros2_ws/install/openarm_description/share/openarm_description/assets/end_effector/pinch_gripper/meshes/visual
-- Up-to-date: /home/taoqiu/ros2_ws/install/openarm_description/share/openarm_description/assets/end_effector/pinch_gripper/meshes/visual/finger_outer.dae
-- Up-to-date: /home/taoqiu/ros2_ws/install/openarm_description/share/openarm_description/assets/end_effector/pinch_gripper/meshes/visual/finger_inner.dae
-- Up-to-date: /home/taoqiu/ros2_ws/install/openarm_description/share/openarm_description/assets/end_effector/pinch_gripper/meshes/visual/ee_base_link.dae
-- Up-to-date: /home/taoqiu/ros2_ws/install/openarm_description/share/openarm_description/assets/end_effector/pinch_gripper/urdf
-- Up-to-date: /home/taoqiu/ros2_ws/install/openarm_description/share/openarm_description/assets/end_effector/pinch_gripper/urdf/pinch_gripper_standalone.urdf.xacro
-- Up-to-date: /home/taoqiu/ros2_ws/install/openarm_description/share/openarm_description/assets/end_effector/pinch_gripper/config
-- Up-to-date: /home/taoqiu/ros2_ws/install/openarm_description/share/openarm_description/assets/end_effector/pinch_gripper/config/link
-- Up-to-date: /home/taoqiu/ros2_ws/install/openarm_description/share/openarm_description/assets/end_effector/pinch_gripper/config/link/visuals.yaml
-- Up-to-date: /home/taoqiu/ros2_ws/install/openarm_description/share/openarm_description/assets/end_effector/pinch_gripper/config/link/collisions.yaml
-- Up-to-date: /home/taoqiu/ros2_ws/install/openarm_description/share/openarm_description/assets/end_effector/pinch_gripper/config/old
-- Up-to-date: /home/taoqiu/ros2_ws/install/openarm_description/share/openarm_description/assets/end_effector/pinch_gripper/config/old/kinematics.yaml
-- Up-to-date: /home/taoqiu/ros2_ws/install/openarm_description/share/openarm_description/assets/end_effector/pinch_gripper/config/old/inertials.yaml
-- Up-to-date: /home/taoqiu/ros2_ws/install/openarm_description/share/openarm_description/assets/end_effector/pinch_gripper/config/old/kinematics_link.yaml
-- Up-to-date: /home/taoqiu/ros2_ws/install/openarm_description/share/openarm_description/assets/end_effector/pinch_gripper/config/old/joint_limits.yaml
-- Up-to-date: /home/taoqiu/ros2_ws/install/openarm_description/share/openarm_description/assets/end_effector/pinch_gripper/config/joint
-- Up-to-date: /home/taoqiu/ros2_ws/install/openarm_description/share/openarm_description/assets/end_effector/pinch_gripper/config/joint/joint_mimics.yaml
-- Up-to-date: /home/taoqiu/ros2_ws/install/openarm_description/share/openarm_description/assets/end_effector/pinch_gripper/config/joint/joint_origins.yaml
-- Up-to-date: /home/taoqiu/ros2_ws/install/openarm_description/share/openarm_description/assets/end_effector/pinch_gripper/config/joint/joint_axes.yaml
-- Up-to-date: /home/taoqiu/ros2_ws/install/openarm_description/share/openarm_description/assets/end_effector/pinch_gripper/config/joint/joint_limits.yaml
-- Up-to-date: /home/taoqiu/ros2_ws/install/openarm_description/share/openarm_description/assets/end_effector/pinch_gripper/config/struct
-- Up-to-date: /home/taoqiu/ros2_ws/install/openarm_description/share/openarm_description/assets/end_effector/pinch_gripper/config/struct/reference_points.yaml
-- Up-to-date: /home/taoqiu/ros2_ws/install/openarm_description/share/openarm_description/assets/end_effector/pinch_gripper/config/struct/topology.yaml
-- Up-to-date: /home/taoqiu/ros2_ws/install/openarm_description/share/openarm_description/assets/end_effector/pinch_gripper/config/struct/name_mapping.yaml
-- Up-to-date: /home/taoqiu/ros2_ws/install/openarm_description/share/openarm_description/assets/end_effector/pinch_gripper/config/inertials
-- Up-to-date: /home/taoqiu/ros2_ws/install/openarm_description/share/openarm_description/assets/end_effector/pinch_gripper/config/inertials/nominal.yaml
-- Up-to-date: /home/taoqiu/ros2_ws/install/openarm_description/share/openarm_description/launch
-- Up-to-date: /home/taoqiu/ros2_ws/install/openarm_description/share/openarm_description/launch/display_openarm.launch.py
-- Up-to-date: /home/taoqiu/ros2_ws/install/openarm_description/share/openarm_description/launch/openarm_common.py
-- Up-to-date: /home/taoqiu/ros2_ws/install/openarm_description/share/openarm_description/launch/__pycache__
-- Up-to-date: /home/taoqiu/ros2_ws/install/openarm_description/share/openarm_description/launch/__pycache__/openarm_common.cpython-313.pyc
-- Up-to-date: /home/taoqiu/ros2_ws/install/openarm_description/share/openarm_description/rviz
-- Up-to-date: /home/taoqiu/ros2_ws/install/openarm_description/share/openarm_description/rviz/arm_only.rviz
-- Installing: /home/taoqiu/ros2_ws/install/openarm_description/share/openarm_description/rviz/bimanual.rviz
-- Up-to-date: /home/taoqiu/ros2_ws/install/openarm_description/share/ament_index/resource_index/package_run_dependencies/openarm_description
-- Up-to-date: /home/taoqiu/ros2_ws/install/openarm_description/share/ament_index/resource_index/parent_prefix_path/openarm_description
-- Up-to-date: /home/taoqiu/ros2_ws/install/openarm_description/share/openarm_description/environment/ament_prefix_path.sh
-- Installing: /home/taoqiu/ros2_ws/install/openarm_description/share/openarm_description/environment/ament_prefix_path.dsv
-- Up-to-date: /home/taoqiu/ros2_ws/install/openarm_description/share/openarm_description/environment/path.sh
-- Installing: /home/taoqiu/ros2_ws/install/openarm_description/share/openarm_description/environment/path.dsv
-- Up-to-date: /home/taoqiu/ros2_ws/install/openarm_description/share/openarm_description/local_setup.bash
-- Up-to-date: /home/taoqiu/ros2_ws/install/openarm_description/share/openarm_description/local_setup.sh
-- Up-to-date: /home/taoqiu/ros2_ws/install/openarm_description/share/openarm_description/local_setup.zsh
-- Installing: /home/taoqiu/ros2_ws/install/openarm_description/share/openarm_description/local_setup.dsv
-- Installing: /home/taoqiu/ros2_ws/install/openarm_description/share/openarm_description/package.dsv
-- Up-to-date: /home/taoqiu/ros2_ws/install/openarm_description/share/ament_index/resource_index/packages/openarm_description
-- Up-to-date: /home/taoqiu/ros2_ws/install/openarm_description/share/openarm_description/cmake/openarm_descriptionConfig.cmake
-- Up-to-date: /home/taoqiu/ros2_ws/install/openarm_description/share/openarm_description/cmake/openarm_descriptionConfig-version.cmake
-- Up-to-date: /home/taoqiu/ros2_ws/install/openarm_description/share/openarm_description/package.xml
