-- Install configuration: ""
-- Up-to-date: /home/taoqiu/ros2_ws/install/openarm_bringup/share/openarm_bringup/launch
-- Installing: /home/taoqiu/ros2_ws/install/openarm_bringup/share/openarm_bringup/launch/openarm.bimanual.launch.py
-- Up-to-date: /home/taoqiu/ros2_ws/install/openarm_bringup/share/openarm_bringup/launch/__pycache__
-- Up-to-date: /home/taoqiu/ros2_ws/install/openarm_bringup/share/openarm_bringup/launch/__pycache__/openarm.bimanual.launch.cpython-313.pyc
-- Up-to-date: /home/taoqiu/ros2_ws/install/openarm_bringup/share/openarm_bringup/config
-- Up-to-date: /home/taoqiu/ros2_ws/install/openarm_bringup/share/openarm_bringup/config/controllers
-- Installing: /home/taoqiu/ros2_ws/install/openarm_bringup/share/openarm_bringup/config/controllers/openarm_bimanual_controllers.yaml
-- Up-to-date: /home/taoqiu/ros2_ws/install/openarm_bringup/share/ament_index/resource_index/package_run_dependencies/openarm_bringup
-- Up-to-date: /home/taoqiu/ros2_ws/install/openarm_bringup/share/ament_index/resource_index/parent_prefix_path/openarm_bringup
-- Up-to-date: /home/taoqiu/ros2_ws/install/openarm_bringup/share/openarm_bringup/environment/ament_prefix_path.sh
-- Up-to-date: /home/taoqiu/ros2_ws/install/openarm_bringup/share/openarm_bringup/environment/ament_prefix_path.dsv
-- Up-to-date: /home/taoqiu/ros2_ws/install/openarm_bringup/share/openarm_bringup/environment/path.sh
-- Up-to-date: /home/taoqiu/ros2_ws/install/openarm_bringup/share/openarm_bringup/environment/path.dsv
-- Up-to-date: /home/taoqiu/ros2_ws/install/openarm_bringup/share/openarm_bringup/local_setup.bash
-- Up-to-date: /home/taoqiu/ros2_ws/install/openarm_bringup/share/openarm_bringup/local_setup.sh
-- Up-to-date: /home/taoqiu/ros2_ws/install/openarm_bringup/share/openarm_bringup/local_setup.zsh
-- Up-to-date: /home/taoqiu/ros2_ws/install/openarm_bringup/share/openarm_bringup/local_setup.dsv
-- Installing: /home/taoqiu/ros2_ws/install/openarm_bringup/share/openarm_bringup/package.dsv
-- Up-to-date: /home/taoqiu/ros2_ws/install/openarm_bringup/share/ament_index/resource_index/packages/openarm_bringup
-- Up-to-date: /home/taoqiu/ros2_ws/install/openarm_bringup/share/openarm_bringup/cmake/openarm_bringupConfig.cmake
-- Up-to-date: /home/taoqiu/ros2_ws/install/openarm_bringup/share/openarm_bringup/cmake/openarm_bringupConfig-version.cmake
-- Up-to-date: /home/taoqiu/ros2_ws/install/openarm_bringup/share/openarm_bringup/package.xml
