-- The C compiler identification is GNU 11.4.0
-- The CXX compiler identification is GNU 11.4.0
-- Detecting C compiler ABI info
-- Detecting C compiler ABI info - done
-- Check for working C compiler: /usr/bin/cc - skipped
-- Detecting C compile features
-- Detecting C compile features - done
-- Detecting CXX compiler ABI info
-- Detecting CXX compiler ABI info - done
-- Check for working CXX compiler: /usr/bin/c++ - skipped
-- Detecting CXX compile features
-- Detecting CXX compile features - done
-- Found ament_cmake: 1.3.14 (/opt/ros/humble/share/ament_cmake/cmake)
-- Found Python3: /usr/bin/python3 (found version "3.10.12") found components: Interpreter 
-- Configuring done
-- Generating done
-- Build files have been written to: /home/taoqiu/ros2_ws/build/openarm
-- Install configuration: ""
-- Installing: /home/taoqiu/ros2_ws/install/openarm/share/ament_index/resource_index/package_run_dependencies/openarm
-- Installing: /home/taoqiu/ros2_ws/install/openarm/share/ament_index/resource_index/parent_prefix_path/openarm
-- Installing: /home/taoqiu/ros2_ws/install/openarm/share/openarm/environment/ament_prefix_path.sh
-- Installing: /home/taoqiu/ros2_ws/install/openarm/share/openarm/environment/ament_prefix_path.dsv
-- Installing: /home/taoqiu/ros2_ws/install/openarm/share/openarm/environment/path.sh
-- Installing: /home/taoqiu/ros2_ws/install/openarm/share/openarm/environment/path.dsv
-- Installing: /home/taoqiu/ros2_ws/install/openarm/share/openarm/local_setup.bash
-- Installing: /home/taoqiu/ros2_ws/install/openarm/share/openarm/local_setup.sh
-- Installing: /home/taoqiu/ros2_ws/install/openarm/share/openarm/local_setup.zsh
-- Installing: /home/taoqiu/ros2_ws/install/openarm/share/openarm/local_setup.dsv
-- Installing: /home/taoqiu/ros2_ws/install/openarm/share/openarm/package.dsv
-- Installing: /home/taoqiu/ros2_ws/install/openarm/share/ament_index/resource_index/packages/openarm
-- Installing: /home/taoqiu/ros2_ws/install/openarm/share/openarm/cmake/openarmConfig.cmake
-- Installing: /home/taoqiu/ros2_ws/install/openarm/share/openarm/cmake/openarmConfig-version.cmake
-- Installing: /home/taoqiu/ros2_ws/install/openarm/share/openarm/package.xml
