[0.012s] Invoking command in '/home/taoqiu/ros2_ws/build/openarm': AMENT_PREFIX_PATH=/home/taoqiu/ros2_ws/install/openarm_bringup:/home/taoqiu/ros2_ws/install/openarm_hardware:/home/taoqiu/ros2_ws/install/openarm_bimanual_moveit_config:/home/taoqiu/ros2_ws/install/openarm_description:${AMENT_PREFIX_PATH} CMAKE_PREFIX_PATH=/home/taoqiu/ros2_ws/install/openarm_bringup:/home/taoqiu/ros2_ws/install/openarm_hardware:/home/taoqiu/ros2_ws/install/openarm_bimanual_moveit_config:/home/taoqiu/ros2_ws/install/openarm_description:/home/taoqiu/ros2_ws/install/openarm_can:/opt/ros/humble CONDA_PROMPT_MODIFIER=(base) LD_LIBRARY_PATH=/home/taoqiu/ros2_ws/install/openarm_hardware/lib:${LD_LIBRARY_PATH} PATH=/home/taoqiu/ros2_ws/install/openarm_can/bin:${PATH} PKG_CONFIG_PATH=/home/taoqiu/ros2_ws/install/openarm_can/lib/x86_64-linux-gnu/pkgconfig:/home/taoqiu/ros2_ws/install/openarm_can/lib/pkgconfig /usr/bin/cmake /home/taoqiu/ros2_ws/src/openarm_ros2/openarm -DCMAKE_INSTALL_PREFIX=/home/taoqiu/ros2_ws/install/openarm
[0.082s] -- The C compiler identification is GNU 11.4.0
[0.153s] -- The CXX compiler identification is GNU 11.4.0
[0.160s] -- Detecting C compiler ABI info
[0.272s] -- Detecting C compiler ABI info - done
[0.282s] -- Check for working C compiler: /usr/bin/cc - skipped
[0.282s] -- Detecting C compile features
[0.283s] -- Detecting C compile features - done
[0.285s] -- Detecting CXX compiler ABI info
[0.353s] -- Detecting CXX compiler ABI info - done
[0.357s] -- Check for working CXX compiler: /usr/bin/c++ - skipped
[0.357s] -- Detecting CXX compile features
[0.358s] -- Detecting CXX compile features - done
[0.360s] -- Found ament_cmake: 1.3.14 (/opt/ros/humble/share/ament_cmake/cmake)
[0.478s] -- Found Python3: /usr/bin/python3 (found version "3.10.12") found components: Interpreter 
[0.556s] -- Configuring done
[0.557s] -- Generating done
[0.558s] -- Build files have been written to: /home/taoqiu/ros2_ws/build/openarm
[0.560s] Invoked command in '/home/taoqiu/ros2_ws/build/openarm' returned '0': AMENT_PREFIX_PATH=/home/taoqiu/ros2_ws/install/openarm_bringup:/home/taoqiu/ros2_ws/install/openarm_hardware:/home/taoqiu/ros2_ws/install/openarm_bimanual_moveit_config:/home/taoqiu/ros2_ws/install/openarm_description:${AMENT_PREFIX_PATH} CMAKE_PREFIX_PATH=/home/taoqiu/ros2_ws/install/openarm_bringup:/home/taoqiu/ros2_ws/install/openarm_hardware:/home/taoqiu/ros2_ws/install/openarm_bimanual_moveit_config:/home/taoqiu/ros2_ws/install/openarm_description:/home/taoqiu/ros2_ws/install/openarm_can:/opt/ros/humble CONDA_PROMPT_MODIFIER=(base) LD_LIBRARY_PATH=/home/taoqiu/ros2_ws/install/openarm_hardware/lib:${LD_LIBRARY_PATH} PATH=/home/taoqiu/ros2_ws/install/openarm_can/bin:${PATH} PKG_CONFIG_PATH=/home/taoqiu/ros2_ws/install/openarm_can/lib/x86_64-linux-gnu/pkgconfig:/home/taoqiu/ros2_ws/install/openarm_can/lib/pkgconfig /usr/bin/cmake /home/taoqiu/ros2_ws/src/openarm_ros2/openarm -DCMAKE_INSTALL_PREFIX=/home/taoqiu/ros2_ws/install/openarm
[0.561s] Invoking command in '/home/taoqiu/ros2_ws/build/openarm': AMENT_PREFIX_PATH=/home/taoqiu/ros2_ws/install/openarm_bringup:/home/taoqiu/ros2_ws/install/openarm_hardware:/home/taoqiu/ros2_ws/install/openarm_bimanual_moveit_config:/home/taoqiu/ros2_ws/install/openarm_description:${AMENT_PREFIX_PATH} CMAKE_PREFIX_PATH=/home/taoqiu/ros2_ws/install/openarm_bringup:/home/taoqiu/ros2_ws/install/openarm_hardware:/home/taoqiu/ros2_ws/install/openarm_bimanual_moveit_config:/home/taoqiu/ros2_ws/install/openarm_description:/home/taoqiu/ros2_ws/install/openarm_can:/opt/ros/humble CONDA_PROMPT_MODIFIER=(base) LD_LIBRARY_PATH=/home/taoqiu/ros2_ws/install/openarm_hardware/lib:${LD_LIBRARY_PATH} PATH=/home/taoqiu/ros2_ws/install/openarm_can/bin:${PATH} PKG_CONFIG_PATH=/home/taoqiu/ros2_ws/install/openarm_can/lib/x86_64-linux-gnu/pkgconfig:/home/taoqiu/ros2_ws/install/openarm_can/lib/pkgconfig /usr/bin/cmake --build /home/taoqiu/ros2_ws/build/openarm -- -j24 -l24
[0.590s] Invoked command in '/home/taoqiu/ros2_ws/build/openarm' returned '0': AMENT_PREFIX_PATH=/home/taoqiu/ros2_ws/install/openarm_bringup:/home/taoqiu/ros2_ws/install/openarm_hardware:/home/taoqiu/ros2_ws/install/openarm_bimanual_moveit_config:/home/taoqiu/ros2_ws/install/openarm_description:${AMENT_PREFIX_PATH} CMAKE_PREFIX_PATH=/home/taoqiu/ros2_ws/install/openarm_bringup:/home/taoqiu/ros2_ws/install/openarm_hardware:/home/taoqiu/ros2_ws/install/openarm_bimanual_moveit_config:/home/taoqiu/ros2_ws/install/openarm_description:/home/taoqiu/ros2_ws/install/openarm_can:/opt/ros/humble CONDA_PROMPT_MODIFIER=(base) LD_LIBRARY_PATH=/home/taoqiu/ros2_ws/install/openarm_hardware/lib:${LD_LIBRARY_PATH} PATH=/home/taoqiu/ros2_ws/install/openarm_can/bin:${PATH} PKG_CONFIG_PATH=/home/taoqiu/ros2_ws/install/openarm_can/lib/x86_64-linux-gnu/pkgconfig:/home/taoqiu/ros2_ws/install/openarm_can/lib/pkgconfig /usr/bin/cmake --build /home/taoqiu/ros2_ws/build/openarm -- -j24 -l24
[0.591s] Invoking command in '/home/taoqiu/ros2_ws/build/openarm': AMENT_PREFIX_PATH=/home/taoqiu/ros2_ws/install/openarm_bringup:/home/taoqiu/ros2_ws/install/openarm_hardware:/home/taoqiu/ros2_ws/install/openarm_bimanual_moveit_config:/home/taoqiu/ros2_ws/install/openarm_description:${AMENT_PREFIX_PATH} CMAKE_PREFIX_PATH=/home/taoqiu/ros2_ws/install/openarm_bringup:/home/taoqiu/ros2_ws/install/openarm_hardware:/home/taoqiu/ros2_ws/install/openarm_bimanual_moveit_config:/home/taoqiu/ros2_ws/install/openarm_description:/home/taoqiu/ros2_ws/install/openarm_can:/opt/ros/humble CONDA_PROMPT_MODIFIER=(base) LD_LIBRARY_PATH=/home/taoqiu/ros2_ws/install/openarm_hardware/lib:${LD_LIBRARY_PATH} PATH=/home/taoqiu/ros2_ws/install/openarm_can/bin:${PATH} PKG_CONFIG_PATH=/home/taoqiu/ros2_ws/install/openarm_can/lib/x86_64-linux-gnu/pkgconfig:/home/taoqiu/ros2_ws/install/openarm_can/lib/pkgconfig /usr/bin/cmake --install /home/taoqiu/ros2_ws/build/openarm
[0.600s] -- Install configuration: ""
[0.600s] -- Installing: /home/taoqiu/ros2_ws/install/openarm/share/ament_index/resource_index/package_run_dependencies/openarm
[0.600s] -- Installing: /home/taoqiu/ros2_ws/install/openarm/share/ament_index/resource_index/parent_prefix_path/openarm
[0.600s] -- Installing: /home/taoqiu/ros2_ws/install/openarm/share/openarm/environment/ament_prefix_path.sh
[0.600s] -- Installing: /home/taoqiu/ros2_ws/install/openarm/share/openarm/environment/ament_prefix_path.dsv
[0.600s] -- Installing: /home/taoqiu/ros2_ws/install/openarm/share/openarm/environment/path.sh
[0.600s] -- Installing: /home/taoqiu/ros2_ws/install/openarm/share/openarm/environment/path.dsv
[0.600s] -- Installing: /home/taoqiu/ros2_ws/install/openarm/share/openarm/local_setup.bash
[0.601s] -- Installing: /home/taoqiu/ros2_ws/install/openarm/share/openarm/local_setup.sh
[0.601s] -- Installing: /home/taoqiu/ros2_ws/install/openarm/share/openarm/local_setup.zsh
[0.601s] -- Installing: /home/taoqiu/ros2_ws/install/openarm/share/openarm/local_setup.dsv
[0.601s] -- Installing: /home/taoqiu/ros2_ws/install/openarm/share/openarm/package.dsv
[0.601s] -- Installing: /home/taoqiu/ros2_ws/install/openarm/share/ament_index/resource_index/packages/openarm
[0.601s] -- Installing: /home/taoqiu/ros2_ws/install/openarm/share/openarm/cmake/openarmConfig.cmake
[0.601s] -- Installing: /home/taoqiu/ros2_ws/install/openarm/share/openarm/cmake/openarmConfig-version.cmake
[0.601s] -- Installing: /home/taoqiu/ros2_ws/install/openarm/share/openarm/package.xml
[0.601s] Invoked command in '/home/taoqiu/ros2_ws/build/openarm' returned '0': AMENT_PREFIX_PATH=/home/taoqiu/ros2_ws/install/openarm_bringup:/home/taoqiu/ros2_ws/install/openarm_hardware:/home/taoqiu/ros2_ws/install/openarm_bimanual_moveit_config:/home/taoqiu/ros2_ws/install/openarm_description:${AMENT_PREFIX_PATH} CMAKE_PREFIX_PATH=/home/taoqiu/ros2_ws/install/openarm_bringup:/home/taoqiu/ros2_ws/install/openarm_hardware:/home/taoqiu/ros2_ws/install/openarm_bimanual_moveit_config:/home/taoqiu/ros2_ws/install/openarm_description:/home/taoqiu/ros2_ws/install/openarm_can:/opt/ros/humble CONDA_PROMPT_MODIFIER=(base) LD_LIBRARY_PATH=/home/taoqiu/ros2_ws/install/openarm_hardware/lib:${LD_LIBRARY_PATH} PATH=/home/taoqiu/ros2_ws/install/openarm_can/bin:${PATH} PKG_CONFIG_PATH=/home/taoqiu/ros2_ws/install/openarm_can/lib/x86_64-linux-gnu/pkgconfig:/home/taoqiu/ros2_ws/install/openarm_can/lib/pkgconfig /usr/bin/cmake --install /home/taoqiu/ros2_ws/build/openarm
