running egg_info
writing ../../../build/openarm_umi_bridge/openarm_umi_bridge.egg-info/PKG-INFO
writing dependency_links to ../../../build/openarm_umi_bridge/openarm_umi_bridge.egg-info/dependency_links.txt
writing entry points to ../../../build/openarm_umi_bridge/openarm_umi_bridge.egg-info/entry_points.txt
writing requirements to ../../../build/openarm_umi_bridge/openarm_umi_bridge.egg-info/requires.txt
writing top-level names to ../../../build/openarm_umi_bridge/openarm_umi_bridge.egg-info/top_level.txt
reading manifest file '../../../build/openarm_umi_bridge/openarm_umi_bridge.egg-info/SOURCES.txt'
writing manifest file '../../../build/openarm_umi_bridge/openarm_umi_bridge.egg-info/SOURCES.txt'
running build
running build_py
running install
running install_lib
running install_data
copying launch/umi_bridge.launch.py -> /home/taoqiu/ros2_ws/install/openarm_umi_bridge/share/openarm_umi_bridge/launch
running install_egg_info
removing '/home/taoqiu/ros2_ws/install/openarm_umi_bridge/lib/python3.10/site-packages/openarm_umi_bridge-1.0.0-py3.10.egg-info' (and everything under it)
Copying ../../../build/openarm_umi_bridge/openarm_umi_bridge.egg-info to /home/taoqiu/ros2_ws/install/openarm_umi_bridge/lib/python3.10/site-packages/openarm_umi_bridge-1.0.0-py3.10.egg-info
running install_scripts
Installing umi_bridge script to /home/taoqiu/ros2_ws/install/openarm_umi_bridge/lib/openarm_umi_bridge
writing list of installed files to '/home/taoqiu/ros2_ws/build/openarm_umi_bridge/install.log'
