[0.326s] Invoking command in '/home/taoqiu/ros2_ws/src/openarm_ros2/openarm_umi_bridge': CONDA_PROMPT_MODIFIER=(base) PYTHONPATH=/home/taoqiu/ros2_ws/build/openarm_umi_bridge/prefix_override:/usr/lib/python3/dist-packages/colcon_core/task/python/colcon_distutils_commands:/home/taoqiu/ros2_ws/install/openarm_umi_bridge/lib/python3.10/site-packages:${PYTHONPATH} /usr/bin/python3 -W ignore:setup.py install is deprecated -W ignore:easy_install command is deprecated setup.py egg_info --egg-base ../../../build/openarm_umi_bridge build --build-base /home/taoqiu/ros2_ws/build/openarm_umi_bridge/build install --record /home/taoqiu/ros2_ws/build/openarm_umi_bridge/install.log --single-version-externally-managed install_data
[0.438s] running egg_info
[0.439s] writing ../../../build/openarm_umi_bridge/openarm_umi_bridge.egg-info/PKG-INFO
[0.439s] writing dependency_links to ../../../build/openarm_umi_bridge/openarm_umi_bridge.egg-info/dependency_links.txt
[0.439s] writing entry points to ../../../build/openarm_umi_bridge/openarm_umi_bridge.egg-info/entry_points.txt
[0.439s] writing requirements to ../../../build/openarm_umi_bridge/openarm_umi_bridge.egg-info/requires.txt
[0.439s] writing top-level names to ../../../build/openarm_umi_bridge/openarm_umi_bridge.egg-info/top_level.txt
[0.440s] reading manifest file '../../../build/openarm_umi_bridge/openarm_umi_bridge.egg-info/SOURCES.txt'
[0.440s] writing manifest file '../../../build/openarm_umi_bridge/openarm_umi_bridge.egg-info/SOURCES.txt'
[0.440s] running build
[0.440s] running build_py
[0.440s] running install
[0.440s] running install_lib
[0.441s] running install_data
[0.441s] copying launch/umi_bridge.launch.py -> /home/taoqiu/ros2_ws/install/openarm_umi_bridge/share/openarm_umi_bridge/launch
[0.441s] running install_egg_info
[0.442s] removing '/home/taoqiu/ros2_ws/install/openarm_umi_bridge/lib/python3.10/site-packages/openarm_umi_bridge-1.0.0-py3.10.egg-info' (and everything under it)
[0.442s] Copying ../../../build/openarm_umi_bridge/openarm_umi_bridge.egg-info to /home/taoqiu/ros2_ws/install/openarm_umi_bridge/lib/python3.10/site-packages/openarm_umi_bridge-1.0.0-py3.10.egg-info
[0.442s] running install_scripts
[0.452s] Installing umi_bridge script to /home/taoqiu/ros2_ws/install/openarm_umi_bridge/lib/openarm_umi_bridge
[0.452s] writing list of installed files to '/home/taoqiu/ros2_ws/build/openarm_umi_bridge/install.log'
[0.463s] Invoked command in '/home/taoqiu/ros2_ws/src/openarm_ros2/openarm_umi_bridge' returned '0': CONDA_PROMPT_MODIFIER=(base) PYTHONPATH=/home/taoqiu/ros2_ws/build/openarm_umi_bridge/prefix_override:/usr/lib/python3/dist-packages/colcon_core/task/python/colcon_distutils_commands:/home/taoqiu/ros2_ws/install/openarm_umi_bridge/lib/python3.10/site-packages:${PYTHONPATH} /usr/bin/python3 -W ignore:setup.py install is deprecated -W ignore:easy_install command is deprecated setup.py egg_info --egg-base ../../../build/openarm_umi_bridge build --build-base /home/taoqiu/ros2_ws/build/openarm_umi_bridge/build install --record /home/taoqiu/ros2_ws/build/openarm_umi_bridge/install.log --single-version-externally-managed install_data
