[0.051s] colcon DEBUG Command line arguments: ['/usr/bin/colcon', 'build']
[0.051s] colcon DEBUG Parsed command line arguments: Namespace(log_base=None, log_level=None, verb_name='build', build_base='build', install_base='install', merge_install=False, symlink_install=False, test_result_base=None, continue_on_error=False, executor='parallel', parallel_workers=24, event_handlers=None, ignore_user_meta=False, metas=['./colcon.meta'], base_paths=['.'], packages_ignore=None, packages_ignore_regex=None, paths=None, packages_up_to=None, packages_up_to_regex=None, packages_above=None, packages_above_and_dependencies=None, packages_above_depth=None, packages_select_by_dep=None, packages_skip_by_dep=None, packages_skip_up_to=None, packages_select_build_failed=False, packages_skip_build_finished=False, packages_select_test_failures=False, packages_skip_test_passed=False, packages_select=None, packages_skip=None, packages_select_regex=None, packages_skip_regex=None, packages_start=None, packages_end=None, allow_overriding=[], cmake_args=None, cmake_target=None, cmake_target_skip_unavailable=False, cmake_clean_cache=False, cmake_clean_first=False, cmake_force_configure=False, ament_cmake_args=None, catkin_cmake_args=None, catkin_skip_building_tests=False, verb_parser=<colcon_defaults.argument_parser.defaults.DefaultArgumentsDecorator object at 0x7f7cfb0d5150>, verb_extension=<colcon_core.verb.build.BuildVerb object at 0x7f7cfb0d4b80>, main=<bound method BuildVerb.main of <colcon_core.verb.build.BuildVerb object at 0x7f7cfb0d4b80>>)
[0.129s] colcon.colcon_core.package_discovery Level 1 discover_packages(colcon_meta) check parameters
[0.129s] colcon.colcon_core.package_discovery Level 1 discover_packages(recursive) check parameters
[0.129s] colcon.colcon_core.package_discovery Level 1 discover_packages(ignore) check parameters
[0.129s] colcon.colcon_core.package_discovery Level 1 discover_packages(path) check parameters
[0.129s] colcon.colcon_core.package_discovery Level 1 discover_packages(colcon_meta) discover
[0.129s] colcon.colcon_core.package_discovery Level 1 discover_packages(recursive) discover
[0.129s] colcon.colcon_core.package_discovery INFO Crawling recursively for packages in '/home/taoqiu/ros2_ws'
[0.129s] colcon.colcon_core.package_identification Level 1 _identify(.) by extensions ['ignore', 'ignore_ament_install']
[0.129s] colcon.colcon_core.package_identification Level 1 _identify(.) by extension 'ignore'
[0.129s] colcon.colcon_core.package_identification Level 1 _identify(.) by extension 'ignore_ament_install'
[0.129s] colcon.colcon_core.package_identification Level 1 _identify(.) by extensions ['colcon_pkg']
[0.129s] colcon.colcon_core.package_identification Level 1 _identify(.) by extension 'colcon_pkg'
[0.129s] colcon.colcon_core.package_identification Level 1 _identify(.) by extensions ['colcon_meta']
[0.129s] colcon.colcon_core.package_identification Level 1 _identify(.) by extension 'colcon_meta'
[0.129s] colcon.colcon_core.package_identification Level 1 _identify(.) by extensions ['ros']
[0.129s] colcon.colcon_core.package_identification Level 1 _identify(.) by extension 'ros'
[0.139s] colcon.colcon_core.package_identification Level 1 _identify(.) by extensions ['cmake', 'python']
[0.139s] colcon.colcon_core.package_identification Level 1 _identify(.) by extension 'cmake'
[0.139s] colcon.colcon_core.package_identification Level 1 _identify(.) by extension 'python'
[0.139s] colcon.colcon_core.package_identification Level 1 _identify(.) by extensions ['python_setup_py']
[0.139s] colcon.colcon_core.package_identification Level 1 _identify(.) by extension 'python_setup_py'
[0.139s] colcon.colcon_core.package_identification Level 1 _identify(build) by extensions ['ignore', 'ignore_ament_install']
[0.139s] colcon.colcon_core.package_identification Level 1 _identify(build) by extension 'ignore'
[0.139s] colcon.colcon_core.package_identification Level 1 _identify(build) ignored
[0.139s] colcon.colcon_core.package_identification Level 1 _identify(install) by extensions ['ignore', 'ignore_ament_install']
[0.139s] colcon.colcon_core.package_identification Level 1 _identify(install) by extension 'ignore'
[0.139s] colcon.colcon_core.package_identification Level 1 _identify(install) ignored
[0.140s] colcon.colcon_core.package_identification Level 1 _identify(log) by extensions ['ignore', 'ignore_ament_install']
[0.140s] colcon.colcon_core.package_identification Level 1 _identify(log) by extension 'ignore'
[0.140s] colcon.colcon_core.package_identification Level 1 _identify(log) ignored
[0.140s] colcon.colcon_core.package_identification Level 1 _identify(src) by extensions ['ignore', 'ignore_ament_install']
[0.140s] colcon.colcon_core.package_identification Level 1 _identify(src) by extension 'ignore'
[0.140s] colcon.colcon_core.package_identification Level 1 _identify(src) by extension 'ignore_ament_install'
[0.140s] colcon.colcon_core.package_identification Level 1 _identify(src) by extensions ['colcon_pkg']
[0.140s] colcon.colcon_core.package_identification Level 1 _identify(src) by extension 'colcon_pkg'
[0.140s] colcon.colcon_core.package_identification Level 1 _identify(src) by extensions ['colcon_meta']
[0.140s] colcon.colcon_core.package_identification Level 1 _identify(src) by extension 'colcon_meta'
[0.140s] colcon.colcon_core.package_identification Level 1 _identify(src) by extensions ['ros']
[0.140s] colcon.colcon_core.package_identification Level 1 _identify(src) by extension 'ros'
[0.140s] colcon.colcon_core.package_identification Level 1 _identify(src) by extensions ['cmake', 'python']
[0.140s] colcon.colcon_core.package_identification Level 1 _identify(src) by extension 'cmake'
[0.140s] colcon.colcon_core.package_identification Level 1 _identify(src) by extension 'python'
[0.140s] colcon.colcon_core.package_identification Level 1 _identify(src) by extensions ['python_setup_py']
[0.140s] colcon.colcon_core.package_identification Level 1 _identify(src) by extension 'python_setup_py'
[0.140s] colcon.colcon_core.package_identification Level 1 _identify(src/openarm_can) by extensions ['ignore', 'ignore_ament_install']
[0.140s] colcon.colcon_core.package_identification Level 1 _identify(src/openarm_can) by extension 'ignore'
[0.140s] colcon.colcon_core.package_identification Level 1 _identify(src/openarm_can) by extension 'ignore_ament_install'
[0.140s] colcon.colcon_core.package_identification Level 1 _identify(src/openarm_can) by extensions ['colcon_pkg']
[0.140s] colcon.colcon_core.package_identification Level 1 _identify(src/openarm_can) by extension 'colcon_pkg'
[0.140s] colcon.colcon_core.package_identification Level 1 _identify(src/openarm_can) by extensions ['colcon_meta']
[0.140s] colcon.colcon_core.package_identification Level 1 _identify(src/openarm_can) by extension 'colcon_meta'
[0.140s] colcon.colcon_core.package_identification Level 1 _identify(src/openarm_can) by extensions ['ros']
[0.140s] colcon.colcon_core.package_identification Level 1 _identify(src/openarm_can) by extension 'ros'
[0.141s] colcon.colcon_core.package_identification DEBUG Package 'src/openarm_can' with type 'ros.cmake' and name 'openarm_can'
[0.141s] colcon.colcon_core.package_identification Level 1 _identify(src/openarm_description) by extensions ['ignore', 'ignore_ament_install']
[0.141s] colcon.colcon_core.package_identification Level 1 _identify(src/openarm_description) by extension 'ignore'
[0.141s] colcon.colcon_core.package_identification Level 1 _identify(src/openarm_description) by extension 'ignore_ament_install'
[0.141s] colcon.colcon_core.package_identification Level 1 _identify(src/openarm_description) by extensions ['colcon_pkg']
[0.141s] colcon.colcon_core.package_identification Level 1 _identify(src/openarm_description) by extension 'colcon_pkg'
[0.141s] colcon.colcon_core.package_identification Level 1 _identify(src/openarm_description) by extensions ['colcon_meta']
[0.141s] colcon.colcon_core.package_identification Level 1 _identify(src/openarm_description) by extension 'colcon_meta'
[0.141s] colcon.colcon_core.package_identification Level 1 _identify(src/openarm_description) by extensions ['ros']
[0.141s] colcon.colcon_core.package_identification Level 1 _identify(src/openarm_description) by extension 'ros'
[0.142s] colcon.colcon_core.package_identification DEBUG Package 'src/openarm_description' with type 'ros.ament_cmake' and name 'openarm_description'
[0.142s] colcon.colcon_core.package_identification Level 1 _identify(src/openarm_ros2) by extensions ['ignore', 'ignore_ament_install']
[0.142s] colcon.colcon_core.package_identification Level 1 _identify(src/openarm_ros2) by extension 'ignore'
[0.142s] colcon.colcon_core.package_identification Level 1 _identify(src/openarm_ros2) by extension 'ignore_ament_install'
[0.142s] colcon.colcon_core.package_identification Level 1 _identify(src/openarm_ros2) by extensions ['colcon_pkg']
[0.142s] colcon.colcon_core.package_identification Level 1 _identify(src/openarm_ros2) by extension 'colcon_pkg'
[0.142s] colcon.colcon_core.package_identification Level 1 _identify(src/openarm_ros2) by extensions ['colcon_meta']
[0.142s] colcon.colcon_core.package_identification Level 1 _identify(src/openarm_ros2) by extension 'colcon_meta'
[0.142s] colcon.colcon_core.package_identification Level 1 _identify(src/openarm_ros2) by extensions ['ros']
[0.142s] colcon.colcon_core.package_identification Level 1 _identify(src/openarm_ros2) by extension 'ros'
[0.142s] colcon.colcon_core.package_identification Level 1 _identify(src/openarm_ros2) by extensions ['cmake', 'python']
[0.142s] colcon.colcon_core.package_identification Level 1 _identify(src/openarm_ros2) by extension 'cmake'
[0.142s] colcon.colcon_core.package_identification Level 1 _identify(src/openarm_ros2) by extension 'python'
[0.142s] colcon.colcon_core.package_identification Level 1 _identify(src/openarm_ros2) by extensions ['python_setup_py']
[0.142s] colcon.colcon_core.package_identification Level 1 _identify(src/openarm_ros2) by extension 'python_setup_py'
[0.142s] colcon.colcon_core.package_identification Level 1 _identify(src/openarm_ros2/dev) by extensions ['ignore', 'ignore_ament_install']
[0.142s] colcon.colcon_core.package_identification Level 1 _identify(src/openarm_ros2/dev) by extension 'ignore'
[0.142s] colcon.colcon_core.package_identification Level 1 _identify(src/openarm_ros2/dev) by extension 'ignore_ament_install'
[0.142s] colcon.colcon_core.package_identification Level 1 _identify(src/openarm_ros2/dev) by extensions ['colcon_pkg']
[0.142s] colcon.colcon_core.package_identification Level 1 _identify(src/openarm_ros2/dev) by extension 'colcon_pkg'
[0.142s] colcon.colcon_core.package_identification Level 1 _identify(src/openarm_ros2/dev) by extensions ['colcon_meta']
[0.142s] colcon.colcon_core.package_identification Level 1 _identify(src/openarm_ros2/dev) by extension 'colcon_meta'
[0.142s] colcon.colcon_core.package_identification Level 1 _identify(src/openarm_ros2/dev) by extensions ['ros']
[0.142s] colcon.colcon_core.package_identification Level 1 _identify(src/openarm_ros2/dev) by extension 'ros'
[0.142s] colcon.colcon_core.package_identification Level 1 _identify(src/openarm_ros2/dev) by extensions ['cmake', 'python']
[0.142s] colcon.colcon_core.package_identification Level 1 _identify(src/openarm_ros2/dev) by extension 'cmake'
[0.142s] colcon.colcon_core.package_identification Level 1 _identify(src/openarm_ros2/dev) by extension 'python'
[0.142s] colcon.colcon_core.package_identification Level 1 _identify(src/openarm_ros2/dev) by extensions ['python_setup_py']
[0.142s] colcon.colcon_core.package_identification Level 1 _identify(src/openarm_ros2/dev) by extension 'python_setup_py'
[0.142s] colcon.colcon_core.package_identification Level 1 _identify(src/openarm_ros2/openarm) by extensions ['ignore', 'ignore_ament_install']
[0.142s] colcon.colcon_core.package_identification Level 1 _identify(src/openarm_ros2/openarm) by extension 'ignore'
[0.142s] colcon.colcon_core.package_identification Level 1 _identify(src/openarm_ros2/openarm) by extension 'ignore_ament_install'
[0.142s] colcon.colcon_core.package_identification Level 1 _identify(src/openarm_ros2/openarm) by extensions ['colcon_pkg']
[0.142s] colcon.colcon_core.package_identification Level 1 _identify(src/openarm_ros2/openarm) by extension 'colcon_pkg'
[0.143s] colcon.colcon_core.package_identification Level 1 _identify(src/openarm_ros2/openarm) by extensions ['colcon_meta']
[0.143s] colcon.colcon_core.package_identification Level 1 _identify(src/openarm_ros2/openarm) by extension 'colcon_meta'
[0.143s] colcon.colcon_core.package_identification Level 1 _identify(src/openarm_ros2/openarm) by extensions ['ros']
[0.143s] colcon.colcon_core.package_identification Level 1 _identify(src/openarm_ros2/openarm) by extension 'ros'
[0.143s] colcon.colcon_core.package_identification DEBUG Package 'src/openarm_ros2/openarm' with type 'ros.ament_cmake' and name 'openarm'
[0.143s] colcon.colcon_core.package_identification Level 1 _identify(src/openarm_ros2/openarm_bimanual_moveit_config) by extensions ['ignore', 'ignore_ament_install']
[0.143s] colcon.colcon_core.package_identification Level 1 _identify(src/openarm_ros2/openarm_bimanual_moveit_config) by extension 'ignore'
[0.143s] colcon.colcon_core.package_identification Level 1 _identify(src/openarm_ros2/openarm_bimanual_moveit_config) by extension 'ignore_ament_install'
[0.143s] colcon.colcon_core.package_identification Level 1 _identify(src/openarm_ros2/openarm_bimanual_moveit_config) by extensions ['colcon_pkg']
[0.143s] colcon.colcon_core.package_identification Level 1 _identify(src/openarm_ros2/openarm_bimanual_moveit_config) by extension 'colcon_pkg'
[0.143s] colcon.colcon_core.package_identification Level 1 _identify(src/openarm_ros2/openarm_bimanual_moveit_config) by extensions ['colcon_meta']
[0.143s] colcon.colcon_core.package_identification Level 1 _identify(src/openarm_ros2/openarm_bimanual_moveit_config) by extension 'colcon_meta'
[0.143s] colcon.colcon_core.package_identification Level 1 _identify(src/openarm_ros2/openarm_bimanual_moveit_config) by extensions ['ros']
[0.143s] colcon.colcon_core.package_identification Level 1 _identify(src/openarm_ros2/openarm_bimanual_moveit_config) by extension 'ros'
[0.143s] colcon.colcon_core.package_identification DEBUG Package 'src/openarm_ros2/openarm_bimanual_moveit_config' with type 'ros.ament_cmake' and name 'openarm_bimanual_moveit_config'
[0.143s] colcon.colcon_core.package_identification Level 1 _identify(src/openarm_ros2/openarm_bringup) by extensions ['ignore', 'ignore_ament_install']
[0.143s] colcon.colcon_core.package_identification Level 1 _identify(src/openarm_ros2/openarm_bringup) by extension 'ignore'
[0.143s] colcon.colcon_core.package_identification Level 1 _identify(src/openarm_ros2/openarm_bringup) by extension 'ignore_ament_install'
[0.143s] colcon.colcon_core.package_identification Level 1 _identify(src/openarm_ros2/openarm_bringup) by extensions ['colcon_pkg']
[0.143s] colcon.colcon_core.package_identification Level 1 _identify(src/openarm_ros2/openarm_bringup) by extension 'colcon_pkg'
[0.143s] colcon.colcon_core.package_identification Level 1 _identify(src/openarm_ros2/openarm_bringup) by extensions ['colcon_meta']
[0.144s] colcon.colcon_core.package_identification Level 1 _identify(src/openarm_ros2/openarm_bringup) by extension 'colcon_meta'
[0.144s] colcon.colcon_core.package_identification Level 1 _identify(src/openarm_ros2/openarm_bringup) by extensions ['ros']
[0.144s] colcon.colcon_core.package_identification Level 1 _identify(src/openarm_ros2/openarm_bringup) by extension 'ros'
[0.144s] colcon.colcon_core.package_identification DEBUG Package 'src/openarm_ros2/openarm_bringup' with type 'ros.ament_cmake' and name 'openarm_bringup'
[0.144s] colcon.colcon_core.package_identification Level 1 _identify(src/openarm_ros2/openarm_hardware) by extensions ['ignore', 'ignore_ament_install']
[0.144s] colcon.colcon_core.package_identification Level 1 _identify(src/openarm_ros2/openarm_hardware) by extension 'ignore'
[0.144s] colcon.colcon_core.package_identification Level 1 _identify(src/openarm_ros2/openarm_hardware) by extension 'ignore_ament_install'
[0.144s] colcon.colcon_core.package_identification Level 1 _identify(src/openarm_ros2/openarm_hardware) by extensions ['colcon_pkg']
[0.144s] colcon.colcon_core.package_identification Level 1 _identify(src/openarm_ros2/openarm_hardware) by extension 'colcon_pkg'
[0.144s] colcon.colcon_core.package_identification Level 1 _identify(src/openarm_ros2/openarm_hardware) by extensions ['colcon_meta']
[0.144s] colcon.colcon_core.package_identification Level 1 _identify(src/openarm_ros2/openarm_hardware) by extension 'colcon_meta'
[0.144s] colcon.colcon_core.package_identification Level 1 _identify(src/openarm_ros2/openarm_hardware) by extensions ['ros']
[0.144s] colcon.colcon_core.package_identification Level 1 _identify(src/openarm_ros2/openarm_hardware) by extension 'ros'
[0.144s] colcon.colcon_core.package_identification DEBUG Package 'src/openarm_ros2/openarm_hardware' with type 'ros.ament_cmake' and name 'openarm_hardware'
[0.144s] colcon.colcon_core.package_discovery Level 1 discover_packages(recursive) using defaults
[0.144s] colcon.colcon_core.package_discovery Level 1 discover_packages(ignore) discover
[0.144s] colcon.colcon_core.package_discovery Level 1 discover_packages(ignore) using defaults
[0.144s] colcon.colcon_core.package_discovery Level 1 discover_packages(path) discover
[0.144s] colcon.colcon_core.package_discovery Level 1 discover_packages(path) using defaults
[0.152s] colcon.colcon_core.package_discovery Level 1 discover_packages(prefix_path) check parameters
[0.152s] colcon.colcon_core.package_discovery Level 1 discover_packages(prefix_path) discover
[0.153s] colcon.colcon_installed_package_information.package_discovery DEBUG Found 388 installed packages in /opt/ros/humble
[0.155s] colcon.colcon_core.package_discovery Level 1 discover_packages(prefix_path) using defaults
[0.174s] colcon.colcon_core.verb Level 5 set package 'openarm_can' build argument 'cmake_args' from command line to 'None'
[0.174s] colcon.colcon_core.verb Level 5 set package 'openarm_can' build argument 'cmake_target' from command line to 'None'
[0.174s] colcon.colcon_core.verb Level 5 set package 'openarm_can' build argument 'cmake_target_skip_unavailable' from command line to 'False'
[0.174s] colcon.colcon_core.verb Level 5 set package 'openarm_can' build argument 'cmake_clean_cache' from command line to 'False'
[0.174s] colcon.colcon_core.verb Level 5 set package 'openarm_can' build argument 'cmake_clean_first' from command line to 'False'
[0.174s] colcon.colcon_core.verb Level 5 set package 'openarm_can' build argument 'cmake_force_configure' from command line to 'False'
[0.174s] colcon.colcon_core.verb Level 5 set package 'openarm_can' build argument 'ament_cmake_args' from command line to 'None'
[0.174s] colcon.colcon_core.verb Level 5 set package 'openarm_can' build argument 'catkin_cmake_args' from command line to 'None'
[0.174s] colcon.colcon_core.verb Level 5 set package 'openarm_can' build argument 'catkin_skip_building_tests' from command line to 'False'
[0.174s] colcon.colcon_core.verb DEBUG Building package 'openarm_can' with the following arguments: {'ament_cmake_args': None, 'build_base': '/home/taoqiu/ros2_ws/build/openarm_can', 'catkin_cmake_args': None, 'catkin_skip_building_tests': False, 'cmake_args': None, 'cmake_clean_cache': False, 'cmake_clean_first': False, 'cmake_force_configure': False, 'cmake_target': None, 'cmake_target_skip_unavailable': False, 'install_base': '/home/taoqiu/ros2_ws/install/openarm_can', 'merge_install': False, 'path': '/home/taoqiu/ros2_ws/src/openarm_can', 'symlink_install': False, 'test_result_base': None}
[0.174s] colcon.colcon_core.verb Level 5 set package 'openarm_description' build argument 'cmake_args' from command line to 'None'
[0.174s] colcon.colcon_core.verb Level 5 set package 'openarm_description' build argument 'cmake_target' from command line to 'None'
[0.174s] colcon.colcon_core.verb Level 5 set package 'openarm_description' build argument 'cmake_target_skip_unavailable' from command line to 'False'
[0.174s] colcon.colcon_core.verb Level 5 set package 'openarm_description' build argument 'cmake_clean_cache' from command line to 'False'
[0.174s] colcon.colcon_core.verb Level 5 set package 'openarm_description' build argument 'cmake_clean_first' from command line to 'False'
[0.174s] colcon.colcon_core.verb Level 5 set package 'openarm_description' build argument 'cmake_force_configure' from command line to 'False'
[0.174s] colcon.colcon_core.verb Level 5 set package 'openarm_description' build argument 'ament_cmake_args' from command line to 'None'
[0.174s] colcon.colcon_core.verb Level 5 set package 'openarm_description' build argument 'catkin_cmake_args' from command line to 'None'
[0.174s] colcon.colcon_core.verb Level 5 set package 'openarm_description' build argument 'catkin_skip_building_tests' from command line to 'False'
[0.174s] colcon.colcon_core.verb DEBUG Building package 'openarm_description' with the following arguments: {'ament_cmake_args': None, 'build_base': '/home/taoqiu/ros2_ws/build/openarm_description', 'catkin_cmake_args': None, 'catkin_skip_building_tests': False, 'cmake_args': None, 'cmake_clean_cache': False, 'cmake_clean_first': False, 'cmake_force_configure': False, 'cmake_target': None, 'cmake_target_skip_unavailable': False, 'install_base': '/home/taoqiu/ros2_ws/install/openarm_description', 'merge_install': False, 'path': '/home/taoqiu/ros2_ws/src/openarm_description', 'symlink_install': False, 'test_result_base': None}
[0.174s] colcon.colcon_core.verb Level 5 set package 'openarm_bimanual_moveit_config' build argument 'cmake_args' from command line to 'None'
[0.174s] colcon.colcon_core.verb Level 5 set package 'openarm_bimanual_moveit_config' build argument 'cmake_target' from command line to 'None'
[0.174s] colcon.colcon_core.verb Level 5 set package 'openarm_bimanual_moveit_config' build argument 'cmake_target_skip_unavailable' from command line to 'False'
[0.174s] colcon.colcon_core.verb Level 5 set package 'openarm_bimanual_moveit_config' build argument 'cmake_clean_cache' from command line to 'False'
[0.174s] colcon.colcon_core.verb Level 5 set package 'openarm_bimanual_moveit_config' build argument 'cmake_clean_first' from command line to 'False'
[0.174s] colcon.colcon_core.verb Level 5 set package 'openarm_bimanual_moveit_config' build argument 'cmake_force_configure' from command line to 'False'
[0.174s] colcon.colcon_core.verb Level 5 set package 'openarm_bimanual_moveit_config' build argument 'ament_cmake_args' from command line to 'None'
[0.174s] colcon.colcon_core.verb Level 5 set package 'openarm_bimanual_moveit_config' build argument 'catkin_cmake_args' from command line to 'None'
[0.174s] colcon.colcon_core.verb Level 5 set package 'openarm_bimanual_moveit_config' build argument 'catkin_skip_building_tests' from command line to 'False'
[0.174s] colcon.colcon_core.verb DEBUG Building package 'openarm_bimanual_moveit_config' with the following arguments: {'ament_cmake_args': None, 'build_base': '/home/taoqiu/ros2_ws/build/openarm_bimanual_moveit_config', 'catkin_cmake_args': None, 'catkin_skip_building_tests': False, 'cmake_args': None, 'cmake_clean_cache': False, 'cmake_clean_first': False, 'cmake_force_configure': False, 'cmake_target': None, 'cmake_target_skip_unavailable': False, 'install_base': '/home/taoqiu/ros2_ws/install/openarm_bimanual_moveit_config', 'merge_install': False, 'path': '/home/taoqiu/ros2_ws/src/openarm_ros2/openarm_bimanual_moveit_config', 'symlink_install': False, 'test_result_base': None}
[0.175s] colcon.colcon_core.verb Level 5 set package 'openarm_hardware' build argument 'cmake_args' from command line to 'None'
[0.175s] colcon.colcon_core.verb Level 5 set package 'openarm_hardware' build argument 'cmake_target' from command line to 'None'
[0.175s] colcon.colcon_core.verb Level 5 set package 'openarm_hardware' build argument 'cmake_target_skip_unavailable' from command line to 'False'
[0.175s] colcon.colcon_core.verb Level 5 set package 'openarm_hardware' build argument 'cmake_clean_cache' from command line to 'False'
[0.175s] colcon.colcon_core.verb Level 5 set package 'openarm_hardware' build argument 'cmake_clean_first' from command line to 'False'
[0.175s] colcon.colcon_core.verb Level 5 set package 'openarm_hardware' build argument 'cmake_force_configure' from command line to 'False'
[0.175s] colcon.colcon_core.verb Level 5 set package 'openarm_hardware' build argument 'ament_cmake_args' from command line to 'None'
[0.175s] colcon.colcon_core.verb Level 5 set package 'openarm_hardware' build argument 'catkin_cmake_args' from command line to 'None'
[0.175s] colcon.colcon_core.verb Level 5 set package 'openarm_hardware' build argument 'catkin_skip_building_tests' from command line to 'False'
[0.175s] colcon.colcon_core.verb DEBUG Building package 'openarm_hardware' with the following arguments: {'ament_cmake_args': None, 'build_base': '/home/taoqiu/ros2_ws/build/openarm_hardware', 'catkin_cmake_args': None, 'catkin_skip_building_tests': False, 'cmake_args': None, 'cmake_clean_cache': False, 'cmake_clean_first': False, 'cmake_force_configure': False, 'cmake_target': None, 'cmake_target_skip_unavailable': False, 'install_base': '/home/taoqiu/ros2_ws/install/openarm_hardware', 'merge_install': False, 'path': '/home/taoqiu/ros2_ws/src/openarm_ros2/openarm_hardware', 'symlink_install': False, 'test_result_base': None}
[0.175s] colcon.colcon_core.verb Level 5 set package 'openarm_bringup' build argument 'cmake_args' from command line to 'None'
[0.175s] colcon.colcon_core.verb Level 5 set package 'openarm_bringup' build argument 'cmake_target' from command line to 'None'
[0.175s] colcon.colcon_core.verb Level 5 set package 'openarm_bringup' build argument 'cmake_target_skip_unavailable' from command line to 'False'
[0.175s] colcon.colcon_core.verb Level 5 set package 'openarm_bringup' build argument 'cmake_clean_cache' from command line to 'False'
[0.175s] colcon.colcon_core.verb Level 5 set package 'openarm_bringup' build argument 'cmake_clean_first' from command line to 'False'
[0.175s] colcon.colcon_core.verb Level 5 set package 'openarm_bringup' build argument 'cmake_force_configure' from command line to 'False'
[0.175s] colcon.colcon_core.verb Level 5 set package 'openarm_bringup' build argument 'ament_cmake_args' from command line to 'None'
[0.175s] colcon.colcon_core.verb Level 5 set package 'openarm_bringup' build argument 'catkin_cmake_args' from command line to 'None'
[0.175s] colcon.colcon_core.verb Level 5 set package 'openarm_bringup' build argument 'catkin_skip_building_tests' from command line to 'False'
[0.175s] colcon.colcon_core.verb DEBUG Building package 'openarm_bringup' with the following arguments: {'ament_cmake_args': None, 'build_base': '/home/taoqiu/ros2_ws/build/openarm_bringup', 'catkin_cmake_args': None, 'catkin_skip_building_tests': False, 'cmake_args': None, 'cmake_clean_cache': False, 'cmake_clean_first': False, 'cmake_force_configure': False, 'cmake_target': None, 'cmake_target_skip_unavailable': False, 'install_base': '/home/taoqiu/ros2_ws/install/openarm_bringup', 'merge_install': False, 'path': '/home/taoqiu/ros2_ws/src/openarm_ros2/openarm_bringup', 'symlink_install': False, 'test_result_base': None}
[0.175s] colcon.colcon_core.verb Level 5 set package 'openarm' build argument 'cmake_args' from command line to 'None'
[0.175s] colcon.colcon_core.verb Level 5 set package 'openarm' build argument 'cmake_target' from command line to 'None'
[0.175s] colcon.colcon_core.verb Level 5 set package 'openarm' build argument 'cmake_target_skip_unavailable' from command line to 'False'
[0.175s] colcon.colcon_core.verb Level 5 set package 'openarm' build argument 'cmake_clean_cache' from command line to 'False'
[0.175s] colcon.colcon_core.verb Level 5 set package 'openarm' build argument 'cmake_clean_first' from command line to 'False'
[0.175s] colcon.colcon_core.verb Level 5 set package 'openarm' build argument 'cmake_force_configure' from command line to 'False'
[0.175s] colcon.colcon_core.verb Level 5 set package 'openarm' build argument 'ament_cmake_args' from command line to 'None'
[0.175s] colcon.colcon_core.verb Level 5 set package 'openarm' build argument 'catkin_cmake_args' from command line to 'None'
[0.175s] colcon.colcon_core.verb Level 5 set package 'openarm' build argument 'catkin_skip_building_tests' from command line to 'False'
[0.175s] colcon.colcon_core.verb DEBUG Building package 'openarm' with the following arguments: {'ament_cmake_args': None, 'build_base': '/home/taoqiu/ros2_ws/build/openarm', 'catkin_cmake_args': None, 'catkin_skip_building_tests': False, 'cmake_args': None, 'cmake_clean_cache': False, 'cmake_clean_first': False, 'cmake_force_configure': False, 'cmake_target': None, 'cmake_target_skip_unavailable': False, 'install_base': '/home/taoqiu/ros2_ws/install/openarm', 'merge_install': False, 'path': '/home/taoqiu/ros2_ws/src/openarm_ros2/openarm', 'symlink_install': False, 'test_result_base': None}
[0.175s] colcon.colcon_core.executor INFO Executing jobs using 'parallel' executor
[0.176s] colcon.colcon_parallel_executor.executor.parallel DEBUG run_until_complete
[0.176s] colcon.colcon_ros.task.ament_cmake.build INFO Building ROS package in '/home/taoqiu/ros2_ws/src/openarm_description' with build type 'ament_cmake'
[0.176s] colcon.colcon_cmake.task.cmake.build INFO Building CMake package in '/home/taoqiu/ros2_ws/src/openarm_description'
[0.177s] colcon.colcon_core.plugin_system INFO Skipping extension 'colcon_core.shell.bat': Not used on non-Windows systems
[0.177s] colcon.colcon_core.shell INFO Skip shell extension 'powershell' for command environment: Not usable outside of PowerShell
[0.177s] colcon.colcon_core.shell DEBUG Skip shell extension 'dsv' for command environment
[0.178s] colcon.colcon_ros.task.cmake.build INFO Building ROS package in '/home/taoqiu/ros2_ws/src/openarm_can' with build type 'cmake'
[0.178s] colcon.colcon_cmake.task.cmake.build INFO Building CMake package in '/home/taoqiu/ros2_ws/src/openarm_can'
[0.178s] colcon.colcon_core.shell INFO Skip shell extension 'powershell' for command environment: Not usable outside of PowerShell
[0.178s] colcon.colcon_core.shell DEBUG Skip shell extension 'dsv' for command environment
[0.182s] colcon.colcon_core.event_handler.log_command DEBUG Invoking command in '/home/taoqiu/ros2_ws/build/openarm_description': CMAKE_PREFIX_PATH=/opt/ros/humble CONDA_PROMPT_MODIFIER=(base) /usr/bin/cmake /home/taoqiu/ros2_ws/src/openarm_description -DCMAKE_INSTALL_PREFIX=/home/taoqiu/ros2_ws/install/openarm_description
[0.182s] colcon.colcon_core.event_handler.log_command DEBUG Invoking command in '/home/taoqiu/ros2_ws/build/openarm_can': CMAKE_PREFIX_PATH=/opt/ros/humble CONDA_PROMPT_MODIFIER=(base) /usr/bin/cmake /home/taoqiu/ros2_ws/src/openarm_can -DCMAKE_INSTALL_PREFIX=/home/taoqiu/ros2_ws/install/openarm_can
[0.380s] colcon.colcon_core.event_handler.log_command DEBUG Invoked command in '/home/taoqiu/ros2_ws/build/openarm_can' returned '0': CMAKE_PREFIX_PATH=/opt/ros/humble CONDA_PROMPT_MODIFIER=(base) /usr/bin/cmake /home/taoqiu/ros2_ws/src/openarm_can -DCMAKE_INSTALL_PREFIX=/home/taoqiu/ros2_ws/install/openarm_can
[0.381s] colcon.colcon_core.event_handler.log_command DEBUG Invoking command in '/home/taoqiu/ros2_ws/build/openarm_can': CMAKE_PREFIX_PATH=/opt/ros/humble CONDA_PROMPT_MODIFIER=(base) /usr/bin/cmake --build /home/taoqiu/ros2_ws/build/openarm_can -- -j24 -l24
[0.635s] colcon.colcon_core.event_handler.log_command DEBUG Invoked command in '/home/taoqiu/ros2_ws/build/openarm_description' returned '0': CMAKE_PREFIX_PATH=/opt/ros/humble CONDA_PROMPT_MODIFIER=(base) /usr/bin/cmake /home/taoqiu/ros2_ws/src/openarm_description -DCMAKE_INSTALL_PREFIX=/home/taoqiu/ros2_ws/install/openarm_description
[0.636s] colcon.colcon_core.event_handler.log_command DEBUG Invoking command in '/home/taoqiu/ros2_ws/build/openarm_description': CMAKE_PREFIX_PATH=/opt/ros/humble CONDA_PROMPT_MODIFIER=(base) /usr/bin/cmake --build /home/taoqiu/ros2_ws/build/openarm_description -- -j24 -l24
[0.664s] colcon.colcon_core.event_handler.log_command DEBUG Invoked command in '/home/taoqiu/ros2_ws/build/openarm_description' returned '0': CMAKE_PREFIX_PATH=/opt/ros/humble CONDA_PROMPT_MODIFIER=(base) /usr/bin/cmake --build /home/taoqiu/ros2_ws/build/openarm_description -- -j24 -l24
[0.671s] colcon.colcon_core.event_handler.log_command DEBUG Invoking command in '/home/taoqiu/ros2_ws/build/openarm_description': CMAKE_PREFIX_PATH=/opt/ros/humble CONDA_PROMPT_MODIFIER=(base) /usr/bin/cmake --install /home/taoqiu/ros2_ws/build/openarm_description
[0.745s] colcon.colcon_core.environment Level 1 create_environment_scripts_only(openarm_description)
[0.747s] colcon.colcon_core.event_handler.log_command DEBUG Invoked command in '/home/taoqiu/ros2_ws/build/openarm_description' returned '0': CMAKE_PREFIX_PATH=/opt/ros/humble CONDA_PROMPT_MODIFIER=(base) /usr/bin/cmake --install /home/taoqiu/ros2_ws/build/openarm_description
[0.747s] colcon.colcon_core.environment Level 1 checking '/home/taoqiu/ros2_ws/install/openarm_description' for CMake module files
[0.748s] colcon.colcon_core.environment Level 1 checking '/home/taoqiu/ros2_ws/install/openarm_description' for CMake config files
[0.748s] colcon.colcon_core.shell Level 1 create_environment_hook('openarm_description', 'cmake_prefix_path')
[0.748s] colcon.colcon_core.shell INFO Creating environment hook '/home/taoqiu/ros2_ws/install/openarm_description/share/openarm_description/hook/cmake_prefix_path.ps1'
[0.749s] colcon.colcon_core.shell INFO Creating environment descriptor '/home/taoqiu/ros2_ws/install/openarm_description/share/openarm_description/hook/cmake_prefix_path.dsv'
[0.749s] colcon.colcon_core.shell INFO Creating environment hook '/home/taoqiu/ros2_ws/install/openarm_description/share/openarm_description/hook/cmake_prefix_path.sh'
[0.749s] colcon.colcon_core.environment Level 1 checking '/home/taoqiu/ros2_ws/install/openarm_description/bin'
[0.749s] colcon.colcon_core.environment Level 1 checking '/home/taoqiu/ros2_ws/install/openarm_description/lib/pkgconfig/openarm_description.pc'
[0.749s] colcon.colcon_core.environment Level 1 checking '/home/taoqiu/ros2_ws/install/openarm_description/lib/python3.10/site-packages'
[0.749s] colcon.colcon_core.environment Level 1 checking '/home/taoqiu/ros2_ws/install/openarm_description/bin'
[0.750s] colcon.colcon_core.shell INFO Creating package script '/home/taoqiu/ros2_ws/install/openarm_description/share/openarm_description/package.ps1'
[0.750s] colcon.colcon_core.shell INFO Creating package descriptor '/home/taoqiu/ros2_ws/install/openarm_description/share/openarm_description/package.dsv'
[0.750s] colcon.colcon_core.shell INFO Creating package script '/home/taoqiu/ros2_ws/install/openarm_description/share/openarm_description/package.sh'
[0.750s] colcon.colcon_core.shell INFO Creating package script '/home/taoqiu/ros2_ws/install/openarm_description/share/openarm_description/package.bash'
[0.751s] colcon.colcon_core.shell INFO Creating package script '/home/taoqiu/ros2_ws/install/openarm_description/share/openarm_description/package.zsh'
[0.751s] colcon.colcon_core.environment Level 1 create_file_with_runtime_dependencies(/home/taoqiu/ros2_ws/install/openarm_description/share/colcon-core/packages/openarm_description)
[0.751s] colcon.colcon_core.environment Level 1 create_environment_scripts_only(openarm_description)
[0.751s] colcon.colcon_core.environment Level 1 checking '/home/taoqiu/ros2_ws/install/openarm_description' for CMake module files
[0.752s] colcon.colcon_core.environment Level 1 checking '/home/taoqiu/ros2_ws/install/openarm_description' for CMake config files
[0.752s] colcon.colcon_core.shell Level 1 create_environment_hook('openarm_description', 'cmake_prefix_path')
[0.752s] colcon.colcon_core.shell INFO Creating environment hook '/home/taoqiu/ros2_ws/install/openarm_description/share/openarm_description/hook/cmake_prefix_path.ps1'
[0.752s] colcon.colcon_core.shell INFO Creating environment descriptor '/home/taoqiu/ros2_ws/install/openarm_description/share/openarm_description/hook/cmake_prefix_path.dsv'
[0.752s] colcon.colcon_core.shell INFO Creating environment hook '/home/taoqiu/ros2_ws/install/openarm_description/share/openarm_description/hook/cmake_prefix_path.sh'
[0.753s] colcon.colcon_core.environment Level 1 checking '/home/taoqiu/ros2_ws/install/openarm_description/bin'
[0.753s] colcon.colcon_core.environment Level 1 checking '/home/taoqiu/ros2_ws/install/openarm_description/lib/pkgconfig/openarm_description.pc'
[0.753s] colcon.colcon_core.environment Level 1 checking '/home/taoqiu/ros2_ws/install/openarm_description/lib/python3.10/site-packages'
[0.753s] colcon.colcon_core.environment Level 1 checking '/home/taoqiu/ros2_ws/install/openarm_description/bin'
[0.753s] colcon.colcon_core.shell INFO Creating package script '/home/taoqiu/ros2_ws/install/openarm_description/share/openarm_description/package.ps1'
[0.753s] colcon.colcon_core.shell INFO Creating package descriptor '/home/taoqiu/ros2_ws/install/openarm_description/share/openarm_description/package.dsv'
[0.753s] colcon.colcon_core.shell INFO Creating package script '/home/taoqiu/ros2_ws/install/openarm_description/share/openarm_description/package.sh'
[0.754s] colcon.colcon_core.shell INFO Creating package script '/home/taoqiu/ros2_ws/install/openarm_description/share/openarm_description/package.bash'
[0.754s] colcon.colcon_core.shell INFO Creating package script '/home/taoqiu/ros2_ws/install/openarm_description/share/openarm_description/package.zsh'
[0.754s] colcon.colcon_core.environment Level 1 create_file_with_runtime_dependencies(/home/taoqiu/ros2_ws/install/openarm_description/share/colcon-core/packages/openarm_description)
[0.754s] colcon.colcon_ros.task.ament_cmake.build INFO Building ROS package in '/home/taoqiu/ros2_ws/src/openarm_ros2/openarm_bimanual_moveit_config' with build type 'ament_cmake'
[0.754s] colcon.colcon_cmake.task.cmake.build INFO Building CMake package in '/home/taoqiu/ros2_ws/src/openarm_ros2/openarm_bimanual_moveit_config'
[0.754s] colcon.colcon_core.shell INFO Skip shell extension 'powershell' for command environment: Not usable outside of PowerShell
[0.754s] colcon.colcon_core.shell DEBUG Skip shell extension 'dsv' for command environment
[0.758s] colcon.colcon_core.event_handler.log_command DEBUG Invoking command in '/home/taoqiu/ros2_ws/build/openarm_bimanual_moveit_config': AMENT_PREFIX_PATH=/home/taoqiu/ros2_ws/install/openarm_description:${AMENT_PREFIX_PATH} CMAKE_PREFIX_PATH=/home/taoqiu/ros2_ws/install/openarm_description:/opt/ros/humble CONDA_PROMPT_MODIFIER=(base) /usr/bin/cmake /home/taoqiu/ros2_ws/src/openarm_ros2/openarm_bimanual_moveit_config -DCMAKE_INSTALL_PREFIX=/home/taoqiu/ros2_ws/install/openarm_bimanual_moveit_config
[1.263s] colcon.colcon_core.event_handler.log_command DEBUG Invoked command in '/home/taoqiu/ros2_ws/build/openarm_bimanual_moveit_config' returned '0': AMENT_PREFIX_PATH=/home/taoqiu/ros2_ws/install/openarm_description:${AMENT_PREFIX_PATH} CMAKE_PREFIX_PATH=/home/taoqiu/ros2_ws/install/openarm_description:/opt/ros/humble CONDA_PROMPT_MODIFIER=(base) /usr/bin/cmake /home/taoqiu/ros2_ws/src/openarm_ros2/openarm_bimanual_moveit_config -DCMAKE_INSTALL_PREFIX=/home/taoqiu/ros2_ws/install/openarm_bimanual_moveit_config
[1.263s] colcon.colcon_core.event_handler.log_command DEBUG Invoking command in '/home/taoqiu/ros2_ws/build/openarm_bimanual_moveit_config': AMENT_PREFIX_PATH=/home/taoqiu/ros2_ws/install/openarm_description:${AMENT_PREFIX_PATH} CMAKE_PREFIX_PATH=/home/taoqiu/ros2_ws/install/openarm_description:/opt/ros/humble CONDA_PROMPT_MODIFIER=(base) /usr/bin/cmake --build /home/taoqiu/ros2_ws/build/openarm_bimanual_moveit_config -- -j24 -l24
[1.286s] colcon.colcon_core.event_handler.log_command DEBUG Invoked command in '/home/taoqiu/ros2_ws/build/openarm_bimanual_moveit_config' returned '0': AMENT_PREFIX_PATH=/home/taoqiu/ros2_ws/install/openarm_description:${AMENT_PREFIX_PATH} CMAKE_PREFIX_PATH=/home/taoqiu/ros2_ws/install/openarm_description:/opt/ros/humble CONDA_PROMPT_MODIFIER=(base) /usr/bin/cmake --build /home/taoqiu/ros2_ws/build/openarm_bimanual_moveit_config -- -j24 -l24
[1.287s] colcon.colcon_core.event_handler.log_command DEBUG Invoking command in '/home/taoqiu/ros2_ws/build/openarm_bimanual_moveit_config': AMENT_PREFIX_PATH=/home/taoqiu/ros2_ws/install/openarm_description:${AMENT_PREFIX_PATH} CMAKE_PREFIX_PATH=/home/taoqiu/ros2_ws/install/openarm_description:/opt/ros/humble CONDA_PROMPT_MODIFIER=(base) /usr/bin/cmake --install /home/taoqiu/ros2_ws/build/openarm_bimanual_moveit_config
[1.295s] colcon.colcon_core.environment Level 1 create_environment_scripts_only(openarm_bimanual_moveit_config)
[1.295s] colcon.colcon_core.environment Level 1 checking '/home/taoqiu/ros2_ws/install/openarm_bimanual_moveit_config' for CMake module files
[1.296s] colcon.colcon_core.event_handler.log_command DEBUG Invoked command in '/home/taoqiu/ros2_ws/build/openarm_bimanual_moveit_config' returned '0': AMENT_PREFIX_PATH=/home/taoqiu/ros2_ws/install/openarm_description:${AMENT_PREFIX_PATH} CMAKE_PREFIX_PATH=/home/taoqiu/ros2_ws/install/openarm_description:/opt/ros/humble CONDA_PROMPT_MODIFIER=(base) /usr/bin/cmake --install /home/taoqiu/ros2_ws/build/openarm_bimanual_moveit_config
[1.296s] colcon.colcon_core.environment Level 1 checking '/home/taoqiu/ros2_ws/install/openarm_bimanual_moveit_config' for CMake config files
[1.296s] colcon.colcon_core.shell Level 1 create_environment_hook('openarm_bimanual_moveit_config', 'cmake_prefix_path')
[1.296s] colcon.colcon_core.shell INFO Creating environment hook '/home/taoqiu/ros2_ws/install/openarm_bimanual_moveit_config/share/openarm_bimanual_moveit_config/hook/cmake_prefix_path.ps1'
[1.296s] colcon.colcon_core.shell INFO Creating environment descriptor '/home/taoqiu/ros2_ws/install/openarm_bimanual_moveit_config/share/openarm_bimanual_moveit_config/hook/cmake_prefix_path.dsv'
[1.296s] colcon.colcon_core.shell INFO Creating environment hook '/home/taoqiu/ros2_ws/install/openarm_bimanual_moveit_config/share/openarm_bimanual_moveit_config/hook/cmake_prefix_path.sh'
[1.297s] colcon.colcon_core.environment Level 1 checking '/home/taoqiu/ros2_ws/install/openarm_bimanual_moveit_config/bin'
[1.297s] colcon.colcon_core.environment Level 1 checking '/home/taoqiu/ros2_ws/install/openarm_bimanual_moveit_config/lib/pkgconfig/openarm_bimanual_moveit_config.pc'
[1.297s] colcon.colcon_core.environment Level 1 checking '/home/taoqiu/ros2_ws/install/openarm_bimanual_moveit_config/lib/python3.10/site-packages'
[1.297s] colcon.colcon_core.environment Level 1 checking '/home/taoqiu/ros2_ws/install/openarm_bimanual_moveit_config/bin'
[1.297s] colcon.colcon_core.shell INFO Creating package script '/home/taoqiu/ros2_ws/install/openarm_bimanual_moveit_config/share/openarm_bimanual_moveit_config/package.ps1'
[1.298s] colcon.colcon_core.shell INFO Creating package descriptor '/home/taoqiu/ros2_ws/install/openarm_bimanual_moveit_config/share/openarm_bimanual_moveit_config/package.dsv'
[1.298s] colcon.colcon_core.shell INFO Creating package script '/home/taoqiu/ros2_ws/install/openarm_bimanual_moveit_config/share/openarm_bimanual_moveit_config/package.sh'
[1.298s] colcon.colcon_core.shell INFO Creating package script '/home/taoqiu/ros2_ws/install/openarm_bimanual_moveit_config/share/openarm_bimanual_moveit_config/package.bash'
[1.298s] colcon.colcon_core.shell INFO Creating package script '/home/taoqiu/ros2_ws/install/openarm_bimanual_moveit_config/share/openarm_bimanual_moveit_config/package.zsh'
[1.298s] colcon.colcon_core.environment Level 1 create_file_with_runtime_dependencies(/home/taoqiu/ros2_ws/install/openarm_bimanual_moveit_config/share/colcon-core/packages/openarm_bimanual_moveit_config)
[1.299s] colcon.colcon_core.environment Level 1 create_environment_scripts_only(openarm_bimanual_moveit_config)
[1.299s] colcon.colcon_core.environment Level 1 checking '/home/taoqiu/ros2_ws/install/openarm_bimanual_moveit_config' for CMake module files
[1.299s] colcon.colcon_core.environment Level 1 checking '/home/taoqiu/ros2_ws/install/openarm_bimanual_moveit_config' for CMake config files
[1.299s] colcon.colcon_core.shell Level 1 create_environment_hook('openarm_bimanual_moveit_config', 'cmake_prefix_path')
[1.299s] colcon.colcon_core.shell INFO Creating environment hook '/home/taoqiu/ros2_ws/install/openarm_bimanual_moveit_config/share/openarm_bimanual_moveit_config/hook/cmake_prefix_path.ps1'
[1.299s] colcon.colcon_core.shell INFO Creating environment descriptor '/home/taoqiu/ros2_ws/install/openarm_bimanual_moveit_config/share/openarm_bimanual_moveit_config/hook/cmake_prefix_path.dsv'
[1.300s] colcon.colcon_core.shell INFO Creating environment hook '/home/taoqiu/ros2_ws/install/openarm_bimanual_moveit_config/share/openarm_bimanual_moveit_config/hook/cmake_prefix_path.sh'
[1.300s] colcon.colcon_core.environment Level 1 checking '/home/taoqiu/ros2_ws/install/openarm_bimanual_moveit_config/bin'
[1.300s] colcon.colcon_core.environment Level 1 checking '/home/taoqiu/ros2_ws/install/openarm_bimanual_moveit_config/lib/pkgconfig/openarm_bimanual_moveit_config.pc'
[1.300s] colcon.colcon_core.environment Level 1 checking '/home/taoqiu/ros2_ws/install/openarm_bimanual_moveit_config/lib/python3.10/site-packages'
[1.300s] colcon.colcon_core.environment Level 1 checking '/home/taoqiu/ros2_ws/install/openarm_bimanual_moveit_config/bin'
[1.300s] colcon.colcon_core.shell INFO Creating package script '/home/taoqiu/ros2_ws/install/openarm_bimanual_moveit_config/share/openarm_bimanual_moveit_config/package.ps1'
[1.301s] colcon.colcon_core.shell INFO Creating package descriptor '/home/taoqiu/ros2_ws/install/openarm_bimanual_moveit_config/share/openarm_bimanual_moveit_config/package.dsv'
[1.301s] colcon.colcon_core.shell INFO Creating package script '/home/taoqiu/ros2_ws/install/openarm_bimanual_moveit_config/share/openarm_bimanual_moveit_config/package.sh'
[1.301s] colcon.colcon_core.shell INFO Creating package script '/home/taoqiu/ros2_ws/install/openarm_bimanual_moveit_config/share/openarm_bimanual_moveit_config/package.bash'
[1.301s] colcon.colcon_core.shell INFO Creating package script '/home/taoqiu/ros2_ws/install/openarm_bimanual_moveit_config/share/openarm_bimanual_moveit_config/package.zsh'
[1.301s] colcon.colcon_core.environment Level 1 create_file_with_runtime_dependencies(/home/taoqiu/ros2_ws/install/openarm_bimanual_moveit_config/share/colcon-core/packages/openarm_bimanual_moveit_config)
[1.302s] colcon.colcon_ros.task.ament_cmake.build INFO Building ROS package in '/home/taoqiu/ros2_ws/src/openarm_ros2/openarm_bringup' with build type 'ament_cmake'
[1.302s] colcon.colcon_cmake.task.cmake.build INFO Building CMake package in '/home/taoqiu/ros2_ws/src/openarm_ros2/openarm_bringup'
[1.302s] colcon.colcon_core.shell INFO Skip shell extension 'powershell' for command environment: Not usable outside of PowerShell
[1.302s] colcon.colcon_core.shell DEBUG Skip shell extension 'dsv' for command environment
[1.307s] colcon.colcon_core.event_handler.log_command DEBUG Invoking command in '/home/taoqiu/ros2_ws/build/openarm_bringup': AMENT_PREFIX_PATH=/home/taoqiu/ros2_ws/install/openarm_bimanual_moveit_config:/home/taoqiu/ros2_ws/install/openarm_description:${AMENT_PREFIX_PATH} CMAKE_PREFIX_PATH=/home/taoqiu/ros2_ws/install/openarm_bimanual_moveit_config:/home/taoqiu/ros2_ws/install/openarm_description:/opt/ros/humble CONDA_PROMPT_MODIFIER=(base) /usr/bin/cmake /home/taoqiu/ros2_ws/src/openarm_ros2/openarm_bringup -DCMAKE_INSTALL_PREFIX=/home/taoqiu/ros2_ws/install/openarm_bringup
[1.690s] colcon.colcon_core.event_handler.log_command DEBUG Invoked command in '/home/taoqiu/ros2_ws/build/openarm_bringup' returned '0': AMENT_PREFIX_PATH=/home/taoqiu/ros2_ws/install/openarm_bimanual_moveit_config:/home/taoqiu/ros2_ws/install/openarm_description:${AMENT_PREFIX_PATH} CMAKE_PREFIX_PATH=/home/taoqiu/ros2_ws/install/openarm_bimanual_moveit_config:/home/taoqiu/ros2_ws/install/openarm_description:/opt/ros/humble CONDA_PROMPT_MODIFIER=(base) /usr/bin/cmake /home/taoqiu/ros2_ws/src/openarm_ros2/openarm_bringup -DCMAKE_INSTALL_PREFIX=/home/taoqiu/ros2_ws/install/openarm_bringup
[1.691s] colcon.colcon_core.event_handler.log_command DEBUG Invoking command in '/home/taoqiu/ros2_ws/build/openarm_bringup': AMENT_PREFIX_PATH=/home/taoqiu/ros2_ws/install/openarm_bimanual_moveit_config:/home/taoqiu/ros2_ws/install/openarm_description:${AMENT_PREFIX_PATH} CMAKE_PREFIX_PATH=/home/taoqiu/ros2_ws/install/openarm_bimanual_moveit_config:/home/taoqiu/ros2_ws/install/openarm_description:/opt/ros/humble CONDA_PROMPT_MODIFIER=(base) /usr/bin/cmake --build /home/taoqiu/ros2_ws/build/openarm_bringup -- -j24 -l24
[1.716s] colcon.colcon_core.event_handler.log_command DEBUG Invoked command in '/home/taoqiu/ros2_ws/build/openarm_bringup' returned '0': AMENT_PREFIX_PATH=/home/taoqiu/ros2_ws/install/openarm_bimanual_moveit_config:/home/taoqiu/ros2_ws/install/openarm_description:${AMENT_PREFIX_PATH} CMAKE_PREFIX_PATH=/home/taoqiu/ros2_ws/install/openarm_bimanual_moveit_config:/home/taoqiu/ros2_ws/install/openarm_description:/opt/ros/humble CONDA_PROMPT_MODIFIER=(base) /usr/bin/cmake --build /home/taoqiu/ros2_ws/build/openarm_bringup -- -j24 -l24
[1.716s] colcon.colcon_core.event_handler.log_command DEBUG Invoking command in '/home/taoqiu/ros2_ws/build/openarm_bringup': AMENT_PREFIX_PATH=/home/taoqiu/ros2_ws/install/openarm_bimanual_moveit_config:/home/taoqiu/ros2_ws/install/openarm_description:${AMENT_PREFIX_PATH} CMAKE_PREFIX_PATH=/home/taoqiu/ros2_ws/install/openarm_bimanual_moveit_config:/home/taoqiu/ros2_ws/install/openarm_description:/opt/ros/humble CONDA_PROMPT_MODIFIER=(base) /usr/bin/cmake --install /home/taoqiu/ros2_ws/build/openarm_bringup
[1.724s] colcon.colcon_core.environment Level 1 create_environment_scripts_only(openarm_bringup)
[1.724s] colcon.colcon_core.event_handler.log_command DEBUG Invoked command in '/home/taoqiu/ros2_ws/build/openarm_bringup' returned '0': AMENT_PREFIX_PATH=/home/taoqiu/ros2_ws/install/openarm_bimanual_moveit_config:/home/taoqiu/ros2_ws/install/openarm_description:${AMENT_PREFIX_PATH} CMAKE_PREFIX_PATH=/home/taoqiu/ros2_ws/install/openarm_bimanual_moveit_config:/home/taoqiu/ros2_ws/install/openarm_description:/opt/ros/humble CONDA_PROMPT_MODIFIER=(base) /usr/bin/cmake --install /home/taoqiu/ros2_ws/build/openarm_bringup
[1.724s] colcon.colcon_core.environment Level 1 checking '/home/taoqiu/ros2_ws/install/openarm_bringup' for CMake module files
[1.725s] colcon.colcon_core.environment Level 1 checking '/home/taoqiu/ros2_ws/install/openarm_bringup' for CMake config files
[1.725s] colcon.colcon_core.shell Level 1 create_environment_hook('openarm_bringup', 'cmake_prefix_path')
[1.725s] colcon.colcon_core.shell INFO Creating environment hook '/home/taoqiu/ros2_ws/install/openarm_bringup/share/openarm_bringup/hook/cmake_prefix_path.ps1'
[1.726s] colcon.colcon_core.shell INFO Creating environment descriptor '/home/taoqiu/ros2_ws/install/openarm_bringup/share/openarm_bringup/hook/cmake_prefix_path.dsv'
[1.726s] colcon.colcon_core.shell INFO Creating environment hook '/home/taoqiu/ros2_ws/install/openarm_bringup/share/openarm_bringup/hook/cmake_prefix_path.sh'
[1.726s] colcon.colcon_core.environment Level 1 checking '/home/taoqiu/ros2_ws/install/openarm_bringup/bin'
[1.726s] colcon.colcon_core.environment Level 1 checking '/home/taoqiu/ros2_ws/install/openarm_bringup/lib/pkgconfig/openarm_bringup.pc'
[1.726s] colcon.colcon_core.environment Level 1 checking '/home/taoqiu/ros2_ws/install/openarm_bringup/lib/python3.10/site-packages'
[1.727s] colcon.colcon_core.environment Level 1 checking '/home/taoqiu/ros2_ws/install/openarm_bringup/bin'
[1.727s] colcon.colcon_core.shell INFO Creating package script '/home/taoqiu/ros2_ws/install/openarm_bringup/share/openarm_bringup/package.ps1'
[1.727s] colcon.colcon_core.shell INFO Creating package descriptor '/home/taoqiu/ros2_ws/install/openarm_bringup/share/openarm_bringup/package.dsv'
[1.727s] colcon.colcon_core.shell INFO Creating package script '/home/taoqiu/ros2_ws/install/openarm_bringup/share/openarm_bringup/package.sh'
[1.728s] colcon.colcon_core.shell INFO Creating package script '/home/taoqiu/ros2_ws/install/openarm_bringup/share/openarm_bringup/package.bash'
[1.728s] colcon.colcon_core.shell INFO Creating package script '/home/taoqiu/ros2_ws/install/openarm_bringup/share/openarm_bringup/package.zsh'
[1.728s] colcon.colcon_core.environment Level 1 create_file_with_runtime_dependencies(/home/taoqiu/ros2_ws/install/openarm_bringup/share/colcon-core/packages/openarm_bringup)
[1.728s] colcon.colcon_core.environment Level 1 create_environment_scripts_only(openarm_bringup)
[1.728s] colcon.colcon_core.environment Level 1 checking '/home/taoqiu/ros2_ws/install/openarm_bringup' for CMake module files
[1.728s] colcon.colcon_core.environment Level 1 checking '/home/taoqiu/ros2_ws/install/openarm_bringup' for CMake config files
[1.728s] colcon.colcon_core.shell Level 1 create_environment_hook('openarm_bringup', 'cmake_prefix_path')
[1.728s] colcon.colcon_core.shell INFO Creating environment hook '/home/taoqiu/ros2_ws/install/openarm_bringup/share/openarm_bringup/hook/cmake_prefix_path.ps1'
[1.729s] colcon.colcon_core.shell INFO Creating environment descriptor '/home/taoqiu/ros2_ws/install/openarm_bringup/share/openarm_bringup/hook/cmake_prefix_path.dsv'
[1.729s] colcon.colcon_core.shell INFO Creating environment hook '/home/taoqiu/ros2_ws/install/openarm_bringup/share/openarm_bringup/hook/cmake_prefix_path.sh'
[1.729s] colcon.colcon_core.environment Level 1 checking '/home/taoqiu/ros2_ws/install/openarm_bringup/bin'
[1.729s] colcon.colcon_core.environment Level 1 checking '/home/taoqiu/ros2_ws/install/openarm_bringup/lib/pkgconfig/openarm_bringup.pc'
[1.729s] colcon.colcon_core.environment Level 1 checking '/home/taoqiu/ros2_ws/install/openarm_bringup/lib/python3.10/site-packages'
[1.729s] colcon.colcon_core.environment Level 1 checking '/home/taoqiu/ros2_ws/install/openarm_bringup/bin'
[1.729s] colcon.colcon_core.shell INFO Creating package script '/home/taoqiu/ros2_ws/install/openarm_bringup/share/openarm_bringup/package.ps1'
[1.729s] colcon.colcon_core.shell INFO Creating package descriptor '/home/taoqiu/ros2_ws/install/openarm_bringup/share/openarm_bringup/package.dsv'
[1.730s] colcon.colcon_core.shell INFO Creating package script '/home/taoqiu/ros2_ws/install/openarm_bringup/share/openarm_bringup/package.sh'
[1.730s] colcon.colcon_core.shell INFO Creating package script '/home/taoqiu/ros2_ws/install/openarm_bringup/share/openarm_bringup/package.bash'
[1.730s] colcon.colcon_core.shell INFO Creating package script '/home/taoqiu/ros2_ws/install/openarm_bringup/share/openarm_bringup/package.zsh'
[1.730s] colcon.colcon_core.environment Level 1 create_file_with_runtime_dependencies(/home/taoqiu/ros2_ws/install/openarm_bringup/share/colcon-core/packages/openarm_bringup)
[3.049s] colcon.colcon_core.event_handler.log_command DEBUG Invoked command in '/home/taoqiu/ros2_ws/build/openarm_can' returned '0': CMAKE_PREFIX_PATH=/opt/ros/humble CONDA_PROMPT_MODIFIER=(base) /usr/bin/cmake --build /home/taoqiu/ros2_ws/build/openarm_can -- -j24 -l24
[3.049s] colcon.colcon_core.event_handler.log_command DEBUG Invoking command in '/home/taoqiu/ros2_ws/build/openarm_can': CMAKE_PREFIX_PATH=/opt/ros/humble CONDA_PROMPT_MODIFIER=(base) /usr/bin/cmake --install /home/taoqiu/ros2_ws/build/openarm_can
[3.059s] colcon.colcon_core.event_handler.log_command DEBUG Invoked command in '/home/taoqiu/ros2_ws/build/openarm_can' returned '0': CMAKE_PREFIX_PATH=/opt/ros/humble CONDA_PROMPT_MODIFIER=(base) /usr/bin/cmake --install /home/taoqiu/ros2_ws/build/openarm_can
[3.059s] colcon.colcon_core.shell Level 1 create_environment_hook('openarm_can', 'pkg_config_path')
[3.059s] colcon.colcon_core.shell INFO Creating environment hook '/home/taoqiu/ros2_ws/install/openarm_can/share/openarm_can/hook/pkg_config_path.ps1'
[3.060s] colcon.colcon_core.shell INFO Creating environment descriptor '/home/taoqiu/ros2_ws/install/openarm_can/share/openarm_can/hook/pkg_config_path.dsv'
[3.060s] colcon.colcon_core.shell INFO Creating environment hook '/home/taoqiu/ros2_ws/install/openarm_can/share/openarm_can/hook/pkg_config_path.sh'
[3.062s] colcon.colcon_core.shell Level 1 create_environment_hook('openarm_can', 'pkg_config_path_multiarch')
[3.063s] colcon.colcon_core.shell INFO Creating environment hook '/home/taoqiu/ros2_ws/install/openarm_can/share/openarm_can/hook/pkg_config_path_multiarch.ps1'
[3.064s] colcon.colcon_core.shell INFO Creating environment descriptor '/home/taoqiu/ros2_ws/install/openarm_can/share/openarm_can/hook/pkg_config_path_multiarch.dsv'
[3.064s] colcon.colcon_core.shell INFO Creating environment hook '/home/taoqiu/ros2_ws/install/openarm_can/share/openarm_can/hook/pkg_config_path_multiarch.sh'
[3.065s] colcon.colcon_core.environment Level 1 create_environment_scripts_only(openarm_can)
[3.065s] colcon.colcon_core.environment Level 1 checking '/home/taoqiu/ros2_ws/install/openarm_can' for CMake module files
[3.065s] colcon.colcon_core.environment Level 1 checking '/home/taoqiu/ros2_ws/install/openarm_can' for CMake config files
[3.066s] colcon.colcon_core.shell Level 1 create_environment_hook('openarm_can', 'cmake_prefix_path')
[3.066s] colcon.colcon_core.shell INFO Creating environment hook '/home/taoqiu/ros2_ws/install/openarm_can/share/openarm_can/hook/cmake_prefix_path.ps1'
[3.067s] colcon.colcon_core.shell INFO Creating environment descriptor '/home/taoqiu/ros2_ws/install/openarm_can/share/openarm_can/hook/cmake_prefix_path.dsv'
[3.067s] colcon.colcon_core.shell INFO Creating environment hook '/home/taoqiu/ros2_ws/install/openarm_can/share/openarm_can/hook/cmake_prefix_path.sh'
[3.068s] colcon.colcon_core.environment Level 1 checking '/home/taoqiu/ros2_ws/install/openarm_can/lib'
[3.068s] colcon.colcon_core.environment Level 1 checking '/home/taoqiu/ros2_ws/install/openarm_can/bin'
[3.068s] colcon.colcon_core.shell Level 1 create_environment_hook('openarm_can', 'path')
[3.068s] colcon.colcon_core.shell INFO Creating environment hook '/home/taoqiu/ros2_ws/install/openarm_can/share/openarm_can/hook/path.ps1'
[3.069s] colcon.colcon_core.shell INFO Creating environment descriptor '/home/taoqiu/ros2_ws/install/openarm_can/share/openarm_can/hook/path.dsv'
[3.070s] colcon.colcon_core.shell INFO Creating environment hook '/home/taoqiu/ros2_ws/install/openarm_can/share/openarm_can/hook/path.sh'
[3.070s] colcon.colcon_core.environment Level 1 checking '/home/taoqiu/ros2_ws/install/openarm_can/lib/pkgconfig/openarm_can.pc'
[3.070s] colcon.colcon_core.environment Level 1 checking '/home/taoqiu/ros2_ws/install/openarm_can/lib/python3.10/site-packages'
[3.071s] colcon.colcon_core.environment Level 1 checking '/home/taoqiu/ros2_ws/install/openarm_can/bin'
[3.071s] colcon.colcon_core.shell Level 1 create_environment_hook('openarm_can', 'pythonscriptspath')
[3.072s] colcon.colcon_core.shell INFO Creating environment hook '/home/taoqiu/ros2_ws/install/openarm_can/share/openarm_can/hook/pythonscriptspath.ps1'
[3.072s] colcon.colcon_core.shell INFO Creating environment descriptor '/home/taoqiu/ros2_ws/install/openarm_can/share/openarm_can/hook/pythonscriptspath.dsv'
[3.073s] colcon.colcon_core.shell INFO Creating environment hook '/home/taoqiu/ros2_ws/install/openarm_can/share/openarm_can/hook/pythonscriptspath.sh'
[3.074s] colcon.colcon_core.shell INFO Creating package script '/home/taoqiu/ros2_ws/install/openarm_can/share/openarm_can/package.ps1'
[3.075s] colcon.colcon_core.shell INFO Creating package descriptor '/home/taoqiu/ros2_ws/install/openarm_can/share/openarm_can/package.dsv'
[3.076s] colcon.colcon_core.shell INFO Creating package script '/home/taoqiu/ros2_ws/install/openarm_can/share/openarm_can/package.sh'
[3.076s] colcon.colcon_core.shell INFO Creating package script '/home/taoqiu/ros2_ws/install/openarm_can/share/openarm_can/package.bash'
[3.077s] colcon.colcon_core.shell INFO Creating package script '/home/taoqiu/ros2_ws/install/openarm_can/share/openarm_can/package.zsh'
[3.077s] colcon.colcon_core.environment Level 1 create_file_with_runtime_dependencies(/home/taoqiu/ros2_ws/install/openarm_can/share/colcon-core/packages/openarm_can)
[3.077s] colcon.colcon_ros.task.ament_cmake.build INFO Building ROS package in '/home/taoqiu/ros2_ws/src/openarm_ros2/openarm_hardware' with build type 'ament_cmake'
[3.078s] colcon.colcon_cmake.task.cmake.build INFO Building CMake package in '/home/taoqiu/ros2_ws/src/openarm_ros2/openarm_hardware'
[3.078s] colcon.colcon_core.shell INFO Skip shell extension 'powershell' for command environment: Not usable outside of PowerShell
[3.078s] colcon.colcon_core.shell DEBUG Skip shell extension 'dsv' for command environment
[3.093s] colcon.colcon_core.event_handler.log_command DEBUG Invoking command in '/home/taoqiu/ros2_ws/build/openarm_hardware': CMAKE_PREFIX_PATH=/home/taoqiu/ros2_ws/install/openarm_can:/opt/ros/humble CONDA_PROMPT_MODIFIER=(base) PATH=/home/taoqiu/ros2_ws/install/openarm_can/bin:${PATH} PKG_CONFIG_PATH=/home/taoqiu/ros2_ws/install/openarm_can/lib/x86_64-linux-gnu/pkgconfig:/home/taoqiu/ros2_ws/install/openarm_can/lib/pkgconfig /usr/bin/cmake /home/taoqiu/ros2_ws/src/openarm_ros2/openarm_hardware -DCMAKE_INSTALL_PREFIX=/home/taoqiu/ros2_ws/install/openarm_hardware
[4.011s] colcon.colcon_core.event_handler.log_command DEBUG Invoked command in '/home/taoqiu/ros2_ws/build/openarm_hardware' returned '0': CMAKE_PREFIX_PATH=/home/taoqiu/ros2_ws/install/openarm_can:/opt/ros/humble CONDA_PROMPT_MODIFIER=(base) PATH=/home/taoqiu/ros2_ws/install/openarm_can/bin:${PATH} PKG_CONFIG_PATH=/home/taoqiu/ros2_ws/install/openarm_can/lib/x86_64-linux-gnu/pkgconfig:/home/taoqiu/ros2_ws/install/openarm_can/lib/pkgconfig /usr/bin/cmake /home/taoqiu/ros2_ws/src/openarm_ros2/openarm_hardware -DCMAKE_INSTALL_PREFIX=/home/taoqiu/ros2_ws/install/openarm_hardware
[4.012s] colcon.colcon_core.event_handler.log_command DEBUG Invoking command in '/home/taoqiu/ros2_ws/build/openarm_hardware': CMAKE_PREFIX_PATH=/home/taoqiu/ros2_ws/install/openarm_can:/opt/ros/humble CONDA_PROMPT_MODIFIER=(base) PATH=/home/taoqiu/ros2_ws/install/openarm_can/bin:${PATH} PKG_CONFIG_PATH=/home/taoqiu/ros2_ws/install/openarm_can/lib/x86_64-linux-gnu/pkgconfig:/home/taoqiu/ros2_ws/install/openarm_can/lib/pkgconfig /usr/bin/cmake --build /home/taoqiu/ros2_ws/build/openarm_hardware -- -j24 -l24
[5.895s] colcon.colcon_core.event_handler.log_command DEBUG Invoked command in '/home/taoqiu/ros2_ws/build/openarm_hardware' returned '0': CMAKE_PREFIX_PATH=/home/taoqiu/ros2_ws/install/openarm_can:/opt/ros/humble CONDA_PROMPT_MODIFIER=(base) PATH=/home/taoqiu/ros2_ws/install/openarm_can/bin:${PATH} PKG_CONFIG_PATH=/home/taoqiu/ros2_ws/install/openarm_can/lib/x86_64-linux-gnu/pkgconfig:/home/taoqiu/ros2_ws/install/openarm_can/lib/pkgconfig /usr/bin/cmake --build /home/taoqiu/ros2_ws/build/openarm_hardware -- -j24 -l24
[5.896s] colcon.colcon_core.event_handler.log_command DEBUG Invoking command in '/home/taoqiu/ros2_ws/build/openarm_hardware': CMAKE_PREFIX_PATH=/home/taoqiu/ros2_ws/install/openarm_can:/opt/ros/humble CONDA_PROMPT_MODIFIER=(base) PATH=/home/taoqiu/ros2_ws/install/openarm_can/bin:${PATH} PKG_CONFIG_PATH=/home/taoqiu/ros2_ws/install/openarm_can/lib/x86_64-linux-gnu/pkgconfig:/home/taoqiu/ros2_ws/install/openarm_can/lib/pkgconfig /usr/bin/cmake --install /home/taoqiu/ros2_ws/build/openarm_hardware
[5.903s] colcon.colcon_core.environment Level 1 create_environment_scripts_only(openarm_hardware)
[5.904s] colcon.colcon_core.environment Level 1 checking '/home/taoqiu/ros2_ws/install/openarm_hardware' for CMake module files
[5.904s] colcon.colcon_core.event_handler.log_command DEBUG Invoked command in '/home/taoqiu/ros2_ws/build/openarm_hardware' returned '0': CMAKE_PREFIX_PATH=/home/taoqiu/ros2_ws/install/openarm_can:/opt/ros/humble CONDA_PROMPT_MODIFIER=(base) PATH=/home/taoqiu/ros2_ws/install/openarm_can/bin:${PATH} PKG_CONFIG_PATH=/home/taoqiu/ros2_ws/install/openarm_can/lib/x86_64-linux-gnu/pkgconfig:/home/taoqiu/ros2_ws/install/openarm_can/lib/pkgconfig /usr/bin/cmake --install /home/taoqiu/ros2_ws/build/openarm_hardware
[5.904s] colcon.colcon_core.environment Level 1 checking '/home/taoqiu/ros2_ws/install/openarm_hardware' for CMake config files
[5.904s] colcon.colcon_core.shell Level 1 create_environment_hook('openarm_hardware', 'cmake_prefix_path')
[5.905s] colcon.colcon_core.shell INFO Creating environment hook '/home/taoqiu/ros2_ws/install/openarm_hardware/share/openarm_hardware/hook/cmake_prefix_path.ps1'
[5.905s] colcon.colcon_core.shell INFO Creating environment descriptor '/home/taoqiu/ros2_ws/install/openarm_hardware/share/openarm_hardware/hook/cmake_prefix_path.dsv'
[5.905s] colcon.colcon_core.shell INFO Creating environment hook '/home/taoqiu/ros2_ws/install/openarm_hardware/share/openarm_hardware/hook/cmake_prefix_path.sh'
[5.905s] colcon.colcon_core.environment Level 1 checking '/home/taoqiu/ros2_ws/install/openarm_hardware/lib'
[5.905s] colcon.colcon_core.shell Level 1 create_environment_hook('openarm_hardware', 'ld_library_path_lib')
[5.906s] colcon.colcon_core.shell INFO Creating environment hook '/home/taoqiu/ros2_ws/install/openarm_hardware/share/openarm_hardware/hook/ld_library_path_lib.ps1'
[5.906s] colcon.colcon_core.shell INFO Creating environment descriptor '/home/taoqiu/ros2_ws/install/openarm_hardware/share/openarm_hardware/hook/ld_library_path_lib.dsv'
[5.906s] colcon.colcon_core.shell INFO Creating environment hook '/home/taoqiu/ros2_ws/install/openarm_hardware/share/openarm_hardware/hook/ld_library_path_lib.sh'
[5.906s] colcon.colcon_core.environment Level 1 checking '/home/taoqiu/ros2_ws/install/openarm_hardware/bin'
[5.906s] colcon.colcon_core.environment Level 1 checking '/home/taoqiu/ros2_ws/install/openarm_hardware/lib/pkgconfig/openarm_hardware.pc'
[5.907s] colcon.colcon_core.environment Level 1 checking '/home/taoqiu/ros2_ws/install/openarm_hardware/lib/python3.10/site-packages'
[5.907s] colcon.colcon_core.environment Level 1 checking '/home/taoqiu/ros2_ws/install/openarm_hardware/bin'
[5.907s] colcon.colcon_core.shell INFO Creating package script '/home/taoqiu/ros2_ws/install/openarm_hardware/share/openarm_hardware/package.ps1'
[5.908s] colcon.colcon_core.shell INFO Creating package descriptor '/home/taoqiu/ros2_ws/install/openarm_hardware/share/openarm_hardware/package.dsv'
[5.908s] colcon.colcon_core.shell INFO Creating package script '/home/taoqiu/ros2_ws/install/openarm_hardware/share/openarm_hardware/package.sh'
[5.908s] colcon.colcon_core.shell INFO Creating package script '/home/taoqiu/ros2_ws/install/openarm_hardware/share/openarm_hardware/package.bash'
[5.908s] colcon.colcon_core.shell INFO Creating package script '/home/taoqiu/ros2_ws/install/openarm_hardware/share/openarm_hardware/package.zsh'
[5.909s] colcon.colcon_core.environment Level 1 create_file_with_runtime_dependencies(/home/taoqiu/ros2_ws/install/openarm_hardware/share/colcon-core/packages/openarm_hardware)
[5.909s] colcon.colcon_core.environment Level 1 create_environment_scripts_only(openarm_hardware)
[5.909s] colcon.colcon_core.environment Level 1 checking '/home/taoqiu/ros2_ws/install/openarm_hardware' for CMake module files
[5.909s] colcon.colcon_core.environment Level 1 checking '/home/taoqiu/ros2_ws/install/openarm_hardware' for CMake config files
[5.909s] colcon.colcon_core.shell Level 1 create_environment_hook('openarm_hardware', 'cmake_prefix_path')
[5.910s] colcon.colcon_core.shell INFO Creating environment hook '/home/taoqiu/ros2_ws/install/openarm_hardware/share/openarm_hardware/hook/cmake_prefix_path.ps1'
[5.910s] colcon.colcon_core.shell INFO Creating environment descriptor '/home/taoqiu/ros2_ws/install/openarm_hardware/share/openarm_hardware/hook/cmake_prefix_path.dsv'
[5.910s] colcon.colcon_core.shell INFO Creating environment hook '/home/taoqiu/ros2_ws/install/openarm_hardware/share/openarm_hardware/hook/cmake_prefix_path.sh'
[5.910s] colcon.colcon_core.environment Level 1 checking '/home/taoqiu/ros2_ws/install/openarm_hardware/lib'
[5.910s] colcon.colcon_core.shell Level 1 create_environment_hook('openarm_hardware', 'ld_library_path_lib')
[5.910s] colcon.colcon_core.shell INFO Creating environment hook '/home/taoqiu/ros2_ws/install/openarm_hardware/share/openarm_hardware/hook/ld_library_path_lib.ps1'
[5.911s] colcon.colcon_core.shell INFO Creating environment descriptor '/home/taoqiu/ros2_ws/install/openarm_hardware/share/openarm_hardware/hook/ld_library_path_lib.dsv'
[5.911s] colcon.colcon_core.shell INFO Creating environment hook '/home/taoqiu/ros2_ws/install/openarm_hardware/share/openarm_hardware/hook/ld_library_path_lib.sh'
[5.911s] colcon.colcon_core.environment Level 1 checking '/home/taoqiu/ros2_ws/install/openarm_hardware/bin'
[5.911s] colcon.colcon_core.environment Level 1 checking '/home/taoqiu/ros2_ws/install/openarm_hardware/lib/pkgconfig/openarm_hardware.pc'
[5.911s] colcon.colcon_core.environment Level 1 checking '/home/taoqiu/ros2_ws/install/openarm_hardware/lib/python3.10/site-packages'
[5.911s] colcon.colcon_core.environment Level 1 checking '/home/taoqiu/ros2_ws/install/openarm_hardware/bin'
[5.912s] colcon.colcon_core.shell INFO Creating package script '/home/taoqiu/ros2_ws/install/openarm_hardware/share/openarm_hardware/package.ps1'
[5.912s] colcon.colcon_core.shell INFO Creating package descriptor '/home/taoqiu/ros2_ws/install/openarm_hardware/share/openarm_hardware/package.dsv'
[5.912s] colcon.colcon_core.shell INFO Creating package script '/home/taoqiu/ros2_ws/install/openarm_hardware/share/openarm_hardware/package.sh'
[5.913s] colcon.colcon_core.shell INFO Creating package script '/home/taoqiu/ros2_ws/install/openarm_hardware/share/openarm_hardware/package.bash'
[5.913s] colcon.colcon_core.shell INFO Creating package script '/home/taoqiu/ros2_ws/install/openarm_hardware/share/openarm_hardware/package.zsh'
[5.913s] colcon.colcon_core.environment Level 1 create_file_with_runtime_dependencies(/home/taoqiu/ros2_ws/install/openarm_hardware/share/colcon-core/packages/openarm_hardware)
[5.913s] colcon.colcon_ros.task.ament_cmake.build INFO Building ROS package in '/home/taoqiu/ros2_ws/src/openarm_ros2/openarm' with build type 'ament_cmake'
[5.913s] colcon.colcon_cmake.task.cmake.build INFO Building CMake package in '/home/taoqiu/ros2_ws/src/openarm_ros2/openarm'
[5.914s] colcon.colcon_core.shell INFO Skip shell extension 'powershell' for command environment: Not usable outside of PowerShell
[5.914s] colcon.colcon_core.shell DEBUG Skip shell extension 'dsv' for command environment
[5.926s] colcon.colcon_core.event_handler.log_command DEBUG Invoking command in '/home/taoqiu/ros2_ws/build/openarm': AMENT_PREFIX_PATH=/home/taoqiu/ros2_ws/install/openarm_bringup:/home/taoqiu/ros2_ws/install/openarm_hardware:/home/taoqiu/ros2_ws/install/openarm_bimanual_moveit_config:/home/taoqiu/ros2_ws/install/openarm_description:${AMENT_PREFIX_PATH} CMAKE_PREFIX_PATH=/home/taoqiu/ros2_ws/install/openarm_bringup:/home/taoqiu/ros2_ws/install/openarm_hardware:/home/taoqiu/ros2_ws/install/openarm_bimanual_moveit_config:/home/taoqiu/ros2_ws/install/openarm_description:/home/taoqiu/ros2_ws/install/openarm_can:/opt/ros/humble CONDA_PROMPT_MODIFIER=(base) LD_LIBRARY_PATH=/home/taoqiu/ros2_ws/install/openarm_hardware/lib:${LD_LIBRARY_PATH} PATH=/home/taoqiu/ros2_ws/install/openarm_can/bin:${PATH} PKG_CONFIG_PATH=/home/taoqiu/ros2_ws/install/openarm_can/lib/x86_64-linux-gnu/pkgconfig:/home/taoqiu/ros2_ws/install/openarm_can/lib/pkgconfig /usr/bin/cmake /home/taoqiu/ros2_ws/src/openarm_ros2/openarm -DCMAKE_INSTALL_PREFIX=/home/taoqiu/ros2_ws/install/openarm
[6.475s] colcon.colcon_core.event_handler.log_command DEBUG Invoked command in '/home/taoqiu/ros2_ws/build/openarm' returned '0': AMENT_PREFIX_PATH=/home/taoqiu/ros2_ws/install/openarm_bringup:/home/taoqiu/ros2_ws/install/openarm_hardware:/home/taoqiu/ros2_ws/install/openarm_bimanual_moveit_config:/home/taoqiu/ros2_ws/install/openarm_description:${AMENT_PREFIX_PATH} CMAKE_PREFIX_PATH=/home/taoqiu/ros2_ws/install/openarm_bringup:/home/taoqiu/ros2_ws/install/openarm_hardware:/home/taoqiu/ros2_ws/install/openarm_bimanual_moveit_config:/home/taoqiu/ros2_ws/install/openarm_description:/home/taoqiu/ros2_ws/install/openarm_can:/opt/ros/humble CONDA_PROMPT_MODIFIER=(base) LD_LIBRARY_PATH=/home/taoqiu/ros2_ws/install/openarm_hardware/lib:${LD_LIBRARY_PATH} PATH=/home/taoqiu/ros2_ws/install/openarm_can/bin:${PATH} PKG_CONFIG_PATH=/home/taoqiu/ros2_ws/install/openarm_can/lib/x86_64-linux-gnu/pkgconfig:/home/taoqiu/ros2_ws/install/openarm_can/lib/pkgconfig /usr/bin/cmake /home/taoqiu/ros2_ws/src/openarm_ros2/openarm -DCMAKE_INSTALL_PREFIX=/home/taoqiu/ros2_ws/install/openarm
[6.475s] colcon.colcon_core.event_handler.log_command DEBUG Invoking command in '/home/taoqiu/ros2_ws/build/openarm': AMENT_PREFIX_PATH=/home/taoqiu/ros2_ws/install/openarm_bringup:/home/taoqiu/ros2_ws/install/openarm_hardware:/home/taoqiu/ros2_ws/install/openarm_bimanual_moveit_config:/home/taoqiu/ros2_ws/install/openarm_description:${AMENT_PREFIX_PATH} CMAKE_PREFIX_PATH=/home/taoqiu/ros2_ws/install/openarm_bringup:/home/taoqiu/ros2_ws/install/openarm_hardware:/home/taoqiu/ros2_ws/install/openarm_bimanual_moveit_config:/home/taoqiu/ros2_ws/install/openarm_description:/home/taoqiu/ros2_ws/install/openarm_can:/opt/ros/humble CONDA_PROMPT_MODIFIER=(base) LD_LIBRARY_PATH=/home/taoqiu/ros2_ws/install/openarm_hardware/lib:${LD_LIBRARY_PATH} PATH=/home/taoqiu/ros2_ws/install/openarm_can/bin:${PATH} PKG_CONFIG_PATH=/home/taoqiu/ros2_ws/install/openarm_can/lib/x86_64-linux-gnu/pkgconfig:/home/taoqiu/ros2_ws/install/openarm_can/lib/pkgconfig /usr/bin/cmake --build /home/taoqiu/ros2_ws/build/openarm -- -j24 -l24
[6.504s] colcon.colcon_core.event_handler.log_command DEBUG Invoked command in '/home/taoqiu/ros2_ws/build/openarm' returned '0': AMENT_PREFIX_PATH=/home/taoqiu/ros2_ws/install/openarm_bringup:/home/taoqiu/ros2_ws/install/openarm_hardware:/home/taoqiu/ros2_ws/install/openarm_bimanual_moveit_config:/home/taoqiu/ros2_ws/install/openarm_description:${AMENT_PREFIX_PATH} CMAKE_PREFIX_PATH=/home/taoqiu/ros2_ws/install/openarm_bringup:/home/taoqiu/ros2_ws/install/openarm_hardware:/home/taoqiu/ros2_ws/install/openarm_bimanual_moveit_config:/home/taoqiu/ros2_ws/install/openarm_description:/home/taoqiu/ros2_ws/install/openarm_can:/opt/ros/humble CONDA_PROMPT_MODIFIER=(base) LD_LIBRARY_PATH=/home/taoqiu/ros2_ws/install/openarm_hardware/lib:${LD_LIBRARY_PATH} PATH=/home/taoqiu/ros2_ws/install/openarm_can/bin:${PATH} PKG_CONFIG_PATH=/home/taoqiu/ros2_ws/install/openarm_can/lib/x86_64-linux-gnu/pkgconfig:/home/taoqiu/ros2_ws/install/openarm_can/lib/pkgconfig /usr/bin/cmake --build /home/taoqiu/ros2_ws/build/openarm -- -j24 -l24
[6.505s] colcon.colcon_core.event_handler.log_command DEBUG Invoking command in '/home/taoqiu/ros2_ws/build/openarm': AMENT_PREFIX_PATH=/home/taoqiu/ros2_ws/install/openarm_bringup:/home/taoqiu/ros2_ws/install/openarm_hardware:/home/taoqiu/ros2_ws/install/openarm_bimanual_moveit_config:/home/taoqiu/ros2_ws/install/openarm_description:${AMENT_PREFIX_PATH} CMAKE_PREFIX_PATH=/home/taoqiu/ros2_ws/install/openarm_bringup:/home/taoqiu/ros2_ws/install/openarm_hardware:/home/taoqiu/ros2_ws/install/openarm_bimanual_moveit_config:/home/taoqiu/ros2_ws/install/openarm_description:/home/taoqiu/ros2_ws/install/openarm_can:/opt/ros/humble CONDA_PROMPT_MODIFIER=(base) LD_LIBRARY_PATH=/home/taoqiu/ros2_ws/install/openarm_hardware/lib:${LD_LIBRARY_PATH} PATH=/home/taoqiu/ros2_ws/install/openarm_can/bin:${PATH} PKG_CONFIG_PATH=/home/taoqiu/ros2_ws/install/openarm_can/lib/x86_64-linux-gnu/pkgconfig:/home/taoqiu/ros2_ws/install/openarm_can/lib/pkgconfig /usr/bin/cmake --install /home/taoqiu/ros2_ws/build/openarm
[6.515s] colcon.colcon_core.environment Level 1 create_environment_scripts_only(openarm)
[6.516s] colcon.colcon_core.environment Level 1 checking '/home/taoqiu/ros2_ws/install/openarm' for CMake module files
[6.516s] colcon.colcon_core.event_handler.log_command DEBUG Invoked command in '/home/taoqiu/ros2_ws/build/openarm' returned '0': AMENT_PREFIX_PATH=/home/taoqiu/ros2_ws/install/openarm_bringup:/home/taoqiu/ros2_ws/install/openarm_hardware:/home/taoqiu/ros2_ws/install/openarm_bimanual_moveit_config:/home/taoqiu/ros2_ws/install/openarm_description:${AMENT_PREFIX_PATH} CMAKE_PREFIX_PATH=/home/taoqiu/ros2_ws/install/openarm_bringup:/home/taoqiu/ros2_ws/install/openarm_hardware:/home/taoqiu/ros2_ws/install/openarm_bimanual_moveit_config:/home/taoqiu/ros2_ws/install/openarm_description:/home/taoqiu/ros2_ws/install/openarm_can:/opt/ros/humble CONDA_PROMPT_MODIFIER=(base) LD_LIBRARY_PATH=/home/taoqiu/ros2_ws/install/openarm_hardware/lib:${LD_LIBRARY_PATH} PATH=/home/taoqiu/ros2_ws/install/openarm_can/bin:${PATH} PKG_CONFIG_PATH=/home/taoqiu/ros2_ws/install/openarm_can/lib/x86_64-linux-gnu/pkgconfig:/home/taoqiu/ros2_ws/install/openarm_can/lib/pkgconfig /usr/bin/cmake --install /home/taoqiu/ros2_ws/build/openarm
[6.516s] colcon.colcon_core.environment Level 1 checking '/home/taoqiu/ros2_ws/install/openarm' for CMake config files
[6.516s] colcon.colcon_core.shell Level 1 create_environment_hook('openarm', 'cmake_prefix_path')
[6.516s] colcon.colcon_core.shell INFO Creating environment hook '/home/taoqiu/ros2_ws/install/openarm/share/openarm/hook/cmake_prefix_path.ps1'
[6.516s] colcon.colcon_core.shell INFO Creating environment descriptor '/home/taoqiu/ros2_ws/install/openarm/share/openarm/hook/cmake_prefix_path.dsv'
[6.516s] colcon.colcon_core.shell INFO Creating environment hook '/home/taoqiu/ros2_ws/install/openarm/share/openarm/hook/cmake_prefix_path.sh'
[6.517s] colcon.colcon_core.environment Level 1 checking '/home/taoqiu/ros2_ws/install/openarm/bin'
[6.517s] colcon.colcon_core.environment Level 1 checking '/home/taoqiu/ros2_ws/install/openarm/lib/pkgconfig/openarm.pc'
[6.517s] colcon.colcon_core.environment Level 1 checking '/home/taoqiu/ros2_ws/install/openarm/lib/python3.10/site-packages'
[6.517s] colcon.colcon_core.environment Level 1 checking '/home/taoqiu/ros2_ws/install/openarm/bin'
[6.517s] colcon.colcon_core.shell INFO Creating package script '/home/taoqiu/ros2_ws/install/openarm/share/openarm/package.ps1'
[6.517s] colcon.colcon_core.shell INFO Creating package descriptor '/home/taoqiu/ros2_ws/install/openarm/share/openarm/package.dsv'
[6.518s] colcon.colcon_core.shell INFO Creating package script '/home/taoqiu/ros2_ws/install/openarm/share/openarm/package.sh'
[6.518s] colcon.colcon_core.shell INFO Creating package script '/home/taoqiu/ros2_ws/install/openarm/share/openarm/package.bash'
[6.518s] colcon.colcon_core.shell INFO Creating package script '/home/taoqiu/ros2_ws/install/openarm/share/openarm/package.zsh'
[6.518s] colcon.colcon_core.environment Level 1 create_file_with_runtime_dependencies(/home/taoqiu/ros2_ws/install/openarm/share/colcon-core/packages/openarm)
[6.519s] colcon.colcon_core.environment Level 1 create_environment_scripts_only(openarm)
[6.519s] colcon.colcon_core.environment Level 1 checking '/home/taoqiu/ros2_ws/install/openarm' for CMake module files
[6.519s] colcon.colcon_core.environment Level 1 checking '/home/taoqiu/ros2_ws/install/openarm' for CMake config files
[6.519s] colcon.colcon_core.shell Level 1 create_environment_hook('openarm', 'cmake_prefix_path')
[6.520s] colcon.colcon_core.shell INFO Creating environment hook '/home/taoqiu/ros2_ws/install/openarm/share/openarm/hook/cmake_prefix_path.ps1'
[6.520s] colcon.colcon_core.shell INFO Creating environment descriptor '/home/taoqiu/ros2_ws/install/openarm/share/openarm/hook/cmake_prefix_path.dsv'
[6.520s] colcon.colcon_core.shell INFO Creating environment hook '/home/taoqiu/ros2_ws/install/openarm/share/openarm/hook/cmake_prefix_path.sh'
[6.520s] colcon.colcon_core.environment Level 1 checking '/home/taoqiu/ros2_ws/install/openarm/bin'
[6.520s] colcon.colcon_core.environment Level 1 checking '/home/taoqiu/ros2_ws/install/openarm/lib/pkgconfig/openarm.pc'
[6.521s] colcon.colcon_core.environment Level 1 checking '/home/taoqiu/ros2_ws/install/openarm/lib/python3.10/site-packages'
[6.521s] colcon.colcon_core.environment Level 1 checking '/home/taoqiu/ros2_ws/install/openarm/bin'
[6.521s] colcon.colcon_core.shell INFO Creating package script '/home/taoqiu/ros2_ws/install/openarm/share/openarm/package.ps1'
[6.521s] colcon.colcon_core.shell INFO Creating package descriptor '/home/taoqiu/ros2_ws/install/openarm/share/openarm/package.dsv'
[6.522s] colcon.colcon_core.shell INFO Creating package script '/home/taoqiu/ros2_ws/install/openarm/share/openarm/package.sh'
[6.522s] colcon.colcon_core.shell INFO Creating package script '/home/taoqiu/ros2_ws/install/openarm/share/openarm/package.bash'
[6.522s] colcon.colcon_core.shell INFO Creating package script '/home/taoqiu/ros2_ws/install/openarm/share/openarm/package.zsh'
[6.522s] colcon.colcon_core.environment Level 1 create_file_with_runtime_dependencies(/home/taoqiu/ros2_ws/install/openarm/share/colcon-core/packages/openarm)
[6.522s] colcon.colcon_parallel_executor.executor.parallel DEBUG closing loop
[6.523s] colcon.colcon_parallel_executor.executor.parallel DEBUG loop closed
[6.523s] colcon.colcon_parallel_executor.executor.parallel DEBUG run_until_complete finished with '0'
[6.523s] colcon.colcon_core.event_reactor DEBUG joining thread
[6.525s] colcon.colcon_core.plugin_system INFO Skipping extension 'colcon_notification.desktop_notification.terminal_notifier': Not used on non-Darwin systems
[6.525s] colcon.colcon_core.plugin_system INFO Skipping extension 'colcon_notification.desktop_notification.win32': Not used on non-Windows systems
[6.525s] colcon.colcon_notification.desktop_notification INFO Sending desktop notification using 'notify2'
[6.533s] colcon.colcon_core.event_reactor DEBUG joined thread
[6.533s] colcon.colcon_core.shell INFO Creating prefix script '/home/taoqiu/ros2_ws/install/local_setup.ps1'
[6.534s] colcon.colcon_core.shell INFO Creating prefix util module '/home/taoqiu/ros2_ws/install/_local_setup_util_ps1.py'
[6.535s] colcon.colcon_core.shell INFO Creating prefix chain script '/home/taoqiu/ros2_ws/install/setup.ps1'
[6.535s] colcon.colcon_core.shell INFO Creating prefix script '/home/taoqiu/ros2_ws/install/local_setup.sh'
[6.536s] colcon.colcon_core.shell INFO Creating prefix util module '/home/taoqiu/ros2_ws/install/_local_setup_util_sh.py'
[6.536s] colcon.colcon_core.shell INFO Creating prefix chain script '/home/taoqiu/ros2_ws/install/setup.sh'
[6.536s] colcon.colcon_core.shell INFO Creating prefix script '/home/taoqiu/ros2_ws/install/local_setup.bash'
[6.537s] colcon.colcon_core.shell INFO Creating prefix chain script '/home/taoqiu/ros2_ws/install/setup.bash'
[6.537s] colcon.colcon_core.shell INFO Creating prefix script '/home/taoqiu/ros2_ws/install/local_setup.zsh'
[6.537s] colcon.colcon_core.shell INFO Creating prefix chain script '/home/taoqiu/ros2_ws/install/setup.zsh'
