[0.004s] Invoking command in '/home/taoqiu/ros2_ws/build/openarm_bimanual_moveit_config': AMENT_PREFIX_PATH=/home/taoqiu/ros2_ws/install/openarm_description:${AMENT_PREFIX_PATH} CMAKE_PREFIX_PATH=/home/taoqiu/ros2_ws/install/openarm_description:/opt/ros/humble CONDA_PROMPT_MODIFIER=(base) /usr/bin/cmake /home/taoqiu/ros2_ws/src/openarm_ros2/openarm_bimanual_moveit_config -DCMAKE_INSTALL_PREFIX=/home/taoqiu/ros2_ws/install/openarm_bimanual_moveit_config
[0.042s] -- The C compiler identification is GNU 11.4.0
[0.096s] -- The CXX compiler identification is GNU 11.4.0
[0.100s] -- Detecting C compiler ABI info
[0.160s] -- Detecting C compiler ABI info - done
[0.164s] -- Check for working C compiler: /usr/bin/cc - skipped
[0.164s] -- Detecting C compile features
[0.164s] -- Detecting C compile features - done
[0.167s] -- Detecting CXX compiler ABI info
[0.232s] -- Detecting CXX compiler ABI info - done
[0.240s] -- Check for working CXX compiler: /usr/bin/c++ - skipped
[0.240s] -- Detecting CXX compile features
[0.240s] -- Detecting CXX compile features - done
[0.241s] -- Found ament_cmake: 1.3.14 (/opt/ros/humble/share/ament_cmake/cmake)
[0.399s] -- Found Python3: /usr/bin/python3 (found version "3.10.12") found components: Interpreter 
[0.501s] -- Configuring done
[0.503s] -- Generating done
[0.504s] -- Build files have been written to: /home/taoqiu/ros2_ws/build/openarm_bimanual_moveit_config
[0.508s] Invoked command in '/home/taoqiu/ros2_ws/build/openarm_bimanual_moveit_config' returned '0': AMENT_PREFIX_PATH=/home/taoqiu/ros2_ws/install/openarm_description:${AMENT_PREFIX_PATH} CMAKE_PREFIX_PATH=/home/taoqiu/ros2_ws/install/openarm_description:/opt/ros/humble CONDA_PROMPT_MODIFIER=(base) /usr/bin/cmake /home/taoqiu/ros2_ws/src/openarm_ros2/openarm_bimanual_moveit_config -DCMAKE_INSTALL_PREFIX=/home/taoqiu/ros2_ws/install/openarm_bimanual_moveit_config
[0.509s] Invoking command in '/home/taoqiu/ros2_ws/build/openarm_bimanual_moveit_config': AMENT_PREFIX_PATH=/home/taoqiu/ros2_ws/install/openarm_description:${AMENT_PREFIX_PATH} CMAKE_PREFIX_PATH=/home/taoqiu/ros2_ws/install/openarm_description:/opt/ros/humble CONDA_PROMPT_MODIFIER=(base) /usr/bin/cmake --build /home/taoqiu/ros2_ws/build/openarm_bimanual_moveit_config -- -j24 -l24
[0.531s] Invoked command in '/home/taoqiu/ros2_ws/build/openarm_bimanual_moveit_config' returned '0': AMENT_PREFIX_PATH=/home/taoqiu/ros2_ws/install/openarm_description:${AMENT_PREFIX_PATH} CMAKE_PREFIX_PATH=/home/taoqiu/ros2_ws/install/openarm_description:/opt/ros/humble CONDA_PROMPT_MODIFIER=(base) /usr/bin/cmake --build /home/taoqiu/ros2_ws/build/openarm_bimanual_moveit_config -- -j24 -l24
[0.531s] Invoking command in '/home/taoqiu/ros2_ws/build/openarm_bimanual_moveit_config': AMENT_PREFIX_PATH=/home/taoqiu/ros2_ws/install/openarm_description:${AMENT_PREFIX_PATH} CMAKE_PREFIX_PATH=/home/taoqiu/ros2_ws/install/openarm_description:/opt/ros/humble CONDA_PROMPT_MODIFIER=(base) /usr/bin/cmake --install /home/taoqiu/ros2_ws/build/openarm_bimanual_moveit_config
[0.537s] -- Install configuration: ""
[0.537s] -- Installing: /home/taoqiu/ros2_ws/install/openarm_bimanual_moveit_config/share/ament_index/resource_index/package_run_dependencies/openarm_bimanual_moveit_config
[0.537s] -- Installing: /home/taoqiu/ros2_ws/install/openarm_bimanual_moveit_config/share/ament_index/resource_index/parent_prefix_path/openarm_bimanual_moveit_config
[0.537s] -- Installing: /home/taoqiu/ros2_ws/install/openarm_bimanual_moveit_config/share/openarm_bimanual_moveit_config/environment/ament_prefix_path.sh
[0.537s] -- Installing: /home/taoqiu/ros2_ws/install/openarm_bimanual_moveit_config/share/openarm_bimanual_moveit_config/environment/ament_prefix_path.dsv
[0.537s] -- Installing: /home/taoqiu/ros2_ws/install/openarm_bimanual_moveit_config/share/openarm_bimanual_moveit_config/environment/path.sh
[0.537s] -- Installing: /home/taoqiu/ros2_ws/install/openarm_bimanual_moveit_config/share/openarm_bimanual_moveit_config/environment/path.dsv
[0.538s] -- Installing: /home/taoqiu/ros2_ws/install/openarm_bimanual_moveit_config/share/openarm_bimanual_moveit_config/local_setup.bash
[0.538s] -- Installing: /home/taoqiu/ros2_ws/install/openarm_bimanual_moveit_config/share/openarm_bimanual_moveit_config/local_setup.sh
[0.538s] -- Installing: /home/taoqiu/ros2_ws/install/openarm_bimanual_moveit_config/share/openarm_bimanual_moveit_config/local_setup.zsh
[0.538s] -- Installing: /home/taoqiu/ros2_ws/install/openarm_bimanual_moveit_config/share/openarm_bimanual_moveit_config/local_setup.dsv
[0.538s] -- Installing: /home/taoqiu/ros2_ws/install/openarm_bimanual_moveit_config/share/openarm_bimanual_moveit_config/package.dsv
[0.538s] -- Installing: /home/taoqiu/ros2_ws/install/openarm_bimanual_moveit_config/share/ament_index/resource_index/packages/openarm_bimanual_moveit_config
[0.538s] -- Installing: /home/taoqiu/ros2_ws/install/openarm_bimanual_moveit_config/share/openarm_bimanual_moveit_config/cmake/openarm_bimanual_moveit_configConfig.cmake
[0.538s] -- Installing: /home/taoqiu/ros2_ws/install/openarm_bimanual_moveit_config/share/openarm_bimanual_moveit_config/cmake/openarm_bimanual_moveit_configConfig-version.cmake
[0.538s] -- Installing: /home/taoqiu/ros2_ws/install/openarm_bimanual_moveit_config/share/openarm_bimanual_moveit_config/package.xml
[0.538s] -- Installing: /home/taoqiu/ros2_ws/install/openarm_bimanual_moveit_config/share/openarm_bimanual_moveit_config/launch
[0.538s] -- Installing: /home/taoqiu/ros2_ws/install/openarm_bimanual_moveit_config/share/openarm_bimanual_moveit_config/launch/move_group.launch.py
[0.538s] -- Installing: /home/taoqiu/ros2_ws/install/openarm_bimanual_moveit_config/share/openarm_bimanual_moveit_config/launch/static_virtual_joint_tfs.launch.py
[0.538s] -- Installing: /home/taoqiu/ros2_ws/install/openarm_bimanual_moveit_config/share/openarm_bimanual_moveit_config/launch/moveit_rviz.launch.py
[0.538s] -- Installing: /home/taoqiu/ros2_ws/install/openarm_bimanual_moveit_config/share/openarm_bimanual_moveit_config/launch/spawn_controllers.launch.py
[0.538s] -- Installing: /home/taoqiu/ros2_ws/install/openarm_bimanual_moveit_config/share/openarm_bimanual_moveit_config/launch/demo.launch.py
[0.538s] -- Installing: /home/taoqiu/ros2_ws/install/openarm_bimanual_moveit_config/share/openarm_bimanual_moveit_config/launch/setup_assistant.launch.py
[0.538s] -- Installing: /home/taoqiu/ros2_ws/install/openarm_bimanual_moveit_config/share/openarm_bimanual_moveit_config/config
[0.538s] -- Installing: /home/taoqiu/ros2_ws/install/openarm_bimanual_moveit_config/share/openarm_bimanual_moveit_config/config/openarm_v2.0
[0.538s] -- Installing: /home/taoqiu/ros2_ws/install/openarm_bimanual_moveit_config/share/openarm_bimanual_moveit_config/config/openarm_v2.0/openarm_bimanual.urdf.xacro
[0.539s] -- Installing: /home/taoqiu/ros2_ws/install/openarm_bimanual_moveit_config/share/openarm_bimanual_moveit_config/config/openarm_v2.0/ros2_controllers.yaml
[0.539s] -- Installing: /home/taoqiu/ros2_ws/install/openarm_bimanual_moveit_config/share/openarm_bimanual_moveit_config/config/openarm_v2.0/kinematics.yaml
[0.539s] -- Installing: /home/taoqiu/ros2_ws/install/openarm_bimanual_moveit_config/share/openarm_bimanual_moveit_config/config/openarm_v2.0/pilz_cartesian_limits.yaml
[0.539s] -- Installing: /home/taoqiu/ros2_ws/install/openarm_bimanual_moveit_config/share/openarm_bimanual_moveit_config/config/openarm_v2.0/sensors_3d.yaml
[0.539s] -- Installing: /home/taoqiu/ros2_ws/install/openarm_bimanual_moveit_config/share/openarm_bimanual_moveit_config/config/openarm_v2.0/moveit_controllers.yaml
[0.539s] -- Installing: /home/taoqiu/ros2_ws/install/openarm_bimanual_moveit_config/share/openarm_bimanual_moveit_config/config/openarm_v2.0/joint_limits.yaml
[0.539s] -- Installing: /home/taoqiu/ros2_ws/install/openarm_bimanual_moveit_config/share/openarm_bimanual_moveit_config/config/openarm_v2.0/openarm_bimanual.srdf
[0.539s] -- Installing: /home/taoqiu/ros2_ws/install/openarm_bimanual_moveit_config/share/openarm_bimanual_moveit_config/config/openarm_v2.0/moveit.rviz
[0.539s] -- Installing: /home/taoqiu/ros2_ws/install/openarm_bimanual_moveit_config/share/openarm_bimanual_moveit_config/config/openarm_v1.0
[0.539s] -- Installing: /home/taoqiu/ros2_ws/install/openarm_bimanual_moveit_config/share/openarm_bimanual_moveit_config/config/openarm_v1.0/openarm_bimanual.urdf.xacro
[0.539s] -- Installing: /home/taoqiu/ros2_ws/install/openarm_bimanual_moveit_config/share/openarm_bimanual_moveit_config/config/openarm_v1.0/ros2_controllers.yaml
[0.539s] -- Installing: /home/taoqiu/ros2_ws/install/openarm_bimanual_moveit_config/share/openarm_bimanual_moveit_config/config/openarm_v1.0/kinematics.yaml
[0.539s] -- Installing: /home/taoqiu/ros2_ws/install/openarm_bimanual_moveit_config/share/openarm_bimanual_moveit_config/config/openarm_v1.0/pilz_cartesian_limits.yaml
[0.539s] -- Installing: /home/taoqiu/ros2_ws/install/openarm_bimanual_moveit_config/share/openarm_bimanual_moveit_config/config/openarm_v1.0/sensors_3d.yaml
[0.539s] -- Installing: /home/taoqiu/ros2_ws/install/openarm_bimanual_moveit_config/share/openarm_bimanual_moveit_config/config/openarm_v1.0/moveit_controllers.yaml
[0.539s] -- Installing: /home/taoqiu/ros2_ws/install/openarm_bimanual_moveit_config/share/openarm_bimanual_moveit_config/config/openarm_v1.0/joint_limits.yaml
[0.539s] -- Installing: /home/taoqiu/ros2_ws/install/openarm_bimanual_moveit_config/share/openarm_bimanual_moveit_config/config/openarm_v1.0/openarm_bimanual.srdf
[0.539s] -- Installing: /home/taoqiu/ros2_ws/install/openarm_bimanual_moveit_config/share/openarm_bimanual_moveit_config/config/openarm_v1.0/moveit.rviz
[0.539s] -- Installing: /home/taoqiu/ros2_ws/install/openarm_bimanual_moveit_config/share/openarm_bimanual_moveit_config/.setup_assistant
[0.541s] Invoked command in '/home/taoqiu/ros2_ws/build/openarm_bimanual_moveit_config' returned '0': AMENT_PREFIX_PATH=/home/taoqiu/ros2_ws/install/openarm_description:${AMENT_PREFIX_PATH} CMAKE_PREFIX_PATH=/home/taoqiu/ros2_ws/install/openarm_description:/opt/ros/humble CONDA_PROMPT_MODIFIER=(base) /usr/bin/cmake --install /home/taoqiu/ros2_ws/build/openarm_bimanual_moveit_config
