running develop
running egg_info
creating openarm_umi_bridge.egg-info
writing openarm_umi_bridge.egg-info/PKG-INFO
writing dependency_links to openarm_umi_bridge.egg-info/dependency_links.txt
writing entry points to openarm_umi_bridge.egg-info/entry_points.txt
writing requirements to openarm_umi_bridge.egg-info/requires.txt
writing top-level names to openarm_umi_bridge.egg-info/top_level.txt
writing manifest file 'openarm_umi_bridge.egg-info/SOURCES.txt'
reading manifest file 'openarm_umi_bridge.egg-info/SOURCES.txt'
writing manifest file 'openarm_umi_bridge.egg-info/SOURCES.txt'
running build_ext
Creating /home/taoqiu/ros2_ws/install/openarm_umi_bridge/lib/python3.10/site-packages/openarm-umi-bridge.egg-link (link to .)
Installing umi_bridge script to /home/taoqiu/ros2_ws/install/openarm_umi_bridge/lib/openarm_umi_bridge

Installed /home/taoqiu/ros2_ws/build/openarm_umi_bridge
running symlink_data
creating /home/taoqiu/ros2_ws/install/openarm_umi_bridge/share/ament_index
creating /home/taoqiu/ros2_ws/install/openarm_umi_bridge/share/ament_index/resource_index
creating /home/taoqiu/ros2_ws/install/openarm_umi_bridge/share/ament_index/resource_index/packages
symbolically linking /home/taoqiu/ros2_ws/build/openarm_umi_bridge/resource/openarm_umi_bridge -> /home/taoqiu/ros2_ws/install/openarm_umi_bridge/share/ament_index/resource_index/packages
symbolically linking /home/taoqiu/ros2_ws/build/openarm_umi_bridge/package.xml -> /home/taoqiu/ros2_ws/install/openarm_umi_bridge/share/openarm_umi_bridge
creating /home/taoqiu/ros2_ws/install/openarm_umi_bridge/share/openarm_umi_bridge/launch
symbolically linking /home/taoqiu/ros2_ws/build/openarm_umi_bridge/launch/umi_bridge.launch.py -> /home/taoqiu/ros2_ws/install/openarm_umi_bridge/share/openarm_umi_bridge/launch
