[0.363s] Invoking command in '/home/taoqiu/ros2_ws/build/openarm_umi_bridge': PYTHONPATH=/home/taoqiu/ros2_ws/build/openarm_umi_bridge/prefix_override:/usr/lib/python3/dist-packages/colcon_core/task/python/colcon_distutils_commands:/home/taoqiu/ros2_ws/install/openarm_umi_bridge/lib/python3.10/site-packages:${PYTHONPATH} /home/taoqiu/venv-openarm-ik/bin/python -W ignore:setup.py install is deprecated -W ignore:easy_install command is deprecated setup.py develop --editable --build-directory /home/taoqiu/ros2_ws/build/openarm_umi_bridge/build --no-deps symlink_data
[0.496s] running develop
[0.580s] running egg_info
[0.580s] creating openarm_umi_bridge.egg-info
[0.580s] writing openarm_umi_bridge.egg-info/PKG-INFO
[0.580s] writing dependency_links to openarm_umi_bridge.egg-info/dependency_links.txt
[0.580s] writing entry points to openarm_umi_bridge.egg-info/entry_points.txt
[0.580s] writing requirements to openarm_umi_bridge.egg-info/requires.txt
[0.580s] writing top-level names to openarm_umi_bridge.egg-info/top_level.txt
[0.580s] writing manifest file 'openarm_umi_bridge.egg-info/SOURCES.txt'
[0.581s] reading manifest file 'openarm_umi_bridge.egg-info/SOURCES.txt'
[0.581s] writing manifest file 'openarm_umi_bridge.egg-info/SOURCES.txt'
[0.582s] running build_ext
[0.582s] Creating /home/taoqiu/ros2_ws/install/openarm_umi_bridge/lib/python3.10/site-packages/openarm-umi-bridge.egg-link (link to .)
[0.582s] Installing umi_bridge script to /home/taoqiu/ros2_ws/install/openarm_umi_bridge/lib/openarm_umi_bridge
[0.582s] 
[0.582s] Installed /home/taoqiu/ros2_ws/build/openarm_umi_bridge
[0.582s] running symlink_data
[0.583s] creating /home/taoqiu/ros2_ws/install/openarm_umi_bridge/share/ament_index
[0.583s] creating /home/taoqiu/ros2_ws/install/openarm_umi_bridge/share/ament_index/resource_index
[0.583s] creating /home/taoqiu/ros2_ws/install/openarm_umi_bridge/share/ament_index/resource_index/packages
[0.583s] symbolically linking /home/taoqiu/ros2_ws/build/openarm_umi_bridge/resource/openarm_umi_bridge -> /home/taoqiu/ros2_ws/install/openarm_umi_bridge/share/ament_index/resource_index/packages
[0.583s] symbolically linking /home/taoqiu/ros2_ws/build/openarm_umi_bridge/package.xml -> /home/taoqiu/ros2_ws/install/openarm_umi_bridge/share/openarm_umi_bridge
[0.583s] creating /home/taoqiu/ros2_ws/install/openarm_umi_bridge/share/openarm_umi_bridge/launch
[0.583s] symbolically linking /home/taoqiu/ros2_ws/build/openarm_umi_bridge/launch/umi_bridge.launch.py -> /home/taoqiu/ros2_ws/install/openarm_umi_bridge/share/openarm_umi_bridge/launch
[0.597s] Invoked command in '/home/taoqiu/ros2_ws/build/openarm_umi_bridge' returned '0': PYTHONPATH=/home/taoqiu/ros2_ws/build/openarm_umi_bridge/prefix_override:/usr/lib/python3/dist-packages/colcon_core/task/python/colcon_distutils_commands:/home/taoqiu/ros2_ws/install/openarm_umi_bridge/lib/python3.10/site-packages:${PYTHONPATH} /home/taoqiu/venv-openarm-ik/bin/python -W ignore:setup.py install is deprecated -W ignore:easy_install command is deprecated setup.py develop --editable --build-directory /home/taoqiu/ros2_ws/build/openarm_umi_bridge/build --no-deps symlink_data
