[0.005s] Invoking command in '/home/taoqiu/ros2_ws/build/openarm_hardware': CMAKE_PREFIX_PATH=/home/taoqiu/ros2_ws/install/openarm_can:/opt/ros/humble PATH=/home/taoqiu/ros2_ws/install/openarm_can/bin:${PATH} PKG_CONFIG_PATH=/home/taoqiu/ros2_ws/install/openarm_can/lib/x86_64-linux-gnu/pkgconfig:/home/taoqiu/ros2_ws/install/openarm_can/lib/pkgconfig /usr/bin/cmake /home/taoqiu/ros2_ws/src/openarm_ros2/openarm_hardware -DCMAKE_INSTALL_PREFIX=/home/taoqiu/ros2_ws/install/openarm_hardware
[0.013s] -- Found ament_cmake: 1.3.14 (/opt/ros/humble/share/ament_cmake/cmake)
[0.056s] -- Found Python3: /usr/bin/python3 (found version "3.10.12") found components: Interpreter 
[0.089s] -- Override CMake install command with custom implementation using symlinks instead of copying resources
[0.092s] -- Found ament_index_cpp: 1.4.1 (/opt/ros/humble/share/ament_index_cpp/cmake)
[0.093s] -- Found hardware_interface: 2.54.0 (/opt/ros/humble/share/hardware_interface/cmake)
[0.105s] -- Found rosidl_generator_c: 3.1.8 (/opt/ros/humble/share/rosidl_generator_c/cmake)
[0.106s] -- Found rosidl_adapter: 3.1.8 (/opt/ros/humble/share/rosidl_adapter/cmake)
[0.109s] -- Found rosidl_generator_cpp: 3.1.8 (/opt/ros/humble/share/rosidl_generator_cpp/cmake)
[0.113s] -- Using all available rosidl_typesupport_c: rosidl_typesupport_fastrtps_c;rosidl_typesupport_introspection_c
[0.119s] -- Using all available rosidl_typesupport_cpp: rosidl_typesupport_fastrtps_cpp;rosidl_typesupport_introspection_cpp
[0.198s] -- Found rmw_implementation_cmake: 6.1.2 (/opt/ros/humble/share/rmw_implementation_cmake/cmake)
[0.198s] -- Found rmw_fastrtps_cpp: 6.2.10 (/opt/ros/humble/share/rmw_fastrtps_cpp/cmake)
[0.208s] -- Found TinyXML2 via Config file: TinyXML2_DIR-NOTFOUND
[0.213s] -- Found TinyXML2 via Config file: TinyXML2_DIR-NOTFOUND
[0.222s] -- Found TinyXML2 via Config file: TinyXML2_DIR-NOTFOUND
[0.226s] -- Found TinyXML2 via Config file: TinyXML2_DIR-NOTFOUND
[0.232s] -- Using RMW implementation 'rmw_fastrtps_cpp' as default
[0.259s] -- Found Boost: /usr/include (found version "1.74.0") found components: filesystem serialization 
[0.259s] -- eigenpy FOUND. eigenpy at /opt/ros/humble/lib/x86_64-linux-gnu/libeigenpy.so
[0.278s] -- Checking for NumPy
[0.403s] --   NUMPY_INCLUDE_DIRS=/home/taoqiu/.local/lib/python3.10/site-packages/numpy/_core/include
[0.509s] --   NUMPY_VERSION=2.2.6
[0.680s] -- Found Python3: /usr/bin/python3 (found version "3.10.12") found components: Interpreter Development.Module NumPy 
[0.680s] -- PythonLibraryDirs: 
[0.680s] -- PythonLibVersionString: 3.10.12
[0.700s] -- Python site lib: lib/python3.10/site-packages
[0.700s] -- Python include dirs: /usr/include/python3.10
[0.733s] -- Checking for NumPy
[0.853s] --   NUMPY_INCLUDE_DIRS=/home/taoqiu/.local/lib/python3.10/site-packages/numpy/_core/include
[0.938s] --   NUMPY_VERSION=2.2.6
[0.938s] -- NumPy include dir: /home/taoqiu/.local/lib/python3.10/site-packages/numpy/_core/include
[0.940s] CMake Warning at /usr/share/cmake-3.22/Modules/FindBoost.cmake:2201 (message):
[0.940s]   No header defined for python310; skipping header check (note: header-only
[0.940s]   libraries have no designated component)
[0.940s] Call Stack (most recent call first):
[0.940s]   /opt/ros/humble/lib/x86_64-linux-gnu/cmake/eigenpy/boost.cmake:146 (find_package)
[0.940s]   /opt/ros/humble/lib/x86_64-linux-gnu/cmake/eigenpy/eigenpyConfig.cmake:172 (SEARCH_FOR_BOOST_PYTHON)
[0.941s]   /usr/share/cmake-3.22/Modules/CMakeFindDependencyMacro.cmake:47 (find_package)
[0.941s]   /opt/ros/humble/lib/x86_64-linux-gnu/cmake/pinocchio/pinocchioConfig.cmake:184 (find_dependency)
[0.941s]   CMakeLists.txt:34 (find_package)
[0.941s] 
[0.941s] 
[0.941s] -- Found Boost: /usr/include (found version "1.74.0") found components: python310 
[1.095s] -- Default C++ standard: 201703
[1.095s] -- C++ standard sufficient: Minimal required 17, currently defined: 17
[1.095s] -- CMAKE_CXX_STANDARD was not set: automatically set to currently defined standard 17
[1.096s] -- coal FOUND. coal at /opt/ros/humble/lib/x86_64-linux-gnu/libcoal.so
[1.100s] -- Found Boost: /usr/include (found version "1.74.0") found components: serialization filesystem 
[1.101s] -- C++ standard sufficient: Minimal required 17, currently defined: 17
[1.102s] -- C++ standard sufficient: Minimal required 17, currently defined: 17
[1.146s] -- Configuring done
[1.152s] -- Generating done
[1.154s] -- Build files have been written to: /home/taoqiu/ros2_ws/build/openarm_hardware
[1.158s] Invoked command in '/home/taoqiu/ros2_ws/build/openarm_hardware' returned '0': CMAKE_PREFIX_PATH=/home/taoqiu/ros2_ws/install/openarm_can:/opt/ros/humble PATH=/home/taoqiu/ros2_ws/install/openarm_can/bin:${PATH} PKG_CONFIG_PATH=/home/taoqiu/ros2_ws/install/openarm_can/lib/x86_64-linux-gnu/pkgconfig:/home/taoqiu/ros2_ws/install/openarm_can/lib/pkgconfig /usr/bin/cmake /home/taoqiu/ros2_ws/src/openarm_ros2/openarm_hardware -DCMAKE_INSTALL_PREFIX=/home/taoqiu/ros2_ws/install/openarm_hardware
[1.159s] Invoking command in '/home/taoqiu/ros2_ws/build/openarm_hardware': CMAKE_PREFIX_PATH=/home/taoqiu/ros2_ws/install/openarm_can:/opt/ros/humble PATH=/home/taoqiu/ros2_ws/install/openarm_can/bin:${PATH} PKG_CONFIG_PATH=/home/taoqiu/ros2_ws/install/openarm_can/lib/x86_64-linux-gnu/pkgconfig:/home/taoqiu/ros2_ws/install/openarm_can/lib/pkgconfig /usr/bin/cmake --build /home/taoqiu/ros2_ws/build/openarm_hardware -- -j24 -l24
[1.192s] Consolidate compiler generated dependencies of target openarm_hardware
[1.212s] [100%] Built target openarm_hardware
[1.232s] Invoked command in '/home/taoqiu/ros2_ws/build/openarm_hardware' returned '0': CMAKE_PREFIX_PATH=/home/taoqiu/ros2_ws/install/openarm_can:/opt/ros/humble PATH=/home/taoqiu/ros2_ws/install/openarm_can/bin:${PATH} PKG_CONFIG_PATH=/home/taoqiu/ros2_ws/install/openarm_can/lib/x86_64-linux-gnu/pkgconfig:/home/taoqiu/ros2_ws/install/openarm_can/lib/pkgconfig /usr/bin/cmake --build /home/taoqiu/ros2_ws/build/openarm_hardware -- -j24 -l24
[1.232s] Invoking command in '/home/taoqiu/ros2_ws/build/openarm_hardware': CMAKE_PREFIX_PATH=/home/taoqiu/ros2_ws/install/openarm_can:/opt/ros/humble PATH=/home/taoqiu/ros2_ws/install/openarm_can/bin:${PATH} PKG_CONFIG_PATH=/home/taoqiu/ros2_ws/install/openarm_can/lib/x86_64-linux-gnu/pkgconfig:/home/taoqiu/ros2_ws/install/openarm_can/lib/pkgconfig /usr/bin/cmake --install /home/taoqiu/ros2_ws/build/openarm_hardware
[1.237s] -- Install configuration: ""
[1.238s] -- Execute custom install script
[1.238s] -- Up-to-date symlink: /home/taoqiu/ros2_ws/install/openarm_hardware/share/openarm_hardware//openarm_hardware.xml
[1.238s] -- Up-to-date symlink: /home/taoqiu/ros2_ws/install/openarm_hardware/lib/libopenarm_hardware.so
[1.238s] -- Up-to-date symlink: /home/taoqiu/ros2_ws/install/openarm_hardware/include/openarm_hardware/openarm_simple_hardware.hpp
[1.238s] -- Up-to-date symlink: /home/taoqiu/ros2_ws/install/openarm_hardware/include/openarm_hardware/visibility_control.h
[1.239s] -- Up-to-date symlink: /home/taoqiu/ros2_ws/install/openarm_hardware/share/openarm_hardware/environment/library_path.sh
[1.239s] -- Up-to-date symlink: /home/taoqiu/ros2_ws/install/openarm_hardware/share/openarm_hardware/environment/library_path.dsv
[1.239s] -- Up-to-date symlink: /home/taoqiu/ros2_ws/install/openarm_hardware/share/ament_index/resource_index/package_run_dependencies/openarm_hardware
[1.239s] -- Up-to-date symlink: /home/taoqiu/ros2_ws/install/openarm_hardware/share/ament_index/resource_index/parent_prefix_path/openarm_hardware
[1.239s] -- Up-to-date symlink: /home/taoqiu/ros2_ws/install/openarm_hardware/share/openarm_hardware/environment/ament_prefix_path.sh
[1.239s] -- Up-to-date symlink: /home/taoqiu/ros2_ws/install/openarm_hardware/share/openarm_hardware/environment/ament_prefix_path.dsv
[1.239s] -- Up-to-date symlink: /home/taoqiu/ros2_ws/install/openarm_hardware/share/openarm_hardware/environment/path.sh
[1.239s] -- Up-to-date symlink: /home/taoqiu/ros2_ws/install/openarm_hardware/share/openarm_hardware/environment/path.dsv
[1.239s] -- Up-to-date symlink: /home/taoqiu/ros2_ws/install/openarm_hardware/share/openarm_hardware/local_setup.bash
[1.240s] -- Up-to-date symlink: /home/taoqiu/ros2_ws/install/openarm_hardware/share/openarm_hardware/local_setup.sh
[1.240s] -- Up-to-date symlink: /home/taoqiu/ros2_ws/install/openarm_hardware/share/openarm_hardware/local_setup.zsh
[1.240s] -- Up-to-date symlink: /home/taoqiu/ros2_ws/install/openarm_hardware/share/openarm_hardware/local_setup.dsv
[1.240s] -- Symlinking: /home/taoqiu/ros2_ws/install/openarm_hardware/share/openarm_hardware/package.dsv
[1.244s] -- Up-to-date symlink: /home/taoqiu/ros2_ws/install/openarm_hardware/share/ament_index/resource_index/packages/openarm_hardware
[1.244s] -- Up-to-date symlink: /home/taoqiu/ros2_ws/install/openarm_hardware/share/ament_index/resource_index/hardware_interface__pluginlib__plugin/openarm_hardware
[1.244s] -- Up-to-date symlink: /home/taoqiu/ros2_ws/install/openarm_hardware/share/openarm_hardware/cmake/ament_cmake_export_include_directories-extras.cmake
[1.244s] -- Up-to-date symlink: /home/taoqiu/ros2_ws/install/openarm_hardware/share/openarm_hardware/cmake/ament_cmake_export_libraries-extras.cmake
[1.244s] -- Up-to-date symlink: /home/taoqiu/ros2_ws/install/openarm_hardware/share/openarm_hardware/cmake/ament_cmake_export_dependencies-extras.cmake
[1.244s] -- Up-to-date symlink: /home/taoqiu/ros2_ws/install/openarm_hardware/share/openarm_hardware/cmake/openarm_hardwareConfig.cmake
[1.244s] -- Up-to-date symlink: /home/taoqiu/ros2_ws/install/openarm_hardware/share/openarm_hardware/cmake/openarm_hardwareConfig-version.cmake
[1.245s] -- Up-to-date symlink: /home/taoqiu/ros2_ws/install/openarm_hardware/share/openarm_hardware/package.xml
[1.246s] Invoked command in '/home/taoqiu/ros2_ws/build/openarm_hardware' returned '0': CMAKE_PREFIX_PATH=/home/taoqiu/ros2_ws/install/openarm_can:/opt/ros/humble PATH=/home/taoqiu/ros2_ws/install/openarm_can/bin:${PATH} PKG_CONFIG_PATH=/home/taoqiu/ros2_ws/install/openarm_can/lib/x86_64-linux-gnu/pkgconfig:/home/taoqiu/ros2_ws/install/openarm_can/lib/pkgconfig /usr/bin/cmake --install /home/taoqiu/ros2_ws/build/openarm_hardware
