[0.016s] Invoking command in '/home/taoqiu/ros2_ws/build/bio_ik': CMAKE_PREFIX_PATH=/opt/ros/humble CONDA_PROMPT_MODIFIER=(base) /usr/bin/cmake --build /home/taoqiu/ros2_ws/build/bio_ik -- -j24 -l24
[0.042s] [  9%] Built target gtest_main
[0.042s] [ 19%] Built target gtest
[0.056s] [ 52%] Built target bio_ik
[0.072s] [ 61%] Built target bio_ik_test
[0.081s] [100%] Built target bio_ik_plugin
[0.094s] Invoked command in '/home/taoqiu/ros2_ws/build/bio_ik' returned '0': CMAKE_PREFIX_PATH=/opt/ros/humble CONDA_PROMPT_MODIFIER=(base) /usr/bin/cmake --build /home/taoqiu/ros2_ws/build/bio_ik -- -j24 -l24
[0.094s] Invoking command in '/home/taoqiu/ros2_ws/build/bio_ik': CMAKE_PREFIX_PATH=/opt/ros/humble CONDA_PROMPT_MODIFIER=(base) /usr/bin/cmake --install /home/taoqiu/ros2_ws/build/bio_ik
[0.100s] -- Install configuration: "Release"
[0.100s] -- Up-to-date: /home/taoqiu/ros2_ws/install/bio_ik/include
[0.100s] -- Up-to-date: /home/taoqiu/ros2_ws/install/bio_ik/include/bio_ik
[0.100s] -- Up-to-date: /home/taoqiu/ros2_ws/install/bio_ik/include/bio_ik/goal_types.h
[0.100s] -- Up-to-date: /home/taoqiu/ros2_ws/install/bio_ik/include/bio_ik/frame.h
[0.100s] -- Up-to-date: /home/taoqiu/ros2_ws/install/bio_ik/include/bio_ik/goal.h
[0.100s] -- Up-to-date: /home/taoqiu/ros2_ws/install/bio_ik/include/bio_ik/robot_info.h
[0.100s] -- Up-to-date: /home/taoqiu/ros2_ws/install/bio_ik/include/bio_ik/bio_ik.h
[0.100s] -- Up-to-date: /home/taoqiu/ros2_ws/install/bio_ik/lib/libbio_ik.so
[0.100s] -- Up-to-date: /home/taoqiu/ros2_ws/install/bio_ik/lib/libbio_ik_plugin.so
[0.100s] -- Up-to-date: /home/taoqiu/ros2_ws/install/bio_ik/share/bio_ik/bio_ik_kinematics_description.xml
[0.100s] -- Up-to-date: /home/taoqiu/ros2_ws/install/bio_ik/share/bio_ik/environment/library_path.sh
[0.100s] -- Up-to-date: /home/taoqiu/ros2_ws/install/bio_ik/share/bio_ik/environment/library_path.dsv
[0.100s] -- Up-to-date: /home/taoqiu/ros2_ws/install/bio_ik/share/ament_index/resource_index/package_run_dependencies/bio_ik
[0.100s] -- Up-to-date: /home/taoqiu/ros2_ws/install/bio_ik/share/ament_index/resource_index/parent_prefix_path/bio_ik
[0.100s] -- Up-to-date: /home/taoqiu/ros2_ws/install/bio_ik/share/bio_ik/environment/ament_prefix_path.sh
[0.100s] -- Up-to-date: /home/taoqiu/ros2_ws/install/bio_ik/share/bio_ik/environment/ament_prefix_path.dsv
[0.100s] -- Up-to-date: /home/taoqiu/ros2_ws/install/bio_ik/share/bio_ik/environment/path.sh
[0.102s] -- Up-to-date: /home/taoqiu/ros2_ws/install/bio_ik/share/bio_ik/environment/path.dsv
[0.102s] -- Up-to-date: /home/taoqiu/ros2_ws/install/bio_ik/share/bio_ik/local_setup.bash
[0.102s] -- Up-to-date: /home/taoqiu/ros2_ws/install/bio_ik/share/bio_ik/local_setup.sh
[0.102s] -- Up-to-date: /home/taoqiu/ros2_ws/install/bio_ik/share/bio_ik/local_setup.zsh
[0.102s] -- Up-to-date: /home/taoqiu/ros2_ws/install/bio_ik/share/bio_ik/local_setup.dsv
[0.102s] -- Up-to-date: /home/taoqiu/ros2_ws/install/bio_ik/share/bio_ik/package.dsv
[0.102s] -- Up-to-date: /home/taoqiu/ros2_ws/install/bio_ik/share/ament_index/resource_index/packages/bio_ik
[0.102s] -- Up-to-date: /home/taoqiu/ros2_ws/install/bio_ik/share/ament_index/resource_index/moveit_core__pluginlib__plugin/bio_ik
[0.102s] -- Up-to-date: /home/taoqiu/ros2_ws/install/bio_ik/share/bio_ik/cmake/export_bio_ikExport.cmake
[0.102s] -- Up-to-date: /home/taoqiu/ros2_ws/install/bio_ik/share/bio_ik/cmake/export_bio_ikExport-release.cmake
[0.102s] -- Up-to-date: /home/taoqiu/ros2_ws/install/bio_ik/share/bio_ik/cmake/ament_cmake_export_include_directories-extras.cmake
[0.102s] -- Up-to-date: /home/taoqiu/ros2_ws/install/bio_ik/share/bio_ik/cmake/ament_cmake_export_libraries-extras.cmake
[0.102s] -- Up-to-date: /home/taoqiu/ros2_ws/install/bio_ik/share/bio_ik/cmake/ament_cmake_export_targets-extras.cmake
[0.102s] -- Up-to-date: /home/taoqiu/ros2_ws/install/bio_ik/share/bio_ik/cmake/ament_cmake_export_dependencies-extras.cmake
[0.102s] -- Up-to-date: /home/taoqiu/ros2_ws/install/bio_ik/share/bio_ik/cmake/bio_ikConfig.cmake
[0.103s] -- Up-to-date: /home/taoqiu/ros2_ws/install/bio_ik/share/bio_ik/cmake/bio_ikConfig-version.cmake
[0.103s] -- Up-to-date: /home/taoqiu/ros2_ws/install/bio_ik/share/bio_ik/package.xml
[0.117s] Invoked command in '/home/taoqiu/ros2_ws/build/bio_ik' returned '0': CMAKE_PREFIX_PATH=/opt/ros/humble CONDA_PROMPT_MODIFIER=(base) /usr/bin/cmake --install /home/taoqiu/ros2_ws/build/bio_ik
