[0.063s] colcon DEBUG Command line arguments: ['/usr/lib/python3/dist-packages/colcon/__main__.py', 'build', '--packages-select', 'openarm_teleop_bridge', '--symlink-install']
[0.063s] colcon DEBUG Parsed command line arguments: Namespace(log_base=None, log_level=None, verb_name='build', build_base='build', install_base='install', merge_install=False, symlink_install=True, test_result_base=None, continue_on_error=False, executor='parallel', parallel_workers=24, event_handlers=None, ignore_user_meta=False, metas=['./colcon.meta'], base_paths=['.'], packages_ignore=None, packages_ignore_regex=None, paths=None, packages_up_to=None, packages_up_to_regex=None, packages_above=None, packages_above_and_dependencies=None, packages_above_depth=None, packages_select_by_dep=None, packages_skip_by_dep=None, packages_skip_up_to=None, packages_select_build_failed=False, packages_skip_build_finished=False, packages_select_test_failures=False, packages_skip_test_passed=False, packages_select=['openarm_teleop_bridge'], packages_skip=None, packages_select_regex=None, packages_skip_regex=None, packages_start=None, packages_end=None, allow_overriding=[], cmake_args=None, cmake_target=None, cmake_target_skip_unavailable=False, cmake_clean_cache=False, cmake_clean_first=False, cmake_force_configure=False, ament_cmake_args=None, catkin_cmake_args=None, catkin_skip_building_tests=False, verb_parser=<colcon_defaults.argument_parser.defaults.DefaultArgumentsDecorator object at 0x76bfe299cd90>, verb_extension=<colcon_core.verb.build.BuildVerb object at 0x76bfe299c7c0>, main=<bound method BuildVerb.main of <colcon_core.verb.build.BuildVerb object at 0x76bfe299c7c0>>)
[0.135s] colcon.colcon_core.package_discovery Level 1 discover_packages(colcon_meta) check parameters
[0.135s] colcon.colcon_core.package_discovery Level 1 discover_packages(recursive) check parameters
[0.135s] colcon.colcon_core.package_discovery Level 1 discover_packages(ignore) check parameters
[0.135s] colcon.colcon_core.package_discovery Level 1 discover_packages(path) check parameters
[0.135s] colcon.colcon_core.package_discovery Level 1 discover_packages(colcon_meta) discover
[0.135s] colcon.colcon_core.package_discovery Level 1 discover_packages(recursive) discover
[0.135s] colcon.colcon_core.package_discovery INFO Crawling recursively for packages in '/home/taoqiu/ros2_ws/src/openarm_ros2/openarm_teleop_bridge'
[0.135s] colcon.colcon_core.package_identification Level 1 _identify(.) by extensions ['ignore', 'ignore_ament_install']
[0.135s] colcon.colcon_core.package_identification Level 1 _identify(.) by extension 'ignore'
[0.135s] colcon.colcon_core.package_identification Level 1 _identify(.) by extension 'ignore_ament_install'
[0.135s] colcon.colcon_core.package_identification Level 1 _identify(.) by extensions ['colcon_pkg']
[0.135s] colcon.colcon_core.package_identification Level 1 _identify(.) by extension 'colcon_pkg'
[0.135s] colcon.colcon_core.package_identification Level 1 _identify(.) by extensions ['colcon_meta']
[0.135s] colcon.colcon_core.package_identification Level 1 _identify(.) by extension 'colcon_meta'
[0.135s] colcon.colcon_core.package_identification Level 1 _identify(.) by extensions ['ros']
[0.135s] colcon.colcon_core.package_identification Level 1 _identify(.) by extension 'ros'
[0.142s] colcon.colcon_core.package_identification DEBUG Package '.' with type 'ros.ament_python' and name 'openarm_teleop_bridge'
[0.142s] colcon.colcon_core.package_discovery Level 1 discover_packages(recursive) using defaults
[0.142s] colcon.colcon_core.package_discovery Level 1 discover_packages(ignore) discover
[0.142s] colcon.colcon_core.package_discovery Level 1 discover_packages(ignore) using defaults
[0.142s] colcon.colcon_core.package_discovery Level 1 discover_packages(path) discover
[0.142s] colcon.colcon_core.package_discovery Level 1 discover_packages(path) using defaults
[0.153s] colcon.colcon_core.package_discovery Level 1 discover_packages(prefix_path) check parameters
[0.153s] colcon.colcon_core.package_discovery Level 1 discover_packages(prefix_path) discover
[0.155s] colcon.colcon_installed_package_information.package_discovery DEBUG Found 388 installed packages in /opt/ros/humble
[0.155s] colcon.colcon_core.package_discovery Level 1 discover_packages(prefix_path) using defaults
[0.182s] colcon.colcon_core.verb Level 5 set package 'openarm_teleop_bridge' build argument 'cmake_args' from command line to 'None'
[0.182s] colcon.colcon_core.verb Level 5 set package 'openarm_teleop_bridge' build argument 'cmake_target' from command line to 'None'
[0.182s] colcon.colcon_core.verb Level 5 set package 'openarm_teleop_bridge' build argument 'cmake_target_skip_unavailable' from command line to 'False'
[0.182s] colcon.colcon_core.verb Level 5 set package 'openarm_teleop_bridge' build argument 'cmake_clean_cache' from command line to 'False'
[0.182s] colcon.colcon_core.verb Level 5 set package 'openarm_teleop_bridge' build argument 'cmake_clean_first' from command line to 'False'
[0.182s] colcon.colcon_core.verb Level 5 set package 'openarm_teleop_bridge' build argument 'cmake_force_configure' from command line to 'False'
[0.182s] colcon.colcon_core.verb Level 5 set package 'openarm_teleop_bridge' build argument 'ament_cmake_args' from command line to 'None'
[0.182s] colcon.colcon_core.verb Level 5 set package 'openarm_teleop_bridge' build argument 'catkin_cmake_args' from command line to 'None'
[0.182s] colcon.colcon_core.verb Level 5 set package 'openarm_teleop_bridge' build argument 'catkin_skip_building_tests' from command line to 'False'
[0.182s] colcon.colcon_core.verb DEBUG Building package 'openarm_teleop_bridge' with the following arguments: {'ament_cmake_args': None, 'build_base': '/home/taoqiu/ros2_ws/src/openarm_ros2/openarm_teleop_bridge/build/openarm_teleop_bridge', 'catkin_cmake_args': None, 'catkin_skip_building_tests': False, 'cmake_args': None, 'cmake_clean_cache': False, 'cmake_clean_first': False, 'cmake_force_configure': False, 'cmake_target': None, 'cmake_target_skip_unavailable': False, 'install_base': '/home/taoqiu/ros2_ws/src/openarm_ros2/openarm_teleop_bridge/install/openarm_teleop_bridge', 'merge_install': False, 'path': '/home/taoqiu/ros2_ws/src/openarm_ros2/openarm_teleop_bridge', 'symlink_install': True, 'test_result_base': None}
[0.182s] colcon.colcon_core.executor INFO Executing jobs using 'parallel' executor
[0.183s] colcon.colcon_parallel_executor.executor.parallel DEBUG run_until_complete
[0.183s] colcon.colcon_ros.task.ament_python.build INFO Building ROS package in '/home/taoqiu/ros2_ws/src/openarm_ros2/openarm_teleop_bridge' with build type 'ament_python'
[0.183s] colcon.colcon_core.shell Level 1 create_environment_hook('openarm_teleop_bridge', 'ament_prefix_path')
[0.184s] colcon.colcon_core.plugin_system INFO Skipping extension 'colcon_core.shell.bat': Not used on non-Windows systems
[0.184s] colcon.colcon_core.shell INFO Creating environment hook '/home/taoqiu/ros2_ws/src/openarm_ros2/openarm_teleop_bridge/install/openarm_teleop_bridge/share/openarm_teleop_bridge/hook/ament_prefix_path.ps1'
[0.184s] colcon.colcon_core.shell INFO Creating environment descriptor '/home/taoqiu/ros2_ws/src/openarm_ros2/openarm_teleop_bridge/install/openarm_teleop_bridge/share/openarm_teleop_bridge/hook/ament_prefix_path.dsv'
[0.184s] colcon.colcon_core.shell INFO Creating environment hook '/home/taoqiu/ros2_ws/src/openarm_ros2/openarm_teleop_bridge/install/openarm_teleop_bridge/share/openarm_teleop_bridge/hook/ament_prefix_path.sh'
[0.185s] colcon.colcon_core.shell INFO Skip shell extension 'powershell' for command environment: Not usable outside of PowerShell
[0.185s] colcon.colcon_core.shell DEBUG Skip shell extension 'dsv' for command environment
[0.320s] colcon.colcon_core.task.python.build INFO Building Python package in '/home/taoqiu/ros2_ws/src/openarm_ros2/openarm_teleop_bridge'
[0.321s] colcon.colcon_core.shell INFO Skip shell extension 'powershell' for command environment: Not usable outside of PowerShell
[0.321s] colcon.colcon_core.shell DEBUG Skip shell extension 'dsv' for command environment
[0.509s] colcon.colcon_core.event_handler.log_command DEBUG Invoking command in '/home/taoqiu/ros2_ws/src/openarm_ros2/openarm_teleop_bridge/build/openarm_teleop_bridge': CONDA_PROMPT_MODIFIER=(base) PYTHONPATH=/home/taoqiu/ros2_ws/src/openarm_ros2/openarm_teleop_bridge/build/openarm_teleop_bridge/prefix_override:/usr/lib/python3/dist-packages/colcon_core/task/python/colcon_distutils_commands:/home/taoqiu/ros2_ws/src/openarm_ros2/openarm_teleop_bridge/install/openarm_teleop_bridge/lib/python3.10/site-packages:${PYTHONPATH} /home/taoqiu/venv-openarm-ik/bin/python -W ignore:setup.py install is deprecated -W ignore:easy_install command is deprecated setup.py develop --editable --build-directory /home/taoqiu/ros2_ws/src/openarm_ros2/openarm_teleop_bridge/build/openarm_teleop_bridge/build --no-deps symlink_data
[0.739s] colcon.colcon_core.shell Level 1 create_environment_hook('openarm_teleop_bridge', 'pythonpath_develop')
[0.739s] colcon.colcon_core.shell INFO Creating environment hook '/home/taoqiu/ros2_ws/src/openarm_ros2/openarm_teleop_bridge/build/openarm_teleop_bridge/share/openarm_teleop_bridge/hook/pythonpath_develop.ps1'
[0.740s] colcon.colcon_core.event_handler.log_command DEBUG Invoked command in '/home/taoqiu/ros2_ws/src/openarm_ros2/openarm_teleop_bridge/build/openarm_teleop_bridge' returned '0': CONDA_PROMPT_MODIFIER=(base) PYTHONPATH=/home/taoqiu/ros2_ws/src/openarm_ros2/openarm_teleop_bridge/build/openarm_teleop_bridge/prefix_override:/usr/lib/python3/dist-packages/colcon_core/task/python/colcon_distutils_commands:/home/taoqiu/ros2_ws/src/openarm_ros2/openarm_teleop_bridge/install/openarm_teleop_bridge/lib/python3.10/site-packages:${PYTHONPATH} /home/taoqiu/venv-openarm-ik/bin/python -W ignore:setup.py install is deprecated -W ignore:easy_install command is deprecated setup.py develop --editable --build-directory /home/taoqiu/ros2_ws/src/openarm_ros2/openarm_teleop_bridge/build/openarm_teleop_bridge/build --no-deps symlink_data
[0.740s] colcon.colcon_core.shell INFO Creating environment descriptor '/home/taoqiu/ros2_ws/src/openarm_ros2/openarm_teleop_bridge/build/openarm_teleop_bridge/share/openarm_teleop_bridge/hook/pythonpath_develop.dsv'
[0.740s] colcon.colcon_core.shell INFO Creating environment hook '/home/taoqiu/ros2_ws/src/openarm_ros2/openarm_teleop_bridge/build/openarm_teleop_bridge/share/openarm_teleop_bridge/hook/pythonpath_develop.sh'
[0.741s] colcon.colcon_core.environment Level 1 checking '/home/taoqiu/ros2_ws/src/openarm_ros2/openarm_teleop_bridge/install/openarm_teleop_bridge' for CMake module files
[0.741s] colcon.colcon_core.environment Level 1 checking '/home/taoqiu/ros2_ws/src/openarm_ros2/openarm_teleop_bridge/install/openarm_teleop_bridge' for CMake config files
[0.742s] colcon.colcon_core.environment Level 1 checking '/home/taoqiu/ros2_ws/src/openarm_ros2/openarm_teleop_bridge/install/openarm_teleop_bridge/lib'
[0.742s] colcon.colcon_core.environment Level 1 checking '/home/taoqiu/ros2_ws/src/openarm_ros2/openarm_teleop_bridge/install/openarm_teleop_bridge/bin'
[0.742s] colcon.colcon_core.environment Level 1 checking '/home/taoqiu/ros2_ws/src/openarm_ros2/openarm_teleop_bridge/install/openarm_teleop_bridge/lib/pkgconfig/openarm_teleop_bridge.pc'
[0.742s] colcon.colcon_core.environment Level 1 checking '/home/taoqiu/ros2_ws/src/openarm_ros2/openarm_teleop_bridge/install/openarm_teleop_bridge/lib/python3.10/site-packages'
[0.742s] colcon.colcon_core.shell Level 1 create_environment_hook('openarm_teleop_bridge', 'pythonpath')
[0.742s] colcon.colcon_core.shell INFO Creating environment hook '/home/taoqiu/ros2_ws/src/openarm_ros2/openarm_teleop_bridge/install/openarm_teleop_bridge/share/openarm_teleop_bridge/hook/pythonpath.ps1'
[0.742s] colcon.colcon_core.shell INFO Creating environment descriptor '/home/taoqiu/ros2_ws/src/openarm_ros2/openarm_teleop_bridge/install/openarm_teleop_bridge/share/openarm_teleop_bridge/hook/pythonpath.dsv'
[0.742s] colcon.colcon_core.shell INFO Creating environment hook '/home/taoqiu/ros2_ws/src/openarm_ros2/openarm_teleop_bridge/install/openarm_teleop_bridge/share/openarm_teleop_bridge/hook/pythonpath.sh'
[0.743s] colcon.colcon_core.environment Level 1 checking '/home/taoqiu/ros2_ws/src/openarm_ros2/openarm_teleop_bridge/install/openarm_teleop_bridge/bin'
[0.743s] colcon.colcon_core.environment Level 1 create_environment_scripts_only(openarm_teleop_bridge)
[0.743s] colcon.colcon_core.shell INFO Creating package script '/home/taoqiu/ros2_ws/src/openarm_ros2/openarm_teleop_bridge/install/openarm_teleop_bridge/share/openarm_teleop_bridge/package.ps1'
[0.743s] colcon.colcon_core.shell INFO Creating package descriptor '/home/taoqiu/ros2_ws/src/openarm_ros2/openarm_teleop_bridge/install/openarm_teleop_bridge/share/openarm_teleop_bridge/package.dsv'
[0.744s] colcon.colcon_core.shell INFO Creating package script '/home/taoqiu/ros2_ws/src/openarm_ros2/openarm_teleop_bridge/install/openarm_teleop_bridge/share/openarm_teleop_bridge/package.sh'
[0.744s] colcon.colcon_core.shell INFO Creating package script '/home/taoqiu/ros2_ws/src/openarm_ros2/openarm_teleop_bridge/install/openarm_teleop_bridge/share/openarm_teleop_bridge/package.bash'
[0.744s] colcon.colcon_core.shell INFO Creating package script '/home/taoqiu/ros2_ws/src/openarm_ros2/openarm_teleop_bridge/install/openarm_teleop_bridge/share/openarm_teleop_bridge/package.zsh'
[0.744s] colcon.colcon_core.environment Level 1 create_file_with_runtime_dependencies(/home/taoqiu/ros2_ws/src/openarm_ros2/openarm_teleop_bridge/install/openarm_teleop_bridge/share/colcon-core/packages/openarm_teleop_bridge)
[0.744s] colcon.colcon_parallel_executor.executor.parallel DEBUG closing loop
[0.745s] colcon.colcon_parallel_executor.executor.parallel DEBUG loop closed
[0.745s] colcon.colcon_parallel_executor.executor.parallel DEBUG run_until_complete finished with '0'
[0.745s] colcon.colcon_core.event_reactor DEBUG joining thread
[0.747s] colcon.colcon_core.plugin_system INFO Skipping extension 'colcon_notification.desktop_notification.terminal_notifier': Not used on non-Darwin systems
[0.747s] colcon.colcon_core.plugin_system INFO Skipping extension 'colcon_notification.desktop_notification.win32': Not used on non-Windows systems
[0.747s] colcon.colcon_notification.desktop_notification INFO Sending desktop notification using 'notify2'
[0.752s] colcon.colcon_core.event_reactor DEBUG joined thread
[0.752s] colcon.colcon_core.shell INFO Creating prefix script '/home/taoqiu/ros2_ws/src/openarm_ros2/openarm_teleop_bridge/install/local_setup.ps1'
[0.752s] colcon.colcon_core.shell INFO Creating prefix util module '/home/taoqiu/ros2_ws/src/openarm_ros2/openarm_teleop_bridge/install/_local_setup_util_ps1.py'
[0.753s] colcon.colcon_core.shell INFO Creating prefix chain script '/home/taoqiu/ros2_ws/src/openarm_ros2/openarm_teleop_bridge/install/setup.ps1'
[0.753s] colcon.colcon_core.shell INFO Creating prefix script '/home/taoqiu/ros2_ws/src/openarm_ros2/openarm_teleop_bridge/install/local_setup.sh'
[0.753s] colcon.colcon_core.shell INFO Creating prefix util module '/home/taoqiu/ros2_ws/src/openarm_ros2/openarm_teleop_bridge/install/_local_setup_util_sh.py'
[0.754s] colcon.colcon_core.shell INFO Creating prefix chain script '/home/taoqiu/ros2_ws/src/openarm_ros2/openarm_teleop_bridge/install/setup.sh'
[0.754s] colcon.colcon_core.shell INFO Creating prefix script '/home/taoqiu/ros2_ws/src/openarm_ros2/openarm_teleop_bridge/install/local_setup.bash'
[0.754s] colcon.colcon_core.shell INFO Creating prefix chain script '/home/taoqiu/ros2_ws/src/openarm_ros2/openarm_teleop_bridge/install/setup.bash'
[0.754s] colcon.colcon_core.shell INFO Creating prefix script '/home/taoqiu/ros2_ws/src/openarm_ros2/openarm_teleop_bridge/install/local_setup.zsh'
[0.755s] colcon.colcon_core.shell INFO Creating prefix chain script '/home/taoqiu/ros2_ws/src/openarm_ros2/openarm_teleop_bridge/install/setup.zsh'
