[0.005s] Invoking command in '/home/taoqiu/ros2_ws/build/openarm_hardware': CMAKE_PREFIX_PATH=/home/taoqiu/ros2_ws/install/openarm_can:/home/taoqiu/ros2_ws/install/openarm:/home/taoqiu/ros2_ws/install/openarm_hardware:/home/taoqiu/ros2_ws/install/openarm_bringup:/home/taoqiu/ros2_ws/install/openarm_bimanual_moveit_config:/home/taoqiu/ros2_ws/install/openarm_description:/home/taoqiu/ros2_ws/install/openarm_bimanual_planner_msgs:/home/taoqiu/ros2_ws/install/openarm_acm_tool:/home/taoqiu/ros2_ws/install/bio_ik:/home/taoqiu/ros2_ws/install/pick_ik:/home/taoqiu/ros2_ws/install/openarm_bimanual_planner:/opt/ros/humble CONDA_PROMPT_MODIFIER=(base) /usr/bin/cmake /home/taoqiu/ros2_ws/src/openarm_ros2/openarm_hardware -Dfmt_DIR=/usr/lib/x86_64-linux-gnu/cmake/fmt -DCMAKE_INSTALL_PREFIX=/home/taoqiu/ros2_ws/install/openarm_hardware
[0.014s] -- Found ament_cmake: 1.3.14 (/opt/ros/humble/share/ament_cmake/cmake)
[0.054s] -- Found Python3: /usr/bin/python3 (found version "3.10.12") found components: Interpreter 
[0.090s] -- Override CMake install command with custom implementation using symlinks instead of copying resources
[0.093s] -- Found ament_index_cpp: 1.4.1 (/opt/ros/humble/share/ament_index_cpp/cmake)
[0.093s] -- Found hardware_interface: 2.54.0 (/opt/ros/humble/share/hardware_interface/cmake)
[0.106s] -- Found rosidl_generator_c: 3.1.8 (/opt/ros/humble/share/rosidl_generator_c/cmake)
[0.107s] -- Found rosidl_adapter: 3.1.8 (/opt/ros/humble/share/rosidl_adapter/cmake)
[0.110s] -- Found rosidl_generator_cpp: 3.1.8 (/opt/ros/humble/share/rosidl_generator_cpp/cmake)
[0.114s] -- Using all available rosidl_typesupport_c: rosidl_typesupport_fastrtps_c;rosidl_typesupport_introspection_c
[0.120s] -- Using all available rosidl_typesupport_cpp: rosidl_typesupport_fastrtps_cpp;rosidl_typesupport_introspection_cpp
[0.200s] -- Found rmw_implementation_cmake: 6.1.2 (/opt/ros/humble/share/rmw_implementation_cmake/cmake)
[0.200s] -- Found rmw_fastrtps_cpp: 6.2.10 (/opt/ros/humble/share/rmw_fastrtps_cpp/cmake)
[0.206s] -- Found TinyXML2 via Config file: TinyXML2_DIR-NOTFOUND
[0.212s] -- Found TinyXML2 via Config file: TinyXML2_DIR-NOTFOUND
[0.225s] -- Found TinyXML2 via Config file: TinyXML2_DIR-NOTFOUND
[0.229s] -- Found TinyXML2 via Config file: TinyXML2_DIR-NOTFOUND
[0.235s] -- Using RMW implementation 'rmw_fastrtps_cpp' as default
[0.259s] -- Found Boost: /usr/include (found version "1.74.0") found components: filesystem serialization 
[0.260s] -- eigenpy FOUND. eigenpy at /opt/ros/humble/lib/x86_64-linux-gnu/libeigenpy.so
[0.276s] -- Checking for NumPy
[0.428s] --   NUMPY_INCLUDE_DIRS=/home/taoqiu/.local/lib/python3.10/site-packages/numpy/_core/include
[0.545s] --   NUMPY_VERSION=2.2.6
[0.710s] -- Found Python3: /usr/bin/python3 (found version "3.10.12") found components: Interpreter Development.Module NumPy 
[0.710s] -- PythonLibraryDirs: 
[0.710s] -- PythonLibVersionString: 3.10.12
[0.727s] -- Python site lib: lib/python3.10/site-packages
[0.727s] -- Python include dirs: /usr/include/python3.10
[0.761s] -- Checking for NumPy
[0.855s] --   NUMPY_INCLUDE_DIRS=/home/taoqiu/.local/lib/python3.10/site-packages/numpy/_core/include
[0.905s] --   NUMPY_VERSION=2.2.6
[0.905s] -- NumPy include dir: /home/taoqiu/.local/lib/python3.10/site-packages/numpy/_core/include
[0.908s] CMake Warning at /usr/share/cmake-3.22/Modules/FindBoost.cmake:2201 (message):
[0.908s]   No header defined for python310; skipping header check (note: header-only
[0.908s]   libraries have no designated component)
[0.908s] Call Stack (most recent call first):
[0.908s]   /opt/ros/humble/lib/x86_64-linux-gnu/cmake/eigenpy/boost.cmake:146 (find_package)
[0.908s]   /opt/ros/humble/lib/x86_64-linux-gnu/cmake/eigenpy/eigenpyConfig.cmake:172 (SEARCH_FOR_BOOST_PYTHON)
[0.908s]   /usr/share/cmake-3.22/Modules/CMakeFindDependencyMacro.cmake:47 (find_package)
[0.908s]   /opt/ros/humble/lib/x86_64-linux-gnu/cmake/pinocchio/pinocchioConfig.cmake:184 (find_dependency)
[0.908s]   CMakeLists.txt:34 (find_package)
[0.908s] 
[0.908s] 
[0.908s] -- Found Boost: /usr/include (found version "1.74.0") found components: python310 
[1.056s] -- Default C++ standard: 201703
[1.056s] -- C++ standard sufficient: Minimal required 17, currently defined: 17
[1.056s] -- CMAKE_CXX_STANDARD was not set: automatically set to currently defined standard 17
[1.057s] -- coal FOUND. coal at /opt/ros/humble/lib/x86_64-linux-gnu/libcoal.so
[1.060s] -- Found Boost: /usr/include (found version "1.74.0") found components: serialization filesystem 
[1.061s] -- C++ standard sufficient: Minimal required 17, currently defined: 17
[1.062s] -- C++ standard sufficient: Minimal required 17, currently defined: 17
[1.099s] -- Configuring done
[1.105s] -- Generating done
[1.107s] -- Build files have been written to: /home/taoqiu/ros2_ws/build/openarm_hardware
[1.111s] Invoked command in '/home/taoqiu/ros2_ws/build/openarm_hardware' returned '0': CMAKE_PREFIX_PATH=/home/taoqiu/ros2_ws/install/openarm_can:/home/taoqiu/ros2_ws/install/openarm:/home/taoqiu/ros2_ws/install/openarm_hardware:/home/taoqiu/ros2_ws/install/openarm_bringup:/home/taoqiu/ros2_ws/install/openarm_bimanual_moveit_config:/home/taoqiu/ros2_ws/install/openarm_description:/home/taoqiu/ros2_ws/install/openarm_bimanual_planner_msgs:/home/taoqiu/ros2_ws/install/openarm_acm_tool:/home/taoqiu/ros2_ws/install/bio_ik:/home/taoqiu/ros2_ws/install/pick_ik:/home/taoqiu/ros2_ws/install/openarm_bimanual_planner:/opt/ros/humble CONDA_PROMPT_MODIFIER=(base) /usr/bin/cmake /home/taoqiu/ros2_ws/src/openarm_ros2/openarm_hardware -Dfmt_DIR=/usr/lib/x86_64-linux-gnu/cmake/fmt -DCMAKE_INSTALL_PREFIX=/home/taoqiu/ros2_ws/install/openarm_hardware
[1.112s] Invoking command in '/home/taoqiu/ros2_ws/build/openarm_hardware': CMAKE_PREFIX_PATH=/home/taoqiu/ros2_ws/install/openarm_can:/home/taoqiu/ros2_ws/install/openarm:/home/taoqiu/ros2_ws/install/openarm_hardware:/home/taoqiu/ros2_ws/install/openarm_bringup:/home/taoqiu/ros2_ws/install/openarm_bimanual_moveit_config:/home/taoqiu/ros2_ws/install/openarm_description:/home/taoqiu/ros2_ws/install/openarm_bimanual_planner_msgs:/home/taoqiu/ros2_ws/install/openarm_acm_tool:/home/taoqiu/ros2_ws/install/bio_ik:/home/taoqiu/ros2_ws/install/pick_ik:/home/taoqiu/ros2_ws/install/openarm_bimanual_planner:/opt/ros/humble CONDA_PROMPT_MODIFIER=(base) /usr/bin/cmake --build /home/taoqiu/ros2_ws/build/openarm_hardware -- -j24 -l24
[1.158s] Consolidate compiler generated dependencies of target openarm_hardware
[1.178s] [ 50%] Building CXX object CMakeFiles/openarm_hardware.dir/src/openarm_simple_hardware.cpp.o
[8.662s] [100%] Linking CXX shared library libopenarm_hardware.so
[8.860s] [100%] Built target openarm_hardware
[8.867s] Invoked command in '/home/taoqiu/ros2_ws/build/openarm_hardware' returned '0': CMAKE_PREFIX_PATH=/home/taoqiu/ros2_ws/install/openarm_can:/home/taoqiu/ros2_ws/install/openarm:/home/taoqiu/ros2_ws/install/openarm_hardware:/home/taoqiu/ros2_ws/install/openarm_bringup:/home/taoqiu/ros2_ws/install/openarm_bimanual_moveit_config:/home/taoqiu/ros2_ws/install/openarm_description:/home/taoqiu/ros2_ws/install/openarm_bimanual_planner_msgs:/home/taoqiu/ros2_ws/install/openarm_acm_tool:/home/taoqiu/ros2_ws/install/bio_ik:/home/taoqiu/ros2_ws/install/pick_ik:/home/taoqiu/ros2_ws/install/openarm_bimanual_planner:/opt/ros/humble CONDA_PROMPT_MODIFIER=(base) /usr/bin/cmake --build /home/taoqiu/ros2_ws/build/openarm_hardware -- -j24 -l24
[8.868s] Invoking command in '/home/taoqiu/ros2_ws/build/openarm_hardware': CMAKE_PREFIX_PATH=/home/taoqiu/ros2_ws/install/openarm_can:/home/taoqiu/ros2_ws/install/openarm:/home/taoqiu/ros2_ws/install/openarm_hardware:/home/taoqiu/ros2_ws/install/openarm_bringup:/home/taoqiu/ros2_ws/install/openarm_bimanual_moveit_config:/home/taoqiu/ros2_ws/install/openarm_description:/home/taoqiu/ros2_ws/install/openarm_bimanual_planner_msgs:/home/taoqiu/ros2_ws/install/openarm_acm_tool:/home/taoqiu/ros2_ws/install/bio_ik:/home/taoqiu/ros2_ws/install/pick_ik:/home/taoqiu/ros2_ws/install/openarm_bimanual_planner:/opt/ros/humble CONDA_PROMPT_MODIFIER=(base) /usr/bin/cmake --install /home/taoqiu/ros2_ws/build/openarm_hardware
[8.871s] -- Install configuration: ""
[8.871s] -- Execute custom install script
[8.872s] -- Up-to-date symlink: /home/taoqiu/ros2_ws/install/openarm_hardware/share/openarm_hardware//openarm_hardware.xml
[8.872s] -- Up-to-date symlink: /home/taoqiu/ros2_ws/install/openarm_hardware/lib/libopenarm_hardware.so
[8.872s] -- Up-to-date symlink: /home/taoqiu/ros2_ws/install/openarm_hardware/include/openarm_hardware/openarm_simple_hardware.hpp
[8.872s] -- Up-to-date symlink: /home/taoqiu/ros2_ws/install/openarm_hardware/include/openarm_hardware/visibility_control.h
[8.872s] -- Up-to-date symlink: /home/taoqiu/ros2_ws/install/openarm_hardware/share/openarm_hardware/environment/library_path.sh
[8.872s] -- Up-to-date symlink: /home/taoqiu/ros2_ws/install/openarm_hardware/share/openarm_hardware/environment/library_path.dsv
[8.872s] -- Up-to-date symlink: /home/taoqiu/ros2_ws/install/openarm_hardware/share/ament_index/resource_index/package_run_dependencies/openarm_hardware
[8.872s] -- Up-to-date symlink: /home/taoqiu/ros2_ws/install/openarm_hardware/share/ament_index/resource_index/parent_prefix_path/openarm_hardware
[8.872s] -- Up-to-date symlink: /home/taoqiu/ros2_ws/install/openarm_hardware/share/openarm_hardware/environment/ament_prefix_path.sh
[8.872s] -- Up-to-date symlink: /home/taoqiu/ros2_ws/install/openarm_hardware/share/openarm_hardware/environment/ament_prefix_path.dsv
[8.872s] -- Up-to-date symlink: /home/taoqiu/ros2_ws/install/openarm_hardware/share/openarm_hardware/environment/path.sh
[8.872s] -- Up-to-date symlink: /home/taoqiu/ros2_ws/install/openarm_hardware/share/openarm_hardware/environment/path.dsv
[8.872s] -- Up-to-date symlink: /home/taoqiu/ros2_ws/install/openarm_hardware/share/openarm_hardware/local_setup.bash
[8.872s] -- Up-to-date symlink: /home/taoqiu/ros2_ws/install/openarm_hardware/share/openarm_hardware/local_setup.sh
[8.873s] -- Up-to-date symlink: /home/taoqiu/ros2_ws/install/openarm_hardware/share/openarm_hardware/local_setup.zsh
[8.873s] -- Up-to-date symlink: /home/taoqiu/ros2_ws/install/openarm_hardware/share/openarm_hardware/local_setup.dsv
[8.873s] -- Symlinking: /home/taoqiu/ros2_ws/install/openarm_hardware/share/openarm_hardware/package.dsv
[8.876s] -- Up-to-date symlink: /home/taoqiu/ros2_ws/install/openarm_hardware/share/ament_index/resource_index/packages/openarm_hardware
[8.876s] -- Up-to-date symlink: /home/taoqiu/ros2_ws/install/openarm_hardware/share/ament_index/resource_index/hardware_interface__pluginlib__plugin/openarm_hardware
[8.876s] -- Up-to-date symlink: /home/taoqiu/ros2_ws/install/openarm_hardware/share/openarm_hardware/cmake/ament_cmake_export_include_directories-extras.cmake
[8.877s] -- Up-to-date symlink: /home/taoqiu/ros2_ws/install/openarm_hardware/share/openarm_hardware/cmake/ament_cmake_export_libraries-extras.cmake
[8.877s] -- Up-to-date symlink: /home/taoqiu/ros2_ws/install/openarm_hardware/share/openarm_hardware/cmake/ament_cmake_export_dependencies-extras.cmake
[8.877s] -- Up-to-date symlink: /home/taoqiu/ros2_ws/install/openarm_hardware/share/openarm_hardware/cmake/openarm_hardwareConfig.cmake
[8.877s] -- Up-to-date symlink: /home/taoqiu/ros2_ws/install/openarm_hardware/share/openarm_hardware/cmake/openarm_hardwareConfig-version.cmake
[8.877s] -- Up-to-date symlink: /home/taoqiu/ros2_ws/install/openarm_hardware/share/openarm_hardware/package.xml
[8.878s] Invoked command in '/home/taoqiu/ros2_ws/build/openarm_hardware' returned '0': CMAKE_PREFIX_PATH=/home/taoqiu/ros2_ws/install/openarm_can:/home/taoqiu/ros2_ws/install/openarm:/home/taoqiu/ros2_ws/install/openarm_hardware:/home/taoqiu/ros2_ws/install/openarm_bringup:/home/taoqiu/ros2_ws/install/openarm_bimanual_moveit_config:/home/taoqiu/ros2_ws/install/openarm_description:/home/taoqiu/ros2_ws/install/openarm_bimanual_planner_msgs:/home/taoqiu/ros2_ws/install/openarm_acm_tool:/home/taoqiu/ros2_ws/install/bio_ik:/home/taoqiu/ros2_ws/install/pick_ik:/home/taoqiu/ros2_ws/install/openarm_bimanual_planner:/opt/ros/humble CONDA_PROMPT_MODIFIER=(base) /usr/bin/cmake --install /home/taoqiu/ros2_ws/build/openarm_hardware
