[ 20%] Built target pick_ik_parameters
[100%] Built target pick_ik_plugin
-- Install configuration: ""
-- Up-to-date: /home/taoqiu/ros2_ws/install/pick_ik/include/pick_ik
-- Up-to-date: /home/taoqiu/ros2_ws/install/pick_ik/include/pick_ik/pick_ik_parameters.hpp
-- Up-to-date: /home/taoqiu/ros2_ws/install/pick_ik/share/pick_ik/pick_ik_kinematics_description.xml
-- Up-to-date: /home/taoqiu/ros2_ws/install/pick_ik/include/pick_ik
-- Up-to-date: /home/taoqiu/ros2_ws/install/pick_ik/include/pick_ik/pick_ik
-- Up-to-date: /home/taoqiu/ros2_ws/install/pick_ik/include/pick_ik/pick_ik/pick_ik_plugin.hpp
-- Up-to-date: /home/taoqiu/ros2_ws/install/pick_ik/include/pick_ik/pick_ik/robot.hpp
-- Up-to-date: /home/taoqiu/ros2_ws/install/pick_ik/include/pick_ik/pick_ik/ik_memetic.hpp
-- Up-to-date: /home/taoqiu/ros2_ws/install/pick_ik/include/pick_ik/pick_ik/forward_kinematics.hpp
-- Up-to-date: /home/taoqiu/ros2_ws/install/pick_ik/include/pick_ik/pick_ik/fk_moveit.hpp
-- Up-to-date: /home/taoqiu/ros2_ws/install/pick_ik/include/pick_ik/pick_ik/ik_gradient.hpp
-- Up-to-date: /home/taoqiu/ros2_ws/install/pick_ik/include/pick_ik/pick_ik/goal.hpp
-- Up-to-date: /home/taoqiu/ros2_ws/install/pick_ik/lib/libpick_ik_plugin.so
-- Up-to-date: /home/taoqiu/ros2_ws/install/pick_ik/share/pick_ik/environment/library_path.sh
-- Up-to-date: /home/taoqiu/ros2_ws/install/pick_ik/share/pick_ik/environment/library_path.dsv
-- Up-to-date: /home/taoqiu/ros2_ws/install/pick_ik/share/ament_index/resource_index/package_run_dependencies/pick_ik
-- Up-to-date: /home/taoqiu/ros2_ws/install/pick_ik/share/ament_index/resource_index/parent_prefix_path/pick_ik
-- Up-to-date: /home/taoqiu/ros2_ws/install/pick_ik/share/pick_ik/environment/ament_prefix_path.sh
-- Up-to-date: /home/taoqiu/ros2_ws/install/pick_ik/share/pick_ik/environment/ament_prefix_path.dsv
-- Up-to-date: /home/taoqiu/ros2_ws/install/pick_ik/share/pick_ik/environment/path.sh
-- Up-to-date: /home/taoqiu/ros2_ws/install/pick_ik/share/pick_ik/environment/path.dsv
-- Up-to-date: /home/taoqiu/ros2_ws/install/pick_ik/share/pick_ik/local_setup.bash
-- Up-to-date: /home/taoqiu/ros2_ws/install/pick_ik/share/pick_ik/local_setup.sh
-- Up-to-date: /home/taoqiu/ros2_ws/install/pick_ik/share/pick_ik/local_setup.zsh
-- Up-to-date: /home/taoqiu/ros2_ws/install/pick_ik/share/pick_ik/local_setup.dsv
-- Installing: /home/taoqiu/ros2_ws/install/pick_ik/share/pick_ik/package.dsv
-- Up-to-date: /home/taoqiu/ros2_ws/install/pick_ik/share/ament_index/resource_index/packages/pick_ik
-- Up-to-date: /home/taoqiu/ros2_ws/install/pick_ik/share/ament_index/resource_index/moveit_core__pluginlib__plugin/pick_ik
-- Up-to-date: /home/taoqiu/ros2_ws/install/pick_ik/share/pick_ik/cmake/export_pick_ikExport.cmake
-- Up-to-date: /home/taoqiu/ros2_ws/install/pick_ik/share/pick_ik/cmake/export_pick_ikExport-noconfig.cmake
-- Up-to-date: /home/taoqiu/ros2_ws/install/pick_ik/share/pick_ik/cmake/ament_cmake_export_dependencies-extras.cmake
-- Up-to-date: /home/taoqiu/ros2_ws/install/pick_ik/share/pick_ik/cmake/ament_cmake_export_targets-extras.cmake
-- Up-to-date: /home/taoqiu/ros2_ws/install/pick_ik/share/pick_ik/cmake/pick_ikConfig.cmake
-- Up-to-date: /home/taoqiu/ros2_ws/install/pick_ik/share/pick_ik/cmake/pick_ikConfig-version.cmake
-- Up-to-date: /home/taoqiu/ros2_ws/install/pick_ik/share/pick_ik/package.xml
