[0.014s] Invoking command in '/home/taoqiu/ros2_ws/build/pick_ik': CMAKE_PREFIX_PATH=/opt/ros/humble CONDA_PROMPT_MODIFIER=(base) /usr/bin/cmake --build /home/taoqiu/ros2_ws/build/pick_ik -- -j24 -l24
[0.053s] [ 20%] Built target pick_ik_parameters
[0.068s] [100%] Built target pick_ik_plugin
[0.091s] Invoked command in '/home/taoqiu/ros2_ws/build/pick_ik' returned '0': CMAKE_PREFIX_PATH=/opt/ros/humble CONDA_PROMPT_MODIFIER=(base) /usr/bin/cmake --build /home/taoqiu/ros2_ws/build/pick_ik -- -j24 -l24
[0.092s] Invoking command in '/home/taoqiu/ros2_ws/build/pick_ik': CMAKE_PREFIX_PATH=/opt/ros/humble CONDA_PROMPT_MODIFIER=(base) /usr/bin/cmake --install /home/taoqiu/ros2_ws/build/pick_ik
[0.098s] -- Install configuration: ""
[0.098s] -- Up-to-date: /home/taoqiu/ros2_ws/install/pick_ik/include/pick_ik
[0.098s] -- Up-to-date: /home/taoqiu/ros2_ws/install/pick_ik/include/pick_ik/pick_ik_parameters.hpp
[0.098s] -- Up-to-date: /home/taoqiu/ros2_ws/install/pick_ik/share/pick_ik/pick_ik_kinematics_description.xml
[0.098s] -- Up-to-date: /home/taoqiu/ros2_ws/install/pick_ik/include/pick_ik
[0.098s] -- Up-to-date: /home/taoqiu/ros2_ws/install/pick_ik/include/pick_ik/pick_ik
[0.098s] -- Up-to-date: /home/taoqiu/ros2_ws/install/pick_ik/include/pick_ik/pick_ik/pick_ik_plugin.hpp
[0.099s] -- Up-to-date: /home/taoqiu/ros2_ws/install/pick_ik/include/pick_ik/pick_ik/robot.hpp
[0.099s] -- Up-to-date: /home/taoqiu/ros2_ws/install/pick_ik/include/pick_ik/pick_ik/ik_memetic.hpp
[0.099s] -- Up-to-date: /home/taoqiu/ros2_ws/install/pick_ik/include/pick_ik/pick_ik/forward_kinematics.hpp
[0.099s] -- Up-to-date: /home/taoqiu/ros2_ws/install/pick_ik/include/pick_ik/pick_ik/fk_moveit.hpp
[0.099s] -- Up-to-date: /home/taoqiu/ros2_ws/install/pick_ik/include/pick_ik/pick_ik/ik_gradient.hpp
[0.099s] -- Up-to-date: /home/taoqiu/ros2_ws/install/pick_ik/include/pick_ik/pick_ik/goal.hpp
[0.099s] -- Up-to-date: /home/taoqiu/ros2_ws/install/pick_ik/lib/libpick_ik_plugin.so
[0.099s] -- Up-to-date: /home/taoqiu/ros2_ws/install/pick_ik/share/pick_ik/environment/library_path.sh
[0.099s] -- Up-to-date: /home/taoqiu/ros2_ws/install/pick_ik/share/pick_ik/environment/library_path.dsv
[0.099s] -- Up-to-date: /home/taoqiu/ros2_ws/install/pick_ik/share/ament_index/resource_index/package_run_dependencies/pick_ik
[0.099s] -- Up-to-date: /home/taoqiu/ros2_ws/install/pick_ik/share/ament_index/resource_index/parent_prefix_path/pick_ik
[0.099s] -- Up-to-date: /home/taoqiu/ros2_ws/install/pick_ik/share/pick_ik/environment/ament_prefix_path.sh
[0.099s] -- Up-to-date: /home/taoqiu/ros2_ws/install/pick_ik/share/pick_ik/environment/ament_prefix_path.dsv
[0.099s] -- Up-to-date: /home/taoqiu/ros2_ws/install/pick_ik/share/pick_ik/environment/path.sh
[0.099s] -- Up-to-date: /home/taoqiu/ros2_ws/install/pick_ik/share/pick_ik/environment/path.dsv
[0.099s] -- Up-to-date: /home/taoqiu/ros2_ws/install/pick_ik/share/pick_ik/local_setup.bash
[0.099s] -- Up-to-date: /home/taoqiu/ros2_ws/install/pick_ik/share/pick_ik/local_setup.sh
[0.099s] -- Up-to-date: /home/taoqiu/ros2_ws/install/pick_ik/share/pick_ik/local_setup.zsh
[0.099s] -- Up-to-date: /home/taoqiu/ros2_ws/install/pick_ik/share/pick_ik/local_setup.dsv
[0.099s] -- Installing: /home/taoqiu/ros2_ws/install/pick_ik/share/pick_ik/package.dsv
[0.099s] -- Up-to-date: /home/taoqiu/ros2_ws/install/pick_ik/share/ament_index/resource_index/packages/pick_ik
[0.100s] -- Up-to-date: /home/taoqiu/ros2_ws/install/pick_ik/share/ament_index/resource_index/moveit_core__pluginlib__plugin/pick_ik
[0.100s] -- Up-to-date: /home/taoqiu/ros2_ws/install/pick_ik/share/pick_ik/cmake/export_pick_ikExport.cmake
[0.100s] -- Up-to-date: /home/taoqiu/ros2_ws/install/pick_ik/share/pick_ik/cmake/export_pick_ikExport-noconfig.cmake
[0.100s] -- Up-to-date: /home/taoqiu/ros2_ws/install/pick_ik/share/pick_ik/cmake/ament_cmake_export_dependencies-extras.cmake
[0.100s] -- Up-to-date: /home/taoqiu/ros2_ws/install/pick_ik/share/pick_ik/cmake/ament_cmake_export_targets-extras.cmake
[0.100s] -- Up-to-date: /home/taoqiu/ros2_ws/install/pick_ik/share/pick_ik/cmake/pick_ikConfig.cmake
[0.100s] -- Up-to-date: /home/taoqiu/ros2_ws/install/pick_ik/share/pick_ik/cmake/pick_ikConfig-version.cmake
[0.100s] -- Up-to-date: /home/taoqiu/ros2_ws/install/pick_ik/share/pick_ik/package.xml
