[0.006s] Invoking command in '/home/taoqiu/ros2_ws/build/openarm_hardware': CMAKE_PREFIX_PATH=/home/taoqiu/ros2_ws/install/openarm_can:/opt/ros/humble PATH=/home/taoqiu/ros2_ws/install/openarm_can/bin:${PATH} PKG_CONFIG_PATH=/home/taoqiu/ros2_ws/install/openarm_can/lib/x86_64-linux-gnu/pkgconfig:/home/taoqiu/ros2_ws/install/openarm_can/lib/pkgconfig /usr/bin/cmake --build /home/taoqiu/ros2_ws/build/openarm_hardware -- -j24 -l24
[0.088s] [ 50%] Building CXX object CMakeFiles/openarm_hardware.dir/src/openarm_simple_hardware.cpp.o
[7.530s] [100%] Linking CXX shared library libopenarm_hardware.so
[7.725s] [100%] Built target openarm_hardware
[7.732s] Invoked command in '/home/taoqiu/ros2_ws/build/openarm_hardware' returned '0': CMAKE_PREFIX_PATH=/home/taoqiu/ros2_ws/install/openarm_can:/opt/ros/humble PATH=/home/taoqiu/ros2_ws/install/openarm_can/bin:${PATH} PKG_CONFIG_PATH=/home/taoqiu/ros2_ws/install/openarm_can/lib/x86_64-linux-gnu/pkgconfig:/home/taoqiu/ros2_ws/install/openarm_can/lib/pkgconfig /usr/bin/cmake --build /home/taoqiu/ros2_ws/build/openarm_hardware -- -j24 -l24
[7.738s] Invoking command in '/home/taoqiu/ros2_ws/build/openarm_hardware': CMAKE_PREFIX_PATH=/home/taoqiu/ros2_ws/install/openarm_can:/opt/ros/humble PATH=/home/taoqiu/ros2_ws/install/openarm_can/bin:${PATH} PKG_CONFIG_PATH=/home/taoqiu/ros2_ws/install/openarm_can/lib/x86_64-linux-gnu/pkgconfig:/home/taoqiu/ros2_ws/install/openarm_can/lib/pkgconfig /usr/bin/cmake --install /home/taoqiu/ros2_ws/build/openarm_hardware
[7.744s] -- Install configuration: ""
[7.744s] -- Execute custom install script
[7.744s] -- Up-to-date symlink: /home/taoqiu/ros2_ws/install/openarm_hardware/share/openarm_hardware//openarm_hardware.xml
[7.744s] -- Up-to-date symlink: /home/taoqiu/ros2_ws/install/openarm_hardware/lib/libopenarm_hardware.so
[7.745s] -- Up-to-date symlink: /home/taoqiu/ros2_ws/install/openarm_hardware/include/openarm_hardware/openarm_simple_hardware.hpp
[7.745s] -- Up-to-date symlink: /home/taoqiu/ros2_ws/install/openarm_hardware/include/openarm_hardware/visibility_control.h
[7.745s] -- Up-to-date symlink: /home/taoqiu/ros2_ws/install/openarm_hardware/share/openarm_hardware/environment/library_path.sh
[7.745s] -- Up-to-date symlink: /home/taoqiu/ros2_ws/install/openarm_hardware/share/openarm_hardware/environment/library_path.dsv
[7.745s] -- Up-to-date symlink: /home/taoqiu/ros2_ws/install/openarm_hardware/share/ament_index/resource_index/package_run_dependencies/openarm_hardware
[7.745s] -- Up-to-date symlink: /home/taoqiu/ros2_ws/install/openarm_hardware/share/ament_index/resource_index/parent_prefix_path/openarm_hardware
[7.745s] -- Up-to-date symlink: /home/taoqiu/ros2_ws/install/openarm_hardware/share/openarm_hardware/environment/ament_prefix_path.sh
[7.745s] -- Up-to-date symlink: /home/taoqiu/ros2_ws/install/openarm_hardware/share/openarm_hardware/environment/ament_prefix_path.dsv
[7.745s] -- Up-to-date symlink: /home/taoqiu/ros2_ws/install/openarm_hardware/share/openarm_hardware/environment/path.sh
[7.745s] -- Up-to-date symlink: /home/taoqiu/ros2_ws/install/openarm_hardware/share/openarm_hardware/environment/path.dsv
[7.745s] -- Up-to-date symlink: /home/taoqiu/ros2_ws/install/openarm_hardware/share/openarm_hardware/local_setup.bash
[7.745s] -- Up-to-date symlink: /home/taoqiu/ros2_ws/install/openarm_hardware/share/openarm_hardware/local_setup.sh
[7.746s] -- Up-to-date symlink: /home/taoqiu/ros2_ws/install/openarm_hardware/share/openarm_hardware/local_setup.zsh
[7.746s] -- Up-to-date symlink: /home/taoqiu/ros2_ws/install/openarm_hardware/share/openarm_hardware/local_setup.dsv
[7.746s] -- Symlinking: /home/taoqiu/ros2_ws/install/openarm_hardware/share/openarm_hardware/package.dsv
[7.753s] -- Up-to-date symlink: /home/taoqiu/ros2_ws/install/openarm_hardware/share/ament_index/resource_index/packages/openarm_hardware
[7.753s] -- Up-to-date symlink: /home/taoqiu/ros2_ws/install/openarm_hardware/share/ament_index/resource_index/hardware_interface__pluginlib__plugin/openarm_hardware
[7.753s] -- Up-to-date symlink: /home/taoqiu/ros2_ws/install/openarm_hardware/share/openarm_hardware/cmake/ament_cmake_export_include_directories-extras.cmake
[7.753s] -- Up-to-date symlink: /home/taoqiu/ros2_ws/install/openarm_hardware/share/openarm_hardware/cmake/ament_cmake_export_libraries-extras.cmake
[7.753s] -- Up-to-date symlink: /home/taoqiu/ros2_ws/install/openarm_hardware/share/openarm_hardware/cmake/ament_cmake_export_dependencies-extras.cmake
[7.753s] -- Up-to-date symlink: /home/taoqiu/ros2_ws/install/openarm_hardware/share/openarm_hardware/cmake/openarm_hardwareConfig.cmake
[7.753s] -- Up-to-date symlink: /home/taoqiu/ros2_ws/install/openarm_hardware/share/openarm_hardware/cmake/openarm_hardwareConfig-version.cmake
[7.753s] -- Up-to-date symlink: /home/taoqiu/ros2_ws/install/openarm_hardware/share/openarm_hardware/package.xml
[7.754s] Invoked command in '/home/taoqiu/ros2_ws/build/openarm_hardware' returned '0': CMAKE_PREFIX_PATH=/home/taoqiu/ros2_ws/install/openarm_can:/opt/ros/humble PATH=/home/taoqiu/ros2_ws/install/openarm_can/bin:${PATH} PKG_CONFIG_PATH=/home/taoqiu/ros2_ws/install/openarm_can/lib/x86_64-linux-gnu/pkgconfig:/home/taoqiu/ros2_ws/install/openarm_can/lib/pkgconfig /usr/bin/cmake --install /home/taoqiu/ros2_ws/build/openarm_hardware
