[0.050s] colcon DEBUG Command line arguments: ['/usr/bin/colcon', 'build']
[0.050s] colcon DEBUG Parsed command line arguments: Namespace(log_base=None, log_level=None, verb_name='build', build_base='build', install_base='install', merge_install=False, symlink_install=False, test_result_base=None, continue_on_error=False, executor='parallel', parallel_workers=24, event_handlers=None, ignore_user_meta=False, metas=['./colcon.meta'], base_paths=['.'], packages_ignore=None, packages_ignore_regex=None, paths=None, packages_up_to=None, packages_up_to_regex=None, packages_above=None, packages_above_and_dependencies=None, packages_above_depth=None, packages_select_by_dep=None, packages_skip_by_dep=None, packages_skip_up_to=None, packages_select_build_failed=False, packages_skip_build_finished=False, packages_select_test_failures=False, packages_skip_test_passed=False, packages_select=None, packages_skip=None, packages_select_regex=None, packages_skip_regex=None, packages_start=None, packages_end=None, allow_overriding=[], cmake_args=None, cmake_target=None, cmake_target_skip_unavailable=False, cmake_clean_cache=False, cmake_clean_first=False, cmake_force_configure=False, ament_cmake_args=None, catkin_cmake_args=None, catkin_skip_building_tests=False, verb_parser=<colcon_defaults.argument_parser.defaults.DefaultArgumentsDecorator object at 0x7cc3f6f2d000>, verb_extension=<colcon_core.verb.build.BuildVerb object at 0x7cc3f6f2ca30>, main=<bound method BuildVerb.main of <colcon_core.verb.build.BuildVerb object at 0x7cc3f6f2ca30>>)
[0.128s] colcon.colcon_core.package_discovery Level 1 discover_packages(colcon_meta) check parameters
[0.128s] colcon.colcon_core.package_discovery Level 1 discover_packages(recursive) check parameters
[0.128s] colcon.colcon_core.package_discovery Level 1 discover_packages(ignore) check parameters
[0.128s] colcon.colcon_core.package_discovery Level 1 discover_packages(path) check parameters
[0.128s] colcon.colcon_core.package_discovery Level 1 discover_packages(colcon_meta) discover
[0.128s] colcon.colcon_core.package_discovery Level 1 discover_packages(recursive) discover
[0.128s] colcon.colcon_core.package_discovery INFO Crawling recursively for packages in '/home/taoqiu/ros2_ws'
[0.128s] colcon.colcon_core.package_identification Level 1 _identify(.) by extensions ['ignore', 'ignore_ament_install']
[0.128s] colcon.colcon_core.package_identification Level 1 _identify(.) by extension 'ignore'
[0.128s] colcon.colcon_core.package_identification Level 1 _identify(.) by extension 'ignore_ament_install'
[0.128s] colcon.colcon_core.package_identification Level 1 _identify(.) by extensions ['colcon_pkg']
[0.128s] colcon.colcon_core.package_identification Level 1 _identify(.) by extension 'colcon_pkg'
[0.128s] colcon.colcon_core.package_identification Level 1 _identify(.) by extensions ['colcon_meta']
[0.128s] colcon.colcon_core.package_identification Level 1 _identify(.) by extension 'colcon_meta'
[0.128s] colcon.colcon_core.package_identification Level 1 _identify(.) by extensions ['ros']
[0.128s] colcon.colcon_core.package_identification Level 1 _identify(.) by extension 'ros'
[0.137s] colcon.colcon_core.package_identification Level 1 _identify(.) by extensions ['cmake', 'python']
[0.138s] colcon.colcon_core.package_identification Level 1 _identify(.) by extension 'cmake'
[0.138s] colcon.colcon_core.package_identification Level 1 _identify(.) by extension 'python'
[0.138s] colcon.colcon_core.package_identification Level 1 _identify(.) by extensions ['python_setup_py']
[0.138s] colcon.colcon_core.package_identification Level 1 _identify(.) by extension 'python_setup_py'
[0.138s] colcon.colcon_core.package_identification Level 1 _identify(build) by extensions ['ignore', 'ignore_ament_install']
[0.138s] colcon.colcon_core.package_identification Level 1 _identify(build) by extension 'ignore'
[0.138s] colcon.colcon_core.package_identification Level 1 _identify(build) ignored
[0.138s] colcon.colcon_core.package_identification Level 1 _identify(install) by extensions ['ignore', 'ignore_ament_install']
[0.138s] colcon.colcon_core.package_identification Level 1 _identify(install) by extension 'ignore'
[0.138s] colcon.colcon_core.package_identification Level 1 _identify(install) ignored
[0.138s] colcon.colcon_core.package_identification Level 1 _identify(log) by extensions ['ignore', 'ignore_ament_install']
[0.138s] colcon.colcon_core.package_identification Level 1 _identify(log) by extension 'ignore'
[0.138s] colcon.colcon_core.package_identification Level 1 _identify(log) ignored
[0.138s] colcon.colcon_core.package_identification Level 1 _identify(src) by extensions ['ignore', 'ignore_ament_install']
[0.138s] colcon.colcon_core.package_identification Level 1 _identify(src) by extension 'ignore'
[0.138s] colcon.colcon_core.package_identification Level 1 _identify(src) by extension 'ignore_ament_install'
[0.138s] colcon.colcon_core.package_identification Level 1 _identify(src) by extensions ['colcon_pkg']
[0.138s] colcon.colcon_core.package_identification Level 1 _identify(src) by extension 'colcon_pkg'
[0.138s] colcon.colcon_core.package_identification Level 1 _identify(src) by extensions ['colcon_meta']
[0.138s] colcon.colcon_core.package_identification Level 1 _identify(src) by extension 'colcon_meta'
[0.138s] colcon.colcon_core.package_identification Level 1 _identify(src) by extensions ['ros']
[0.138s] colcon.colcon_core.package_identification Level 1 _identify(src) by extension 'ros'
[0.138s] colcon.colcon_core.package_identification Level 1 _identify(src) by extensions ['cmake', 'python']
[0.138s] colcon.colcon_core.package_identification Level 1 _identify(src) by extension 'cmake'
[0.138s] colcon.colcon_core.package_identification Level 1 _identify(src) by extension 'python'
[0.138s] colcon.colcon_core.package_identification Level 1 _identify(src) by extensions ['python_setup_py']
[0.138s] colcon.colcon_core.package_identification Level 1 _identify(src) by extension 'python_setup_py'
[0.138s] colcon.colcon_core.package_identification Level 1 _identify(src/bio_ik) by extensions ['ignore', 'ignore_ament_install']
[0.138s] colcon.colcon_core.package_identification Level 1 _identify(src/bio_ik) by extension 'ignore'
[0.138s] colcon.colcon_core.package_identification Level 1 _identify(src/bio_ik) by extension 'ignore_ament_install'
[0.138s] colcon.colcon_core.package_identification Level 1 _identify(src/bio_ik) by extensions ['colcon_pkg']
[0.138s] colcon.colcon_core.package_identification Level 1 _identify(src/bio_ik) by extension 'colcon_pkg'
[0.138s] colcon.colcon_core.package_identification Level 1 _identify(src/bio_ik) by extensions ['colcon_meta']
[0.138s] colcon.colcon_core.package_identification Level 1 _identify(src/bio_ik) by extension 'colcon_meta'
[0.138s] colcon.colcon_core.package_identification Level 1 _identify(src/bio_ik) by extensions ['ros']
[0.138s] colcon.colcon_core.package_identification Level 1 _identify(src/bio_ik) by extension 'ros'
[0.140s] colcon.colcon_core.package_identification DEBUG Package 'src/bio_ik' with type 'ros.ament_cmake' and name 'bio_ik'
[0.140s] colcon.colcon_core.package_identification Level 1 _identify(src/openarm_can) by extensions ['ignore', 'ignore_ament_install']
[0.140s] colcon.colcon_core.package_identification Level 1 _identify(src/openarm_can) by extension 'ignore'
[0.140s] colcon.colcon_core.package_identification Level 1 _identify(src/openarm_can) by extension 'ignore_ament_install'
[0.140s] colcon.colcon_core.package_identification Level 1 _identify(src/openarm_can) by extensions ['colcon_pkg']
[0.140s] colcon.colcon_core.package_identification Level 1 _identify(src/openarm_can) by extension 'colcon_pkg'
[0.140s] colcon.colcon_core.package_identification Level 1 _identify(src/openarm_can) by extensions ['colcon_meta']
[0.140s] colcon.colcon_core.package_identification Level 1 _identify(src/openarm_can) by extension 'colcon_meta'
[0.140s] colcon.colcon_core.package_identification Level 1 _identify(src/openarm_can) by extensions ['ros']
[0.140s] colcon.colcon_core.package_identification Level 1 _identify(src/openarm_can) by extension 'ros'
[0.140s] colcon.colcon_core.package_identification DEBUG Package 'src/openarm_can' with type 'ros.cmake' and name 'openarm_can'
[0.140s] colcon.colcon_core.package_identification Level 1 _identify(src/openarm_description) by extensions ['ignore', 'ignore_ament_install']
[0.140s] colcon.colcon_core.package_identification Level 1 _identify(src/openarm_description) by extension 'ignore'
[0.140s] colcon.colcon_core.package_identification Level 1 _identify(src/openarm_description) by extension 'ignore_ament_install'
[0.140s] colcon.colcon_core.package_identification Level 1 _identify(src/openarm_description) by extensions ['colcon_pkg']
[0.140s] colcon.colcon_core.package_identification Level 1 _identify(src/openarm_description) by extension 'colcon_pkg'
[0.140s] colcon.colcon_core.package_identification Level 1 _identify(src/openarm_description) by extensions ['colcon_meta']
[0.140s] colcon.colcon_core.package_identification Level 1 _identify(src/openarm_description) by extension 'colcon_meta'
[0.140s] colcon.colcon_core.package_identification Level 1 _identify(src/openarm_description) by extensions ['ros']
[0.140s] colcon.colcon_core.package_identification Level 1 _identify(src/openarm_description) by extension 'ros'
[0.141s] colcon.colcon_core.package_identification DEBUG Package 'src/openarm_description' with type 'ros.ament_cmake' and name 'openarm_description'
[0.141s] colcon.colcon_core.package_identification Level 1 _identify(src/openarm_ros2) by extensions ['ignore', 'ignore_ament_install']
[0.141s] colcon.colcon_core.package_identification Level 1 _identify(src/openarm_ros2) by extension 'ignore'
[0.141s] colcon.colcon_core.package_identification Level 1 _identify(src/openarm_ros2) by extension 'ignore_ament_install'
[0.141s] colcon.colcon_core.package_identification Level 1 _identify(src/openarm_ros2) by extensions ['colcon_pkg']
[0.141s] colcon.colcon_core.package_identification Level 1 _identify(src/openarm_ros2) by extension 'colcon_pkg'
[0.141s] colcon.colcon_core.package_identification Level 1 _identify(src/openarm_ros2) by extensions ['colcon_meta']
[0.141s] colcon.colcon_core.package_identification Level 1 _identify(src/openarm_ros2) by extension 'colcon_meta'
[0.141s] colcon.colcon_core.package_identification Level 1 _identify(src/openarm_ros2) by extensions ['ros']
[0.141s] colcon.colcon_core.package_identification Level 1 _identify(src/openarm_ros2) by extension 'ros'
[0.141s] colcon.colcon_core.package_identification Level 1 _identify(src/openarm_ros2) by extensions ['cmake', 'python']
[0.141s] colcon.colcon_core.package_identification Level 1 _identify(src/openarm_ros2) by extension 'cmake'
[0.141s] colcon.colcon_core.package_identification Level 1 _identify(src/openarm_ros2) by extension 'python'
[0.141s] colcon.colcon_core.package_identification Level 1 _identify(src/openarm_ros2) by extensions ['python_setup_py']
[0.141s] colcon.colcon_core.package_identification Level 1 _identify(src/openarm_ros2) by extension 'python_setup_py'
[0.141s] colcon.colcon_core.package_identification Level 1 _identify(src/openarm_ros2/dev) by extensions ['ignore', 'ignore_ament_install']
[0.141s] colcon.colcon_core.package_identification Level 1 _identify(src/openarm_ros2/dev) by extension 'ignore'
[0.141s] colcon.colcon_core.package_identification Level 1 _identify(src/openarm_ros2/dev) by extension 'ignore_ament_install'
[0.141s] colcon.colcon_core.package_identification Level 1 _identify(src/openarm_ros2/dev) by extensions ['colcon_pkg']
[0.141s] colcon.colcon_core.package_identification Level 1 _identify(src/openarm_ros2/dev) by extension 'colcon_pkg'
[0.141s] colcon.colcon_core.package_identification Level 1 _identify(src/openarm_ros2/dev) by extensions ['colcon_meta']
[0.141s] colcon.colcon_core.package_identification Level 1 _identify(src/openarm_ros2/dev) by extension 'colcon_meta'
[0.141s] colcon.colcon_core.package_identification Level 1 _identify(src/openarm_ros2/dev) by extensions ['ros']
[0.141s] colcon.colcon_core.package_identification Level 1 _identify(src/openarm_ros2/dev) by extension 'ros'
[0.141s] colcon.colcon_core.package_identification Level 1 _identify(src/openarm_ros2/dev) by extensions ['cmake', 'python']
[0.141s] colcon.colcon_core.package_identification Level 1 _identify(src/openarm_ros2/dev) by extension 'cmake'
[0.141s] colcon.colcon_core.package_identification Level 1 _identify(src/openarm_ros2/dev) by extension 'python'
[0.141s] colcon.colcon_core.package_identification Level 1 _identify(src/openarm_ros2/dev) by extensions ['python_setup_py']
[0.141s] colcon.colcon_core.package_identification Level 1 _identify(src/openarm_ros2/dev) by extension 'python_setup_py'
[0.141s] colcon.colcon_core.package_identification Level 1 _identify(src/openarm_ros2/openarm) by extensions ['ignore', 'ignore_ament_install']
[0.141s] colcon.colcon_core.package_identification Level 1 _identify(src/openarm_ros2/openarm) by extension 'ignore'
[0.141s] colcon.colcon_core.package_identification Level 1 _identify(src/openarm_ros2/openarm) by extension 'ignore_ament_install'
[0.141s] colcon.colcon_core.package_identification Level 1 _identify(src/openarm_ros2/openarm) by extensions ['colcon_pkg']
[0.141s] colcon.colcon_core.package_identification Level 1 _identify(src/openarm_ros2/openarm) by extension 'colcon_pkg'
[0.141s] colcon.colcon_core.package_identification Level 1 _identify(src/openarm_ros2/openarm) by extensions ['colcon_meta']
[0.141s] colcon.colcon_core.package_identification Level 1 _identify(src/openarm_ros2/openarm) by extension 'colcon_meta'
[0.142s] colcon.colcon_core.package_identification Level 1 _identify(src/openarm_ros2/openarm) by extensions ['ros']
[0.142s] colcon.colcon_core.package_identification Level 1 _identify(src/openarm_ros2/openarm) by extension 'ros'
[0.142s] colcon.colcon_core.package_identification DEBUG Package 'src/openarm_ros2/openarm' with type 'ros.ament_cmake' and name 'openarm'
[0.142s] colcon.colcon_core.package_identification Level 1 _identify(src/openarm_ros2/openarm_acm_tool) by extensions ['ignore', 'ignore_ament_install']
[0.142s] colcon.colcon_core.package_identification Level 1 _identify(src/openarm_ros2/openarm_acm_tool) by extension 'ignore'
[0.142s] colcon.colcon_core.package_identification Level 1 _identify(src/openarm_ros2/openarm_acm_tool) by extension 'ignore_ament_install'
[0.142s] colcon.colcon_core.package_identification Level 1 _identify(src/openarm_ros2/openarm_acm_tool) by extensions ['colcon_pkg']
[0.142s] colcon.colcon_core.package_identification Level 1 _identify(src/openarm_ros2/openarm_acm_tool) by extension 'colcon_pkg'
[0.142s] colcon.colcon_core.package_identification Level 1 _identify(src/openarm_ros2/openarm_acm_tool) by extensions ['colcon_meta']
[0.142s] colcon.colcon_core.package_identification Level 1 _identify(src/openarm_ros2/openarm_acm_tool) by extension 'colcon_meta'
[0.142s] colcon.colcon_core.package_identification Level 1 _identify(src/openarm_ros2/openarm_acm_tool) by extensions ['ros']
[0.142s] colcon.colcon_core.package_identification Level 1 _identify(src/openarm_ros2/openarm_acm_tool) by extension 'ros'
[0.142s] colcon.colcon_core.package_identification DEBUG Package 'src/openarm_ros2/openarm_acm_tool' with type 'ros.ament_cmake' and name 'openarm_acm_tool'
[0.142s] colcon.colcon_core.package_identification Level 1 _identify(src/openarm_ros2/openarm_bimanual_moveit_config) by extensions ['ignore', 'ignore_ament_install']
[0.142s] colcon.colcon_core.package_identification Level 1 _identify(src/openarm_ros2/openarm_bimanual_moveit_config) by extension 'ignore'
[0.142s] colcon.colcon_core.package_identification Level 1 _identify(src/openarm_ros2/openarm_bimanual_moveit_config) by extension 'ignore_ament_install'
[0.142s] colcon.colcon_core.package_identification Level 1 _identify(src/openarm_ros2/openarm_bimanual_moveit_config) by extensions ['colcon_pkg']
[0.142s] colcon.colcon_core.package_identification Level 1 _identify(src/openarm_ros2/openarm_bimanual_moveit_config) by extension 'colcon_pkg'
[0.142s] colcon.colcon_core.package_identification Level 1 _identify(src/openarm_ros2/openarm_bimanual_moveit_config) by extensions ['colcon_meta']
[0.142s] colcon.colcon_core.package_identification Level 1 _identify(src/openarm_ros2/openarm_bimanual_moveit_config) by extension 'colcon_meta'
[0.142s] colcon.colcon_core.package_identification Level 1 _identify(src/openarm_ros2/openarm_bimanual_moveit_config) by extensions ['ros']
[0.142s] colcon.colcon_core.package_identification Level 1 _identify(src/openarm_ros2/openarm_bimanual_moveit_config) by extension 'ros'
[0.143s] colcon.colcon_core.package_identification DEBUG Package 'src/openarm_ros2/openarm_bimanual_moveit_config' with type 'ros.ament_cmake' and name 'openarm_bimanual_moveit_config'
[0.143s] colcon.colcon_core.package_identification Level 1 _identify(src/openarm_ros2/openarm_bringup) by extensions ['ignore', 'ignore_ament_install']
[0.143s] colcon.colcon_core.package_identification Level 1 _identify(src/openarm_ros2/openarm_bringup) by extension 'ignore'
[0.143s] colcon.colcon_core.package_identification Level 1 _identify(src/openarm_ros2/openarm_bringup) by extension 'ignore_ament_install'
[0.143s] colcon.colcon_core.package_identification Level 1 _identify(src/openarm_ros2/openarm_bringup) by extensions ['colcon_pkg']
[0.143s] colcon.colcon_core.package_identification Level 1 _identify(src/openarm_ros2/openarm_bringup) by extension 'colcon_pkg'
[0.143s] colcon.colcon_core.package_identification Level 1 _identify(src/openarm_ros2/openarm_bringup) by extensions ['colcon_meta']
[0.143s] colcon.colcon_core.package_identification Level 1 _identify(src/openarm_ros2/openarm_bringup) by extension 'colcon_meta'
[0.143s] colcon.colcon_core.package_identification Level 1 _identify(src/openarm_ros2/openarm_bringup) by extensions ['ros']
[0.143s] colcon.colcon_core.package_identification Level 1 _identify(src/openarm_ros2/openarm_bringup) by extension 'ros'
[0.143s] colcon.colcon_core.package_identification DEBUG Package 'src/openarm_ros2/openarm_bringup' with type 'ros.ament_cmake' and name 'openarm_bringup'
[0.143s] colcon.colcon_core.package_identification Level 1 _identify(src/openarm_ros2/openarm_hardware) by extensions ['ignore', 'ignore_ament_install']
[0.143s] colcon.colcon_core.package_identification Level 1 _identify(src/openarm_ros2/openarm_hardware) by extension 'ignore'
[0.143s] colcon.colcon_core.package_identification Level 1 _identify(src/openarm_ros2/openarm_hardware) by extension 'ignore_ament_install'
[0.143s] colcon.colcon_core.package_identification Level 1 _identify(src/openarm_ros2/openarm_hardware) by extensions ['colcon_pkg']
[0.143s] colcon.colcon_core.package_identification Level 1 _identify(src/openarm_ros2/openarm_hardware) by extension 'colcon_pkg'
[0.143s] colcon.colcon_core.package_identification Level 1 _identify(src/openarm_ros2/openarm_hardware) by extensions ['colcon_meta']
[0.143s] colcon.colcon_core.package_identification Level 1 _identify(src/openarm_ros2/openarm_hardware) by extension 'colcon_meta'
[0.143s] colcon.colcon_core.package_identification Level 1 _identify(src/openarm_ros2/openarm_hardware) by extensions ['ros']
[0.143s] colcon.colcon_core.package_identification Level 1 _identify(src/openarm_ros2/openarm_hardware) by extension 'ros'
[0.144s] colcon.colcon_core.package_identification DEBUG Package 'src/openarm_ros2/openarm_hardware' with type 'ros.ament_cmake' and name 'openarm_hardware'
[0.144s] colcon.colcon_core.package_discovery Level 1 discover_packages(recursive) using defaults
[0.144s] colcon.colcon_core.package_discovery Level 1 discover_packages(ignore) discover
[0.144s] colcon.colcon_core.package_discovery Level 1 discover_packages(ignore) using defaults
[0.144s] colcon.colcon_core.package_discovery Level 1 discover_packages(path) discover
[0.144s] colcon.colcon_core.package_discovery Level 1 discover_packages(path) using defaults
[0.152s] colcon.colcon_core.package_discovery Level 1 discover_packages(prefix_path) check parameters
[0.152s] colcon.colcon_core.package_discovery Level 1 discover_packages(prefix_path) discover
[0.153s] colcon.colcon_installed_package_information.package_discovery DEBUG Found 388 installed packages in /opt/ros/humble
[0.154s] colcon.colcon_core.package_discovery Level 1 discover_packages(prefix_path) using defaults
[0.173s] colcon.colcon_core.verb Level 5 set package 'bio_ik' build argument 'cmake_args' from command line to 'None'
[0.173s] colcon.colcon_core.verb Level 5 set package 'bio_ik' build argument 'cmake_target' from command line to 'None'
[0.173s] colcon.colcon_core.verb Level 5 set package 'bio_ik' build argument 'cmake_target_skip_unavailable' from command line to 'False'
[0.173s] colcon.colcon_core.verb Level 5 set package 'bio_ik' build argument 'cmake_clean_cache' from command line to 'False'
[0.173s] colcon.colcon_core.verb Level 5 set package 'bio_ik' build argument 'cmake_clean_first' from command line to 'False'
[0.173s] colcon.colcon_core.verb Level 5 set package 'bio_ik' build argument 'cmake_force_configure' from command line to 'False'
[0.173s] colcon.colcon_core.verb Level 5 set package 'bio_ik' build argument 'ament_cmake_args' from command line to 'None'
[0.173s] colcon.colcon_core.verb Level 5 set package 'bio_ik' build argument 'catkin_cmake_args' from command line to 'None'
[0.173s] colcon.colcon_core.verb Level 5 set package 'bio_ik' build argument 'catkin_skip_building_tests' from command line to 'False'
[0.173s] colcon.colcon_core.verb DEBUG Building package 'bio_ik' with the following arguments: {'ament_cmake_args': None, 'build_base': '/home/taoqiu/ros2_ws/build/bio_ik', 'catkin_cmake_args': None, 'catkin_skip_building_tests': False, 'cmake_args': None, 'cmake_clean_cache': False, 'cmake_clean_first': False, 'cmake_force_configure': False, 'cmake_target': None, 'cmake_target_skip_unavailable': False, 'install_base': '/home/taoqiu/ros2_ws/install/bio_ik', 'merge_install': False, 'path': '/home/taoqiu/ros2_ws/src/bio_ik', 'symlink_install': False, 'test_result_base': None}
[0.174s] colcon.colcon_core.verb Level 5 set package 'openarm_acm_tool' build argument 'cmake_args' from command line to 'None'
[0.174s] colcon.colcon_core.verb Level 5 set package 'openarm_acm_tool' build argument 'cmake_target' from command line to 'None'
[0.174s] colcon.colcon_core.verb Level 5 set package 'openarm_acm_tool' build argument 'cmake_target_skip_unavailable' from command line to 'False'
[0.174s] colcon.colcon_core.verb Level 5 set package 'openarm_acm_tool' build argument 'cmake_clean_cache' from command line to 'False'
[0.174s] colcon.colcon_core.verb Level 5 set package 'openarm_acm_tool' build argument 'cmake_clean_first' from command line to 'False'
[0.174s] colcon.colcon_core.verb Level 5 set package 'openarm_acm_tool' build argument 'cmake_force_configure' from command line to 'False'
[0.174s] colcon.colcon_core.verb Level 5 set package 'openarm_acm_tool' build argument 'ament_cmake_args' from command line to 'None'
[0.174s] colcon.colcon_core.verb Level 5 set package 'openarm_acm_tool' build argument 'catkin_cmake_args' from command line to 'None'
[0.174s] colcon.colcon_core.verb Level 5 set package 'openarm_acm_tool' build argument 'catkin_skip_building_tests' from command line to 'False'
[0.174s] colcon.colcon_core.verb DEBUG Building package 'openarm_acm_tool' with the following arguments: {'ament_cmake_args': None, 'build_base': '/home/taoqiu/ros2_ws/build/openarm_acm_tool', 'catkin_cmake_args': None, 'catkin_skip_building_tests': False, 'cmake_args': None, 'cmake_clean_cache': False, 'cmake_clean_first': False, 'cmake_force_configure': False, 'cmake_target': None, 'cmake_target_skip_unavailable': False, 'install_base': '/home/taoqiu/ros2_ws/install/openarm_acm_tool', 'merge_install': False, 'path': '/home/taoqiu/ros2_ws/src/openarm_ros2/openarm_acm_tool', 'symlink_install': False, 'test_result_base': None}
[0.174s] colcon.colcon_core.verb Level 5 set package 'openarm_can' build argument 'cmake_args' from command line to 'None'
[0.174s] colcon.colcon_core.verb Level 5 set package 'openarm_can' build argument 'cmake_target' from command line to 'None'
[0.174s] colcon.colcon_core.verb Level 5 set package 'openarm_can' build argument 'cmake_target_skip_unavailable' from command line to 'False'
[0.174s] colcon.colcon_core.verb Level 5 set package 'openarm_can' build argument 'cmake_clean_cache' from command line to 'False'
[0.174s] colcon.colcon_core.verb Level 5 set package 'openarm_can' build argument 'cmake_clean_first' from command line to 'False'
[0.174s] colcon.colcon_core.verb Level 5 set package 'openarm_can' build argument 'cmake_force_configure' from command line to 'False'
[0.174s] colcon.colcon_core.verb Level 5 set package 'openarm_can' build argument 'ament_cmake_args' from command line to 'None'
[0.174s] colcon.colcon_core.verb Level 5 set package 'openarm_can' build argument 'catkin_cmake_args' from command line to 'None'
[0.174s] colcon.colcon_core.verb Level 5 set package 'openarm_can' build argument 'catkin_skip_building_tests' from command line to 'False'
[0.174s] colcon.colcon_core.verb DEBUG Building package 'openarm_can' with the following arguments: {'ament_cmake_args': None, 'build_base': '/home/taoqiu/ros2_ws/build/openarm_can', 'catkin_cmake_args': None, 'catkin_skip_building_tests': False, 'cmake_args': None, 'cmake_clean_cache': False, 'cmake_clean_first': False, 'cmake_force_configure': False, 'cmake_target': None, 'cmake_target_skip_unavailable': False, 'install_base': '/home/taoqiu/ros2_ws/install/openarm_can', 'merge_install': False, 'path': '/home/taoqiu/ros2_ws/src/openarm_can', 'symlink_install': False, 'test_result_base': None}
[0.174s] colcon.colcon_core.verb Level 5 set package 'openarm_description' build argument 'cmake_args' from command line to 'None'
[0.174s] colcon.colcon_core.verb Level 5 set package 'openarm_description' build argument 'cmake_target' from command line to 'None'
[0.174s] colcon.colcon_core.verb Level 5 set package 'openarm_description' build argument 'cmake_target_skip_unavailable' from command line to 'False'
[0.174s] colcon.colcon_core.verb Level 5 set package 'openarm_description' build argument 'cmake_clean_cache' from command line to 'False'
[0.174s] colcon.colcon_core.verb Level 5 set package 'openarm_description' build argument 'cmake_clean_first' from command line to 'False'
[0.174s] colcon.colcon_core.verb Level 5 set package 'openarm_description' build argument 'cmake_force_configure' from command line to 'False'
[0.174s] colcon.colcon_core.verb Level 5 set package 'openarm_description' build argument 'ament_cmake_args' from command line to 'None'
[0.174s] colcon.colcon_core.verb Level 5 set package 'openarm_description' build argument 'catkin_cmake_args' from command line to 'None'
[0.174s] colcon.colcon_core.verb Level 5 set package 'openarm_description' build argument 'catkin_skip_building_tests' from command line to 'False'
[0.174s] colcon.colcon_core.verb DEBUG Building package 'openarm_description' with the following arguments: {'ament_cmake_args': None, 'build_base': '/home/taoqiu/ros2_ws/build/openarm_description', 'catkin_cmake_args': None, 'catkin_skip_building_tests': False, 'cmake_args': None, 'cmake_clean_cache': False, 'cmake_clean_first': False, 'cmake_force_configure': False, 'cmake_target': None, 'cmake_target_skip_unavailable': False, 'install_base': '/home/taoqiu/ros2_ws/install/openarm_description', 'merge_install': False, 'path': '/home/taoqiu/ros2_ws/src/openarm_description', 'symlink_install': False, 'test_result_base': None}
[0.174s] colcon.colcon_core.verb Level 5 set package 'openarm_bimanual_moveit_config' build argument 'cmake_args' from command line to 'None'
[0.174s] colcon.colcon_core.verb Level 5 set package 'openarm_bimanual_moveit_config' build argument 'cmake_target' from command line to 'None'
[0.174s] colcon.colcon_core.verb Level 5 set package 'openarm_bimanual_moveit_config' build argument 'cmake_target_skip_unavailable' from command line to 'False'
[0.174s] colcon.colcon_core.verb Level 5 set package 'openarm_bimanual_moveit_config' build argument 'cmake_clean_cache' from command line to 'False'
[0.174s] colcon.colcon_core.verb Level 5 set package 'openarm_bimanual_moveit_config' build argument 'cmake_clean_first' from command line to 'False'
[0.174s] colcon.colcon_core.verb Level 5 set package 'openarm_bimanual_moveit_config' build argument 'cmake_force_configure' from command line to 'False'
[0.174s] colcon.colcon_core.verb Level 5 set package 'openarm_bimanual_moveit_config' build argument 'ament_cmake_args' from command line to 'None'
[0.174s] colcon.colcon_core.verb Level 5 set package 'openarm_bimanual_moveit_config' build argument 'catkin_cmake_args' from command line to 'None'
[0.174s] colcon.colcon_core.verb Level 5 set package 'openarm_bimanual_moveit_config' build argument 'catkin_skip_building_tests' from command line to 'False'
[0.174s] colcon.colcon_core.verb DEBUG Building package 'openarm_bimanual_moveit_config' with the following arguments: {'ament_cmake_args': None, 'build_base': '/home/taoqiu/ros2_ws/build/openarm_bimanual_moveit_config', 'catkin_cmake_args': None, 'catkin_skip_building_tests': False, 'cmake_args': None, 'cmake_clean_cache': False, 'cmake_clean_first': False, 'cmake_force_configure': False, 'cmake_target': None, 'cmake_target_skip_unavailable': False, 'install_base': '/home/taoqiu/ros2_ws/install/openarm_bimanual_moveit_config', 'merge_install': False, 'path': '/home/taoqiu/ros2_ws/src/openarm_ros2/openarm_bimanual_moveit_config', 'symlink_install': False, 'test_result_base': None}
[0.174s] colcon.colcon_core.verb Level 5 set package 'openarm_hardware' build argument 'cmake_args' from command line to 'None'
[0.174s] colcon.colcon_core.verb Level 5 set package 'openarm_hardware' build argument 'cmake_target' from command line to 'None'
[0.174s] colcon.colcon_core.verb Level 5 set package 'openarm_hardware' build argument 'cmake_target_skip_unavailable' from command line to 'False'
[0.174s] colcon.colcon_core.verb Level 5 set package 'openarm_hardware' build argument 'cmake_clean_cache' from command line to 'False'
[0.174s] colcon.colcon_core.verb Level 5 set package 'openarm_hardware' build argument 'cmake_clean_first' from command line to 'False'
[0.174s] colcon.colcon_core.verb Level 5 set package 'openarm_hardware' build argument 'cmake_force_configure' from command line to 'False'
[0.174s] colcon.colcon_core.verb Level 5 set package 'openarm_hardware' build argument 'ament_cmake_args' from command line to 'None'
[0.174s] colcon.colcon_core.verb Level 5 set package 'openarm_hardware' build argument 'catkin_cmake_args' from command line to 'None'
[0.174s] colcon.colcon_core.verb Level 5 set package 'openarm_hardware' build argument 'catkin_skip_building_tests' from command line to 'False'
[0.174s] colcon.colcon_core.verb DEBUG Building package 'openarm_hardware' with the following arguments: {'ament_cmake_args': None, 'build_base': '/home/taoqiu/ros2_ws/build/openarm_hardware', 'catkin_cmake_args': None, 'catkin_skip_building_tests': False, 'cmake_args': None, 'cmake_clean_cache': False, 'cmake_clean_first': False, 'cmake_force_configure': False, 'cmake_target': None, 'cmake_target_skip_unavailable': False, 'install_base': '/home/taoqiu/ros2_ws/install/openarm_hardware', 'merge_install': False, 'path': '/home/taoqiu/ros2_ws/src/openarm_ros2/openarm_hardware', 'symlink_install': False, 'test_result_base': None}
[0.174s] colcon.colcon_core.verb Level 5 set package 'openarm_bringup' build argument 'cmake_args' from command line to 'None'
[0.175s] colcon.colcon_core.verb Level 5 set package 'openarm_bringup' build argument 'cmake_target' from command line to 'None'
[0.175s] colcon.colcon_core.verb Level 5 set package 'openarm_bringup' build argument 'cmake_target_skip_unavailable' from command line to 'False'
[0.175s] colcon.colcon_core.verb Level 5 set package 'openarm_bringup' build argument 'cmake_clean_cache' from command line to 'False'
[0.175s] colcon.colcon_core.verb Level 5 set package 'openarm_bringup' build argument 'cmake_clean_first' from command line to 'False'
[0.175s] colcon.colcon_core.verb Level 5 set package 'openarm_bringup' build argument 'cmake_force_configure' from command line to 'False'
[0.175s] colcon.colcon_core.verb Level 5 set package 'openarm_bringup' build argument 'ament_cmake_args' from command line to 'None'
[0.175s] colcon.colcon_core.verb Level 5 set package 'openarm_bringup' build argument 'catkin_cmake_args' from command line to 'None'
[0.175s] colcon.colcon_core.verb Level 5 set package 'openarm_bringup' build argument 'catkin_skip_building_tests' from command line to 'False'
[0.175s] colcon.colcon_core.verb DEBUG Building package 'openarm_bringup' with the following arguments: {'ament_cmake_args': None, 'build_base': '/home/taoqiu/ros2_ws/build/openarm_bringup', 'catkin_cmake_args': None, 'catkin_skip_building_tests': False, 'cmake_args': None, 'cmake_clean_cache': False, 'cmake_clean_first': False, 'cmake_force_configure': False, 'cmake_target': None, 'cmake_target_skip_unavailable': False, 'install_base': '/home/taoqiu/ros2_ws/install/openarm_bringup', 'merge_install': False, 'path': '/home/taoqiu/ros2_ws/src/openarm_ros2/openarm_bringup', 'symlink_install': False, 'test_result_base': None}
[0.175s] colcon.colcon_core.verb Level 5 set package 'openarm' build argument 'cmake_args' from command line to 'None'
[0.175s] colcon.colcon_core.verb Level 5 set package 'openarm' build argument 'cmake_target' from command line to 'None'
[0.175s] colcon.colcon_core.verb Level 5 set package 'openarm' build argument 'cmake_target_skip_unavailable' from command line to 'False'
[0.175s] colcon.colcon_core.verb Level 5 set package 'openarm' build argument 'cmake_clean_cache' from command line to 'False'
[0.175s] colcon.colcon_core.verb Level 5 set package 'openarm' build argument 'cmake_clean_first' from command line to 'False'
[0.175s] colcon.colcon_core.verb Level 5 set package 'openarm' build argument 'cmake_force_configure' from command line to 'False'
[0.175s] colcon.colcon_core.verb Level 5 set package 'openarm' build argument 'ament_cmake_args' from command line to 'None'
[0.175s] colcon.colcon_core.verb Level 5 set package 'openarm' build argument 'catkin_cmake_args' from command line to 'None'
[0.175s] colcon.colcon_core.verb Level 5 set package 'openarm' build argument 'catkin_skip_building_tests' from command line to 'False'
[0.175s] colcon.colcon_core.verb DEBUG Building package 'openarm' with the following arguments: {'ament_cmake_args': None, 'build_base': '/home/taoqiu/ros2_ws/build/openarm', 'catkin_cmake_args': None, 'catkin_skip_building_tests': False, 'cmake_args': None, 'cmake_clean_cache': False, 'cmake_clean_first': False, 'cmake_force_configure': False, 'cmake_target': None, 'cmake_target_skip_unavailable': False, 'install_base': '/home/taoqiu/ros2_ws/install/openarm', 'merge_install': False, 'path': '/home/taoqiu/ros2_ws/src/openarm_ros2/openarm', 'symlink_install': False, 'test_result_base': None}
[0.175s] colcon.colcon_core.executor INFO Executing jobs using 'parallel' executor
[0.175s] colcon.colcon_parallel_executor.executor.parallel DEBUG run_until_complete
[0.175s] colcon.colcon_ros.task.ament_cmake.build INFO Building ROS package in '/home/taoqiu/ros2_ws/src/openarm_description' with build type 'ament_cmake'
[0.176s] colcon.colcon_cmake.task.cmake.build INFO Building CMake package in '/home/taoqiu/ros2_ws/src/openarm_description'
[0.177s] colcon.colcon_core.plugin_system INFO Skipping extension 'colcon_core.shell.bat': Not used on non-Windows systems
[0.177s] colcon.colcon_core.shell INFO Skip shell extension 'powershell' for command environment: Not usable outside of PowerShell
[0.177s] colcon.colcon_core.shell DEBUG Skip shell extension 'dsv' for command environment
[0.178s] colcon.colcon_ros.task.cmake.build INFO Building ROS package in '/home/taoqiu/ros2_ws/src/openarm_can' with build type 'cmake'
[0.178s] colcon.colcon_cmake.task.cmake.build INFO Building CMake package in '/home/taoqiu/ros2_ws/src/openarm_can'
[0.178s] colcon.colcon_core.shell INFO Skip shell extension 'powershell' for command environment: Not usable outside of PowerShell
[0.178s] colcon.colcon_core.shell DEBUG Skip shell extension 'dsv' for command environment
[0.180s] colcon.colcon_ros.task.ament_cmake.build INFO Building ROS package in '/home/taoqiu/ros2_ws/src/bio_ik' with build type 'ament_cmake'
[0.180s] colcon.colcon_cmake.task.cmake.build INFO Building CMake package in '/home/taoqiu/ros2_ws/src/bio_ik'
[0.180s] colcon.colcon_core.shell INFO Skip shell extension 'powershell' for command environment: Not usable outside of PowerShell
[0.180s] colcon.colcon_core.shell DEBUG Skip shell extension 'dsv' for command environment
[0.181s] colcon.colcon_ros.task.ament_cmake.build INFO Building ROS package in '/home/taoqiu/ros2_ws/src/openarm_ros2/openarm_acm_tool' with build type 'ament_cmake'
[0.181s] colcon.colcon_cmake.task.cmake.build INFO Building CMake package in '/home/taoqiu/ros2_ws/src/openarm_ros2/openarm_acm_tool'
[0.181s] colcon.colcon_core.shell INFO Skip shell extension 'powershell' for command environment: Not usable outside of PowerShell
[0.181s] colcon.colcon_core.shell DEBUG Skip shell extension 'dsv' for command environment
[0.184s] colcon.colcon_core.event_handler.log_command DEBUG Invoking command in '/home/taoqiu/ros2_ws/build/openarm_description': CMAKE_PREFIX_PATH=/opt/ros/humble CONDA_PROMPT_MODIFIER=(base) /usr/bin/cmake --build /home/taoqiu/ros2_ws/build/openarm_description -- -j24 -l24
[0.184s] colcon.colcon_core.event_handler.log_command DEBUG Invoking command in '/home/taoqiu/ros2_ws/build/openarm_can': CMAKE_PREFIX_PATH=/opt/ros/humble CONDA_PROMPT_MODIFIER=(base) /usr/bin/cmake --build /home/taoqiu/ros2_ws/build/openarm_can -- -j24 -l24
[0.186s] colcon.colcon_core.event_handler.log_command DEBUG Invoking command in '/home/taoqiu/ros2_ws/build/bio_ik': CMAKE_PREFIX_PATH=/opt/ros/humble CONDA_PROMPT_MODIFIER=(base) /usr/bin/cmake /home/taoqiu/ros2_ws/src/bio_ik -DCMAKE_INSTALL_PREFIX=/home/taoqiu/ros2_ws/install/bio_ik
[0.187s] colcon.colcon_core.event_handler.log_command DEBUG Invoking command in '/home/taoqiu/ros2_ws/build/openarm_acm_tool': CMAKE_PREFIX_PATH=/opt/ros/humble CONDA_PROMPT_MODIFIER=(base) /usr/bin/cmake --build /home/taoqiu/ros2_ws/build/openarm_acm_tool -- -j24 -l24
[0.208s] colcon.colcon_core.event_handler.log_command DEBUG Invoked command in '/home/taoqiu/ros2_ws/build/openarm_description' returned '0': CMAKE_PREFIX_PATH=/opt/ros/humble CONDA_PROMPT_MODIFIER=(base) /usr/bin/cmake --build /home/taoqiu/ros2_ws/build/openarm_description -- -j24 -l24
[0.214s] colcon.colcon_core.event_handler.log_command DEBUG Invoking command in '/home/taoqiu/ros2_ws/build/openarm_description': CMAKE_PREFIX_PATH=/opt/ros/humble CONDA_PROMPT_MODIFIER=(base) /usr/bin/cmake --install /home/taoqiu/ros2_ws/build/openarm_description
[0.227s] colcon.colcon_core.environment Level 1 create_environment_scripts_only(openarm_description)
[0.231s] colcon.colcon_core.event_handler.log_command DEBUG Invoked command in '/home/taoqiu/ros2_ws/build/openarm_description' returned '0': CMAKE_PREFIX_PATH=/opt/ros/humble CONDA_PROMPT_MODIFIER=(base) /usr/bin/cmake --install /home/taoqiu/ros2_ws/build/openarm_description
[0.233s] colcon.colcon_core.environment Level 1 checking '/home/taoqiu/ros2_ws/install/openarm_description' for CMake module files
[0.233s] colcon.colcon_core.environment Level 1 checking '/home/taoqiu/ros2_ws/install/openarm_description' for CMake config files
[0.234s] colcon.colcon_core.shell Level 1 create_environment_hook('openarm_description', 'cmake_prefix_path')
[0.235s] colcon.colcon_core.shell INFO Creating environment hook '/home/taoqiu/ros2_ws/install/openarm_description/share/openarm_description/hook/cmake_prefix_path.ps1'
[0.235s] colcon.colcon_core.shell INFO Creating environment descriptor '/home/taoqiu/ros2_ws/install/openarm_description/share/openarm_description/hook/cmake_prefix_path.dsv'
[0.235s] colcon.colcon_core.shell INFO Creating environment hook '/home/taoqiu/ros2_ws/install/openarm_description/share/openarm_description/hook/cmake_prefix_path.sh'
[0.236s] colcon.colcon_core.environment Level 1 checking '/home/taoqiu/ros2_ws/install/openarm_description/bin'
[0.236s] colcon.colcon_core.environment Level 1 checking '/home/taoqiu/ros2_ws/install/openarm_description/lib/pkgconfig/openarm_description.pc'
[0.236s] colcon.colcon_core.environment Level 1 checking '/home/taoqiu/ros2_ws/install/openarm_description/lib/python3.10/site-packages'
[0.237s] colcon.colcon_core.environment Level 1 checking '/home/taoqiu/ros2_ws/install/openarm_description/bin'
[0.237s] colcon.colcon_core.shell INFO Creating package script '/home/taoqiu/ros2_ws/install/openarm_description/share/openarm_description/package.ps1'
[0.238s] colcon.colcon_core.shell INFO Creating package descriptor '/home/taoqiu/ros2_ws/install/openarm_description/share/openarm_description/package.dsv'
[0.238s] colcon.colcon_core.shell INFO Creating package script '/home/taoqiu/ros2_ws/install/openarm_description/share/openarm_description/package.sh'
[0.238s] colcon.colcon_core.shell INFO Creating package script '/home/taoqiu/ros2_ws/install/openarm_description/share/openarm_description/package.bash'
[0.239s] colcon.colcon_core.shell INFO Creating package script '/home/taoqiu/ros2_ws/install/openarm_description/share/openarm_description/package.zsh'
[0.240s] colcon.colcon_core.environment Level 1 create_file_with_runtime_dependencies(/home/taoqiu/ros2_ws/install/openarm_description/share/colcon-core/packages/openarm_description)
[0.240s] colcon.colcon_core.environment Level 1 create_environment_scripts_only(openarm_description)
[0.240s] colcon.colcon_core.environment Level 1 checking '/home/taoqiu/ros2_ws/install/openarm_description' for CMake module files
[0.240s] colcon.colcon_core.environment Level 1 checking '/home/taoqiu/ros2_ws/install/openarm_description' for CMake config files
[0.242s] colcon.colcon_core.shell Level 1 create_environment_hook('openarm_description', 'cmake_prefix_path')
[0.242s] colcon.colcon_core.shell INFO Creating environment hook '/home/taoqiu/ros2_ws/install/openarm_description/share/openarm_description/hook/cmake_prefix_path.ps1'
[0.242s] colcon.colcon_core.shell INFO Creating environment descriptor '/home/taoqiu/ros2_ws/install/openarm_description/share/openarm_description/hook/cmake_prefix_path.dsv'
[0.242s] colcon.colcon_core.shell INFO Creating environment hook '/home/taoqiu/ros2_ws/install/openarm_description/share/openarm_description/hook/cmake_prefix_path.sh'
[0.243s] colcon.colcon_core.environment Level 1 checking '/home/taoqiu/ros2_ws/install/openarm_description/bin'
[0.243s] colcon.colcon_core.environment Level 1 checking '/home/taoqiu/ros2_ws/install/openarm_description/lib/pkgconfig/openarm_description.pc'
[0.243s] colcon.colcon_core.environment Level 1 checking '/home/taoqiu/ros2_ws/install/openarm_description/lib/python3.10/site-packages'
[0.243s] colcon.colcon_core.environment Level 1 checking '/home/taoqiu/ros2_ws/install/openarm_description/bin'
[0.243s] colcon.colcon_core.shell INFO Creating package script '/home/taoqiu/ros2_ws/install/openarm_description/share/openarm_description/package.ps1'
[0.244s] colcon.colcon_core.shell INFO Creating package descriptor '/home/taoqiu/ros2_ws/install/openarm_description/share/openarm_description/package.dsv'
[0.244s] colcon.colcon_core.shell INFO Creating package script '/home/taoqiu/ros2_ws/install/openarm_description/share/openarm_description/package.sh'
[0.245s] colcon.colcon_core.shell INFO Creating package script '/home/taoqiu/ros2_ws/install/openarm_description/share/openarm_description/package.bash'
[0.245s] colcon.colcon_core.shell INFO Creating package script '/home/taoqiu/ros2_ws/install/openarm_description/share/openarm_description/package.zsh'
[0.245s] colcon.colcon_core.environment Level 1 create_file_with_runtime_dependencies(/home/taoqiu/ros2_ws/install/openarm_description/share/colcon-core/packages/openarm_description)
[0.245s] colcon.colcon_ros.task.ament_cmake.build INFO Building ROS package in '/home/taoqiu/ros2_ws/src/openarm_ros2/openarm_bimanual_moveit_config' with build type 'ament_cmake'
[0.245s] colcon.colcon_cmake.task.cmake.build INFO Building CMake package in '/home/taoqiu/ros2_ws/src/openarm_ros2/openarm_bimanual_moveit_config'
[0.246s] colcon.colcon_core.shell INFO Skip shell extension 'powershell' for command environment: Not usable outside of PowerShell
[0.246s] colcon.colcon_core.shell DEBUG Skip shell extension 'dsv' for command environment
[0.247s] colcon.colcon_core.event_handler.log_command DEBUG Invoked command in '/home/taoqiu/ros2_ws/build/openarm_can' returned '0': CMAKE_PREFIX_PATH=/opt/ros/humble CONDA_PROMPT_MODIFIER=(base) /usr/bin/cmake --build /home/taoqiu/ros2_ws/build/openarm_can -- -j24 -l24
[0.248s] colcon.colcon_core.event_handler.log_command DEBUG Invoking command in '/home/taoqiu/ros2_ws/build/openarm_can': CMAKE_PREFIX_PATH=/opt/ros/humble CONDA_PROMPT_MODIFIER=(base) /usr/bin/cmake --install /home/taoqiu/ros2_ws/build/openarm_can
[0.248s] colcon.colcon_core.event_handler.log_command DEBUG Invoked command in '/home/taoqiu/ros2_ws/build/openarm_acm_tool' returned '0': CMAKE_PREFIX_PATH=/opt/ros/humble CONDA_PROMPT_MODIFIER=(base) /usr/bin/cmake --build /home/taoqiu/ros2_ws/build/openarm_acm_tool -- -j24 -l24
[0.249s] colcon.colcon_core.event_handler.log_command DEBUG Invoking command in '/home/taoqiu/ros2_ws/build/openarm_acm_tool': CMAKE_PREFIX_PATH=/opt/ros/humble CONDA_PROMPT_MODIFIER=(base) /usr/bin/cmake --install /home/taoqiu/ros2_ws/build/openarm_acm_tool
[0.250s] colcon.colcon_core.event_handler.log_command DEBUG Invoking command in '/home/taoqiu/ros2_ws/build/openarm_bimanual_moveit_config': AMENT_PREFIX_PATH=/home/taoqiu/ros2_ws/install/openarm_description:${AMENT_PREFIX_PATH} CMAKE_PREFIX_PATH=/home/taoqiu/ros2_ws/install/openarm_description:/opt/ros/humble CONDA_PROMPT_MODIFIER=(base) /usr/bin/cmake --build /home/taoqiu/ros2_ws/build/openarm_bimanual_moveit_config -- -j24 -l24
[0.253s] colcon.colcon_core.environment Level 1 create_environment_scripts_only(openarm_acm_tool)
[0.253s] colcon.colcon_core.environment Level 1 checking '/home/taoqiu/ros2_ws/install/openarm_acm_tool' for CMake module files
[0.254s] colcon.colcon_core.event_handler.log_command DEBUG Invoked command in '/home/taoqiu/ros2_ws/build/openarm_acm_tool' returned '0': CMAKE_PREFIX_PATH=/opt/ros/humble CONDA_PROMPT_MODIFIER=(base) /usr/bin/cmake --install /home/taoqiu/ros2_ws/build/openarm_acm_tool
[0.254s] colcon.colcon_core.environment Level 1 checking '/home/taoqiu/ros2_ws/install/openarm_acm_tool' for CMake config files
[0.254s] colcon.colcon_core.shell Level 1 create_environment_hook('openarm_acm_tool', 'cmake_prefix_path')
[0.255s] colcon.colcon_core.shell INFO Creating environment hook '/home/taoqiu/ros2_ws/install/openarm_acm_tool/share/openarm_acm_tool/hook/cmake_prefix_path.ps1'
[0.255s] colcon.colcon_core.shell INFO Creating environment descriptor '/home/taoqiu/ros2_ws/install/openarm_acm_tool/share/openarm_acm_tool/hook/cmake_prefix_path.dsv'
[0.255s] colcon.colcon_core.shell INFO Creating environment hook '/home/taoqiu/ros2_ws/install/openarm_acm_tool/share/openarm_acm_tool/hook/cmake_prefix_path.sh'
[0.256s] colcon.colcon_core.environment Level 1 checking '/home/taoqiu/ros2_ws/install/openarm_acm_tool/lib'
[0.256s] colcon.colcon_core.environment Level 1 checking '/home/taoqiu/ros2_ws/install/openarm_acm_tool/bin'
[0.256s] colcon.colcon_core.environment Level 1 checking '/home/taoqiu/ros2_ws/install/openarm_acm_tool/lib/pkgconfig/openarm_acm_tool.pc'
[0.256s] colcon.colcon_core.environment Level 1 checking '/home/taoqiu/ros2_ws/install/openarm_acm_tool/lib/python3.10/site-packages'
[0.256s] colcon.colcon_core.environment Level 1 checking '/home/taoqiu/ros2_ws/install/openarm_acm_tool/bin'
[0.257s] colcon.colcon_core.shell INFO Creating package script '/home/taoqiu/ros2_ws/install/openarm_acm_tool/share/openarm_acm_tool/package.ps1'
[0.257s] colcon.colcon_core.shell INFO Creating package descriptor '/home/taoqiu/ros2_ws/install/openarm_acm_tool/share/openarm_acm_tool/package.dsv'
[0.257s] colcon.colcon_core.shell INFO Creating package script '/home/taoqiu/ros2_ws/install/openarm_acm_tool/share/openarm_acm_tool/package.sh'
[0.257s] colcon.colcon_core.shell INFO Creating package script '/home/taoqiu/ros2_ws/install/openarm_acm_tool/share/openarm_acm_tool/package.bash'
[0.258s] colcon.colcon_core.shell INFO Creating package script '/home/taoqiu/ros2_ws/install/openarm_acm_tool/share/openarm_acm_tool/package.zsh'
[0.258s] colcon.colcon_core.environment Level 1 create_file_with_runtime_dependencies(/home/taoqiu/ros2_ws/install/openarm_acm_tool/share/colcon-core/packages/openarm_acm_tool)
[0.258s] colcon.colcon_core.environment Level 1 create_environment_scripts_only(openarm_acm_tool)
[0.259s] colcon.colcon_core.environment Level 1 checking '/home/taoqiu/ros2_ws/install/openarm_acm_tool' for CMake module files
[0.259s] colcon.colcon_core.environment Level 1 checking '/home/taoqiu/ros2_ws/install/openarm_acm_tool' for CMake config files
[0.259s] colcon.colcon_core.shell Level 1 create_environment_hook('openarm_acm_tool', 'cmake_prefix_path')
[0.259s] colcon.colcon_core.shell INFO Creating environment hook '/home/taoqiu/ros2_ws/install/openarm_acm_tool/share/openarm_acm_tool/hook/cmake_prefix_path.ps1'
[0.260s] colcon.colcon_core.shell INFO Creating environment descriptor '/home/taoqiu/ros2_ws/install/openarm_acm_tool/share/openarm_acm_tool/hook/cmake_prefix_path.dsv'
[0.260s] colcon.colcon_core.shell INFO Creating environment hook '/home/taoqiu/ros2_ws/install/openarm_acm_tool/share/openarm_acm_tool/hook/cmake_prefix_path.sh'
[0.260s] colcon.colcon_core.environment Level 1 checking '/home/taoqiu/ros2_ws/install/openarm_acm_tool/lib'
[0.260s] colcon.colcon_core.environment Level 1 checking '/home/taoqiu/ros2_ws/install/openarm_acm_tool/bin'
[0.260s] colcon.colcon_core.environment Level 1 checking '/home/taoqiu/ros2_ws/install/openarm_acm_tool/lib/pkgconfig/openarm_acm_tool.pc'
[0.260s] colcon.colcon_core.environment Level 1 checking '/home/taoqiu/ros2_ws/install/openarm_acm_tool/lib/python3.10/site-packages'
[0.261s] colcon.colcon_core.environment Level 1 checking '/home/taoqiu/ros2_ws/install/openarm_acm_tool/bin'
[0.261s] colcon.colcon_core.shell INFO Creating package script '/home/taoqiu/ros2_ws/install/openarm_acm_tool/share/openarm_acm_tool/package.ps1'
[0.261s] colcon.colcon_core.shell INFO Creating package descriptor '/home/taoqiu/ros2_ws/install/openarm_acm_tool/share/openarm_acm_tool/package.dsv'
[0.262s] colcon.colcon_core.shell INFO Creating package script '/home/taoqiu/ros2_ws/install/openarm_acm_tool/share/openarm_acm_tool/package.sh'
[0.262s] colcon.colcon_core.shell INFO Creating package script '/home/taoqiu/ros2_ws/install/openarm_acm_tool/share/openarm_acm_tool/package.bash'
[0.262s] colcon.colcon_core.shell INFO Creating package script '/home/taoqiu/ros2_ws/install/openarm_acm_tool/share/openarm_acm_tool/package.zsh'
[0.263s] colcon.colcon_core.environment Level 1 create_file_with_runtime_dependencies(/home/taoqiu/ros2_ws/install/openarm_acm_tool/share/colcon-core/packages/openarm_acm_tool)
[0.264s] colcon.colcon_core.event_handler.log_command DEBUG Invoked command in '/home/taoqiu/ros2_ws/build/openarm_can' returned '0': CMAKE_PREFIX_PATH=/opt/ros/humble CONDA_PROMPT_MODIFIER=(base) /usr/bin/cmake --install /home/taoqiu/ros2_ws/build/openarm_can
[0.264s] colcon.colcon_core.shell Level 1 create_environment_hook('openarm_can', 'pkg_config_path')
[0.264s] colcon.colcon_core.shell INFO Creating environment hook '/home/taoqiu/ros2_ws/install/openarm_can/share/openarm_can/hook/pkg_config_path.ps1'
[0.265s] colcon.colcon_core.shell INFO Creating environment descriptor '/home/taoqiu/ros2_ws/install/openarm_can/share/openarm_can/hook/pkg_config_path.dsv'
[0.265s] colcon.colcon_core.shell INFO Creating environment hook '/home/taoqiu/ros2_ws/install/openarm_can/share/openarm_can/hook/pkg_config_path.sh'
[0.266s] colcon.colcon_core.shell Level 1 create_environment_hook('openarm_can', 'pkg_config_path_multiarch')
[0.266s] colcon.colcon_core.shell INFO Creating environment hook '/home/taoqiu/ros2_ws/install/openarm_can/share/openarm_can/hook/pkg_config_path_multiarch.ps1'
[0.266s] colcon.colcon_core.shell INFO Creating environment descriptor '/home/taoqiu/ros2_ws/install/openarm_can/share/openarm_can/hook/pkg_config_path_multiarch.dsv'
[0.267s] colcon.colcon_core.shell INFO Creating environment hook '/home/taoqiu/ros2_ws/install/openarm_can/share/openarm_can/hook/pkg_config_path_multiarch.sh'
[0.267s] colcon.colcon_core.environment Level 1 create_environment_scripts_only(openarm_can)
[0.267s] colcon.colcon_core.environment Level 1 checking '/home/taoqiu/ros2_ws/install/openarm_can' for CMake module files
[0.267s] colcon.colcon_core.environment Level 1 checking '/home/taoqiu/ros2_ws/install/openarm_can' for CMake config files
[0.268s] colcon.colcon_core.shell Level 1 create_environment_hook('openarm_can', 'cmake_prefix_path')
[0.268s] colcon.colcon_core.shell INFO Creating environment hook '/home/taoqiu/ros2_ws/install/openarm_can/share/openarm_can/hook/cmake_prefix_path.ps1'
[0.268s] colcon.colcon_core.shell INFO Creating environment descriptor '/home/taoqiu/ros2_ws/install/openarm_can/share/openarm_can/hook/cmake_prefix_path.dsv'
[0.268s] colcon.colcon_core.shell INFO Creating environment hook '/home/taoqiu/ros2_ws/install/openarm_can/share/openarm_can/hook/cmake_prefix_path.sh'
[0.269s] colcon.colcon_core.environment Level 1 checking '/home/taoqiu/ros2_ws/install/openarm_can/lib'
[0.269s] colcon.colcon_core.environment Level 1 checking '/home/taoqiu/ros2_ws/install/openarm_can/bin'
[0.269s] colcon.colcon_core.shell Level 1 create_environment_hook('openarm_can', 'path')
[0.269s] colcon.colcon_core.shell INFO Creating environment hook '/home/taoqiu/ros2_ws/install/openarm_can/share/openarm_can/hook/path.ps1'
[0.269s] colcon.colcon_core.shell INFO Creating environment descriptor '/home/taoqiu/ros2_ws/install/openarm_can/share/openarm_can/hook/path.dsv'
[0.269s] colcon.colcon_core.shell INFO Creating environment hook '/home/taoqiu/ros2_ws/install/openarm_can/share/openarm_can/hook/path.sh'
[0.270s] colcon.colcon_core.environment Level 1 checking '/home/taoqiu/ros2_ws/install/openarm_can/lib/pkgconfig/openarm_can.pc'
[0.270s] colcon.colcon_core.environment Level 1 checking '/home/taoqiu/ros2_ws/install/openarm_can/lib/python3.10/site-packages'
[0.270s] colcon.colcon_core.environment Level 1 checking '/home/taoqiu/ros2_ws/install/openarm_can/bin'
[0.270s] colcon.colcon_core.shell Level 1 create_environment_hook('openarm_can', 'pythonscriptspath')
[0.270s] colcon.colcon_core.shell INFO Creating environment hook '/home/taoqiu/ros2_ws/install/openarm_can/share/openarm_can/hook/pythonscriptspath.ps1'
[0.271s] colcon.colcon_core.shell INFO Creating environment descriptor '/home/taoqiu/ros2_ws/install/openarm_can/share/openarm_can/hook/pythonscriptspath.dsv'
[0.271s] colcon.colcon_core.shell INFO Creating environment hook '/home/taoqiu/ros2_ws/install/openarm_can/share/openarm_can/hook/pythonscriptspath.sh'
[0.271s] colcon.colcon_core.shell INFO Creating package script '/home/taoqiu/ros2_ws/install/openarm_can/share/openarm_can/package.ps1'
[0.272s] colcon.colcon_core.shell INFO Creating package descriptor '/home/taoqiu/ros2_ws/install/openarm_can/share/openarm_can/package.dsv'
[0.272s] colcon.colcon_core.shell INFO Creating package script '/home/taoqiu/ros2_ws/install/openarm_can/share/openarm_can/package.sh'
[0.272s] colcon.colcon_core.shell INFO Creating package script '/home/taoqiu/ros2_ws/install/openarm_can/share/openarm_can/package.bash'
[0.272s] colcon.colcon_core.shell INFO Creating package script '/home/taoqiu/ros2_ws/install/openarm_can/share/openarm_can/package.zsh'
[0.273s] colcon.colcon_core.environment Level 1 create_file_with_runtime_dependencies(/home/taoqiu/ros2_ws/install/openarm_can/share/colcon-core/packages/openarm_can)
[0.273s] colcon.colcon_ros.task.ament_cmake.build INFO Building ROS package in '/home/taoqiu/ros2_ws/src/openarm_ros2/openarm_hardware' with build type 'ament_cmake'
[0.273s] colcon.colcon_cmake.task.cmake.build INFO Building CMake package in '/home/taoqiu/ros2_ws/src/openarm_ros2/openarm_hardware'
[0.273s] colcon.colcon_core.shell INFO Skip shell extension 'powershell' for command environment: Not usable outside of PowerShell
[0.273s] colcon.colcon_core.shell DEBUG Skip shell extension 'dsv' for command environment
[0.275s] colcon.colcon_core.event_handler.log_command DEBUG Invoked command in '/home/taoqiu/ros2_ws/build/openarm_bimanual_moveit_config' returned '0': AMENT_PREFIX_PATH=/home/taoqiu/ros2_ws/install/openarm_description:${AMENT_PREFIX_PATH} CMAKE_PREFIX_PATH=/home/taoqiu/ros2_ws/install/openarm_description:/opt/ros/humble CONDA_PROMPT_MODIFIER=(base) /usr/bin/cmake --build /home/taoqiu/ros2_ws/build/openarm_bimanual_moveit_config -- -j24 -l24
[0.275s] colcon.colcon_core.event_handler.log_command DEBUG Invoking command in '/home/taoqiu/ros2_ws/build/openarm_bimanual_moveit_config': AMENT_PREFIX_PATH=/home/taoqiu/ros2_ws/install/openarm_description:${AMENT_PREFIX_PATH} CMAKE_PREFIX_PATH=/home/taoqiu/ros2_ws/install/openarm_description:/opt/ros/humble CONDA_PROMPT_MODIFIER=(base) /usr/bin/cmake --install /home/taoqiu/ros2_ws/build/openarm_bimanual_moveit_config
[0.278s] colcon.colcon_core.event_handler.log_command DEBUG Invoking command in '/home/taoqiu/ros2_ws/build/openarm_hardware': CMAKE_PREFIX_PATH=/home/taoqiu/ros2_ws/install/openarm_can:/opt/ros/humble CONDA_PROMPT_MODIFIER=(base) PATH=/home/taoqiu/ros2_ws/install/openarm_can/bin:${PATH} PKG_CONFIG_PATH=/home/taoqiu/ros2_ws/install/openarm_can/lib/x86_64-linux-gnu/pkgconfig:/home/taoqiu/ros2_ws/install/openarm_can/lib/pkgconfig /usr/bin/cmake --build /home/taoqiu/ros2_ws/build/openarm_hardware -- -j24 -l24
[0.281s] colcon.colcon_core.environment Level 1 create_environment_scripts_only(openarm_bimanual_moveit_config)
[0.281s] colcon.colcon_core.environment Level 1 checking '/home/taoqiu/ros2_ws/install/openarm_bimanual_moveit_config' for CMake module files
[0.282s] colcon.colcon_core.event_handler.log_command DEBUG Invoked command in '/home/taoqiu/ros2_ws/build/openarm_bimanual_moveit_config' returned '0': AMENT_PREFIX_PATH=/home/taoqiu/ros2_ws/install/openarm_description:${AMENT_PREFIX_PATH} CMAKE_PREFIX_PATH=/home/taoqiu/ros2_ws/install/openarm_description:/opt/ros/humble CONDA_PROMPT_MODIFIER=(base) /usr/bin/cmake --install /home/taoqiu/ros2_ws/build/openarm_bimanual_moveit_config
[0.282s] colcon.colcon_core.environment Level 1 checking '/home/taoqiu/ros2_ws/install/openarm_bimanual_moveit_config' for CMake config files
[0.282s] colcon.colcon_core.shell Level 1 create_environment_hook('openarm_bimanual_moveit_config', 'cmake_prefix_path')
[0.282s] colcon.colcon_core.shell INFO Creating environment hook '/home/taoqiu/ros2_ws/install/openarm_bimanual_moveit_config/share/openarm_bimanual_moveit_config/hook/cmake_prefix_path.ps1'
[0.282s] colcon.colcon_core.shell INFO Creating environment descriptor '/home/taoqiu/ros2_ws/install/openarm_bimanual_moveit_config/share/openarm_bimanual_moveit_config/hook/cmake_prefix_path.dsv'
[0.282s] colcon.colcon_core.shell INFO Creating environment hook '/home/taoqiu/ros2_ws/install/openarm_bimanual_moveit_config/share/openarm_bimanual_moveit_config/hook/cmake_prefix_path.sh'
[0.283s] colcon.colcon_core.environment Level 1 checking '/home/taoqiu/ros2_ws/install/openarm_bimanual_moveit_config/bin'
[0.283s] colcon.colcon_core.environment Level 1 checking '/home/taoqiu/ros2_ws/install/openarm_bimanual_moveit_config/lib/pkgconfig/openarm_bimanual_moveit_config.pc'
[0.283s] colcon.colcon_core.environment Level 1 checking '/home/taoqiu/ros2_ws/install/openarm_bimanual_moveit_config/lib/python3.10/site-packages'
[0.283s] colcon.colcon_core.environment Level 1 checking '/home/taoqiu/ros2_ws/install/openarm_bimanual_moveit_config/bin'
[0.283s] colcon.colcon_core.shell INFO Creating package script '/home/taoqiu/ros2_ws/install/openarm_bimanual_moveit_config/share/openarm_bimanual_moveit_config/package.ps1'
[0.283s] colcon.colcon_core.shell INFO Creating package descriptor '/home/taoqiu/ros2_ws/install/openarm_bimanual_moveit_config/share/openarm_bimanual_moveit_config/package.dsv'
[0.283s] colcon.colcon_core.shell INFO Creating package script '/home/taoqiu/ros2_ws/install/openarm_bimanual_moveit_config/share/openarm_bimanual_moveit_config/package.sh'
[0.284s] colcon.colcon_core.shell INFO Creating package script '/home/taoqiu/ros2_ws/install/openarm_bimanual_moveit_config/share/openarm_bimanual_moveit_config/package.bash'
[0.284s] colcon.colcon_core.shell INFO Creating package script '/home/taoqiu/ros2_ws/install/openarm_bimanual_moveit_config/share/openarm_bimanual_moveit_config/package.zsh'
[0.284s] colcon.colcon_core.environment Level 1 create_file_with_runtime_dependencies(/home/taoqiu/ros2_ws/install/openarm_bimanual_moveit_config/share/colcon-core/packages/openarm_bimanual_moveit_config)
[0.284s] colcon.colcon_core.environment Level 1 create_environment_scripts_only(openarm_bimanual_moveit_config)
[0.284s] colcon.colcon_core.environment Level 1 checking '/home/taoqiu/ros2_ws/install/openarm_bimanual_moveit_config' for CMake module files
[0.284s] colcon.colcon_core.environment Level 1 checking '/home/taoqiu/ros2_ws/install/openarm_bimanual_moveit_config' for CMake config files
[0.284s] colcon.colcon_core.shell Level 1 create_environment_hook('openarm_bimanual_moveit_config', 'cmake_prefix_path')
[0.284s] colcon.colcon_core.shell INFO Creating environment hook '/home/taoqiu/ros2_ws/install/openarm_bimanual_moveit_config/share/openarm_bimanual_moveit_config/hook/cmake_prefix_path.ps1'
[0.285s] colcon.colcon_core.shell INFO Creating environment descriptor '/home/taoqiu/ros2_ws/install/openarm_bimanual_moveit_config/share/openarm_bimanual_moveit_config/hook/cmake_prefix_path.dsv'
[0.285s] colcon.colcon_core.shell INFO Creating environment hook '/home/taoqiu/ros2_ws/install/openarm_bimanual_moveit_config/share/openarm_bimanual_moveit_config/hook/cmake_prefix_path.sh'
[0.285s] colcon.colcon_core.environment Level 1 checking '/home/taoqiu/ros2_ws/install/openarm_bimanual_moveit_config/bin'
[0.285s] colcon.colcon_core.environment Level 1 checking '/home/taoqiu/ros2_ws/install/openarm_bimanual_moveit_config/lib/pkgconfig/openarm_bimanual_moveit_config.pc'
[0.285s] colcon.colcon_core.environment Level 1 checking '/home/taoqiu/ros2_ws/install/openarm_bimanual_moveit_config/lib/python3.10/site-packages'
[0.285s] colcon.colcon_core.environment Level 1 checking '/home/taoqiu/ros2_ws/install/openarm_bimanual_moveit_config/bin'
[0.285s] colcon.colcon_core.shell INFO Creating package script '/home/taoqiu/ros2_ws/install/openarm_bimanual_moveit_config/share/openarm_bimanual_moveit_config/package.ps1'
[0.285s] colcon.colcon_core.shell INFO Creating package descriptor '/home/taoqiu/ros2_ws/install/openarm_bimanual_moveit_config/share/openarm_bimanual_moveit_config/package.dsv'
[0.286s] colcon.colcon_core.shell INFO Creating package script '/home/taoqiu/ros2_ws/install/openarm_bimanual_moveit_config/share/openarm_bimanual_moveit_config/package.sh'
[0.286s] colcon.colcon_core.shell INFO Creating package script '/home/taoqiu/ros2_ws/install/openarm_bimanual_moveit_config/share/openarm_bimanual_moveit_config/package.bash'
[0.286s] colcon.colcon_core.shell INFO Creating package script '/home/taoqiu/ros2_ws/install/openarm_bimanual_moveit_config/share/openarm_bimanual_moveit_config/package.zsh'
[0.286s] colcon.colcon_core.environment Level 1 create_file_with_runtime_dependencies(/home/taoqiu/ros2_ws/install/openarm_bimanual_moveit_config/share/colcon-core/packages/openarm_bimanual_moveit_config)
[0.286s] colcon.colcon_ros.task.ament_cmake.build INFO Building ROS package in '/home/taoqiu/ros2_ws/src/openarm_ros2/openarm_bringup' with build type 'ament_cmake'
[0.286s] colcon.colcon_cmake.task.cmake.build INFO Building CMake package in '/home/taoqiu/ros2_ws/src/openarm_ros2/openarm_bringup'
[0.286s] colcon.colcon_core.shell INFO Skip shell extension 'powershell' for command environment: Not usable outside of PowerShell
[0.286s] colcon.colcon_core.shell DEBUG Skip shell extension 'dsv' for command environment
[0.291s] colcon.colcon_core.event_handler.log_command DEBUG Invoking command in '/home/taoqiu/ros2_ws/build/openarm_bringup': AMENT_PREFIX_PATH=/home/taoqiu/ros2_ws/install/openarm_bimanual_moveit_config:/home/taoqiu/ros2_ws/install/openarm_description:${AMENT_PREFIX_PATH} CMAKE_PREFIX_PATH=/home/taoqiu/ros2_ws/install/openarm_bimanual_moveit_config:/home/taoqiu/ros2_ws/install/openarm_description:/opt/ros/humble CONDA_PROMPT_MODIFIER=(base) /usr/bin/cmake --build /home/taoqiu/ros2_ws/build/openarm_bringup -- -j24 -l24
[0.309s] colcon.colcon_core.event_handler.log_command DEBUG Invoked command in '/home/taoqiu/ros2_ws/build/openarm_bringup' returned '0': AMENT_PREFIX_PATH=/home/taoqiu/ros2_ws/install/openarm_bimanual_moveit_config:/home/taoqiu/ros2_ws/install/openarm_description:${AMENT_PREFIX_PATH} CMAKE_PREFIX_PATH=/home/taoqiu/ros2_ws/install/openarm_bimanual_moveit_config:/home/taoqiu/ros2_ws/install/openarm_description:/opt/ros/humble CONDA_PROMPT_MODIFIER=(base) /usr/bin/cmake --build /home/taoqiu/ros2_ws/build/openarm_bringup -- -j24 -l24
[0.310s] colcon.colcon_core.event_handler.log_command DEBUG Invoking command in '/home/taoqiu/ros2_ws/build/openarm_bringup': AMENT_PREFIX_PATH=/home/taoqiu/ros2_ws/install/openarm_bimanual_moveit_config:/home/taoqiu/ros2_ws/install/openarm_description:${AMENT_PREFIX_PATH} CMAKE_PREFIX_PATH=/home/taoqiu/ros2_ws/install/openarm_bimanual_moveit_config:/home/taoqiu/ros2_ws/install/openarm_description:/opt/ros/humble CONDA_PROMPT_MODIFIER=(base) /usr/bin/cmake --install /home/taoqiu/ros2_ws/build/openarm_bringup
[0.316s] colcon.colcon_core.environment Level 1 create_environment_scripts_only(openarm_bringup)
[0.317s] colcon.colcon_core.environment Level 1 checking '/home/taoqiu/ros2_ws/install/openarm_bringup' for CMake module files
[0.317s] colcon.colcon_core.environment Level 1 checking '/home/taoqiu/ros2_ws/install/openarm_bringup' for CMake config files
[0.318s] colcon.colcon_core.shell Level 1 create_environment_hook('openarm_bringup', 'cmake_prefix_path')
[0.318s] colcon.colcon_core.shell INFO Creating environment hook '/home/taoqiu/ros2_ws/install/openarm_bringup/share/openarm_bringup/hook/cmake_prefix_path.ps1'
[0.319s] colcon.colcon_core.event_handler.log_command DEBUG Invoked command in '/home/taoqiu/ros2_ws/build/openarm_bringup' returned '0': AMENT_PREFIX_PATH=/home/taoqiu/ros2_ws/install/openarm_bimanual_moveit_config:/home/taoqiu/ros2_ws/install/openarm_description:${AMENT_PREFIX_PATH} CMAKE_PREFIX_PATH=/home/taoqiu/ros2_ws/install/openarm_bimanual_moveit_config:/home/taoqiu/ros2_ws/install/openarm_description:/opt/ros/humble CONDA_PROMPT_MODIFIER=(base) /usr/bin/cmake --install /home/taoqiu/ros2_ws/build/openarm_bringup
[0.319s] colcon.colcon_core.shell INFO Creating environment descriptor '/home/taoqiu/ros2_ws/install/openarm_bringup/share/openarm_bringup/hook/cmake_prefix_path.dsv'
[0.319s] colcon.colcon_core.shell INFO Creating environment hook '/home/taoqiu/ros2_ws/install/openarm_bringup/share/openarm_bringup/hook/cmake_prefix_path.sh'
[0.320s] colcon.colcon_core.environment Level 1 checking '/home/taoqiu/ros2_ws/install/openarm_bringup/bin'
[0.320s] colcon.colcon_core.environment Level 1 checking '/home/taoqiu/ros2_ws/install/openarm_bringup/lib/pkgconfig/openarm_bringup.pc'
[0.320s] colcon.colcon_core.environment Level 1 checking '/home/taoqiu/ros2_ws/install/openarm_bringup/lib/python3.10/site-packages'
[0.320s] colcon.colcon_core.environment Level 1 checking '/home/taoqiu/ros2_ws/install/openarm_bringup/bin'
[0.320s] colcon.colcon_core.shell INFO Creating package script '/home/taoqiu/ros2_ws/install/openarm_bringup/share/openarm_bringup/package.ps1'
[0.321s] colcon.colcon_core.shell INFO Creating package descriptor '/home/taoqiu/ros2_ws/install/openarm_bringup/share/openarm_bringup/package.dsv'
[0.321s] colcon.colcon_core.shell INFO Creating package script '/home/taoqiu/ros2_ws/install/openarm_bringup/share/openarm_bringup/package.sh'
[0.321s] colcon.colcon_core.shell INFO Creating package script '/home/taoqiu/ros2_ws/install/openarm_bringup/share/openarm_bringup/package.bash'
[0.322s] colcon.colcon_core.shell INFO Creating package script '/home/taoqiu/ros2_ws/install/openarm_bringup/share/openarm_bringup/package.zsh'
[0.322s] colcon.colcon_core.environment Level 1 create_file_with_runtime_dependencies(/home/taoqiu/ros2_ws/install/openarm_bringup/share/colcon-core/packages/openarm_bringup)
[0.322s] colcon.colcon_core.environment Level 1 create_environment_scripts_only(openarm_bringup)
[0.322s] colcon.colcon_core.environment Level 1 checking '/home/taoqiu/ros2_ws/install/openarm_bringup' for CMake module files
[0.322s] colcon.colcon_core.environment Level 1 checking '/home/taoqiu/ros2_ws/install/openarm_bringup' for CMake config files
[0.322s] colcon.colcon_core.shell Level 1 create_environment_hook('openarm_bringup', 'cmake_prefix_path')
[0.322s] colcon.colcon_core.shell INFO Creating environment hook '/home/taoqiu/ros2_ws/install/openarm_bringup/share/openarm_bringup/hook/cmake_prefix_path.ps1'
[0.323s] colcon.colcon_core.shell INFO Creating environment descriptor '/home/taoqiu/ros2_ws/install/openarm_bringup/share/openarm_bringup/hook/cmake_prefix_path.dsv'
[0.323s] colcon.colcon_core.shell INFO Creating environment hook '/home/taoqiu/ros2_ws/install/openarm_bringup/share/openarm_bringup/hook/cmake_prefix_path.sh'
[0.323s] colcon.colcon_core.environment Level 1 checking '/home/taoqiu/ros2_ws/install/openarm_bringup/bin'
[0.323s] colcon.colcon_core.environment Level 1 checking '/home/taoqiu/ros2_ws/install/openarm_bringup/lib/pkgconfig/openarm_bringup.pc'
[0.323s] colcon.colcon_core.environment Level 1 checking '/home/taoqiu/ros2_ws/install/openarm_bringup/lib/python3.10/site-packages'
[0.323s] colcon.colcon_core.environment Level 1 checking '/home/taoqiu/ros2_ws/install/openarm_bringup/bin'
[0.323s] colcon.colcon_core.shell INFO Creating package script '/home/taoqiu/ros2_ws/install/openarm_bringup/share/openarm_bringup/package.ps1'
[0.324s] colcon.colcon_core.shell INFO Creating package descriptor '/home/taoqiu/ros2_ws/install/openarm_bringup/share/openarm_bringup/package.dsv'
[0.324s] colcon.colcon_core.shell INFO Creating package script '/home/taoqiu/ros2_ws/install/openarm_bringup/share/openarm_bringup/package.sh'
[0.324s] colcon.colcon_core.shell INFO Creating package script '/home/taoqiu/ros2_ws/install/openarm_bringup/share/openarm_bringup/package.bash'
[0.324s] colcon.colcon_core.shell INFO Creating package script '/home/taoqiu/ros2_ws/install/openarm_bringup/share/openarm_bringup/package.zsh'
[0.324s] colcon.colcon_core.environment Level 1 create_file_with_runtime_dependencies(/home/taoqiu/ros2_ws/install/openarm_bringup/share/colcon-core/packages/openarm_bringup)
[0.325s] colcon.colcon_core.event_handler.log_command DEBUG Invoked command in '/home/taoqiu/ros2_ws/build/openarm_hardware' returned '0': CMAKE_PREFIX_PATH=/home/taoqiu/ros2_ws/install/openarm_can:/opt/ros/humble CONDA_PROMPT_MODIFIER=(base) PATH=/home/taoqiu/ros2_ws/install/openarm_can/bin:${PATH} PKG_CONFIG_PATH=/home/taoqiu/ros2_ws/install/openarm_can/lib/x86_64-linux-gnu/pkgconfig:/home/taoqiu/ros2_ws/install/openarm_can/lib/pkgconfig /usr/bin/cmake --build /home/taoqiu/ros2_ws/build/openarm_hardware -- -j24 -l24
[0.326s] colcon.colcon_core.event_handler.log_command DEBUG Invoking command in '/home/taoqiu/ros2_ws/build/openarm_hardware': CMAKE_PREFIX_PATH=/home/taoqiu/ros2_ws/install/openarm_can:/opt/ros/humble CONDA_PROMPT_MODIFIER=(base) PATH=/home/taoqiu/ros2_ws/install/openarm_can/bin:${PATH} PKG_CONFIG_PATH=/home/taoqiu/ros2_ws/install/openarm_can/lib/x86_64-linux-gnu/pkgconfig:/home/taoqiu/ros2_ws/install/openarm_can/lib/pkgconfig /usr/bin/cmake --install /home/taoqiu/ros2_ws/build/openarm_hardware
[0.329s] colcon.colcon_core.environment Level 1 create_environment_scripts_only(openarm_hardware)
[0.329s] colcon.colcon_core.environment Level 1 checking '/home/taoqiu/ros2_ws/install/openarm_hardware' for CMake module files
[0.330s] colcon.colcon_core.event_handler.log_command DEBUG Invoked command in '/home/taoqiu/ros2_ws/build/openarm_hardware' returned '0': CMAKE_PREFIX_PATH=/home/taoqiu/ros2_ws/install/openarm_can:/opt/ros/humble CONDA_PROMPT_MODIFIER=(base) PATH=/home/taoqiu/ros2_ws/install/openarm_can/bin:${PATH} PKG_CONFIG_PATH=/home/taoqiu/ros2_ws/install/openarm_can/lib/x86_64-linux-gnu/pkgconfig:/home/taoqiu/ros2_ws/install/openarm_can/lib/pkgconfig /usr/bin/cmake --install /home/taoqiu/ros2_ws/build/openarm_hardware
[0.330s] colcon.colcon_core.environment Level 1 checking '/home/taoqiu/ros2_ws/install/openarm_hardware' for CMake config files
[0.330s] colcon.colcon_core.shell Level 1 create_environment_hook('openarm_hardware', 'cmake_prefix_path')
[0.330s] colcon.colcon_core.shell INFO Creating environment hook '/home/taoqiu/ros2_ws/install/openarm_hardware/share/openarm_hardware/hook/cmake_prefix_path.ps1'
[0.330s] colcon.colcon_core.shell INFO Creating environment descriptor '/home/taoqiu/ros2_ws/install/openarm_hardware/share/openarm_hardware/hook/cmake_prefix_path.dsv'
[0.330s] colcon.colcon_core.shell INFO Creating environment hook '/home/taoqiu/ros2_ws/install/openarm_hardware/share/openarm_hardware/hook/cmake_prefix_path.sh'
[0.330s] colcon.colcon_core.environment Level 1 checking '/home/taoqiu/ros2_ws/install/openarm_hardware/lib'
[0.331s] colcon.colcon_core.shell Level 1 create_environment_hook('openarm_hardware', 'ld_library_path_lib')
[0.331s] colcon.colcon_core.shell INFO Creating environment hook '/home/taoqiu/ros2_ws/install/openarm_hardware/share/openarm_hardware/hook/ld_library_path_lib.ps1'
[0.331s] colcon.colcon_core.shell INFO Creating environment descriptor '/home/taoqiu/ros2_ws/install/openarm_hardware/share/openarm_hardware/hook/ld_library_path_lib.dsv'
[0.331s] colcon.colcon_core.shell INFO Creating environment hook '/home/taoqiu/ros2_ws/install/openarm_hardware/share/openarm_hardware/hook/ld_library_path_lib.sh'
[0.331s] colcon.colcon_core.environment Level 1 checking '/home/taoqiu/ros2_ws/install/openarm_hardware/bin'
[0.331s] colcon.colcon_core.environment Level 1 checking '/home/taoqiu/ros2_ws/install/openarm_hardware/lib/pkgconfig/openarm_hardware.pc'
[0.331s] colcon.colcon_core.environment Level 1 checking '/home/taoqiu/ros2_ws/install/openarm_hardware/lib/python3.10/site-packages'
[0.331s] colcon.colcon_core.environment Level 1 checking '/home/taoqiu/ros2_ws/install/openarm_hardware/bin'
[0.331s] colcon.colcon_core.shell INFO Creating package script '/home/taoqiu/ros2_ws/install/openarm_hardware/share/openarm_hardware/package.ps1'
[0.332s] colcon.colcon_core.shell INFO Creating package descriptor '/home/taoqiu/ros2_ws/install/openarm_hardware/share/openarm_hardware/package.dsv'
[0.332s] colcon.colcon_core.shell INFO Creating package script '/home/taoqiu/ros2_ws/install/openarm_hardware/share/openarm_hardware/package.sh'
[0.332s] colcon.colcon_core.shell INFO Creating package script '/home/taoqiu/ros2_ws/install/openarm_hardware/share/openarm_hardware/package.bash'
[0.332s] colcon.colcon_core.shell INFO Creating package script '/home/taoqiu/ros2_ws/install/openarm_hardware/share/openarm_hardware/package.zsh'
[0.332s] colcon.colcon_core.environment Level 1 create_file_with_runtime_dependencies(/home/taoqiu/ros2_ws/install/openarm_hardware/share/colcon-core/packages/openarm_hardware)
[0.333s] colcon.colcon_core.environment Level 1 create_environment_scripts_only(openarm_hardware)
[0.333s] colcon.colcon_core.environment Level 1 checking '/home/taoqiu/ros2_ws/install/openarm_hardware' for CMake module files
[0.333s] colcon.colcon_core.environment Level 1 checking '/home/taoqiu/ros2_ws/install/openarm_hardware' for CMake config files
[0.333s] colcon.colcon_core.shell Level 1 create_environment_hook('openarm_hardware', 'cmake_prefix_path')
[0.333s] colcon.colcon_core.shell INFO Creating environment hook '/home/taoqiu/ros2_ws/install/openarm_hardware/share/openarm_hardware/hook/cmake_prefix_path.ps1'
[0.333s] colcon.colcon_core.shell INFO Creating environment descriptor '/home/taoqiu/ros2_ws/install/openarm_hardware/share/openarm_hardware/hook/cmake_prefix_path.dsv'
[0.333s] colcon.colcon_core.shell INFO Creating environment hook '/home/taoqiu/ros2_ws/install/openarm_hardware/share/openarm_hardware/hook/cmake_prefix_path.sh'
[0.333s] colcon.colcon_core.environment Level 1 checking '/home/taoqiu/ros2_ws/install/openarm_hardware/lib'
[0.333s] colcon.colcon_core.shell Level 1 create_environment_hook('openarm_hardware', 'ld_library_path_lib')
[0.334s] colcon.colcon_core.shell INFO Creating environment hook '/home/taoqiu/ros2_ws/install/openarm_hardware/share/openarm_hardware/hook/ld_library_path_lib.ps1'
[0.334s] colcon.colcon_core.shell INFO Creating environment descriptor '/home/taoqiu/ros2_ws/install/openarm_hardware/share/openarm_hardware/hook/ld_library_path_lib.dsv'
[0.334s] colcon.colcon_core.shell INFO Creating environment hook '/home/taoqiu/ros2_ws/install/openarm_hardware/share/openarm_hardware/hook/ld_library_path_lib.sh'
[0.334s] colcon.colcon_core.environment Level 1 checking '/home/taoqiu/ros2_ws/install/openarm_hardware/bin'
[0.334s] colcon.colcon_core.environment Level 1 checking '/home/taoqiu/ros2_ws/install/openarm_hardware/lib/pkgconfig/openarm_hardware.pc'
[0.334s] colcon.colcon_core.environment Level 1 checking '/home/taoqiu/ros2_ws/install/openarm_hardware/lib/python3.10/site-packages'
[0.334s] colcon.colcon_core.environment Level 1 checking '/home/taoqiu/ros2_ws/install/openarm_hardware/bin'
[0.334s] colcon.colcon_core.shell INFO Creating package script '/home/taoqiu/ros2_ws/install/openarm_hardware/share/openarm_hardware/package.ps1'
[0.335s] colcon.colcon_core.shell INFO Creating package descriptor '/home/taoqiu/ros2_ws/install/openarm_hardware/share/openarm_hardware/package.dsv'
[0.335s] colcon.colcon_core.shell INFO Creating package script '/home/taoqiu/ros2_ws/install/openarm_hardware/share/openarm_hardware/package.sh'
[0.335s] colcon.colcon_core.shell INFO Creating package script '/home/taoqiu/ros2_ws/install/openarm_hardware/share/openarm_hardware/package.bash'
[0.335s] colcon.colcon_core.shell INFO Creating package script '/home/taoqiu/ros2_ws/install/openarm_hardware/share/openarm_hardware/package.zsh'
[0.335s] colcon.colcon_core.environment Level 1 create_file_with_runtime_dependencies(/home/taoqiu/ros2_ws/install/openarm_hardware/share/colcon-core/packages/openarm_hardware)
[0.335s] colcon.colcon_ros.task.ament_cmake.build INFO Building ROS package in '/home/taoqiu/ros2_ws/src/openarm_ros2/openarm' with build type 'ament_cmake'
[0.335s] colcon.colcon_cmake.task.cmake.build INFO Building CMake package in '/home/taoqiu/ros2_ws/src/openarm_ros2/openarm'
[0.335s] colcon.colcon_core.shell INFO Skip shell extension 'powershell' for command environment: Not usable outside of PowerShell
[0.336s] colcon.colcon_core.shell DEBUG Skip shell extension 'dsv' for command environment
[0.343s] colcon.colcon_core.event_handler.log_command DEBUG Invoking command in '/home/taoqiu/ros2_ws/build/openarm': AMENT_PREFIX_PATH=/home/taoqiu/ros2_ws/install/openarm_bringup:/home/taoqiu/ros2_ws/install/openarm_hardware:/home/taoqiu/ros2_ws/install/openarm_bimanual_moveit_config:/home/taoqiu/ros2_ws/install/openarm_description:${AMENT_PREFIX_PATH} CMAKE_PREFIX_PATH=/home/taoqiu/ros2_ws/install/openarm_bringup:/home/taoqiu/ros2_ws/install/openarm_hardware:/home/taoqiu/ros2_ws/install/openarm_bimanual_moveit_config:/home/taoqiu/ros2_ws/install/openarm_description:/home/taoqiu/ros2_ws/install/openarm_can:/opt/ros/humble CONDA_PROMPT_MODIFIER=(base) LD_LIBRARY_PATH=/home/taoqiu/ros2_ws/install/openarm_hardware/lib:${LD_LIBRARY_PATH} PATH=/home/taoqiu/ros2_ws/install/openarm_can/bin:${PATH} PKG_CONFIG_PATH=/home/taoqiu/ros2_ws/install/openarm_can/lib/x86_64-linux-gnu/pkgconfig:/home/taoqiu/ros2_ws/install/openarm_can/lib/pkgconfig /usr/bin/cmake --build /home/taoqiu/ros2_ws/build/openarm -- -j24 -l24
[0.362s] colcon.colcon_core.event_handler.log_command DEBUG Invoked command in '/home/taoqiu/ros2_ws/build/openarm' returned '0': AMENT_PREFIX_PATH=/home/taoqiu/ros2_ws/install/openarm_bringup:/home/taoqiu/ros2_ws/install/openarm_hardware:/home/taoqiu/ros2_ws/install/openarm_bimanual_moveit_config:/home/taoqiu/ros2_ws/install/openarm_description:${AMENT_PREFIX_PATH} CMAKE_PREFIX_PATH=/home/taoqiu/ros2_ws/install/openarm_bringup:/home/taoqiu/ros2_ws/install/openarm_hardware:/home/taoqiu/ros2_ws/install/openarm_bimanual_moveit_config:/home/taoqiu/ros2_ws/install/openarm_description:/home/taoqiu/ros2_ws/install/openarm_can:/opt/ros/humble CONDA_PROMPT_MODIFIER=(base) LD_LIBRARY_PATH=/home/taoqiu/ros2_ws/install/openarm_hardware/lib:${LD_LIBRARY_PATH} PATH=/home/taoqiu/ros2_ws/install/openarm_can/bin:${PATH} PKG_CONFIG_PATH=/home/taoqiu/ros2_ws/install/openarm_can/lib/x86_64-linux-gnu/pkgconfig:/home/taoqiu/ros2_ws/install/openarm_can/lib/pkgconfig /usr/bin/cmake --build /home/taoqiu/ros2_ws/build/openarm -- -j24 -l24
[0.363s] colcon.colcon_core.event_handler.log_command DEBUG Invoking command in '/home/taoqiu/ros2_ws/build/openarm': AMENT_PREFIX_PATH=/home/taoqiu/ros2_ws/install/openarm_bringup:/home/taoqiu/ros2_ws/install/openarm_hardware:/home/taoqiu/ros2_ws/install/openarm_bimanual_moveit_config:/home/taoqiu/ros2_ws/install/openarm_description:${AMENT_PREFIX_PATH} CMAKE_PREFIX_PATH=/home/taoqiu/ros2_ws/install/openarm_bringup:/home/taoqiu/ros2_ws/install/openarm_hardware:/home/taoqiu/ros2_ws/install/openarm_bimanual_moveit_config:/home/taoqiu/ros2_ws/install/openarm_description:/home/taoqiu/ros2_ws/install/openarm_can:/opt/ros/humble CONDA_PROMPT_MODIFIER=(base) LD_LIBRARY_PATH=/home/taoqiu/ros2_ws/install/openarm_hardware/lib:${LD_LIBRARY_PATH} PATH=/home/taoqiu/ros2_ws/install/openarm_can/bin:${PATH} PKG_CONFIG_PATH=/home/taoqiu/ros2_ws/install/openarm_can/lib/x86_64-linux-gnu/pkgconfig:/home/taoqiu/ros2_ws/install/openarm_can/lib/pkgconfig /usr/bin/cmake --install /home/taoqiu/ros2_ws/build/openarm
[0.368s] colcon.colcon_core.environment Level 1 create_environment_scripts_only(openarm)
[0.368s] colcon.colcon_core.environment Level 1 checking '/home/taoqiu/ros2_ws/install/openarm' for CMake module files
[0.368s] colcon.colcon_core.event_handler.log_command DEBUG Invoked command in '/home/taoqiu/ros2_ws/build/openarm' returned '0': AMENT_PREFIX_PATH=/home/taoqiu/ros2_ws/install/openarm_bringup:/home/taoqiu/ros2_ws/install/openarm_hardware:/home/taoqiu/ros2_ws/install/openarm_bimanual_moveit_config:/home/taoqiu/ros2_ws/install/openarm_description:${AMENT_PREFIX_PATH} CMAKE_PREFIX_PATH=/home/taoqiu/ros2_ws/install/openarm_bringup:/home/taoqiu/ros2_ws/install/openarm_hardware:/home/taoqiu/ros2_ws/install/openarm_bimanual_moveit_config:/home/taoqiu/ros2_ws/install/openarm_description:/home/taoqiu/ros2_ws/install/openarm_can:/opt/ros/humble CONDA_PROMPT_MODIFIER=(base) LD_LIBRARY_PATH=/home/taoqiu/ros2_ws/install/openarm_hardware/lib:${LD_LIBRARY_PATH} PATH=/home/taoqiu/ros2_ws/install/openarm_can/bin:${PATH} PKG_CONFIG_PATH=/home/taoqiu/ros2_ws/install/openarm_can/lib/x86_64-linux-gnu/pkgconfig:/home/taoqiu/ros2_ws/install/openarm_can/lib/pkgconfig /usr/bin/cmake --install /home/taoqiu/ros2_ws/build/openarm
[0.368s] colcon.colcon_core.environment Level 1 checking '/home/taoqiu/ros2_ws/install/openarm' for CMake config files
[0.368s] colcon.colcon_core.shell Level 1 create_environment_hook('openarm', 'cmake_prefix_path')
[0.368s] colcon.colcon_core.shell INFO Creating environment hook '/home/taoqiu/ros2_ws/install/openarm/share/openarm/hook/cmake_prefix_path.ps1'
[0.369s] colcon.colcon_core.shell INFO Creating environment descriptor '/home/taoqiu/ros2_ws/install/openarm/share/openarm/hook/cmake_prefix_path.dsv'
[0.369s] colcon.colcon_core.shell INFO Creating environment hook '/home/taoqiu/ros2_ws/install/openarm/share/openarm/hook/cmake_prefix_path.sh'
[0.369s] colcon.colcon_core.environment Level 1 checking '/home/taoqiu/ros2_ws/install/openarm/bin'
[0.369s] colcon.colcon_core.environment Level 1 checking '/home/taoqiu/ros2_ws/install/openarm/lib/pkgconfig/openarm.pc'
[0.369s] colcon.colcon_core.environment Level 1 checking '/home/taoqiu/ros2_ws/install/openarm/lib/python3.10/site-packages'
[0.369s] colcon.colcon_core.environment Level 1 checking '/home/taoqiu/ros2_ws/install/openarm/bin'
[0.369s] colcon.colcon_core.shell INFO Creating package script '/home/taoqiu/ros2_ws/install/openarm/share/openarm/package.ps1'
[0.370s] colcon.colcon_core.shell INFO Creating package descriptor '/home/taoqiu/ros2_ws/install/openarm/share/openarm/package.dsv'
[0.370s] colcon.colcon_core.shell INFO Creating package script '/home/taoqiu/ros2_ws/install/openarm/share/openarm/package.sh'
[0.370s] colcon.colcon_core.shell INFO Creating package script '/home/taoqiu/ros2_ws/install/openarm/share/openarm/package.bash'
[0.370s] colcon.colcon_core.shell INFO Creating package script '/home/taoqiu/ros2_ws/install/openarm/share/openarm/package.zsh'
[0.370s] colcon.colcon_core.environment Level 1 create_file_with_runtime_dependencies(/home/taoqiu/ros2_ws/install/openarm/share/colcon-core/packages/openarm)
[0.370s] colcon.colcon_core.environment Level 1 create_environment_scripts_only(openarm)
[0.370s] colcon.colcon_core.environment Level 1 checking '/home/taoqiu/ros2_ws/install/openarm' for CMake module files
[0.371s] colcon.colcon_core.environment Level 1 checking '/home/taoqiu/ros2_ws/install/openarm' for CMake config files
[0.371s] colcon.colcon_core.shell Level 1 create_environment_hook('openarm', 'cmake_prefix_path')
[0.371s] colcon.colcon_core.shell INFO Creating environment hook '/home/taoqiu/ros2_ws/install/openarm/share/openarm/hook/cmake_prefix_path.ps1'
[0.371s] colcon.colcon_core.shell INFO Creating environment descriptor '/home/taoqiu/ros2_ws/install/openarm/share/openarm/hook/cmake_prefix_path.dsv'
[0.371s] colcon.colcon_core.shell INFO Creating environment hook '/home/taoqiu/ros2_ws/install/openarm/share/openarm/hook/cmake_prefix_path.sh'
[0.371s] colcon.colcon_core.environment Level 1 checking '/home/taoqiu/ros2_ws/install/openarm/bin'
[0.371s] colcon.colcon_core.environment Level 1 checking '/home/taoqiu/ros2_ws/install/openarm/lib/pkgconfig/openarm.pc'
[0.371s] colcon.colcon_core.environment Level 1 checking '/home/taoqiu/ros2_ws/install/openarm/lib/python3.10/site-packages'
[0.372s] colcon.colcon_core.environment Level 1 checking '/home/taoqiu/ros2_ws/install/openarm/bin'
[0.372s] colcon.colcon_core.shell INFO Creating package script '/home/taoqiu/ros2_ws/install/openarm/share/openarm/package.ps1'
[0.372s] colcon.colcon_core.shell INFO Creating package descriptor '/home/taoqiu/ros2_ws/install/openarm/share/openarm/package.dsv'
[0.372s] colcon.colcon_core.shell INFO Creating package script '/home/taoqiu/ros2_ws/install/openarm/share/openarm/package.sh'
[0.372s] colcon.colcon_core.shell INFO Creating package script '/home/taoqiu/ros2_ws/install/openarm/share/openarm/package.bash'
[0.372s] colcon.colcon_core.shell INFO Creating package script '/home/taoqiu/ros2_ws/install/openarm/share/openarm/package.zsh'
[0.373s] colcon.colcon_core.environment Level 1 create_file_with_runtime_dependencies(/home/taoqiu/ros2_ws/install/openarm/share/colcon-core/packages/openarm)
[0.701s] colcon.colcon_core.event_handler.log_command DEBUG Invoked command in '/home/taoqiu/ros2_ws/build/bio_ik' returned '0': CMAKE_PREFIX_PATH=/opt/ros/humble CONDA_PROMPT_MODIFIER=(base) /usr/bin/cmake /home/taoqiu/ros2_ws/src/bio_ik -DCMAKE_INSTALL_PREFIX=/home/taoqiu/ros2_ws/install/bio_ik
[0.701s] colcon.colcon_core.event_handler.log_command DEBUG Invoking command in '/home/taoqiu/ros2_ws/build/bio_ik': CMAKE_PREFIX_PATH=/opt/ros/humble CONDA_PROMPT_MODIFIER=(base) /usr/bin/cmake --build /home/taoqiu/ros2_ws/build/bio_ik -- -j24 -l24
[0.825s] colcon.colcon_core.event_handler.log_command DEBUG Invoked command in '/home/taoqiu/ros2_ws/build/bio_ik' returned '0': CMAKE_PREFIX_PATH=/opt/ros/humble CONDA_PROMPT_MODIFIER=(base) /usr/bin/cmake --build /home/taoqiu/ros2_ws/build/bio_ik -- -j24 -l24
[0.827s] colcon.colcon_core.event_handler.log_command DEBUG Invoking command in '/home/taoqiu/ros2_ws/build/bio_ik': CMAKE_PREFIX_PATH=/opt/ros/humble CONDA_PROMPT_MODIFIER=(base) /usr/bin/cmake --install /home/taoqiu/ros2_ws/build/bio_ik
[0.839s] colcon.colcon_core.environment Level 1 create_environment_scripts_only(bio_ik)
[0.839s] colcon.colcon_core.event_handler.log_command DEBUG Invoked command in '/home/taoqiu/ros2_ws/build/bio_ik' returned '0': CMAKE_PREFIX_PATH=/opt/ros/humble CONDA_PROMPT_MODIFIER=(base) /usr/bin/cmake --install /home/taoqiu/ros2_ws/build/bio_ik
[0.839s] colcon.colcon_core.environment Level 1 checking '/home/taoqiu/ros2_ws/install/bio_ik' for CMake module files
[0.840s] colcon.colcon_core.environment Level 1 checking '/home/taoqiu/ros2_ws/install/bio_ik' for CMake config files
[0.840s] colcon.colcon_core.shell Level 1 create_environment_hook('bio_ik', 'cmake_prefix_path')
[0.840s] colcon.colcon_core.shell INFO Creating environment hook '/home/taoqiu/ros2_ws/install/bio_ik/share/bio_ik/hook/cmake_prefix_path.ps1'
[0.841s] colcon.colcon_core.shell INFO Creating environment descriptor '/home/taoqiu/ros2_ws/install/bio_ik/share/bio_ik/hook/cmake_prefix_path.dsv'
[0.841s] colcon.colcon_core.shell INFO Creating environment hook '/home/taoqiu/ros2_ws/install/bio_ik/share/bio_ik/hook/cmake_prefix_path.sh'
[0.842s] colcon.colcon_core.environment Level 1 checking '/home/taoqiu/ros2_ws/install/bio_ik/lib'
[0.842s] colcon.colcon_core.shell Level 1 create_environment_hook('bio_ik', 'ld_library_path_lib')
[0.842s] colcon.colcon_core.shell INFO Creating environment hook '/home/taoqiu/ros2_ws/install/bio_ik/share/bio_ik/hook/ld_library_path_lib.ps1'
[0.842s] colcon.colcon_core.shell INFO Creating environment descriptor '/home/taoqiu/ros2_ws/install/bio_ik/share/bio_ik/hook/ld_library_path_lib.dsv'
[0.842s] colcon.colcon_core.shell INFO Creating environment hook '/home/taoqiu/ros2_ws/install/bio_ik/share/bio_ik/hook/ld_library_path_lib.sh'
[0.843s] colcon.colcon_core.environment Level 1 checking '/home/taoqiu/ros2_ws/install/bio_ik/bin'
[0.843s] colcon.colcon_core.environment Level 1 checking '/home/taoqiu/ros2_ws/install/bio_ik/lib/pkgconfig/bio_ik.pc'
[0.843s] colcon.colcon_core.environment Level 1 checking '/home/taoqiu/ros2_ws/install/bio_ik/lib/python3.10/site-packages'
[0.843s] colcon.colcon_core.environment Level 1 checking '/home/taoqiu/ros2_ws/install/bio_ik/bin'
[0.843s] colcon.colcon_core.shell INFO Creating package script '/home/taoqiu/ros2_ws/install/bio_ik/share/bio_ik/package.ps1'
[0.844s] colcon.colcon_core.shell INFO Creating package descriptor '/home/taoqiu/ros2_ws/install/bio_ik/share/bio_ik/package.dsv'
[0.844s] colcon.colcon_core.shell INFO Creating package script '/home/taoqiu/ros2_ws/install/bio_ik/share/bio_ik/package.sh'
[0.845s] colcon.colcon_core.shell INFO Creating package script '/home/taoqiu/ros2_ws/install/bio_ik/share/bio_ik/package.bash'
[0.845s] colcon.colcon_core.shell INFO Creating package script '/home/taoqiu/ros2_ws/install/bio_ik/share/bio_ik/package.zsh'
[0.845s] colcon.colcon_core.environment Level 1 create_file_with_runtime_dependencies(/home/taoqiu/ros2_ws/install/bio_ik/share/colcon-core/packages/bio_ik)
[0.845s] colcon.colcon_core.environment Level 1 create_environment_scripts_only(bio_ik)
[0.846s] colcon.colcon_core.environment Level 1 checking '/home/taoqiu/ros2_ws/install/bio_ik' for CMake module files
[0.846s] colcon.colcon_core.environment Level 1 checking '/home/taoqiu/ros2_ws/install/bio_ik' for CMake config files
[0.846s] colcon.colcon_core.shell Level 1 create_environment_hook('bio_ik', 'cmake_prefix_path')
[0.846s] colcon.colcon_core.shell INFO Creating environment hook '/home/taoqiu/ros2_ws/install/bio_ik/share/bio_ik/hook/cmake_prefix_path.ps1'
[0.847s] colcon.colcon_core.shell INFO Creating environment descriptor '/home/taoqiu/ros2_ws/install/bio_ik/share/bio_ik/hook/cmake_prefix_path.dsv'
[0.847s] colcon.colcon_core.shell INFO Creating environment hook '/home/taoqiu/ros2_ws/install/bio_ik/share/bio_ik/hook/cmake_prefix_path.sh'
[0.848s] colcon.colcon_core.environment Level 1 checking '/home/taoqiu/ros2_ws/install/bio_ik/lib'
[0.848s] colcon.colcon_core.shell Level 1 create_environment_hook('bio_ik', 'ld_library_path_lib')
[0.848s] colcon.colcon_core.shell INFO Creating environment hook '/home/taoqiu/ros2_ws/install/bio_ik/share/bio_ik/hook/ld_library_path_lib.ps1'
[0.848s] colcon.colcon_core.shell INFO Creating environment descriptor '/home/taoqiu/ros2_ws/install/bio_ik/share/bio_ik/hook/ld_library_path_lib.dsv'
[0.849s] colcon.colcon_core.shell INFO Creating environment hook '/home/taoqiu/ros2_ws/install/bio_ik/share/bio_ik/hook/ld_library_path_lib.sh'
[0.849s] colcon.colcon_core.environment Level 1 checking '/home/taoqiu/ros2_ws/install/bio_ik/bin'
[0.849s] colcon.colcon_core.environment Level 1 checking '/home/taoqiu/ros2_ws/install/bio_ik/lib/pkgconfig/bio_ik.pc'
[0.849s] colcon.colcon_core.environment Level 1 checking '/home/taoqiu/ros2_ws/install/bio_ik/lib/python3.10/site-packages'
[0.849s] colcon.colcon_core.environment Level 1 checking '/home/taoqiu/ros2_ws/install/bio_ik/bin'
[0.850s] colcon.colcon_core.shell INFO Creating package script '/home/taoqiu/ros2_ws/install/bio_ik/share/bio_ik/package.ps1'
[0.850s] colcon.colcon_core.shell INFO Creating package descriptor '/home/taoqiu/ros2_ws/install/bio_ik/share/bio_ik/package.dsv'
[0.851s] colcon.colcon_core.shell INFO Creating package script '/home/taoqiu/ros2_ws/install/bio_ik/share/bio_ik/package.sh'
[0.851s] colcon.colcon_core.shell INFO Creating package script '/home/taoqiu/ros2_ws/install/bio_ik/share/bio_ik/package.bash'
[0.851s] colcon.colcon_core.shell INFO Creating package script '/home/taoqiu/ros2_ws/install/bio_ik/share/bio_ik/package.zsh'
[0.852s] colcon.colcon_core.environment Level 1 create_file_with_runtime_dependencies(/home/taoqiu/ros2_ws/install/bio_ik/share/colcon-core/packages/bio_ik)
[0.852s] colcon.colcon_parallel_executor.executor.parallel DEBUG closing loop
[0.852s] colcon.colcon_parallel_executor.executor.parallel DEBUG loop closed
[0.852s] colcon.colcon_parallel_executor.executor.parallel DEBUG run_until_complete finished with '0'
[0.852s] colcon.colcon_core.event_reactor DEBUG joining thread
[0.856s] colcon.colcon_core.plugin_system INFO Skipping extension 'colcon_notification.desktop_notification.terminal_notifier': Not used on non-Darwin systems
[0.856s] colcon.colcon_core.plugin_system INFO Skipping extension 'colcon_notification.desktop_notification.win32': Not used on non-Windows systems
[0.856s] colcon.colcon_notification.desktop_notification INFO Sending desktop notification using 'notify2'
[0.877s] colcon.colcon_core.event_reactor DEBUG joined thread
[0.878s] colcon.colcon_core.shell INFO Creating prefix script '/home/taoqiu/ros2_ws/install/local_setup.ps1'
[0.881s] colcon.colcon_core.shell INFO Creating prefix util module '/home/taoqiu/ros2_ws/install/_local_setup_util_ps1.py'
[0.885s] colcon.colcon_core.shell INFO Creating prefix chain script '/home/taoqiu/ros2_ws/install/setup.ps1'
[0.889s] colcon.colcon_core.shell INFO Creating prefix script '/home/taoqiu/ros2_ws/install/local_setup.sh'
[0.891s] colcon.colcon_core.shell INFO Creating prefix util module '/home/taoqiu/ros2_ws/install/_local_setup_util_sh.py'
[0.893s] colcon.colcon_core.shell INFO Creating prefix chain script '/home/taoqiu/ros2_ws/install/setup.sh'
[0.895s] colcon.colcon_core.shell INFO Creating prefix script '/home/taoqiu/ros2_ws/install/local_setup.bash'
[0.896s] colcon.colcon_core.shell INFO Creating prefix chain script '/home/taoqiu/ros2_ws/install/setup.bash'
[0.898s] colcon.colcon_core.shell INFO Creating prefix script '/home/taoqiu/ros2_ws/install/local_setup.zsh'
[0.899s] colcon.colcon_core.shell INFO Creating prefix chain script '/home/taoqiu/ros2_ws/install/setup.zsh'
