running develop
running egg_info
creating openarm_teleop_bridge.egg-info
writing openarm_teleop_bridge.egg-info/PKG-INFO
writing dependency_links to openarm_teleop_bridge.egg-info/dependency_links.txt
writing entry points to openarm_teleop_bridge.egg-info/entry_points.txt
writing requirements to openarm_teleop_bridge.egg-info/requires.txt
writing top-level names to openarm_teleop_bridge.egg-info/top_level.txt
writing manifest file 'openarm_teleop_bridge.egg-info/SOURCES.txt'
reading manifest file 'openarm_teleop_bridge.egg-info/SOURCES.txt'
writing manifest file 'openarm_teleop_bridge.egg-info/SOURCES.txt'
running build_ext
Creating /home/taoqiu/ros2_ws/src/openarm_ros2/openarm_teleop_bridge/install/openarm_teleop_bridge/lib/python3.10/site-packages/openarm-teleop-bridge.egg-link (link to .)
Installing jt_bridge script to /home/taoqiu/ros2_ws/src/openarm_ros2/openarm_teleop_bridge/install/openarm_teleop_bridge/lib/openarm_teleop_bridge

Installed /home/taoqiu/ros2_ws/src/openarm_ros2/openarm_teleop_bridge/build/openarm_teleop_bridge
running symlink_data
creating /home/taoqiu/ros2_ws/src/openarm_ros2/openarm_teleop_bridge/install/openarm_teleop_bridge/share/ament_index
creating /home/taoqiu/ros2_ws/src/openarm_ros2/openarm_teleop_bridge/install/openarm_teleop_bridge/share/ament_index/resource_index
creating /home/taoqiu/ros2_ws/src/openarm_ros2/openarm_teleop_bridge/install/openarm_teleop_bridge/share/ament_index/resource_index/packages
symbolically linking /home/taoqiu/ros2_ws/src/openarm_ros2/openarm_teleop_bridge/build/openarm_teleop_bridge/resource/openarm_teleop_bridge -> /home/taoqiu/ros2_ws/src/openarm_ros2/openarm_teleop_bridge/install/openarm_teleop_bridge/share/ament_index/resource_index/packages
symbolically linking /home/taoqiu/ros2_ws/src/openarm_ros2/openarm_teleop_bridge/build/openarm_teleop_bridge/package.xml -> /home/taoqiu/ros2_ws/src/openarm_ros2/openarm_teleop_bridge/install/openarm_teleop_bridge/share/openarm_teleop_bridge
creating /home/taoqiu/ros2_ws/src/openarm_ros2/openarm_teleop_bridge/install/openarm_teleop_bridge/share/openarm_teleop_bridge/launch
symbolically linking /home/taoqiu/ros2_ws/src/openarm_ros2/openarm_teleop_bridge/build/openarm_teleop_bridge/launch/bridge.launch.py -> /home/taoqiu/ros2_ws/src/openarm_ros2/openarm_teleop_bridge/install/openarm_teleop_bridge/share/openarm_teleop_bridge/launch
symbolically linking /home/taoqiu/ros2_ws/src/openarm_ros2/openarm_teleop_bridge/build/openarm_teleop_bridge/launch/teleop.launch.py -> /home/taoqiu/ros2_ws/src/openarm_ros2/openarm_teleop_bridge/install/openarm_teleop_bridge/share/openarm_teleop_bridge/launch
symbolically linking /home/taoqiu/ros2_ws/src/openarm_ros2/openarm_teleop_bridge/build/openarm_teleop_bridge/launch/teleop_real.launch.py -> /home/taoqiu/ros2_ws/src/openarm_ros2/openarm_teleop_bridge/install/openarm_teleop_bridge/share/openarm_teleop_bridge/launch
