[0.050s] colcon DEBUG Command line arguments: ['/usr/bin/colcon', 'build', '--packages-select', 'openarm_acm_tool']
[0.050s] colcon DEBUG Parsed command line arguments: Namespace(log_base=None, log_level=None, verb_name='build', build_base='build', install_base='install', merge_install=False, symlink_install=False, test_result_base=None, continue_on_error=False, executor='parallel', parallel_workers=24, event_handlers=None, ignore_user_meta=False, metas=['./colcon.meta'], base_paths=['.'], packages_ignore=None, packages_ignore_regex=None, paths=None, packages_up_to=None, packages_up_to_regex=None, packages_above=None, packages_above_and_dependencies=None, packages_above_depth=None, packages_select_by_dep=None, packages_skip_by_dep=None, packages_skip_up_to=None, packages_select_build_failed=False, packages_skip_build_finished=False, packages_select_test_failures=False, packages_skip_test_passed=False, packages_select=['openarm_acm_tool'], packages_skip=None, packages_select_regex=None, packages_skip_regex=None, packages_start=None, packages_end=None, allow_overriding=[], cmake_args=None, cmake_target=None, cmake_target_skip_unavailable=False, cmake_clean_cache=False, cmake_clean_first=False, cmake_force_configure=False, ament_cmake_args=None, catkin_cmake_args=None, catkin_skip_building_tests=False, verb_parser=<colcon_defaults.argument_parser.defaults.DefaultArgumentsDecorator object at 0x73d3b8441000>, verb_extension=<colcon_core.verb.build.BuildVerb object at 0x73d3b8440a30>, main=<bound method BuildVerb.main of <colcon_core.verb.build.BuildVerb object at 0x73d3b8440a30>>)
[0.128s] colcon.colcon_core.package_discovery Level 1 discover_packages(colcon_meta) check parameters
[0.128s] colcon.colcon_core.package_discovery Level 1 discover_packages(recursive) check parameters
[0.128s] colcon.colcon_core.package_discovery Level 1 discover_packages(ignore) check parameters
[0.128s] colcon.colcon_core.package_discovery Level 1 discover_packages(path) check parameters
[0.128s] colcon.colcon_core.package_discovery Level 1 discover_packages(colcon_meta) discover
[0.128s] colcon.colcon_core.package_discovery Level 1 discover_packages(recursive) discover
[0.128s] colcon.colcon_core.package_discovery INFO Crawling recursively for packages in '/home/taoqiu/ros2_ws'
[0.128s] colcon.colcon_core.package_identification Level 1 _identify(.) by extensions ['ignore', 'ignore_ament_install']
[0.128s] colcon.colcon_core.package_identification Level 1 _identify(.) by extension 'ignore'
[0.129s] colcon.colcon_core.package_identification Level 1 _identify(.) by extension 'ignore_ament_install'
[0.129s] colcon.colcon_core.package_identification Level 1 _identify(.) by extensions ['colcon_pkg']
[0.129s] colcon.colcon_core.package_identification Level 1 _identify(.) by extension 'colcon_pkg'
[0.129s] colcon.colcon_core.package_identification Level 1 _identify(.) by extensions ['colcon_meta']
[0.129s] colcon.colcon_core.package_identification Level 1 _identify(.) by extension 'colcon_meta'
[0.129s] colcon.colcon_core.package_identification Level 1 _identify(.) by extensions ['ros']
[0.129s] colcon.colcon_core.package_identification Level 1 _identify(.) by extension 'ros'
[0.138s] colcon.colcon_core.package_identification Level 1 _identify(.) by extensions ['cmake', 'python']
[0.138s] colcon.colcon_core.package_identification Level 1 _identify(.) by extension 'cmake'
[0.138s] colcon.colcon_core.package_identification Level 1 _identify(.) by extension 'python'
[0.138s] colcon.colcon_core.package_identification Level 1 _identify(.) by extensions ['python_setup_py']
[0.138s] colcon.colcon_core.package_identification Level 1 _identify(.) by extension 'python_setup_py'
[0.138s] colcon.colcon_core.package_identification Level 1 _identify(build) by extensions ['ignore', 'ignore_ament_install']
[0.138s] colcon.colcon_core.package_identification Level 1 _identify(build) by extension 'ignore'
[0.138s] colcon.colcon_core.package_identification Level 1 _identify(build) ignored
[0.138s] colcon.colcon_core.package_identification Level 1 _identify(install) by extensions ['ignore', 'ignore_ament_install']
[0.139s] colcon.colcon_core.package_identification Level 1 _identify(install) by extension 'ignore'
[0.139s] colcon.colcon_core.package_identification Level 1 _identify(install) ignored
[0.139s] colcon.colcon_core.package_identification Level 1 _identify(log) by extensions ['ignore', 'ignore_ament_install']
[0.139s] colcon.colcon_core.package_identification Level 1 _identify(log) by extension 'ignore'
[0.139s] colcon.colcon_core.package_identification Level 1 _identify(log) ignored
[0.139s] colcon.colcon_core.package_identification Level 1 _identify(src) by extensions ['ignore', 'ignore_ament_install']
[0.139s] colcon.colcon_core.package_identification Level 1 _identify(src) by extension 'ignore'
[0.139s] colcon.colcon_core.package_identification Level 1 _identify(src) by extension 'ignore_ament_install'
[0.139s] colcon.colcon_core.package_identification Level 1 _identify(src) by extensions ['colcon_pkg']
[0.139s] colcon.colcon_core.package_identification Level 1 _identify(src) by extension 'colcon_pkg'
[0.139s] colcon.colcon_core.package_identification Level 1 _identify(src) by extensions ['colcon_meta']
[0.139s] colcon.colcon_core.package_identification Level 1 _identify(src) by extension 'colcon_meta'
[0.139s] colcon.colcon_core.package_identification Level 1 _identify(src) by extensions ['ros']
[0.139s] colcon.colcon_core.package_identification Level 1 _identify(src) by extension 'ros'
[0.139s] colcon.colcon_core.package_identification Level 1 _identify(src) by extensions ['cmake', 'python']
[0.139s] colcon.colcon_core.package_identification Level 1 _identify(src) by extension 'cmake'
[0.139s] colcon.colcon_core.package_identification Level 1 _identify(src) by extension 'python'
[0.139s] colcon.colcon_core.package_identification Level 1 _identify(src) by extensions ['python_setup_py']
[0.139s] colcon.colcon_core.package_identification Level 1 _identify(src) by extension 'python_setup_py'
[0.139s] colcon.colcon_core.package_identification Level 1 _identify(src/bio_ik) by extensions ['ignore', 'ignore_ament_install']
[0.139s] colcon.colcon_core.package_identification Level 1 _identify(src/bio_ik) by extension 'ignore'
[0.139s] colcon.colcon_core.package_identification Level 1 _identify(src/bio_ik) by extension 'ignore_ament_install'
[0.139s] colcon.colcon_core.package_identification Level 1 _identify(src/bio_ik) by extensions ['colcon_pkg']
[0.139s] colcon.colcon_core.package_identification Level 1 _identify(src/bio_ik) by extension 'colcon_pkg'
[0.139s] colcon.colcon_core.package_identification Level 1 _identify(src/bio_ik) by extensions ['colcon_meta']
[0.139s] colcon.colcon_core.package_identification Level 1 _identify(src/bio_ik) by extension 'colcon_meta'
[0.139s] colcon.colcon_core.package_identification Level 1 _identify(src/bio_ik) by extensions ['ros']
[0.139s] colcon.colcon_core.package_identification Level 1 _identify(src/bio_ik) by extension 'ros'
[0.141s] colcon.colcon_core.package_identification DEBUG Package 'src/bio_ik' with type 'ros.ament_cmake' and name 'bio_ik'
[0.141s] colcon.colcon_core.package_identification Level 1 _identify(src/openarm_can) by extensions ['ignore', 'ignore_ament_install']
[0.141s] colcon.colcon_core.package_identification Level 1 _identify(src/openarm_can) by extension 'ignore'
[0.141s] colcon.colcon_core.package_identification Level 1 _identify(src/openarm_can) by extension 'ignore_ament_install'
[0.141s] colcon.colcon_core.package_identification Level 1 _identify(src/openarm_can) by extensions ['colcon_pkg']
[0.141s] colcon.colcon_core.package_identification Level 1 _identify(src/openarm_can) by extension 'colcon_pkg'
[0.141s] colcon.colcon_core.package_identification Level 1 _identify(src/openarm_can) by extensions ['colcon_meta']
[0.141s] colcon.colcon_core.package_identification Level 1 _identify(src/openarm_can) by extension 'colcon_meta'
[0.141s] colcon.colcon_core.package_identification Level 1 _identify(src/openarm_can) by extensions ['ros']
[0.141s] colcon.colcon_core.package_identification Level 1 _identify(src/openarm_can) by extension 'ros'
[0.141s] colcon.colcon_core.package_identification DEBUG Package 'src/openarm_can' with type 'ros.cmake' and name 'openarm_can'
[0.141s] colcon.colcon_core.package_identification Level 1 _identify(src/openarm_description) by extensions ['ignore', 'ignore_ament_install']
[0.141s] colcon.colcon_core.package_identification Level 1 _identify(src/openarm_description) by extension 'ignore'
[0.141s] colcon.colcon_core.package_identification Level 1 _identify(src/openarm_description) by extension 'ignore_ament_install'
[0.141s] colcon.colcon_core.package_identification Level 1 _identify(src/openarm_description) by extensions ['colcon_pkg']
[0.141s] colcon.colcon_core.package_identification Level 1 _identify(src/openarm_description) by extension 'colcon_pkg'
[0.141s] colcon.colcon_core.package_identification Level 1 _identify(src/openarm_description) by extensions ['colcon_meta']
[0.141s] colcon.colcon_core.package_identification Level 1 _identify(src/openarm_description) by extension 'colcon_meta'
[0.141s] colcon.colcon_core.package_identification Level 1 _identify(src/openarm_description) by extensions ['ros']
[0.141s] colcon.colcon_core.package_identification Level 1 _identify(src/openarm_description) by extension 'ros'
[0.142s] colcon.colcon_core.package_identification DEBUG Package 'src/openarm_description' with type 'ros.ament_cmake' and name 'openarm_description'
[0.142s] colcon.colcon_core.package_identification Level 1 _identify(src/openarm_ros2) by extensions ['ignore', 'ignore_ament_install']
[0.142s] colcon.colcon_core.package_identification Level 1 _identify(src/openarm_ros2) by extension 'ignore'
[0.142s] colcon.colcon_core.package_identification Level 1 _identify(src/openarm_ros2) by extension 'ignore_ament_install'
[0.142s] colcon.colcon_core.package_identification Level 1 _identify(src/openarm_ros2) by extensions ['colcon_pkg']
[0.142s] colcon.colcon_core.package_identification Level 1 _identify(src/openarm_ros2) by extension 'colcon_pkg'
[0.142s] colcon.colcon_core.package_identification Level 1 _identify(src/openarm_ros2) by extensions ['colcon_meta']
[0.142s] colcon.colcon_core.package_identification Level 1 _identify(src/openarm_ros2) by extension 'colcon_meta'
[0.142s] colcon.colcon_core.package_identification Level 1 _identify(src/openarm_ros2) by extensions ['ros']
[0.142s] colcon.colcon_core.package_identification Level 1 _identify(src/openarm_ros2) by extension 'ros'
[0.142s] colcon.colcon_core.package_identification Level 1 _identify(src/openarm_ros2) by extensions ['cmake', 'python']
[0.142s] colcon.colcon_core.package_identification Level 1 _identify(src/openarm_ros2) by extension 'cmake'
[0.142s] colcon.colcon_core.package_identification Level 1 _identify(src/openarm_ros2) by extension 'python'
[0.142s] colcon.colcon_core.package_identification Level 1 _identify(src/openarm_ros2) by extensions ['python_setup_py']
[0.142s] colcon.colcon_core.package_identification Level 1 _identify(src/openarm_ros2) by extension 'python_setup_py'
[0.142s] colcon.colcon_core.package_identification Level 1 _identify(src/openarm_ros2/dev) by extensions ['ignore', 'ignore_ament_install']
[0.142s] colcon.colcon_core.package_identification Level 1 _identify(src/openarm_ros2/dev) by extension 'ignore'
[0.142s] colcon.colcon_core.package_identification Level 1 _identify(src/openarm_ros2/dev) by extension 'ignore_ament_install'
[0.142s] colcon.colcon_core.package_identification Level 1 _identify(src/openarm_ros2/dev) by extensions ['colcon_pkg']
[0.142s] colcon.colcon_core.package_identification Level 1 _identify(src/openarm_ros2/dev) by extension 'colcon_pkg'
[0.142s] colcon.colcon_core.package_identification Level 1 _identify(src/openarm_ros2/dev) by extensions ['colcon_meta']
[0.142s] colcon.colcon_core.package_identification Level 1 _identify(src/openarm_ros2/dev) by extension 'colcon_meta'
[0.142s] colcon.colcon_core.package_identification Level 1 _identify(src/openarm_ros2/dev) by extensions ['ros']
[0.142s] colcon.colcon_core.package_identification Level 1 _identify(src/openarm_ros2/dev) by extension 'ros'
[0.142s] colcon.colcon_core.package_identification Level 1 _identify(src/openarm_ros2/dev) by extensions ['cmake', 'python']
[0.142s] colcon.colcon_core.package_identification Level 1 _identify(src/openarm_ros2/dev) by extension 'cmake'
[0.142s] colcon.colcon_core.package_identification Level 1 _identify(src/openarm_ros2/dev) by extension 'python'
[0.142s] colcon.colcon_core.package_identification Level 1 _identify(src/openarm_ros2/dev) by extensions ['python_setup_py']
[0.142s] colcon.colcon_core.package_identification Level 1 _identify(src/openarm_ros2/dev) by extension 'python_setup_py'
[0.142s] colcon.colcon_core.package_identification Level 1 _identify(src/openarm_ros2/openarm) by extensions ['ignore', 'ignore_ament_install']
[0.142s] colcon.colcon_core.package_identification Level 1 _identify(src/openarm_ros2/openarm) by extension 'ignore'
[0.142s] colcon.colcon_core.package_identification Level 1 _identify(src/openarm_ros2/openarm) by extension 'ignore_ament_install'
[0.142s] colcon.colcon_core.package_identification Level 1 _identify(src/openarm_ros2/openarm) by extensions ['colcon_pkg']
[0.142s] colcon.colcon_core.package_identification Level 1 _identify(src/openarm_ros2/openarm) by extension 'colcon_pkg'
[0.142s] colcon.colcon_core.package_identification Level 1 _identify(src/openarm_ros2/openarm) by extensions ['colcon_meta']
[0.142s] colcon.colcon_core.package_identification Level 1 _identify(src/openarm_ros2/openarm) by extension 'colcon_meta'
[0.142s] colcon.colcon_core.package_identification Level 1 _identify(src/openarm_ros2/openarm) by extensions ['ros']
[0.142s] colcon.colcon_core.package_identification Level 1 _identify(src/openarm_ros2/openarm) by extension 'ros'
[0.143s] colcon.colcon_core.package_identification DEBUG Package 'src/openarm_ros2/openarm' with type 'ros.ament_cmake' and name 'openarm'
[0.143s] colcon.colcon_core.package_identification Level 1 _identify(src/openarm_ros2/openarm_acm_tool) by extensions ['ignore', 'ignore_ament_install']
[0.143s] colcon.colcon_core.package_identification Level 1 _identify(src/openarm_ros2/openarm_acm_tool) by extension 'ignore'
[0.143s] colcon.colcon_core.package_identification Level 1 _identify(src/openarm_ros2/openarm_acm_tool) by extension 'ignore_ament_install'
[0.143s] colcon.colcon_core.package_identification Level 1 _identify(src/openarm_ros2/openarm_acm_tool) by extensions ['colcon_pkg']
[0.143s] colcon.colcon_core.package_identification Level 1 _identify(src/openarm_ros2/openarm_acm_tool) by extension 'colcon_pkg'
[0.143s] colcon.colcon_core.package_identification Level 1 _identify(src/openarm_ros2/openarm_acm_tool) by extensions ['colcon_meta']
[0.143s] colcon.colcon_core.package_identification Level 1 _identify(src/openarm_ros2/openarm_acm_tool) by extension 'colcon_meta'
[0.143s] colcon.colcon_core.package_identification Level 1 _identify(src/openarm_ros2/openarm_acm_tool) by extensions ['ros']
[0.143s] colcon.colcon_core.package_identification Level 1 _identify(src/openarm_ros2/openarm_acm_tool) by extension 'ros'
[0.143s] colcon.colcon_core.package_identification DEBUG Package 'src/openarm_ros2/openarm_acm_tool' with type 'ros.ament_cmake' and name 'openarm_acm_tool'
[0.143s] colcon.colcon_core.package_identification Level 1 _identify(src/openarm_ros2/openarm_bimanual_moveit_config) by extensions ['ignore', 'ignore_ament_install']
[0.143s] colcon.colcon_core.package_identification Level 1 _identify(src/openarm_ros2/openarm_bimanual_moveit_config) by extension 'ignore'
[0.143s] colcon.colcon_core.package_identification Level 1 _identify(src/openarm_ros2/openarm_bimanual_moveit_config) by extension 'ignore_ament_install'
[0.143s] colcon.colcon_core.package_identification Level 1 _identify(src/openarm_ros2/openarm_bimanual_moveit_config) by extensions ['colcon_pkg']
[0.143s] colcon.colcon_core.package_identification Level 1 _identify(src/openarm_ros2/openarm_bimanual_moveit_config) by extension 'colcon_pkg'
[0.143s] colcon.colcon_core.package_identification Level 1 _identify(src/openarm_ros2/openarm_bimanual_moveit_config) by extensions ['colcon_meta']
[0.143s] colcon.colcon_core.package_identification Level 1 _identify(src/openarm_ros2/openarm_bimanual_moveit_config) by extension 'colcon_meta'
[0.143s] colcon.colcon_core.package_identification Level 1 _identify(src/openarm_ros2/openarm_bimanual_moveit_config) by extensions ['ros']
[0.143s] colcon.colcon_core.package_identification Level 1 _identify(src/openarm_ros2/openarm_bimanual_moveit_config) by extension 'ros'
[0.144s] colcon.colcon_core.package_identification DEBUG Package 'src/openarm_ros2/openarm_bimanual_moveit_config' with type 'ros.ament_cmake' and name 'openarm_bimanual_moveit_config'
[0.144s] colcon.colcon_core.package_identification Level 1 _identify(src/openarm_ros2/openarm_bringup) by extensions ['ignore', 'ignore_ament_install']
[0.144s] colcon.colcon_core.package_identification Level 1 _identify(src/openarm_ros2/openarm_bringup) by extension 'ignore'
[0.144s] colcon.colcon_core.package_identification Level 1 _identify(src/openarm_ros2/openarm_bringup) by extension 'ignore_ament_install'
[0.144s] colcon.colcon_core.package_identification Level 1 _identify(src/openarm_ros2/openarm_bringup) by extensions ['colcon_pkg']
[0.144s] colcon.colcon_core.package_identification Level 1 _identify(src/openarm_ros2/openarm_bringup) by extension 'colcon_pkg'
[0.144s] colcon.colcon_core.package_identification Level 1 _identify(src/openarm_ros2/openarm_bringup) by extensions ['colcon_meta']
[0.144s] colcon.colcon_core.package_identification Level 1 _identify(src/openarm_ros2/openarm_bringup) by extension 'colcon_meta'
[0.144s] colcon.colcon_core.package_identification Level 1 _identify(src/openarm_ros2/openarm_bringup) by extensions ['ros']
[0.144s] colcon.colcon_core.package_identification Level 1 _identify(src/openarm_ros2/openarm_bringup) by extension 'ros'
[0.144s] colcon.colcon_core.package_identification DEBUG Package 'src/openarm_ros2/openarm_bringup' with type 'ros.ament_cmake' and name 'openarm_bringup'
[0.144s] colcon.colcon_core.package_identification Level 1 _identify(src/openarm_ros2/openarm_hardware) by extensions ['ignore', 'ignore_ament_install']
[0.144s] colcon.colcon_core.package_identification Level 1 _identify(src/openarm_ros2/openarm_hardware) by extension 'ignore'
[0.144s] colcon.colcon_core.package_identification Level 1 _identify(src/openarm_ros2/openarm_hardware) by extension 'ignore_ament_install'
[0.144s] colcon.colcon_core.package_identification Level 1 _identify(src/openarm_ros2/openarm_hardware) by extensions ['colcon_pkg']
[0.144s] colcon.colcon_core.package_identification Level 1 _identify(src/openarm_ros2/openarm_hardware) by extension 'colcon_pkg'
[0.144s] colcon.colcon_core.package_identification Level 1 _identify(src/openarm_ros2/openarm_hardware) by extensions ['colcon_meta']
[0.144s] colcon.colcon_core.package_identification Level 1 _identify(src/openarm_ros2/openarm_hardware) by extension 'colcon_meta'
[0.144s] colcon.colcon_core.package_identification Level 1 _identify(src/openarm_ros2/openarm_hardware) by extensions ['ros']
[0.144s] colcon.colcon_core.package_identification Level 1 _identify(src/openarm_ros2/openarm_hardware) by extension 'ros'
[0.145s] colcon.colcon_core.package_identification DEBUG Package 'src/openarm_ros2/openarm_hardware' with type 'ros.ament_cmake' and name 'openarm_hardware'
[0.145s] colcon.colcon_core.package_discovery Level 1 discover_packages(recursive) using defaults
[0.145s] colcon.colcon_core.package_discovery Level 1 discover_packages(ignore) discover
[0.145s] colcon.colcon_core.package_discovery Level 1 discover_packages(ignore) using defaults
[0.145s] colcon.colcon_core.package_discovery Level 1 discover_packages(path) discover
[0.145s] colcon.colcon_core.package_discovery Level 1 discover_packages(path) using defaults
[0.152s] colcon.colcon_core.package_selection INFO Skipping not selected package 'bio_ik' in 'src/bio_ik'
[0.153s] colcon.colcon_core.package_selection INFO Skipping not selected package 'openarm_can' in 'src/openarm_can'
[0.153s] colcon.colcon_core.package_selection INFO Skipping not selected package 'openarm_description' in 'src/openarm_description'
[0.153s] colcon.colcon_core.package_selection INFO Skipping not selected package 'openarm_bimanual_moveit_config' in 'src/openarm_ros2/openarm_bimanual_moveit_config'
[0.153s] colcon.colcon_core.package_selection INFO Skipping not selected package 'openarm_hardware' in 'src/openarm_ros2/openarm_hardware'
[0.153s] colcon.colcon_core.package_selection INFO Skipping not selected package 'openarm_bringup' in 'src/openarm_ros2/openarm_bringup'
[0.153s] colcon.colcon_core.package_selection INFO Skipping not selected package 'openarm' in 'src/openarm_ros2/openarm'
[0.153s] colcon.colcon_core.package_discovery Level 1 discover_packages(prefix_path) check parameters
[0.153s] colcon.colcon_core.package_discovery Level 1 discover_packages(prefix_path) discover
[0.154s] colcon.colcon_installed_package_information.package_discovery DEBUG Found 388 installed packages in /opt/ros/humble
[0.155s] colcon.colcon_core.package_discovery Level 1 discover_packages(prefix_path) using defaults
[0.174s] colcon.colcon_core.verb Level 5 set package 'openarm_acm_tool' build argument 'cmake_args' from command line to 'None'
[0.174s] colcon.colcon_core.verb Level 5 set package 'openarm_acm_tool' build argument 'cmake_target' from command line to 'None'
[0.174s] colcon.colcon_core.verb Level 5 set package 'openarm_acm_tool' build argument 'cmake_target_skip_unavailable' from command line to 'False'
[0.174s] colcon.colcon_core.verb Level 5 set package 'openarm_acm_tool' build argument 'cmake_clean_cache' from command line to 'False'
[0.174s] colcon.colcon_core.verb Level 5 set package 'openarm_acm_tool' build argument 'cmake_clean_first' from command line to 'False'
[0.174s] colcon.colcon_core.verb Level 5 set package 'openarm_acm_tool' build argument 'cmake_force_configure' from command line to 'False'
[0.174s] colcon.colcon_core.verb Level 5 set package 'openarm_acm_tool' build argument 'ament_cmake_args' from command line to 'None'
[0.174s] colcon.colcon_core.verb Level 5 set package 'openarm_acm_tool' build argument 'catkin_cmake_args' from command line to 'None'
[0.174s] colcon.colcon_core.verb Level 5 set package 'openarm_acm_tool' build argument 'catkin_skip_building_tests' from command line to 'False'
[0.174s] colcon.colcon_core.verb DEBUG Building package 'openarm_acm_tool' with the following arguments: {'ament_cmake_args': None, 'build_base': '/home/taoqiu/ros2_ws/build/openarm_acm_tool', 'catkin_cmake_args': None, 'catkin_skip_building_tests': False, 'cmake_args': None, 'cmake_clean_cache': False, 'cmake_clean_first': False, 'cmake_force_configure': False, 'cmake_target': None, 'cmake_target_skip_unavailable': False, 'install_base': '/home/taoqiu/ros2_ws/install/openarm_acm_tool', 'merge_install': False, 'path': '/home/taoqiu/ros2_ws/src/openarm_ros2/openarm_acm_tool', 'symlink_install': False, 'test_result_base': None}
[0.174s] colcon.colcon_core.executor INFO Executing jobs using 'parallel' executor
[0.175s] colcon.colcon_parallel_executor.executor.parallel DEBUG run_until_complete
[0.175s] colcon.colcon_ros.task.ament_cmake.build INFO Building ROS package in '/home/taoqiu/ros2_ws/src/openarm_ros2/openarm_acm_tool' with build type 'ament_cmake'
[0.175s] colcon.colcon_cmake.task.cmake.build INFO Building CMake package in '/home/taoqiu/ros2_ws/src/openarm_ros2/openarm_acm_tool'
[0.176s] colcon.colcon_core.plugin_system INFO Skipping extension 'colcon_core.shell.bat': Not used on non-Windows systems
[0.176s] colcon.colcon_core.shell INFO Skip shell extension 'powershell' for command environment: Not usable outside of PowerShell
[0.176s] colcon.colcon_core.shell DEBUG Skip shell extension 'dsv' for command environment
[0.179s] colcon.colcon_core.event_handler.log_command DEBUG Invoking command in '/home/taoqiu/ros2_ws/build/openarm_acm_tool': CMAKE_PREFIX_PATH=/opt/ros/humble CONDA_PROMPT_MODIFIER=(base) /usr/bin/cmake /home/taoqiu/ros2_ws/src/openarm_ros2/openarm_acm_tool -DCMAKE_INSTALL_PREFIX=/home/taoqiu/ros2_ws/install/openarm_acm_tool
[1.585s] colcon.colcon_core.event_handler.log_command DEBUG Invoked command in '/home/taoqiu/ros2_ws/build/openarm_acm_tool' returned '0': CMAKE_PREFIX_PATH=/opt/ros/humble CONDA_PROMPT_MODIFIER=(base) /usr/bin/cmake /home/taoqiu/ros2_ws/src/openarm_ros2/openarm_acm_tool -DCMAKE_INSTALL_PREFIX=/home/taoqiu/ros2_ws/install/openarm_acm_tool
[1.586s] colcon.colcon_core.event_handler.log_command DEBUG Invoking command in '/home/taoqiu/ros2_ws/build/openarm_acm_tool': CMAKE_PREFIX_PATH=/opt/ros/humble CONDA_PROMPT_MODIFIER=(base) /usr/bin/cmake --build /home/taoqiu/ros2_ws/build/openarm_acm_tool -- -j24 -l24
[4.911s] colcon.colcon_core.event_handler.log_command DEBUG Invoked command in '/home/taoqiu/ros2_ws/build/openarm_acm_tool' returned '0': CMAKE_PREFIX_PATH=/opt/ros/humble CONDA_PROMPT_MODIFIER=(base) /usr/bin/cmake --build /home/taoqiu/ros2_ws/build/openarm_acm_tool -- -j24 -l24
[4.917s] colcon.colcon_core.event_handler.log_command DEBUG Invoking command in '/home/taoqiu/ros2_ws/build/openarm_acm_tool': CMAKE_PREFIX_PATH=/opt/ros/humble CONDA_PROMPT_MODIFIER=(base) /usr/bin/cmake --install /home/taoqiu/ros2_ws/build/openarm_acm_tool
[4.925s] colcon.colcon_core.environment Level 1 create_environment_scripts_only(openarm_acm_tool)
[4.925s] colcon.colcon_core.event_handler.log_command DEBUG Invoked command in '/home/taoqiu/ros2_ws/build/openarm_acm_tool' returned '0': CMAKE_PREFIX_PATH=/opt/ros/humble CONDA_PROMPT_MODIFIER=(base) /usr/bin/cmake --install /home/taoqiu/ros2_ws/build/openarm_acm_tool
[4.928s] colcon.colcon_core.environment Level 1 checking '/home/taoqiu/ros2_ws/install/openarm_acm_tool' for CMake module files
[4.928s] colcon.colcon_core.environment Level 1 checking '/home/taoqiu/ros2_ws/install/openarm_acm_tool' for CMake config files
[4.928s] colcon.colcon_core.shell Level 1 create_environment_hook('openarm_acm_tool', 'cmake_prefix_path')
[4.928s] colcon.colcon_core.shell INFO Creating environment hook '/home/taoqiu/ros2_ws/install/openarm_acm_tool/share/openarm_acm_tool/hook/cmake_prefix_path.ps1'
[4.929s] colcon.colcon_core.shell INFO Creating environment descriptor '/home/taoqiu/ros2_ws/install/openarm_acm_tool/share/openarm_acm_tool/hook/cmake_prefix_path.dsv'
[4.929s] colcon.colcon_core.shell INFO Creating environment hook '/home/taoqiu/ros2_ws/install/openarm_acm_tool/share/openarm_acm_tool/hook/cmake_prefix_path.sh'
[4.930s] colcon.colcon_core.environment Level 1 checking '/home/taoqiu/ros2_ws/install/openarm_acm_tool/lib'
[4.930s] colcon.colcon_core.environment Level 1 checking '/home/taoqiu/ros2_ws/install/openarm_acm_tool/bin'
[4.930s] colcon.colcon_core.environment Level 1 checking '/home/taoqiu/ros2_ws/install/openarm_acm_tool/lib/pkgconfig/openarm_acm_tool.pc'
[4.930s] colcon.colcon_core.environment Level 1 checking '/home/taoqiu/ros2_ws/install/openarm_acm_tool/lib/python3.10/site-packages'
[4.931s] colcon.colcon_core.environment Level 1 checking '/home/taoqiu/ros2_ws/install/openarm_acm_tool/bin'
[4.931s] colcon.colcon_core.shell INFO Creating package script '/home/taoqiu/ros2_ws/install/openarm_acm_tool/share/openarm_acm_tool/package.ps1'
[4.932s] colcon.colcon_core.shell INFO Creating package descriptor '/home/taoqiu/ros2_ws/install/openarm_acm_tool/share/openarm_acm_tool/package.dsv'
[4.932s] colcon.colcon_core.shell INFO Creating package script '/home/taoqiu/ros2_ws/install/openarm_acm_tool/share/openarm_acm_tool/package.sh'
[4.933s] colcon.colcon_core.shell INFO Creating package script '/home/taoqiu/ros2_ws/install/openarm_acm_tool/share/openarm_acm_tool/package.bash'
[4.934s] colcon.colcon_core.shell INFO Creating package script '/home/taoqiu/ros2_ws/install/openarm_acm_tool/share/openarm_acm_tool/package.zsh'
[4.934s] colcon.colcon_core.environment Level 1 create_file_with_runtime_dependencies(/home/taoqiu/ros2_ws/install/openarm_acm_tool/share/colcon-core/packages/openarm_acm_tool)
[4.935s] colcon.colcon_core.environment Level 1 create_environment_scripts_only(openarm_acm_tool)
[4.935s] colcon.colcon_core.environment Level 1 checking '/home/taoqiu/ros2_ws/install/openarm_acm_tool' for CMake module files
[4.935s] colcon.colcon_core.environment Level 1 checking '/home/taoqiu/ros2_ws/install/openarm_acm_tool' for CMake config files
[4.935s] colcon.colcon_core.shell Level 1 create_environment_hook('openarm_acm_tool', 'cmake_prefix_path')
[4.935s] colcon.colcon_core.shell INFO Creating environment hook '/home/taoqiu/ros2_ws/install/openarm_acm_tool/share/openarm_acm_tool/hook/cmake_prefix_path.ps1'
[4.936s] colcon.colcon_core.shell INFO Creating environment descriptor '/home/taoqiu/ros2_ws/install/openarm_acm_tool/share/openarm_acm_tool/hook/cmake_prefix_path.dsv'
[4.936s] colcon.colcon_core.shell INFO Creating environment hook '/home/taoqiu/ros2_ws/install/openarm_acm_tool/share/openarm_acm_tool/hook/cmake_prefix_path.sh'
[4.936s] colcon.colcon_core.environment Level 1 checking '/home/taoqiu/ros2_ws/install/openarm_acm_tool/lib'
[4.936s] colcon.colcon_core.environment Level 1 checking '/home/taoqiu/ros2_ws/install/openarm_acm_tool/bin'
[4.936s] colcon.colcon_core.environment Level 1 checking '/home/taoqiu/ros2_ws/install/openarm_acm_tool/lib/pkgconfig/openarm_acm_tool.pc'
[4.936s] colcon.colcon_core.environment Level 1 checking '/home/taoqiu/ros2_ws/install/openarm_acm_tool/lib/python3.10/site-packages'
[4.936s] colcon.colcon_core.environment Level 1 checking '/home/taoqiu/ros2_ws/install/openarm_acm_tool/bin'
[4.936s] colcon.colcon_core.shell INFO Creating package script '/home/taoqiu/ros2_ws/install/openarm_acm_tool/share/openarm_acm_tool/package.ps1'
[4.937s] colcon.colcon_core.shell INFO Creating package descriptor '/home/taoqiu/ros2_ws/install/openarm_acm_tool/share/openarm_acm_tool/package.dsv'
[4.937s] colcon.colcon_core.shell INFO Creating package script '/home/taoqiu/ros2_ws/install/openarm_acm_tool/share/openarm_acm_tool/package.sh'
[4.937s] colcon.colcon_core.shell INFO Creating package script '/home/taoqiu/ros2_ws/install/openarm_acm_tool/share/openarm_acm_tool/package.bash'
[4.937s] colcon.colcon_core.shell INFO Creating package script '/home/taoqiu/ros2_ws/install/openarm_acm_tool/share/openarm_acm_tool/package.zsh'
[4.937s] colcon.colcon_core.environment Level 1 create_file_with_runtime_dependencies(/home/taoqiu/ros2_ws/install/openarm_acm_tool/share/colcon-core/packages/openarm_acm_tool)
[4.937s] colcon.colcon_parallel_executor.executor.parallel DEBUG closing loop
[4.937s] colcon.colcon_parallel_executor.executor.parallel DEBUG loop closed
[4.938s] colcon.colcon_parallel_executor.executor.parallel DEBUG run_until_complete finished with '0'
[4.938s] colcon.colcon_core.event_reactor DEBUG joining thread
[4.941s] colcon.colcon_core.plugin_system INFO Skipping extension 'colcon_notification.desktop_notification.terminal_notifier': Not used on non-Darwin systems
[4.941s] colcon.colcon_core.plugin_system INFO Skipping extension 'colcon_notification.desktop_notification.win32': Not used on non-Windows systems
[4.941s] colcon.colcon_notification.desktop_notification INFO Sending desktop notification using 'notify2'
[4.954s] colcon.colcon_core.event_reactor DEBUG joined thread
[4.955s] colcon.colcon_core.shell INFO Creating prefix script '/home/taoqiu/ros2_ws/install/local_setup.ps1'
[4.956s] colcon.colcon_core.shell INFO Creating prefix util module '/home/taoqiu/ros2_ws/install/_local_setup_util_ps1.py'
[4.957s] colcon.colcon_core.shell INFO Creating prefix chain script '/home/taoqiu/ros2_ws/install/setup.ps1'
[4.957s] colcon.colcon_core.shell INFO Creating prefix script '/home/taoqiu/ros2_ws/install/local_setup.sh'
[4.958s] colcon.colcon_core.shell INFO Creating prefix util module '/home/taoqiu/ros2_ws/install/_local_setup_util_sh.py'
[4.958s] colcon.colcon_core.shell INFO Creating prefix chain script '/home/taoqiu/ros2_ws/install/setup.sh'
[4.959s] colcon.colcon_core.shell INFO Creating prefix script '/home/taoqiu/ros2_ws/install/local_setup.bash'
[4.959s] colcon.colcon_core.shell INFO Creating prefix chain script '/home/taoqiu/ros2_ws/install/setup.bash'
[4.960s] colcon.colcon_core.shell INFO Creating prefix script '/home/taoqiu/ros2_ws/install/local_setup.zsh'
[4.960s] colcon.colcon_core.shell INFO Creating prefix chain script '/home/taoqiu/ros2_ws/install/setup.zsh'
