-- The C compiler identification is GNU 11.4.0
-- The CXX compiler identification is GNU 11.4.0
-- Detecting C compiler ABI info
-- Detecting C compiler ABI info - done
-- Check for working C compiler: /usr/bin/cc - skipped
-- Detecting C compile features
-- Detecting C compile features - done
-- Detecting CXX compiler ABI info
-- Detecting CXX compiler ABI info - done
-- Check for working CXX compiler: /usr/bin/c++ - skipped
-- Detecting CXX compile features
-- Detecting CXX compile features - done
-- Found ament_cmake: 1.3.14 (/opt/ros/humble/share/ament_cmake/cmake)
-- Found Python3: /home/taoqiu/miniconda3/bin/python3 (found version "3.13.13") found components: Interpreter 
-- Found moveit_core: 2.5.9 (/opt/ros/humble/share/moveit_core/cmake)
-- Found Boost: /usr/lib/x86_64-linux-gnu/cmake/Boost-1.74.0/BoostConfig.cmake (found version "1.74.0") found components: chrono date_time filesystem iostreams program_options regex serialization system thread 
-- Found parameter_traits: 0.7.4 (/opt/ros/humble/share/parameter_traits/cmake)
-- Found rosidl_generator_c: 3.1.8 (/opt/ros/humble/share/rosidl_generator_c/cmake)
-- Found rosidl_adapter: 3.1.8 (/opt/ros/humble/share/rosidl_adapter/cmake)
-- Found rosidl_generator_cpp: 3.1.8 (/opt/ros/humble/share/rosidl_generator_cpp/cmake)
-- Using all available rosidl_typesupport_c: rosidl_typesupport_fastrtps_c;rosidl_typesupport_introspection_c
-- Using all available rosidl_typesupport_cpp: rosidl_typesupport_fastrtps_cpp;rosidl_typesupport_introspection_cpp
-- Found rmw_implementation_cmake: 6.1.2 (/opt/ros/humble/share/rmw_implementation_cmake/cmake)
-- Found rmw_fastrtps_cpp: 6.2.10 (/opt/ros/humble/share/rmw_fastrtps_cpp/cmake)
-- Found OpenSSL: /usr/lib/x86_64-linux-gnu/libcrypto.so (found version "3.0.2")  
-- Found FastRTPS: /opt/ros/humble/include  
-- Using RMW implementation 'rmw_fastrtps_cpp' as default
-- Found Threads: TRUE  
-- Found rclcpp_lifecycle: 16.0.19 (/opt/ros/humble/share/rclcpp_lifecycle/cmake)
-- library: /usr/lib/x86_64-linux-gnu/libcurl.so
-- Found Eigen3: TRUE (found version "3.4.0") 
-- Ensuring Eigen3 include directory is part of orocos-kdl CMake target
-- Configuring done
-- Generating done
-- Build files have been written to: /home/taoqiu/ros2_ws/build/openarm_acm_tool
[ 50%] Building CXX object CMakeFiles/openarm-generate-acm.dir/src/generate_acm.cpp.o
[100%] Linking CXX executable openarm-generate-acm
[100%] Built target openarm-generate-acm
-- Install configuration: ""
-- Installing: /home/taoqiu/ros2_ws/install/openarm_acm_tool/lib/openarm_acm_tool/openarm-generate-acm
-- Set runtime path of "/home/taoqiu/ros2_ws/install/openarm_acm_tool/lib/openarm_acm_tool/openarm-generate-acm" to ""
-- Installing: /home/taoqiu/ros2_ws/install/openarm_acm_tool/share/ament_index/resource_index/package_run_dependencies/openarm_acm_tool
-- Installing: /home/taoqiu/ros2_ws/install/openarm_acm_tool/share/ament_index/resource_index/parent_prefix_path/openarm_acm_tool
-- Installing: /home/taoqiu/ros2_ws/install/openarm_acm_tool/share/openarm_acm_tool/environment/ament_prefix_path.sh
-- Installing: /home/taoqiu/ros2_ws/install/openarm_acm_tool/share/openarm_acm_tool/environment/ament_prefix_path.dsv
-- Installing: /home/taoqiu/ros2_ws/install/openarm_acm_tool/share/openarm_acm_tool/environment/path.sh
-- Installing: /home/taoqiu/ros2_ws/install/openarm_acm_tool/share/openarm_acm_tool/environment/path.dsv
-- Installing: /home/taoqiu/ros2_ws/install/openarm_acm_tool/share/openarm_acm_tool/local_setup.bash
-- Installing: /home/taoqiu/ros2_ws/install/openarm_acm_tool/share/openarm_acm_tool/local_setup.sh
-- Installing: /home/taoqiu/ros2_ws/install/openarm_acm_tool/share/openarm_acm_tool/local_setup.zsh
-- Installing: /home/taoqiu/ros2_ws/install/openarm_acm_tool/share/openarm_acm_tool/local_setup.dsv
-- Installing: /home/taoqiu/ros2_ws/install/openarm_acm_tool/share/openarm_acm_tool/package.dsv
-- Installing: /home/taoqiu/ros2_ws/install/openarm_acm_tool/share/ament_index/resource_index/packages/openarm_acm_tool
-- Installing: /home/taoqiu/ros2_ws/install/openarm_acm_tool/share/openarm_acm_tool/cmake/openarm_acm_toolConfig.cmake
-- Installing: /home/taoqiu/ros2_ws/install/openarm_acm_tool/share/openarm_acm_tool/cmake/openarm_acm_toolConfig-version.cmake
-- Installing: /home/taoqiu/ros2_ws/install/openarm_acm_tool/share/openarm_acm_tool/package.xml
