[0.004s] Invoking command in '/home/taoqiu/ros2_ws/build/openarm_acm_tool': CMAKE_PREFIX_PATH=/opt/ros/humble CONDA_PROMPT_MODIFIER=(base) /usr/bin/cmake /home/taoqiu/ros2_ws/src/openarm_ros2/openarm_acm_tool -DCMAKE_INSTALL_PREFIX=/home/taoqiu/ros2_ws/install/openarm_acm_tool
[0.091s] -- The C compiler identification is GNU 11.4.0
[0.135s] -- The CXX compiler identification is GNU 11.4.0
[0.139s] -- Detecting C compiler ABI info
[0.177s] -- Detecting C compiler ABI info - done
[0.180s] -- Check for working C compiler: /usr/bin/cc - skipped
[0.180s] -- Detecting C compile features
[0.181s] -- Detecting C compile features - done
[0.182s] -- Detecting CXX compiler ABI info
[0.271s] -- Detecting CXX compiler ABI info - done
[0.275s] -- Check for working CXX compiler: /usr/bin/c++ - skipped
[0.276s] -- Detecting CXX compile features
[0.276s] -- Detecting CXX compile features - done
[0.279s] -- Found ament_cmake: 1.3.14 (/opt/ros/humble/share/ament_cmake/cmake)
[0.507s] -- Found Python3: /home/taoqiu/miniconda3/bin/python3 (found version "3.13.13") found components: Interpreter 
[0.566s] -- Found moveit_core: 2.5.9 (/opt/ros/humble/share/moveit_core/cmake)
[0.748s] -- Found Boost: /usr/lib/x86_64-linux-gnu/cmake/Boost-1.74.0/BoostConfig.cmake (found version "1.74.0") found components: chrono date_time filesystem iostreams program_options regex serialization system thread 
[0.791s] -- Found parameter_traits: 0.7.4 (/opt/ros/humble/share/parameter_traits/cmake)
[0.813s] -- Found rosidl_generator_c: 3.1.8 (/opt/ros/humble/share/rosidl_generator_c/cmake)
[0.815s] -- Found rosidl_adapter: 3.1.8 (/opt/ros/humble/share/rosidl_adapter/cmake)
[0.820s] -- Found rosidl_generator_cpp: 3.1.8 (/opt/ros/humble/share/rosidl_generator_cpp/cmake)
[0.827s] -- Using all available rosidl_typesupport_c: rosidl_typesupport_fastrtps_c;rosidl_typesupport_introspection_c
[0.835s] -- Using all available rosidl_typesupport_cpp: rosidl_typesupport_fastrtps_cpp;rosidl_typesupport_introspection_cpp
[0.859s] -- Found rmw_implementation_cmake: 6.1.2 (/opt/ros/humble/share/rmw_implementation_cmake/cmake)
[0.861s] -- Found rmw_fastrtps_cpp: 6.2.10 (/opt/ros/humble/share/rmw_fastrtps_cpp/cmake)
[0.937s] -- Found OpenSSL: /usr/lib/x86_64-linux-gnu/libcrypto.so (found version "3.0.2")  
[0.963s] -- Found FastRTPS: /opt/ros/humble/include  
[0.993s] -- Using RMW implementation 'rmw_fastrtps_cpp' as default
[1.006s] -- Found Threads: TRUE  
[1.046s] -- Found rclcpp_lifecycle: 16.0.19 (/opt/ros/humble/share/rclcpp_lifecycle/cmake)
[1.152s] -- library: /usr/lib/x86_64-linux-gnu/libcurl.so
[1.206s] -- Found Eigen3: TRUE (found version "3.4.0") 
[1.206s] -- Ensuring Eigen3 include directory is part of orocos-kdl CMake target
[1.389s] -- Configuring done
[1.400s] CMake Warning at CMakeLists.txt:10 (add_executable):
[1.400s]   Cannot generate a safe runtime search path for target openarm-generate-acm
[1.400s]   because files in some directories may conflict with libraries in implicit
[1.400s]   directories:
[1.400s] 
[1.400s]     runtime library [libcurl.so.4] in /usr/lib/x86_64-linux-gnu may be hidden by files in:
[1.400s]       /home/taoqiu/miniconda3/lib
[1.400s] 
[1.400s]   Some of these libraries may not be found correctly.
[1.400s] 
[1.400s] 
[1.400s] -- Generating done
[1.403s] -- Build files have been written to: /home/taoqiu/ros2_ws/build/openarm_acm_tool
[1.409s] Invoked command in '/home/taoqiu/ros2_ws/build/openarm_acm_tool' returned '0': CMAKE_PREFIX_PATH=/opt/ros/humble CONDA_PROMPT_MODIFIER=(base) /usr/bin/cmake /home/taoqiu/ros2_ws/src/openarm_ros2/openarm_acm_tool -DCMAKE_INSTALL_PREFIX=/home/taoqiu/ros2_ws/install/openarm_acm_tool
[1.410s] Invoking command in '/home/taoqiu/ros2_ws/build/openarm_acm_tool': CMAKE_PREFIX_PATH=/opt/ros/humble CONDA_PROMPT_MODIFIER=(base) /usr/bin/cmake --build /home/taoqiu/ros2_ws/build/openarm_acm_tool -- -j24 -l24
[1.482s] [ 50%] Building CXX object CMakeFiles/openarm-generate-acm.dir/src/generate_acm.cpp.o
[4.582s] [100%] Linking CXX executable openarm-generate-acm
[4.728s] [100%] Built target openarm-generate-acm
[4.735s] Invoked command in '/home/taoqiu/ros2_ws/build/openarm_acm_tool' returned '0': CMAKE_PREFIX_PATH=/opt/ros/humble CONDA_PROMPT_MODIFIER=(base) /usr/bin/cmake --build /home/taoqiu/ros2_ws/build/openarm_acm_tool -- -j24 -l24
[4.742s] Invoking command in '/home/taoqiu/ros2_ws/build/openarm_acm_tool': CMAKE_PREFIX_PATH=/opt/ros/humble CONDA_PROMPT_MODIFIER=(base) /usr/bin/cmake --install /home/taoqiu/ros2_ws/build/openarm_acm_tool
[4.747s] -- Install configuration: ""
[4.747s] -- Installing: /home/taoqiu/ros2_ws/install/openarm_acm_tool/lib/openarm_acm_tool/openarm-generate-acm
[4.748s] -- Set runtime path of "/home/taoqiu/ros2_ws/install/openarm_acm_tool/lib/openarm_acm_tool/openarm-generate-acm" to ""
[4.748s] -- Installing: /home/taoqiu/ros2_ws/install/openarm_acm_tool/share/ament_index/resource_index/package_run_dependencies/openarm_acm_tool
[4.748s] -- Installing: /home/taoqiu/ros2_ws/install/openarm_acm_tool/share/ament_index/resource_index/parent_prefix_path/openarm_acm_tool
[4.748s] -- Installing: /home/taoqiu/ros2_ws/install/openarm_acm_tool/share/openarm_acm_tool/environment/ament_prefix_path.sh
[4.748s] -- Installing: /home/taoqiu/ros2_ws/install/openarm_acm_tool/share/openarm_acm_tool/environment/ament_prefix_path.dsv
[4.748s] -- Installing: /home/taoqiu/ros2_ws/install/openarm_acm_tool/share/openarm_acm_tool/environment/path.sh
[4.748s] -- Installing: /home/taoqiu/ros2_ws/install/openarm_acm_tool/share/openarm_acm_tool/environment/path.dsv
[4.748s] -- Installing: /home/taoqiu/ros2_ws/install/openarm_acm_tool/share/openarm_acm_tool/local_setup.bash
[4.748s] -- Installing: /home/taoqiu/ros2_ws/install/openarm_acm_tool/share/openarm_acm_tool/local_setup.sh
[4.749s] -- Installing: /home/taoqiu/ros2_ws/install/openarm_acm_tool/share/openarm_acm_tool/local_setup.zsh
[4.749s] -- Installing: /home/taoqiu/ros2_ws/install/openarm_acm_tool/share/openarm_acm_tool/local_setup.dsv
[4.749s] -- Installing: /home/taoqiu/ros2_ws/install/openarm_acm_tool/share/openarm_acm_tool/package.dsv
[4.749s] -- Installing: /home/taoqiu/ros2_ws/install/openarm_acm_tool/share/ament_index/resource_index/packages/openarm_acm_tool
[4.749s] -- Installing: /home/taoqiu/ros2_ws/install/openarm_acm_tool/share/openarm_acm_tool/cmake/openarm_acm_toolConfig.cmake
[4.749s] -- Installing: /home/taoqiu/ros2_ws/install/openarm_acm_tool/share/openarm_acm_tool/cmake/openarm_acm_toolConfig-version.cmake
[4.749s] -- Installing: /home/taoqiu/ros2_ws/install/openarm_acm_tool/share/openarm_acm_tool/package.xml
[4.750s] Invoked command in '/home/taoqiu/ros2_ws/build/openarm_acm_tool' returned '0': CMAKE_PREFIX_PATH=/opt/ros/humble CONDA_PROMPT_MODIFIER=(base) /usr/bin/cmake --install /home/taoqiu/ros2_ws/build/openarm_acm_tool
