[0.004s] Invoking command in '/home/taoqiu/ros2_ws/build/bio_ik': CMAKE_PREFIX_PATH=/opt/ros/humble CONDA_PROMPT_MODIFIER=(base) /usr/bin/cmake /home/taoqiu/ros2_ws/src/bio_ik -DCMAKE_BUILD_TYPE=Release -DCMAKE_INSTALL_PREFIX=/home/taoqiu/ros2_ws/install/bio_ik
[0.054s] -- The C compiler identification is GNU 11.4.0
[0.109s] -- The CXX compiler identification is GNU 11.4.0
[0.114s] -- Detecting C compiler ABI info
[0.158s] -- Detecting C compiler ABI info - done
[0.163s] -- Check for working C compiler: /usr/bin/cc - skipped
[0.163s] -- Detecting C compile features
[0.163s] -- Detecting C compile features - done
[0.164s] -- Detecting CXX compiler ABI info
[0.210s] -- Detecting CXX compiler ABI info - done
[0.213s] -- Check for working CXX compiler: /usr/bin/c++ - skipped
[0.214s] -- Detecting CXX compile features
[0.214s] -- Detecting CXX compile features - done
[0.215s] -- Found ament_cmake: 1.3.14 (/opt/ros/humble/share/ament_cmake/cmake)
[0.437s] -- Found Python3: /home/taoqiu/miniconda3/bin/python3 (found version "3.13.13") found components: Interpreter 
[0.496s] -- Found ament_cmake_ros: 0.10.0 (/opt/ros/humble/share/ament_cmake_ros/cmake)
[0.507s] -- Found moveit_core: 2.5.9 (/opt/ros/humble/share/moveit_core/cmake)
[0.611s] -- Found Boost: /usr/lib/x86_64-linux-gnu/cmake/Boost-1.74.0/BoostConfig.cmake (found version "1.74.0") found components: chrono date_time filesystem iostreams program_options regex serialization system thread 
[0.640s] -- Found parameter_traits: 0.7.4 (/opt/ros/humble/share/parameter_traits/cmake)
[0.660s] -- Found rosidl_generator_c: 3.1.8 (/opt/ros/humble/share/rosidl_generator_c/cmake)
[0.663s] -- Found rosidl_adapter: 3.1.8 (/opt/ros/humble/share/rosidl_adapter/cmake)
[0.667s] -- Found rosidl_generator_cpp: 3.1.8 (/opt/ros/humble/share/rosidl_generator_cpp/cmake)
[0.674s] -- Using all available rosidl_typesupport_c: rosidl_typesupport_fastrtps_c;rosidl_typesupport_introspection_c
[0.683s] -- Using all available rosidl_typesupport_cpp: rosidl_typesupport_fastrtps_cpp;rosidl_typesupport_introspection_cpp
[0.706s] -- Found rmw_implementation_cmake: 6.1.2 (/opt/ros/humble/share/rmw_implementation_cmake/cmake)
[0.707s] -- Found rmw_fastrtps_cpp: 6.2.10 (/opt/ros/humble/share/rmw_fastrtps_cpp/cmake)
[0.774s] -- Found OpenSSL: /usr/lib/x86_64-linux-gnu/libcrypto.so (found version "3.0.2")  
[0.800s] -- Found FastRTPS: /opt/ros/humble/include  
[0.834s] -- Using RMW implementation 'rmw_fastrtps_cpp' as default
[0.841s] -- Found Threads: TRUE  
[0.877s] -- Found rclcpp_lifecycle: 16.0.19 (/opt/ros/humble/share/rclcpp_lifecycle/cmake)
[0.956s] -- library: /usr/lib/x86_64-linux-gnu/libcurl.so
[1.004s] -- Found Eigen3: TRUE (found version "3.4.0") 
[1.004s] -- Ensuring Eigen3 include directory is part of orocos-kdl CMake target
[1.134s] -- Found moveit_ros_planning: 2.5.9 (/opt/ros/humble/share/moveit_ros_planning/cmake)
[1.136s] -- Found Boost: /usr/lib/x86_64-linux-gnu/cmake/Boost-1.74.0/BoostConfig.cmake (found version "1.74.0") found components: system filesystem date_time program_options thread chrono 
[1.343s] -- Found OpenMP_C: -fopenmp (found version "4.5") 
[1.441s] -- Found OpenMP_CXX: -fopenmp (found version "4.5") 
[1.441s] -- Found OpenMP: TRUE (found version "4.5")  
[1.442s] -- OPENMP FOUND
[1.455s] -- Found gtest sources under '/opt/ros/humble/src/gtest_vendor': C++ tests using 'Google Test' will be built
[1.518s] -- Configuring done
[1.534s] CMake Warning at CMakeLists.txt:104 (add_library):
[1.534s]   Cannot generate a safe runtime search path for target bio_ik because files
[1.534s]   in some directories may conflict with libraries in implicit directories:
[1.534s] 
[1.534s]     runtime library [libgomp.so.1] in /usr/lib/gcc/x86_64-linux-gnu/11 may be hidden by files in:
[1.535s]       /home/taoqiu/miniconda3/lib
[1.535s]     runtime library [libcurl.so.4] in /usr/lib/x86_64-linux-gnu may be hidden by files in:
[1.535s]       /home/taoqiu/miniconda3/lib
[1.535s] 
[1.535s]   Some of these libraries may not be found correctly.
[1.535s] 
[1.535s] 
[1.539s] CMake Warning at CMakeLists.txt:127 (add_library):
[1.539s]   Cannot generate a safe runtime search path for target bio_ik_plugin because
[1.539s]   files in some directories may conflict with libraries in implicit
[1.539s]   directories:
[1.539s] 
[1.539s]     runtime library [libcurl.so.4] in /usr/lib/x86_64-linux-gnu may be hidden by files in:
[1.539s]       /home/taoqiu/miniconda3/lib
[1.539s]     runtime library [libgomp.so.1] in /usr/lib/gcc/x86_64-linux-gnu/11 may be hidden by files in:
[1.539s]       /home/taoqiu/miniconda3/lib
[1.539s] 
[1.539s]   Some of these libraries may not be found correctly.
[1.539s] 
[1.539s] 
[1.543s] CMake Warning at /opt/ros/humble/share/ament_cmake_gtest/cmake/ament_add_gtest_executable.cmake:50 (add_executable):
[1.543s]   Cannot generate a safe runtime search path for target bio_ik_test because
[1.543s]   files in some directories may conflict with libraries in implicit
[1.544s]   directories:
[1.544s] 
[1.544s]     runtime library [libcurl.so.4] in /usr/lib/x86_64-linux-gnu may be hidden by files in:
[1.544s]       /home/taoqiu/miniconda3/lib
[1.544s]     runtime library [libgomp.so.1] in /usr/lib/gcc/x86_64-linux-gnu/11 may be hidden by files in:
[1.544s]       /home/taoqiu/miniconda3/lib
[1.544s] 
[1.544s]   Some of these libraries may not be found correctly.
[1.544s] Call Stack (most recent call first):
[1.544s]   /opt/ros/humble/share/ament_cmake_gtest/cmake/ament_add_gtest_executable.cmake:37 (_ament_add_gtest_executable)
[1.544s]   /opt/ros/humble/share/ament_cmake_gtest/cmake/ament_add_gtest.cmake:68 (ament_add_gtest_executable)
[1.544s]   CMakeLists.txt:178 (ament_add_gtest)
[1.544s] 
[1.544s] 
[1.545s] -- Generating done
[1.553s] -- Build files have been written to: /home/taoqiu/ros2_ws/build/bio_ik
[1.562s] Invoked command in '/home/taoqiu/ros2_ws/build/bio_ik' returned '0': CMAKE_PREFIX_PATH=/opt/ros/humble CONDA_PROMPT_MODIFIER=(base) /usr/bin/cmake /home/taoqiu/ros2_ws/src/bio_ik -DCMAKE_BUILD_TYPE=Release -DCMAKE_INSTALL_PREFIX=/home/taoqiu/ros2_ws/install/bio_ik
[1.562s] Invoking command in '/home/taoqiu/ros2_ws/build/bio_ik': CMAKE_PREFIX_PATH=/opt/ros/humble CONDA_PROMPT_MODIFIER=(base) /usr/bin/cmake --build /home/taoqiu/ros2_ws/build/bio_ik -- -j24 -l24
[1.605s] [  4%] Building CXX object gtest/CMakeFiles/gtest_main.dir/src/gtest_main.cc.o
[1.606s] [  9%] Building CXX object CMakeFiles/bio_ik.dir/src/goal_types.cpp.o
[1.607s] [ 14%] Building CXX object CMakeFiles/bio_ik.dir/src/problem.cpp.o
[1.607s] [ 19%] Building CXX object CMakeFiles/bio_ik.dir/src/ik_test.cpp.o
[1.607s] [ 23%] Building CXX object CMakeFiles/bio_ik.dir/src/ik_evolution_1.cpp.o
[1.607s] [ 28%] Building CXX object CMakeFiles/bio_ik.dir/src/ik_evolution_2.cpp.o
[1.607s] [ 33%] Building CXX object gtest/CMakeFiles/gtest.dir/src/gtest-all.cc.o
[1.609s] [ 38%] Building CXX object CMakeFiles/bio_ik.dir/src/ik_gradient.cpp.o
[2.044s] [ 42%] Linking CXX static library libgtest_main.a
[2.085s] [ 42%] Built target gtest_main
[5.512s] [ 47%] Linking CXX static library libgtest.a
[5.572s] [ 47%] Built target gtest
[11.741s] [ 52%] Linking CXX shared library libbio_ik.so
[11.913s] [ 52%] Built target bio_ik
[11.926s] [ 57%] Building CXX object CMakeFiles/bio_ik_plugin.dir/src/goal_types.cpp.o
[11.926s] [ 61%] Building CXX object CMakeFiles/bio_ik_plugin.dir/src/problem.cpp.o
[11.927s] [ 66%] Building CXX object CMakeFiles/bio_ik_plugin.dir/src/ik_gradient.cpp.o
[11.928s] [ 71%] Building CXX object CMakeFiles/bio_ik_plugin.dir/src/ik_evolution_2.cpp.o
[11.928s] [ 76%] Building CXX object CMakeFiles/bio_ik_plugin.dir/src/ik_evolution_1.cpp.o
[11.929s] [ 80%] Building CXX object CMakeFiles/bio_ik_plugin.dir/src/ik_test.cpp.o
[11.929s] [ 85%] Building CXX object CMakeFiles/bio_ik_test.dir/test/utest.cpp.o
[11.930s] [ 90%] Building CXX object CMakeFiles/bio_ik_plugin.dir/src/kinematics_plugin.cpp.o
[15.332s] [ 95%] Linking CXX executable bio_ik_test
[15.516s] [ 95%] Built target bio_ik_test
[22.003s] [100%] Linking CXX shared library libbio_ik_plugin.so
[22.134s] [100%] Built target bio_ik_plugin
[22.142s] Invoked command in '/home/taoqiu/ros2_ws/build/bio_ik' returned '0': CMAKE_PREFIX_PATH=/opt/ros/humble CONDA_PROMPT_MODIFIER=(base) /usr/bin/cmake --build /home/taoqiu/ros2_ws/build/bio_ik -- -j24 -l24
[22.146s] Invoking command in '/home/taoqiu/ros2_ws/build/bio_ik': CMAKE_PREFIX_PATH=/opt/ros/humble CONDA_PROMPT_MODIFIER=(base) /usr/bin/cmake --install /home/taoqiu/ros2_ws/build/bio_ik
[22.152s] -- Install configuration: "Release"
[22.152s] -- Installing: /home/taoqiu/ros2_ws/install/bio_ik/include
[22.152s] -- Installing: /home/taoqiu/ros2_ws/install/bio_ik/include/bio_ik
[22.152s] -- Installing: /home/taoqiu/ros2_ws/install/bio_ik/include/bio_ik/goal_types.h
[22.152s] -- Installing: /home/taoqiu/ros2_ws/install/bio_ik/include/bio_ik/frame.h
[22.152s] -- Installing: /home/taoqiu/ros2_ws/install/bio_ik/include/bio_ik/goal.h
[22.152s] -- Installing: /home/taoqiu/ros2_ws/install/bio_ik/include/bio_ik/robot_info.h
[22.153s] -- Installing: /home/taoqiu/ros2_ws/install/bio_ik/include/bio_ik/bio_ik.h
[22.153s] -- Installing: /home/taoqiu/ros2_ws/install/bio_ik/lib/libbio_ik.so
[22.154s] -- Set runtime path of "/home/taoqiu/ros2_ws/install/bio_ik/lib/libbio_ik.so" to ""
[22.154s] -- Installing: /home/taoqiu/ros2_ws/install/bio_ik/lib/libbio_ik_plugin.so
[22.154s] -- Set runtime path of "/home/taoqiu/ros2_ws/install/bio_ik/lib/libbio_ik_plugin.so" to ""
[22.155s] -- Installing: /home/taoqiu/ros2_ws/install/bio_ik/share/bio_ik/bio_ik_kinematics_description.xml
[22.155s] -- Installing: /home/taoqiu/ros2_ws/install/bio_ik/share/bio_ik/environment/library_path.sh
[22.155s] -- Installing: /home/taoqiu/ros2_ws/install/bio_ik/share/bio_ik/environment/library_path.dsv
[22.155s] -- Installing: /home/taoqiu/ros2_ws/install/bio_ik/share/ament_index/resource_index/package_run_dependencies/bio_ik
[22.155s] -- Installing: /home/taoqiu/ros2_ws/install/bio_ik/share/ament_index/resource_index/parent_prefix_path/bio_ik
[22.155s] -- Installing: /home/taoqiu/ros2_ws/install/bio_ik/share/bio_ik/environment/ament_prefix_path.sh
[22.155s] -- Installing: /home/taoqiu/ros2_ws/install/bio_ik/share/bio_ik/environment/ament_prefix_path.dsv
[22.155s] -- Installing: /home/taoqiu/ros2_ws/install/bio_ik/share/bio_ik/environment/path.sh
[22.155s] -- Installing: /home/taoqiu/ros2_ws/install/bio_ik/share/bio_ik/environment/path.dsv
[22.155s] -- Installing: /home/taoqiu/ros2_ws/install/bio_ik/share/bio_ik/local_setup.bash
[22.155s] -- Installing: /home/taoqiu/ros2_ws/install/bio_ik/share/bio_ik/local_setup.sh
[22.155s] -- Installing: /home/taoqiu/ros2_ws/install/bio_ik/share/bio_ik/local_setup.zsh
[22.155s] -- Installing: /home/taoqiu/ros2_ws/install/bio_ik/share/bio_ik/local_setup.dsv
[22.155s] -- Installing: /home/taoqiu/ros2_ws/install/bio_ik/share/bio_ik/package.dsv
[22.155s] -- Installing: /home/taoqiu/ros2_ws/install/bio_ik/share/ament_index/resource_index/packages/bio_ik
[22.155s] -- Installing: /home/taoqiu/ros2_ws/install/bio_ik/share/ament_index/resource_index/moveit_core__pluginlib__plugin/bio_ik
[22.155s] -- Installing: /home/taoqiu/ros2_ws/install/bio_ik/share/bio_ik/cmake/export_bio_ikExport.cmake
[22.155s] -- Installing: /home/taoqiu/ros2_ws/install/bio_ik/share/bio_ik/cmake/export_bio_ikExport-release.cmake
[22.155s] -- Installing: /home/taoqiu/ros2_ws/install/bio_ik/share/bio_ik/cmake/ament_cmake_export_include_directories-extras.cmake
[22.155s] -- Installing: /home/taoqiu/ros2_ws/install/bio_ik/share/bio_ik/cmake/ament_cmake_export_libraries-extras.cmake
[22.155s] -- Installing: /home/taoqiu/ros2_ws/install/bio_ik/share/bio_ik/cmake/ament_cmake_export_targets-extras.cmake
[22.155s] -- Installing: /home/taoqiu/ros2_ws/install/bio_ik/share/bio_ik/cmake/ament_cmake_export_dependencies-extras.cmake
[22.155s] -- Installing: /home/taoqiu/ros2_ws/install/bio_ik/share/bio_ik/cmake/bio_ikConfig.cmake
[22.156s] -- Installing: /home/taoqiu/ros2_ws/install/bio_ik/share/bio_ik/cmake/bio_ikConfig-version.cmake
[22.156s] -- Installing: /home/taoqiu/ros2_ws/install/bio_ik/share/bio_ik/package.xml
[22.156s] Invoked command in '/home/taoqiu/ros2_ws/build/bio_ik' returned '0': CMAKE_PREFIX_PATH=/opt/ros/humble CONDA_PROMPT_MODIFIER=(base) /usr/bin/cmake --install /home/taoqiu/ros2_ws/build/bio_ik
