[0.016s] Invoking command in '/home/taoqiu/ros2_ws/build/openarm_hardware': CMAKE_PREFIX_PATH=/home/taoqiu/ros2_ws/install/openarm_can:/home/taoqiu/ros2_ws/install/openarm:/home/taoqiu/ros2_ws/install/openarm_hardware:/home/taoqiu/ros2_ws/install/openarm_bringup:/home/taoqiu/ros2_ws/install/openarm_bimanual_moveit_config:/home/taoqiu/ros2_ws/install/openarm_description:/home/taoqiu/ros2_ws/install/openarm_bimanual_planner_msgs:/home/taoqiu/ros2_ws/install/openarm_acm_tool:/home/taoqiu/ros2_ws/install/bio_ik:/home/taoqiu/ros2_ws/install/pick_ik:/home/taoqiu/ros2_ws/install/openarm_bimanual_planner:/opt/ros/humble CONDA_PROMPT_MODIFIER=(base) VIRTUAL_ENV_PROMPT=(venv-openarm-ik) /usr/bin/cmake /home/taoqiu/ros2_ws/src/openarm_ros2/openarm_hardware -DCMAKE_INSTALL_PREFIX=/home/taoqiu/ros2_ws/install/openarm_hardware
[0.023s] -- Found ament_cmake: 1.3.14 (/opt/ros/humble/share/ament_cmake/cmake)
[0.059s] -- Found Python3: /usr/bin/python3 (found version "3.10.12") found components: Interpreter 
[0.094s] -- Override CMake install command with custom implementation using symlinks instead of copying resources
[0.097s] -- Found ament_index_cpp: 1.4.1 (/opt/ros/humble/share/ament_index_cpp/cmake)
[0.098s] -- Found hardware_interface: 2.54.0 (/opt/ros/humble/share/hardware_interface/cmake)
[0.111s] -- Found rosidl_generator_c: 3.1.8 (/opt/ros/humble/share/rosidl_generator_c/cmake)
[0.112s] -- Found rosidl_adapter: 3.1.8 (/opt/ros/humble/share/rosidl_adapter/cmake)
[0.114s] -- Found rosidl_generator_cpp: 3.1.8 (/opt/ros/humble/share/rosidl_generator_cpp/cmake)
[0.119s] -- Using all available rosidl_typesupport_c: rosidl_typesupport_fastrtps_c;rosidl_typesupport_introspection_c
[0.125s] -- Using all available rosidl_typesupport_cpp: rosidl_typesupport_fastrtps_cpp;rosidl_typesupport_introspection_cpp
[0.203s] -- Found rmw_implementation_cmake: 6.1.2 (/opt/ros/humble/share/rmw_implementation_cmake/cmake)
[0.203s] -- Found rmw_fastrtps_cpp: 6.2.10 (/opt/ros/humble/share/rmw_fastrtps_cpp/cmake)
[0.212s] -- Found TinyXML2 via Config file: TinyXML2_DIR-NOTFOUND
[0.217s] -- Found TinyXML2 via Config file: TinyXML2_DIR-NOTFOUND
[0.225s] -- Found TinyXML2 via Config file: TinyXML2_DIR-NOTFOUND
[0.230s] -- Found TinyXML2 via Config file: TinyXML2_DIR-NOTFOUND
[0.237s] -- Using RMW implementation 'rmw_fastrtps_cpp' as default
[0.262s] -- Found Boost: /usr/include (found version "1.74.0") found components: filesystem serialization 
[0.263s] -- eigenpy FOUND. eigenpy at /opt/ros/humble/lib/x86_64-linux-gnu/libeigenpy.so
[0.279s] -- Checking for NumPy
[0.423s] --   NUMPY_INCLUDE_DIRS=/home/taoqiu/.local/lib/python3.10/site-packages/numpy/_core/include
[0.519s] --   NUMPY_VERSION=2.2.6
[0.726s] -- Found Python3: /usr/bin/python3 (found version "3.10.12") found components: Interpreter Development.Module NumPy 
[0.727s] -- PythonLibraryDirs: 
[0.727s] -- PythonLibVersionString: 3.10.12
[0.741s] -- Python site lib: lib/python3.10/site-packages
[0.741s] -- Python include dirs: /usr/include/python3.10
[0.779s] -- Checking for NumPy
[0.882s] --   NUMPY_INCLUDE_DIRS=/home/taoqiu/.local/lib/python3.10/site-packages/numpy/_core/include
[0.940s] --   NUMPY_VERSION=2.2.6
[0.940s] -- NumPy include dir: /home/taoqiu/.local/lib/python3.10/site-packages/numpy/_core/include
[0.944s] [33mCMake Warning at /usr/share/cmake-3.22/Modules/FindBoost.cmake:2201 (message):
[0.944s]   No header defined for python310; skipping header check (note: header-only
[0.944s]   libraries have no designated component)
[0.944s] Call Stack (most recent call first):
[0.944s]   /opt/ros/humble/lib/x86_64-linux-gnu/cmake/eigenpy/boost.cmake:146 (find_package)
[0.944s]   /opt/ros/humble/lib/x86_64-linux-gnu/cmake/eigenpy/eigenpyConfig.cmake:172 (SEARCH_FOR_BOOST_PYTHON)
[0.944s]   /usr/share/cmake-3.22/Modules/CMakeFindDependencyMacro.cmake:47 (find_package)
[0.944s]   /opt/ros/humble/lib/x86_64-linux-gnu/cmake/pinocchio/pinocchioConfig.cmake:184 (find_dependency)
[0.944s]   CMakeLists.txt:34 (find_package)
[0.944s] 
[0.944s] [0m
[0.944s] -- Found Boost: /usr/include (found version "1.74.0") found components: python310 
[1.109s] -- Default C++ standard: 201703
[1.109s] -- C++ standard sufficient: Minimal required 17, currently defined: 17
[1.109s] -- CMAKE_CXX_STANDARD was not set: automatically set to currently defined standard 17
[1.110s] -- coal FOUND. coal at /opt/ros/humble/lib/x86_64-linux-gnu/libcoal.so
[1.113s] -- Found Boost: /usr/include (found version "1.74.0") found components: serialization filesystem 
[1.114s] -- C++ standard sufficient: Minimal required 17, currently defined: 17
[1.114s] -- C++ standard sufficient: Minimal required 17, currently defined: 17
[1.160s] -- Configuring done
[1.166s] -- Generating done
[1.168s] -- Build files have been written to: /home/taoqiu/ros2_ws/build/openarm_hardware
