[0.005s] Invoking command in '/home/taoqiu/ros2_ws/build/openarm_bringup': AMENT_PREFIX_PATH=/home/taoqiu/ros2_ws/install/openarm_bimanual_moveit_config:/home/taoqiu/ros2_ws/install/openarm_description:${AMENT_PREFIX_PATH} CMAKE_PREFIX_PATH=/home/taoqiu/ros2_ws/install/openarm_bimanual_moveit_config:/home/taoqiu/ros2_ws/install/openarm_description:/opt/ros/humble CONDA_PROMPT_MODIFIER=(base) /usr/bin/cmake --build /home/taoqiu/ros2_ws/build/openarm_bringup -- -j24 -l24
[0.060s] Invoked command in '/home/taoqiu/ros2_ws/build/openarm_bringup' returned '0': AMENT_PREFIX_PATH=/home/taoqiu/ros2_ws/install/openarm_bimanual_moveit_config:/home/taoqiu/ros2_ws/install/openarm_description:${AMENT_PREFIX_PATH} CMAKE_PREFIX_PATH=/home/taoqiu/ros2_ws/install/openarm_bimanual_moveit_config:/home/taoqiu/ros2_ws/install/openarm_description:/opt/ros/humble CONDA_PROMPT_MODIFIER=(base) /usr/bin/cmake --build /home/taoqiu/ros2_ws/build/openarm_bringup -- -j24 -l24
[0.061s] Invoking command in '/home/taoqiu/ros2_ws/build/openarm_bringup': AMENT_PREFIX_PATH=/home/taoqiu/ros2_ws/install/openarm_bimanual_moveit_config:/home/taoqiu/ros2_ws/install/openarm_description:${AMENT_PREFIX_PATH} CMAKE_PREFIX_PATH=/home/taoqiu/ros2_ws/install/openarm_bimanual_moveit_config:/home/taoqiu/ros2_ws/install/openarm_description:/opt/ros/humble CONDA_PROMPT_MODIFIER=(base) /usr/bin/cmake --install /home/taoqiu/ros2_ws/build/openarm_bringup
[0.079s] -- Install configuration: ""
[0.079s] -- Up-to-date: /home/taoqiu/ros2_ws/install/openarm_bringup/share/openarm_bringup/launch
[0.080s] -- Up-to-date: /home/taoqiu/ros2_ws/install/openarm_bringup/share/openarm_bringup/launch/openarm.bimanual.launch.py
[0.080s] -- Up-to-date: /home/taoqiu/ros2_ws/install/openarm_bringup/share/openarm_bringup/launch/__pycache__
[0.080s] -- Installing: /home/taoqiu/ros2_ws/install/openarm_bringup/share/openarm_bringup/launch/__pycache__/openarm.bimanual.launch.cpython-313.pyc
[0.080s] -- Up-to-date: /home/taoqiu/ros2_ws/install/openarm_bringup/share/openarm_bringup/config
[0.080s] -- Up-to-date: /home/taoqiu/ros2_ws/install/openarm_bringup/share/openarm_bringup/config/controllers
[0.080s] -- Up-to-date: /home/taoqiu/ros2_ws/install/openarm_bringup/share/openarm_bringup/config/controllers/openarm_bimanual_controllers.yaml
[0.080s] -- Up-to-date: /home/taoqiu/ros2_ws/install/openarm_bringup/share/ament_index/resource_index/package_run_dependencies/openarm_bringup
[0.080s] -- Up-to-date: /home/taoqiu/ros2_ws/install/openarm_bringup/share/ament_index/resource_index/parent_prefix_path/openarm_bringup
[0.080s] -- Up-to-date: /home/taoqiu/ros2_ws/install/openarm_bringup/share/openarm_bringup/environment/ament_prefix_path.sh
[0.081s] -- Up-to-date: /home/taoqiu/ros2_ws/install/openarm_bringup/share/openarm_bringup/environment/ament_prefix_path.dsv
[0.081s] -- Up-to-date: /home/taoqiu/ros2_ws/install/openarm_bringup/share/openarm_bringup/environment/path.sh
[0.081s] -- Up-to-date: /home/taoqiu/ros2_ws/install/openarm_bringup/share/openarm_bringup/environment/path.dsv
[0.081s] -- Up-to-date: /home/taoqiu/ros2_ws/install/openarm_bringup/share/openarm_bringup/local_setup.bash
[0.081s] -- Up-to-date: /home/taoqiu/ros2_ws/install/openarm_bringup/share/openarm_bringup/local_setup.sh
[0.081s] -- Up-to-date: /home/taoqiu/ros2_ws/install/openarm_bringup/share/openarm_bringup/local_setup.zsh
[0.081s] -- Up-to-date: /home/taoqiu/ros2_ws/install/openarm_bringup/share/openarm_bringup/local_setup.dsv
[0.081s] -- Installing: /home/taoqiu/ros2_ws/install/openarm_bringup/share/openarm_bringup/package.dsv
[0.081s] -- Up-to-date: /home/taoqiu/ros2_ws/install/openarm_bringup/share/ament_index/resource_index/packages/openarm_bringup
[0.081s] -- Up-to-date: /home/taoqiu/ros2_ws/install/openarm_bringup/share/openarm_bringup/cmake/openarm_bringupConfig.cmake
[0.082s] -- Up-to-date: /home/taoqiu/ros2_ws/install/openarm_bringup/share/openarm_bringup/cmake/openarm_bringupConfig-version.cmake
[0.082s] -- Up-to-date: /home/taoqiu/ros2_ws/install/openarm_bringup/share/openarm_bringup/package.xml
[0.083s] Invoked command in '/home/taoqiu/ros2_ws/build/openarm_bringup' returned '0': AMENT_PREFIX_PATH=/home/taoqiu/ros2_ws/install/openarm_bimanual_moveit_config:/home/taoqiu/ros2_ws/install/openarm_description:${AMENT_PREFIX_PATH} CMAKE_PREFIX_PATH=/home/taoqiu/ros2_ws/install/openarm_bimanual_moveit_config:/home/taoqiu/ros2_ws/install/openarm_description:/opt/ros/humble CONDA_PROMPT_MODIFIER=(base) /usr/bin/cmake --install /home/taoqiu/ros2_ws/build/openarm_bringup
