-- The C compiler identification is GNU 11.4.0
-- The CXX compiler identification is GNU 11.4.0
-- Detecting C compiler ABI info
-- Detecting C compiler ABI info - done
-- Check for working C compiler: /usr/bin/cc - skipped
-- Detecting C compile features
-- Detecting C compile features - done
-- Detecting CXX compiler ABI info
-- Detecting CXX compiler ABI info - done
-- Check for working CXX compiler: /usr/bin/c++ - skipped
-- Detecting CXX compile features
-- Detecting CXX compile features - done
-- Found ament_cmake: 1.3.14 (/opt/ros/humble/share/ament_cmake/cmake)
-- Found Python3: /home/taoqiu/miniconda3/bin/python3 (found version "3.13.13") found components: Interpreter 
-- Found ament_cmake_ros: 0.10.0 (/opt/ros/humble/share/ament_cmake_ros/cmake)
-- Found generate_parameter_library: 0.7.4 (/opt/ros/humble/share/generate_parameter_library/cmake)
-- Found parameter_traits: 0.7.4 (/opt/ros/humble/share/parameter_traits/cmake)
-- Found rosidl_generator_c: 3.1.8 (/opt/ros/humble/share/rosidl_generator_c/cmake)
-- Found rosidl_adapter: 3.1.8 (/opt/ros/humble/share/rosidl_adapter/cmake)
-- Found rosidl_generator_cpp: 3.1.8 (/opt/ros/humble/share/rosidl_generator_cpp/cmake)
-- Using all available rosidl_typesupport_c: rosidl_typesupport_fastrtps_c;rosidl_typesupport_introspection_c
-- Using all available rosidl_typesupport_cpp: rosidl_typesupport_fastrtps_cpp;rosidl_typesupport_introspection_cpp
-- Found rmw_implementation_cmake: 6.1.2 (/opt/ros/humble/share/rmw_implementation_cmake/cmake)
-- Found rmw_fastrtps_cpp: 6.2.10 (/opt/ros/humble/share/rmw_fastrtps_cpp/cmake)
-- Found OpenSSL: /usr/lib/x86_64-linux-gnu/libcrypto.so (found version "3.0.2")  
-- Found FastRTPS: /opt/ros/humble/include  
-- Using RMW implementation 'rmw_fastrtps_cpp' as default
-- Looking for pthread.h
-- Looking for pthread.h - found
-- Performing Test CMAKE_HAVE_LIBC_PTHREAD
-- Performing Test CMAKE_HAVE_LIBC_PTHREAD - Success
-- Found Threads: TRUE  
-- Found rclcpp_lifecycle: 16.0.19 (/opt/ros/humble/share/rclcpp_lifecycle/cmake)
-- Found moveit_core: 2.5.9 (/opt/ros/humble/share/moveit_core/cmake)
-- Found Boost: /usr/lib/x86_64-linux-gnu/cmake/Boost-1.74.0/BoostConfig.cmake (found version "1.74.0") found components: chrono date_time filesystem iostreams program_options regex serialization system thread 
-- library: /usr/lib/x86_64-linux-gnu/libcurl.so
-- Found Eigen3: TRUE (found version "3.4.0") 
-- Ensuring Eigen3 include directory is part of orocos-kdl CMake target
-- Configuring done
-- Generating done
-- Build files have been written to: /home/taoqiu/ros2_ws/build/pick_ik
[ 10%] Running `/opt/ros/humble/bin/generate_parameter_library_cpp /home/taoqiu/ros2_ws/build/pick_ik/include/pick_ik/pick_ik_parameters.hpp /home/taoqiu/ros2_ws/src/pick_ik/src/pick_ik_parameters.yaml `
[ 20%] Creating deprecated header file /home/taoqiu/ros2_ws/build/pick_ik/include/pick_ik_parameters.hpp
[ 20%] Built target pick_ik_parameters
[ 30%] Building CXX object CMakeFiles/pick_ik_plugin.dir/src/forward_kinematics.cpp.o
[ 50%] Building CXX object CMakeFiles/pick_ik_plugin.dir/src/robot.cpp.o
[ 50%] Building CXX object CMakeFiles/pick_ik_plugin.dir/src/ik_gradient.cpp.o
[ 60%] Building CXX object CMakeFiles/pick_ik_plugin.dir/src/ik_memetic.cpp.o
[ 70%] Building CXX object CMakeFiles/pick_ik_plugin.dir/src/pick_ik_plugin.cpp.o
[ 80%] Building CXX object CMakeFiles/pick_ik_plugin.dir/src/fk_moveit.cpp.o
[ 90%] Building CXX object CMakeFiles/pick_ik_plugin.dir/src/goal.cpp.o
In file included from /home/taoqiu/ros2_ws/src/pick_ik/include/pick_ik/robot.hpp:3,
                 from /home/taoqiu/ros2_ws/src/pick_ik/src/robot.cpp:1:
/opt/ros/humble/include/tl_expected/expected.hpp:19:167: note: ‘#pragma message: tl_expected/expected.hpp is deprecated. Use <tl/expected.hpp> from libexpected-dev, or <rcpputils/tl_expected/expected.hpp> if the system header is not available.’
   19 |   "tl_expected/expected.hpp is deprecated. Use <tl/expected.hpp> from libexpected-dev, or <rcpputils/tl_expected/expected.hpp> if the system header is not available.") // NOLINT
      |                                                                                                                                                                       ^
In file included from /home/taoqiu/ros2_ws/src/pick_ik/include/pick_ik/robot.hpp:3,
                 from /home/taoqiu/ros2_ws/src/pick_ik/include/pick_ik/goal.hpp:4,
                 from /home/taoqiu/ros2_ws/src/pick_ik/src/ik_gradient.cpp:1:
/opt/ros/humble/include/tl_expected/expected.hpp:19:167: note: ‘#pragma message: tl_expected/expected.hpp is deprecated. Use <tl/expected.hpp> from libexpected-dev, or <rcpputils/tl_expected/expected.hpp> if the system header is not available.’
   19 |   "tl_expected/expected.hpp is deprecated. Use <tl/expected.hpp> from libexpected-dev, or <rcpputils/tl_expected/expected.hpp> if the system header is not available.") // NOLINT
      |                                                                                                                                                                       ^
In file included from /home/taoqiu/ros2_ws/src/pick_ik/include/pick_ik/robot.hpp:3,
                 from /home/taoqiu/ros2_ws/src/pick_ik/include/pick_ik/goal.hpp:4,
                 from /home/taoqiu/ros2_ws/src/pick_ik/src/goal.cpp:2:
/opt/ros/humble/include/tl_expected/expected.hpp:19:167: note: ‘#pragma message: tl_expected/expected.hpp is deprecated. Use <tl/expected.hpp> from libexpected-dev, or <rcpputils/tl_expected/expected.hpp> if the system header is not available.’
   19 |   "tl_expected/expected.hpp is deprecated. Use <tl/expected.hpp> from libexpected-dev, or <rcpputils/tl_expected/expected.hpp> if the system header is not available.") // NOLINT
      |                                                                                                                                                                       ^
In file included from /home/taoqiu/ros2_ws/src/pick_ik/include/pick_ik/robot.hpp:3,
                 from /home/taoqiu/ros2_ws/src/pick_ik/include/pick_ik/goal.hpp:4,
                 from /home/taoqiu/ros2_ws/src/pick_ik/src/ik_memetic.cpp:1:
/opt/ros/humble/include/tl_expected/expected.hpp:19:167: note: ‘#pragma message: tl_expected/expected.hpp is deprecated. Use <tl/expected.hpp> from libexpected-dev, or <rcpputils/tl_expected/expected.hpp> if the system header is not available.’
   19 |   "tl_expected/expected.hpp is deprecated. Use <tl/expected.hpp> from libexpected-dev, or <rcpputils/tl_expected/expected.hpp> if the system header is not available.") // NOLINT
      |                                                                                                                                                                       ^
In file included from /home/taoqiu/ros2_ws/src/pick_ik/include/pick_ik/robot.hpp:3,
                 from /home/taoqiu/ros2_ws/src/pick_ik/include/pick_ik/goal.hpp:4,
                 from /home/taoqiu/ros2_ws/src/pick_ik/src/pick_ik_plugin.cpp:2:
/opt/ros/humble/include/tl_expected/expected.hpp:19:167: note: ‘#pragma message: tl_expected/expected.hpp is deprecated. Use <tl/expected.hpp> from libexpected-dev, or <rcpputils/tl_expected/expected.hpp> if the system header is not available.’
   19 |   "tl_expected/expected.hpp is deprecated. Use <tl/expected.hpp> from libexpected-dev, or <rcpputils/tl_expected/expected.hpp> if the system header is not available.") // NOLINT
      |                                                                                                                                                                       ^
In file included from /home/taoqiu/ros2_ws/src/pick_ik/src/pick_ik_plugin.cpp:7:
/home/taoqiu/ros2_ws/build/pick_ik/include/pick_ik_parameters.hpp:1:124: note: ‘#pragma message: #include "pick_ik_parameters.hpp" is deprecated. Use #include <pick_ik/pick_ik_parameters.hpp> instead.’
    1 | #pragma message("#include \"pick_ik_parameters.hpp\" is deprecated. Use #include <pick_ik/pick_ik_parameters.hpp> instead.")
      |                                                                                                                            ^
In file included from /home/taoqiu/ros2_ws/src/pick_ik/src/robot.cpp:6:
/opt/ros/humble/include/tl_expected/expected.hpp:19:167: note: ‘#pragma message: tl_expected/expected.hpp is deprecated. Use <tl/expected.hpp> from libexpected-dev, or <rcpputils/tl_expected/expected.hpp> if the system header is not available.’
   19 |   "tl_expected/expected.hpp is deprecated. Use <tl/expected.hpp> from libexpected-dev, or <rcpputils/tl_expected/expected.hpp> if the system header is not available.") // NOLINT
      |                                                                                                                                                                       ^
[100%] Linking CXX shared library libpick_ik_plugin.so
[100%] Built target pick_ik_plugin
-- Install configuration: ""
-- Up-to-date: /home/taoqiu/ros2_ws/install/pick_ik/include/pick_ik
-- Installing: /home/taoqiu/ros2_ws/install/pick_ik/include/pick_ik/pick_ik_parameters.hpp
-- Up-to-date: /home/taoqiu/ros2_ws/install/pick_ik/share/pick_ik/pick_ik_kinematics_description.xml
-- Up-to-date: /home/taoqiu/ros2_ws/install/pick_ik/include/pick_ik
-- Up-to-date: /home/taoqiu/ros2_ws/install/pick_ik/include/pick_ik/pick_ik
-- Up-to-date: /home/taoqiu/ros2_ws/install/pick_ik/include/pick_ik/pick_ik/pick_ik_plugin.hpp
-- Up-to-date: /home/taoqiu/ros2_ws/install/pick_ik/include/pick_ik/pick_ik/robot.hpp
-- Up-to-date: /home/taoqiu/ros2_ws/install/pick_ik/include/pick_ik/pick_ik/ik_memetic.hpp
-- Up-to-date: /home/taoqiu/ros2_ws/install/pick_ik/include/pick_ik/pick_ik/forward_kinematics.hpp
-- Up-to-date: /home/taoqiu/ros2_ws/install/pick_ik/include/pick_ik/pick_ik/fk_moveit.hpp
-- Up-to-date: /home/taoqiu/ros2_ws/install/pick_ik/include/pick_ik/pick_ik/ik_gradient.hpp
-- Up-to-date: /home/taoqiu/ros2_ws/install/pick_ik/include/pick_ik/pick_ik/goal.hpp
-- Installing: /home/taoqiu/ros2_ws/install/pick_ik/lib/libpick_ik_plugin.so
-- Set runtime path of "/home/taoqiu/ros2_ws/install/pick_ik/lib/libpick_ik_plugin.so" to ""
-- Up-to-date: /home/taoqiu/ros2_ws/install/pick_ik/share/pick_ik/environment/library_path.sh
-- Installing: /home/taoqiu/ros2_ws/install/pick_ik/share/pick_ik/environment/library_path.dsv
-- Installing: /home/taoqiu/ros2_ws/install/pick_ik/share/ament_index/resource_index/package_run_dependencies/pick_ik
-- Installing: /home/taoqiu/ros2_ws/install/pick_ik/share/ament_index/resource_index/parent_prefix_path/pick_ik
-- Up-to-date: /home/taoqiu/ros2_ws/install/pick_ik/share/pick_ik/environment/ament_prefix_path.sh
-- Installing: /home/taoqiu/ros2_ws/install/pick_ik/share/pick_ik/environment/ament_prefix_path.dsv
-- Up-to-date: /home/taoqiu/ros2_ws/install/pick_ik/share/pick_ik/environment/path.sh
-- Installing: /home/taoqiu/ros2_ws/install/pick_ik/share/pick_ik/environment/path.dsv
-- Installing: /home/taoqiu/ros2_ws/install/pick_ik/share/pick_ik/local_setup.bash
-- Installing: /home/taoqiu/ros2_ws/install/pick_ik/share/pick_ik/local_setup.sh
-- Installing: /home/taoqiu/ros2_ws/install/pick_ik/share/pick_ik/local_setup.zsh
-- Installing: /home/taoqiu/ros2_ws/install/pick_ik/share/pick_ik/local_setup.dsv
-- Installing: /home/taoqiu/ros2_ws/install/pick_ik/share/pick_ik/package.dsv
-- Installing: /home/taoqiu/ros2_ws/install/pick_ik/share/ament_index/resource_index/packages/pick_ik
-- Installing: /home/taoqiu/ros2_ws/install/pick_ik/share/ament_index/resource_index/moveit_core__pluginlib__plugin/pick_ik
-- Installing: /home/taoqiu/ros2_ws/install/pick_ik/share/pick_ik/cmake/export_pick_ikExport.cmake
-- Installing: /home/taoqiu/ros2_ws/install/pick_ik/share/pick_ik/cmake/export_pick_ikExport-noconfig.cmake
-- Installing: /home/taoqiu/ros2_ws/install/pick_ik/share/pick_ik/cmake/ament_cmake_export_dependencies-extras.cmake
-- Installing: /home/taoqiu/ros2_ws/install/pick_ik/share/pick_ik/cmake/ament_cmake_export_targets-extras.cmake
-- Installing: /home/taoqiu/ros2_ws/install/pick_ik/share/pick_ik/cmake/pick_ikConfig.cmake
-- Installing: /home/taoqiu/ros2_ws/install/pick_ik/share/pick_ik/cmake/pick_ikConfig-version.cmake
-- Up-to-date: /home/taoqiu/ros2_ws/install/pick_ik/share/pick_ik/package.xml
