[0.005s] Invoking command in '/home/taoqiu/ros2_ws/build/pick_ik': CMAKE_PREFIX_PATH=/opt/ros/humble CONDA_PROMPT_MODIFIER=(base) /usr/bin/cmake /home/taoqiu/ros2_ws/src/pick_ik -DBUILD_TESTING=OFF -Dfmt_DIR=/usr/lib/x86_64-linux-gnu/cmake/fmt -DCMAKE_INSTALL_PREFIX=/home/taoqiu/ros2_ws/install/pick_ik
[0.054s] -- The C compiler identification is GNU 11.4.0
[0.099s] -- The CXX compiler identification is GNU 11.4.0
[0.103s] -- Detecting C compiler ABI info
[0.184s] -- Detecting C compiler ABI info - done
[0.189s] -- Check for working C compiler: /usr/bin/cc - skipped
[0.189s] -- Detecting C compile features
[0.190s] -- Detecting C compile features - done
[0.192s] -- Detecting CXX compiler ABI info
[0.240s] -- Detecting CXX compiler ABI info - done
[0.244s] -- Check for working CXX compiler: /usr/bin/c++ - skipped
[0.244s] -- Detecting CXX compile features
[0.244s] -- Detecting CXX compile features - done
[0.245s] -- Found ament_cmake: 1.3.14 (/opt/ros/humble/share/ament_cmake/cmake)
[0.450s] -- Found Python3: /home/taoqiu/miniconda3/bin/python3 (found version "3.13.13") found components: Interpreter 
[0.498s] -- Found ament_cmake_ros: 0.10.0 (/opt/ros/humble/share/ament_cmake_ros/cmake)
[0.508s] -- Found generate_parameter_library: 0.7.4 (/opt/ros/humble/share/generate_parameter_library/cmake)
[0.509s] -- Found parameter_traits: 0.7.4 (/opt/ros/humble/share/parameter_traits/cmake)
[0.530s] -- Found rosidl_generator_c: 3.1.8 (/opt/ros/humble/share/rosidl_generator_c/cmake)
[0.532s] -- Found rosidl_adapter: 3.1.8 (/opt/ros/humble/share/rosidl_adapter/cmake)
[0.536s] -- Found rosidl_generator_cpp: 3.1.8 (/opt/ros/humble/share/rosidl_generator_cpp/cmake)
[0.541s] -- Using all available rosidl_typesupport_c: rosidl_typesupport_fastrtps_c;rosidl_typesupport_introspection_c
[0.549s] -- Using all available rosidl_typesupport_cpp: rosidl_typesupport_fastrtps_cpp;rosidl_typesupport_introspection_cpp
[0.569s] -- Found rmw_implementation_cmake: 6.1.2 (/opt/ros/humble/share/rmw_implementation_cmake/cmake)
[0.570s] -- Found rmw_fastrtps_cpp: 6.2.10 (/opt/ros/humble/share/rmw_fastrtps_cpp/cmake)
[0.618s] -- Found OpenSSL: /usr/lib/x86_64-linux-gnu/libcrypto.so (found version "3.0.2")  
[0.633s] -- Found FastRTPS: /opt/ros/humble/include  
[0.655s] -- Using RMW implementation 'rmw_fastrtps_cpp' as default
[0.661s] -- Looking for pthread.h
[0.715s] -- Looking for pthread.h - found
[0.715s] -- Performing Test CMAKE_HAVE_LIBC_PTHREAD
[0.817s] -- Performing Test CMAKE_HAVE_LIBC_PTHREAD - Success
[0.818s] -- Found Threads: TRUE  
[0.855s] -- Found rclcpp_lifecycle: 16.0.19 (/opt/ros/humble/share/rclcpp_lifecycle/cmake)
[0.865s] -- Found moveit_core: 2.5.9 (/opt/ros/humble/share/moveit_core/cmake)
[0.881s] -- Found Boost: /usr/lib/x86_64-linux-gnu/cmake/Boost-1.74.0/BoostConfig.cmake (found version "1.74.0") found components: chrono date_time filesystem iostreams program_options regex serialization system thread 
[0.984s] -- library: /usr/lib/x86_64-linux-gnu/libcurl.so
[1.024s] -- Found Eigen3: TRUE (found version "3.4.0") 
[1.024s] -- Ensuring Eigen3 include directory is part of orocos-kdl CMake target
[1.189s] -- Configuring done
[1.199s] -- Generating done
[1.201s] -- Build files have been written to: /home/taoqiu/ros2_ws/build/pick_ik
[1.209s] Invoked command in '/home/taoqiu/ros2_ws/build/pick_ik' returned '0': CMAKE_PREFIX_PATH=/opt/ros/humble CONDA_PROMPT_MODIFIER=(base) /usr/bin/cmake /home/taoqiu/ros2_ws/src/pick_ik -DBUILD_TESTING=OFF -Dfmt_DIR=/usr/lib/x86_64-linux-gnu/cmake/fmt -DCMAKE_INSTALL_PREFIX=/home/taoqiu/ros2_ws/install/pick_ik
[1.210s] Invoking command in '/home/taoqiu/ros2_ws/build/pick_ik': CMAKE_PREFIX_PATH=/opt/ros/humble CONDA_PROMPT_MODIFIER=(base) /usr/bin/cmake --build /home/taoqiu/ros2_ws/build/pick_ik -- -j24 -l24
[1.272s] [ 10%] Running `/opt/ros/humble/bin/generate_parameter_library_cpp /home/taoqiu/ros2_ws/build/pick_ik/include/pick_ik/pick_ik_parameters.hpp /home/taoqiu/ros2_ws/src/pick_ik/src/pick_ik_parameters.yaml `
[1.663s] [ 20%] Creating deprecated header file /home/taoqiu/ros2_ws/build/pick_ik/include/pick_ik_parameters.hpp
[1.673s] [ 20%] Built target pick_ik_parameters
[1.685s] [ 30%] Building CXX object CMakeFiles/pick_ik_plugin.dir/src/forward_kinematics.cpp.o
[1.686s] [ 50%] Building CXX object CMakeFiles/pick_ik_plugin.dir/src/robot.cpp.o
[1.686s] [ 50%] Building CXX object CMakeFiles/pick_ik_plugin.dir/src/ik_gradient.cpp.o
[1.686s] [ 60%] Building CXX object CMakeFiles/pick_ik_plugin.dir/src/ik_memetic.cpp.o
[1.688s] [ 70%] Building CXX object CMakeFiles/pick_ik_plugin.dir/src/pick_ik_plugin.cpp.o
[1.689s] [ 80%] Building CXX object CMakeFiles/pick_ik_plugin.dir/src/fk_moveit.cpp.o
[1.689s] [ 90%] Building CXX object CMakeFiles/pick_ik_plugin.dir/src/goal.cpp.o
[1.968s] In file included from /home/taoqiu/ros2_ws/src/pick_ik/include/pick_ik/robot.hpp:3,
[1.968s]                  from /home/taoqiu/ros2_ws/src/pick_ik/src/robot.cpp:1:
[1.968s] /opt/ros/humble/include/tl_expected/expected.hpp:19:167: note: ‘#pragma message: tl_expected/expected.hpp is deprecated. Use <tl/expected.hpp> from libexpected-dev, or <rcpputils/tl_expected/expected.hpp> if the system header is not available.’
[1.968s]    19 |   "tl_expected/expected.hpp is deprecated. Use <tl/expected.hpp> from libexpected-dev, or <rcpputils/tl_expected/expected.hpp> if the system header is not available.") // NOLINT
[1.968s]       |                                                                                                                                                                       ^
[2.952s] In file included from /home/taoqiu/ros2_ws/src/pick_ik/include/pick_ik/robot.hpp:3,
[2.952s]                  from /home/taoqiu/ros2_ws/src/pick_ik/include/pick_ik/goal.hpp:4,
[2.952s]                  from /home/taoqiu/ros2_ws/src/pick_ik/src/ik_gradient.cpp:1:
[2.952s] /opt/ros/humble/include/tl_expected/expected.hpp:19:167: note: ‘#pragma message: tl_expected/expected.hpp is deprecated. Use <tl/expected.hpp> from libexpected-dev, or <rcpputils/tl_expected/expected.hpp> if the system header is not available.’
[2.952s]    19 |   "tl_expected/expected.hpp is deprecated. Use <tl/expected.hpp> from libexpected-dev, or <rcpputils/tl_expected/expected.hpp> if the system header is not available.") // NOLINT
[2.952s]       |                                                                                                                                                                       ^
[2.974s] In file included from /home/taoqiu/ros2_ws/src/pick_ik/include/pick_ik/robot.hpp:3,
[2.974s]                  from /home/taoqiu/ros2_ws/src/pick_ik/include/pick_ik/goal.hpp:4,
[2.974s]                  from /home/taoqiu/ros2_ws/src/pick_ik/src/goal.cpp:2:
[2.974s] /opt/ros/humble/include/tl_expected/expected.hpp:19:167: note: ‘#pragma message: tl_expected/expected.hpp is deprecated. Use <tl/expected.hpp> from libexpected-dev, or <rcpputils/tl_expected/expected.hpp> if the system header is not available.’
[2.974s]    19 |   "tl_expected/expected.hpp is deprecated. Use <tl/expected.hpp> from libexpected-dev, or <rcpputils/tl_expected/expected.hpp> if the system header is not available.") // NOLINT
[2.974s]       |                                                                                                                                                                       ^
[2.975s] In file included from /home/taoqiu/ros2_ws/src/pick_ik/include/pick_ik/robot.hpp:3,
[2.975s]                  from /home/taoqiu/ros2_ws/src/pick_ik/include/pick_ik/goal.hpp:4,
[2.975s]                  from /home/taoqiu/ros2_ws/src/pick_ik/src/ik_memetic.cpp:1:
[2.975s] /opt/ros/humble/include/tl_expected/expected.hpp:19:167: note: ‘#pragma message: tl_expected/expected.hpp is deprecated. Use <tl/expected.hpp> from libexpected-dev, or <rcpputils/tl_expected/expected.hpp> if the system header is not available.’
[2.975s]    19 |   "tl_expected/expected.hpp is deprecated. Use <tl/expected.hpp> from libexpected-dev, or <rcpputils/tl_expected/expected.hpp> if the system header is not available.") // NOLINT
[2.975s]       |                                                                                                                                                                       ^
[3.018s] In file included from /home/taoqiu/ros2_ws/src/pick_ik/include/pick_ik/robot.hpp:3,
[3.018s]                  from /home/taoqiu/ros2_ws/src/pick_ik/include/pick_ik/goal.hpp:4,
[3.018s]                  from /home/taoqiu/ros2_ws/src/pick_ik/src/pick_ik_plugin.cpp:2:
[3.018s] /opt/ros/humble/include/tl_expected/expected.hpp:19:167: note: ‘#pragma message: tl_expected/expected.hpp is deprecated. Use <tl/expected.hpp> from libexpected-dev, or <rcpputils/tl_expected/expected.hpp> if the system header is not available.’
[3.018s]    19 |   "tl_expected/expected.hpp is deprecated. Use <tl/expected.hpp> from libexpected-dev, or <rcpputils/tl_expected/expected.hpp> if the system header is not available.") // NOLINT
[3.018s]       |                                                                                                                                                                       ^
[3.054s] In file included from /home/taoqiu/ros2_ws/src/pick_ik/src/pick_ik_plugin.cpp:7:
[3.054s] /home/taoqiu/ros2_ws/build/pick_ik/include/pick_ik_parameters.hpp:1:124: note: ‘#pragma message: #include "pick_ik_parameters.hpp" is deprecated. Use #include <pick_ik/pick_ik_parameters.hpp> instead.’
[3.054s]     1 | #pragma message("#include \"pick_ik_parameters.hpp\" is deprecated. Use #include <pick_ik/pick_ik_parameters.hpp> instead.")
[3.054s]       |                                                                                                                            ^
[3.761s] In file included from /home/taoqiu/ros2_ws/src/pick_ik/src/robot.cpp:6:
[3.761s] /opt/ros/humble/include/tl_expected/expected.hpp:19:167: note: ‘#pragma message: tl_expected/expected.hpp is deprecated. Use <tl/expected.hpp> from libexpected-dev, or <rcpputils/tl_expected/expected.hpp> if the system header is not available.’
[3.761s]    19 |   "tl_expected/expected.hpp is deprecated. Use <tl/expected.hpp> from libexpected-dev, or <rcpputils/tl_expected/expected.hpp> if the system header is not available.") // NOLINT
[3.761s]       |                                                                                                                                                                       ^
[5.518s] [100%] Linking CXX shared library libpick_ik_plugin.so
[5.694s] [100%] Built target pick_ik_plugin
[5.702s] Invoked command in '/home/taoqiu/ros2_ws/build/pick_ik' returned '0': CMAKE_PREFIX_PATH=/opt/ros/humble CONDA_PROMPT_MODIFIER=(base) /usr/bin/cmake --build /home/taoqiu/ros2_ws/build/pick_ik -- -j24 -l24
[5.708s] Invoking command in '/home/taoqiu/ros2_ws/build/pick_ik': CMAKE_PREFIX_PATH=/opt/ros/humble CONDA_PROMPT_MODIFIER=(base) /usr/bin/cmake --install /home/taoqiu/ros2_ws/build/pick_ik
[5.714s] -- Install configuration: ""
[5.715s] -- Up-to-date: /home/taoqiu/ros2_ws/install/pick_ik/include/pick_ik
[5.715s] -- Installing: /home/taoqiu/ros2_ws/install/pick_ik/include/pick_ik/pick_ik_parameters.hpp
[5.715s] -- Up-to-date: /home/taoqiu/ros2_ws/install/pick_ik/share/pick_ik/pick_ik_kinematics_description.xml
[5.715s] -- Up-to-date: /home/taoqiu/ros2_ws/install/pick_ik/include/pick_ik
[5.715s] -- Up-to-date: /home/taoqiu/ros2_ws/install/pick_ik/include/pick_ik/pick_ik
[5.715s] -- Up-to-date: /home/taoqiu/ros2_ws/install/pick_ik/include/pick_ik/pick_ik/pick_ik_plugin.hpp
[5.715s] -- Up-to-date: /home/taoqiu/ros2_ws/install/pick_ik/include/pick_ik/pick_ik/robot.hpp
[5.715s] -- Up-to-date: /home/taoqiu/ros2_ws/install/pick_ik/include/pick_ik/pick_ik/ik_memetic.hpp
[5.716s] -- Up-to-date: /home/taoqiu/ros2_ws/install/pick_ik/include/pick_ik/pick_ik/forward_kinematics.hpp
[5.716s] -- Up-to-date: /home/taoqiu/ros2_ws/install/pick_ik/include/pick_ik/pick_ik/fk_moveit.hpp
[5.716s] -- Up-to-date: /home/taoqiu/ros2_ws/install/pick_ik/include/pick_ik/pick_ik/ik_gradient.hpp
[5.716s] -- Up-to-date: /home/taoqiu/ros2_ws/install/pick_ik/include/pick_ik/pick_ik/goal.hpp
[5.716s] -- Installing: /home/taoqiu/ros2_ws/install/pick_ik/lib/libpick_ik_plugin.so
[5.717s] -- Set runtime path of "/home/taoqiu/ros2_ws/install/pick_ik/lib/libpick_ik_plugin.so" to ""
[5.718s] -- Up-to-date: /home/taoqiu/ros2_ws/install/pick_ik/share/pick_ik/environment/library_path.sh
[5.718s] -- Installing: /home/taoqiu/ros2_ws/install/pick_ik/share/pick_ik/environment/library_path.dsv
[5.718s] -- Installing: /home/taoqiu/ros2_ws/install/pick_ik/share/ament_index/resource_index/package_run_dependencies/pick_ik
[5.718s] -- Installing: /home/taoqiu/ros2_ws/install/pick_ik/share/ament_index/resource_index/parent_prefix_path/pick_ik
[5.719s] -- Up-to-date: /home/taoqiu/ros2_ws/install/pick_ik/share/pick_ik/environment/ament_prefix_path.sh
[5.719s] -- Installing: /home/taoqiu/ros2_ws/install/pick_ik/share/pick_ik/environment/ament_prefix_path.dsv
[5.719s] -- Up-to-date: /home/taoqiu/ros2_ws/install/pick_ik/share/pick_ik/environment/path.sh
[5.719s] -- Installing: /home/taoqiu/ros2_ws/install/pick_ik/share/pick_ik/environment/path.dsv
[5.719s] -- Installing: /home/taoqiu/ros2_ws/install/pick_ik/share/pick_ik/local_setup.bash
[5.719s] -- Installing: /home/taoqiu/ros2_ws/install/pick_ik/share/pick_ik/local_setup.sh
[5.719s] -- Installing: /home/taoqiu/ros2_ws/install/pick_ik/share/pick_ik/local_setup.zsh
[5.720s] -- Installing: /home/taoqiu/ros2_ws/install/pick_ik/share/pick_ik/local_setup.dsv
[5.720s] -- Installing: /home/taoqiu/ros2_ws/install/pick_ik/share/pick_ik/package.dsv
[5.720s] -- Installing: /home/taoqiu/ros2_ws/install/pick_ik/share/ament_index/resource_index/packages/pick_ik
[5.720s] -- Installing: /home/taoqiu/ros2_ws/install/pick_ik/share/ament_index/resource_index/moveit_core__pluginlib__plugin/pick_ik
[5.720s] -- Installing: /home/taoqiu/ros2_ws/install/pick_ik/share/pick_ik/cmake/export_pick_ikExport.cmake
[5.720s] -- Installing: /home/taoqiu/ros2_ws/install/pick_ik/share/pick_ik/cmake/export_pick_ikExport-noconfig.cmake
[5.720s] -- Installing: /home/taoqiu/ros2_ws/install/pick_ik/share/pick_ik/cmake/ament_cmake_export_dependencies-extras.cmake
[5.720s] -- Installing: /home/taoqiu/ros2_ws/install/pick_ik/share/pick_ik/cmake/ament_cmake_export_targets-extras.cmake
[5.720s] -- Installing: /home/taoqiu/ros2_ws/install/pick_ik/share/pick_ik/cmake/pick_ikConfig.cmake
[5.720s] -- Installing: /home/taoqiu/ros2_ws/install/pick_ik/share/pick_ik/cmake/pick_ikConfig-version.cmake
[5.720s] -- Up-to-date: /home/taoqiu/ros2_ws/install/pick_ik/share/pick_ik/package.xml
[5.721s] Invoked command in '/home/taoqiu/ros2_ws/build/pick_ik' returned '0': CMAKE_PREFIX_PATH=/opt/ros/humble CONDA_PROMPT_MODIFIER=(base) /usr/bin/cmake --install /home/taoqiu/ros2_ws/build/pick_ik
