[0.012s] Invoking command in '/home/taoqiu/ros2_ws/build/openarm_acm_tool': CMAKE_PREFIX_PATH=${CMAKE_PREFIX_PATH}:/home/taoqiu/ros2_ws/install/pick_ik:/home/taoqiu/ros2_ws/install/openarm_bimanual_planner:/opt/ros/humble CONDA_PROMPT_MODIFIER=(base) VIRTUAL_ENV_PROMPT=(venv-openarm-ik) /usr/bin/cmake --build /home/taoqiu/ros2_ws/build/openarm_acm_tool -- -j24 -l24
[0.041s] [100%] Built target openarm-generate-acm
[0.047s] Invoked command in '/home/taoqiu/ros2_ws/build/openarm_acm_tool' returned '0': CMAKE_PREFIX_PATH=${CMAKE_PREFIX_PATH}:/home/taoqiu/ros2_ws/install/pick_ik:/home/taoqiu/ros2_ws/install/openarm_bimanual_planner:/opt/ros/humble CONDA_PROMPT_MODIFIER=(base) VIRTUAL_ENV_PROMPT=(venv-openarm-ik) /usr/bin/cmake --build /home/taoqiu/ros2_ws/build/openarm_acm_tool -- -j24 -l24
[0.053s] Invoking command in '/home/taoqiu/ros2_ws/build/openarm_acm_tool': CMAKE_PREFIX_PATH=${CMAKE_PREFIX_PATH}:/home/taoqiu/ros2_ws/install/pick_ik:/home/taoqiu/ros2_ws/install/openarm_bimanual_planner:/opt/ros/humble CONDA_PROMPT_MODIFIER=(base) VIRTUAL_ENV_PROMPT=(venv-openarm-ik) /usr/bin/cmake --install /home/taoqiu/ros2_ws/build/openarm_acm_tool
[0.058s] -- Install configuration: ""
[0.058s] -- Up-to-date: /home/taoqiu/ros2_ws/install/openarm_acm_tool/lib/openarm_acm_tool/openarm-generate-acm
[0.058s] -- Up-to-date: /home/taoqiu/ros2_ws/install/openarm_acm_tool/share/ament_index/resource_index/package_run_dependencies/openarm_acm_tool
[0.058s] -- Up-to-date: /home/taoqiu/ros2_ws/install/openarm_acm_tool/share/ament_index/resource_index/parent_prefix_path/openarm_acm_tool
[0.059s] -- Up-to-date: /home/taoqiu/ros2_ws/install/openarm_acm_tool/share/openarm_acm_tool/environment/ament_prefix_path.sh
[0.059s] -- Up-to-date: /home/taoqiu/ros2_ws/install/openarm_acm_tool/share/openarm_acm_tool/environment/ament_prefix_path.dsv
[0.059s] -- Up-to-date: /home/taoqiu/ros2_ws/install/openarm_acm_tool/share/openarm_acm_tool/environment/path.sh
[0.059s] -- Up-to-date: /home/taoqiu/ros2_ws/install/openarm_acm_tool/share/openarm_acm_tool/environment/path.dsv
[0.059s] -- Up-to-date: /home/taoqiu/ros2_ws/install/openarm_acm_tool/share/openarm_acm_tool/local_setup.bash
[0.059s] -- Up-to-date: /home/taoqiu/ros2_ws/install/openarm_acm_tool/share/openarm_acm_tool/local_setup.sh
[0.059s] -- Up-to-date: /home/taoqiu/ros2_ws/install/openarm_acm_tool/share/openarm_acm_tool/local_setup.zsh
[0.059s] -- Up-to-date: /home/taoqiu/ros2_ws/install/openarm_acm_tool/share/openarm_acm_tool/local_setup.dsv
[0.059s] -- Installing: /home/taoqiu/ros2_ws/install/openarm_acm_tool/share/openarm_acm_tool/package.dsv
[0.060s] -- Up-to-date: /home/taoqiu/ros2_ws/install/openarm_acm_tool/share/ament_index/resource_index/packages/openarm_acm_tool
[0.060s] -- Up-to-date: /home/taoqiu/ros2_ws/install/openarm_acm_tool/share/openarm_acm_tool/cmake/openarm_acm_toolConfig.cmake
[0.060s] -- Up-to-date: /home/taoqiu/ros2_ws/install/openarm_acm_tool/share/openarm_acm_tool/cmake/openarm_acm_toolConfig-version.cmake
[0.060s] -- Up-to-date: /home/taoqiu/ros2_ws/install/openarm_acm_tool/share/openarm_acm_tool/package.xml
[0.061s] Invoked command in '/home/taoqiu/ros2_ws/build/openarm_acm_tool' returned '0': CMAKE_PREFIX_PATH=${CMAKE_PREFIX_PATH}:/home/taoqiu/ros2_ws/install/pick_ik:/home/taoqiu/ros2_ws/install/openarm_bimanual_planner:/opt/ros/humble CONDA_PROMPT_MODIFIER=(base) VIRTUAL_ENV_PROMPT=(venv-openarm-ik) /usr/bin/cmake --install /home/taoqiu/ros2_ws/build/openarm_acm_tool
