running develop
running egg_info
creating openarm_bimanual_planner.egg-info
writing openarm_bimanual_planner.egg-info/PKG-INFO
writing dependency_links to openarm_bimanual_planner.egg-info/dependency_links.txt
writing entry points to openarm_bimanual_planner.egg-info/entry_points.txt
writing requirements to openarm_bimanual_planner.egg-info/requires.txt
writing top-level names to openarm_bimanual_planner.egg-info/top_level.txt
writing manifest file 'openarm_bimanual_planner.egg-info/SOURCES.txt'
reading manifest file 'openarm_bimanual_planner.egg-info/SOURCES.txt'
writing manifest file 'openarm_bimanual_planner.egg-info/SOURCES.txt'
running build_ext
Creating /home/taoqiu/ros2_ws/install/openarm_bimanual_planner/lib/python3.10/site-packages/openarm-bimanual-planner.egg-link (link to .)
Installing bimanual_plan_client script to /home/taoqiu/ros2_ws/install/openarm_bimanual_planner/lib/openarm_bimanual_planner
Installing bimanual_plan_server script to /home/taoqiu/ros2_ws/install/openarm_bimanual_planner/lib/openarm_bimanual_planner

Installed /home/taoqiu/ros2_ws/build/openarm_bimanual_planner
running symlink_data
creating /home/taoqiu/ros2_ws/install/openarm_bimanual_planner/share/ament_index
creating /home/taoqiu/ros2_ws/install/openarm_bimanual_planner/share/ament_index/resource_index
creating /home/taoqiu/ros2_ws/install/openarm_bimanual_planner/share/ament_index/resource_index/packages
symbolically linking /home/taoqiu/ros2_ws/build/openarm_bimanual_planner/resource/openarm_bimanual_planner -> /home/taoqiu/ros2_ws/install/openarm_bimanual_planner/share/ament_index/resource_index/packages
symbolically linking /home/taoqiu/ros2_ws/build/openarm_bimanual_planner/package.xml -> /home/taoqiu/ros2_ws/install/openarm_bimanual_planner/share/openarm_bimanual_planner
