[0.006s] Invoking command in '/home/taoqiu/ros2_ws/build/openarm_hardware': CMAKE_PREFIX_PATH=/home/taoqiu/ros2_ws/install/openarm_can:/home/taoqiu/ros2_ws/install/openarm:/home/taoqiu/ros2_ws/install/openarm_hardware:/home/taoqiu/ros2_ws/install/openarm_bringup:/home/taoqiu/ros2_ws/install/openarm_bimanual_moveit_config:/home/taoqiu/ros2_ws/install/openarm_description:/home/taoqiu/ros2_ws/install/openarm_bimanual_planner_msgs:/home/taoqiu/ros2_ws/install/openarm_acm_tool:/home/taoqiu/ros2_ws/install/bio_ik:/home/taoqiu/ros2_ws/install/pick_ik:/home/taoqiu/ros2_ws/install/openarm_bimanual_planner:/opt/ros/humble /usr/bin/cmake /home/taoqiu/ros2_ws/src/openarm_ros2/openarm_hardware -DAMENT_CMAKE_SYMLINK_INSTALL=1 -DCMAKE_INSTALL_PREFIX=/home/taoqiu/ros2_ws/install/openarm_hardware
[0.013s] -- Found ament_cmake: 1.3.14 (/opt/ros/humble/share/ament_cmake/cmake)
[0.086s] -- Override CMake install command with custom implementation using symlinks instead of copying resources
[0.089s] -- Found ament_index_cpp: 1.4.1 (/opt/ros/humble/share/ament_index_cpp/cmake)
[0.089s] -- Found hardware_interface: 2.54.0 (/opt/ros/humble/share/hardware_interface/cmake)
[0.106s] -- Found rosidl_generator_c: 3.1.8 (/opt/ros/humble/share/rosidl_generator_c/cmake)
[0.107s] -- Found rosidl_adapter: 3.1.8 (/opt/ros/humble/share/rosidl_adapter/cmake)
[0.110s] -- Found rosidl_generator_cpp: 3.1.8 (/opt/ros/humble/share/rosidl_generator_cpp/cmake)
[0.114s] -- Using all available rosidl_typesupport_c: rosidl_typesupport_fastrtps_c;rosidl_typesupport_introspection_c
[0.120s] -- Using all available rosidl_typesupport_cpp: rosidl_typesupport_fastrtps_cpp;rosidl_typesupport_introspection_cpp
[0.198s] -- Found rmw_implementation_cmake: 6.1.2 (/opt/ros/humble/share/rmw_implementation_cmake/cmake)
[0.199s] -- Found rmw_fastrtps_cpp: 6.2.10 (/opt/ros/humble/share/rmw_fastrtps_cpp/cmake)
[0.208s] -- Found TinyXML2 via Config file: TinyXML2_DIR-NOTFOUND
[0.213s] -- Found TinyXML2 via Config file: TinyXML2_DIR-NOTFOUND
[0.222s] -- Found TinyXML2 via Config file: TinyXML2_DIR-NOTFOUND
[0.227s] -- Found TinyXML2 via Config file: TinyXML2_DIR-NOTFOUND
[0.232s] -- Using RMW implementation 'rmw_fastrtps_cpp' as default
[0.283s] -- Found Boost: /usr/include (found version "1.74.0") found components: filesystem serialization 
[0.284s] -- eigenpy FOUND. eigenpy at /opt/ros/humble/lib/x86_64-linux-gnu/libeigenpy.so
[0.301s] -- Checking for NumPy
[0.412s] --   NUMPY_INCLUDE_DIRS=/home/taoqiu/.local/lib/python3.10/site-packages/numpy/_core/include
[0.463s] --   NUMPY_VERSION=2.2.6
[0.690s] -- Found Python3: /usr/bin/python3 (found version "3.10.12") found components: Interpreter Development.Module NumPy 
[0.690s] -- PythonLibraryDirs: 
[0.690s] -- PythonLibVersionString: 3.10.12
[0.704s] -- Python site lib: lib/python3.10/site-packages
[0.705s] -- Python include dirs: /usr/include/python3.10
[0.738s] -- Checking for NumPy
[0.823s] --   NUMPY_INCLUDE_DIRS=/home/taoqiu/.local/lib/python3.10/site-packages/numpy/_core/include
[0.920s] --   NUMPY_VERSION=2.2.6
[0.920s] -- NumPy include dir: /home/taoqiu/.local/lib/python3.10/site-packages/numpy/_core/include
[0.922s] CMake Warning at /usr/share/cmake-3.22/Modules/FindBoost.cmake:2201 (message):
[0.922s]   No header defined for python310; skipping header check (note: header-only
[0.922s]   libraries have no designated component)
[0.922s] Call Stack (most recent call first):
[0.922s]   /opt/ros/humble/lib/x86_64-linux-gnu/cmake/eigenpy/boost.cmake:146 (find_package)
[0.922s]   /opt/ros/humble/lib/x86_64-linux-gnu/cmake/eigenpy/eigenpyConfig.cmake:172 (SEARCH_FOR_BOOST_PYTHON)
[0.922s]   /usr/share/cmake-3.22/Modules/CMakeFindDependencyMacro.cmake:47 (find_package)
[0.922s]   /opt/ros/humble/lib/x86_64-linux-gnu/cmake/pinocchio/pinocchioConfig.cmake:184 (find_dependency)
[0.923s]   CMakeLists.txt:34 (find_package)
[0.923s] 
[0.923s] 
[0.924s] -- Found Boost: /usr/include (found version "1.74.0") found components: python310 
[1.073s] -- Default C++ standard: 201703
[1.074s] -- Minimal C++ standard upgraded to 11
[1.074s] -- C++ standard sufficient: Minimal required 11, currently defined: 17
[1.074s] -- CMAKE_CXX_STANDARD was not set: automatically set to currently defined standard 17
[1.075s] -- coal FOUND. coal at /opt/ros/humble/lib/x86_64-linux-gnu/libcoal.so
[1.079s] -- Found Boost: /usr/include (found version "1.74.0") found components: serialization filesystem 
[1.080s] -- C++ standard sufficient: Minimal required 11, currently defined: 17
[1.081s] -- Minimal C++ standard upgraded to 17
[1.081s] -- C++ standard sufficient: Minimal required 17, currently defined: 17
[1.119s] -- Configuring done
[1.124s] -- Generating done
[1.126s] -- Build files have been written to: /home/taoqiu/ros2_ws/build/openarm_hardware
[1.132s] Invoked command in '/home/taoqiu/ros2_ws/build/openarm_hardware' returned '0': CMAKE_PREFIX_PATH=/home/taoqiu/ros2_ws/install/openarm_can:/home/taoqiu/ros2_ws/install/openarm:/home/taoqiu/ros2_ws/install/openarm_hardware:/home/taoqiu/ros2_ws/install/openarm_bringup:/home/taoqiu/ros2_ws/install/openarm_bimanual_moveit_config:/home/taoqiu/ros2_ws/install/openarm_description:/home/taoqiu/ros2_ws/install/openarm_bimanual_planner_msgs:/home/taoqiu/ros2_ws/install/openarm_acm_tool:/home/taoqiu/ros2_ws/install/bio_ik:/home/taoqiu/ros2_ws/install/pick_ik:/home/taoqiu/ros2_ws/install/openarm_bimanual_planner:/opt/ros/humble /usr/bin/cmake /home/taoqiu/ros2_ws/src/openarm_ros2/openarm_hardware -DAMENT_CMAKE_SYMLINK_INSTALL=1 -DCMAKE_INSTALL_PREFIX=/home/taoqiu/ros2_ws/install/openarm_hardware
[1.133s] Invoking command in '/home/taoqiu/ros2_ws/build/openarm_hardware': CMAKE_PREFIX_PATH=/home/taoqiu/ros2_ws/install/openarm_can:/home/taoqiu/ros2_ws/install/openarm:/home/taoqiu/ros2_ws/install/openarm_hardware:/home/taoqiu/ros2_ws/install/openarm_bringup:/home/taoqiu/ros2_ws/install/openarm_bimanual_moveit_config:/home/taoqiu/ros2_ws/install/openarm_description:/home/taoqiu/ros2_ws/install/openarm_bimanual_planner_msgs:/home/taoqiu/ros2_ws/install/openarm_acm_tool:/home/taoqiu/ros2_ws/install/bio_ik:/home/taoqiu/ros2_ws/install/pick_ik:/home/taoqiu/ros2_ws/install/openarm_bimanual_planner:/opt/ros/humble /usr/bin/cmake --build /home/taoqiu/ros2_ws/build/openarm_hardware -- -j24 -l24
[1.177s] Consolidate compiler generated dependencies of target openarm_hardware
[1.193s] [ 50%] Building CXX object CMakeFiles/openarm_hardware.dir/src/openarm_simple_hardware.cpp.o
[8.792s] [100%] Linking CXX shared library libopenarm_hardware.so
[8.980s] [100%] Built target openarm_hardware
[8.988s] Invoked command in '/home/taoqiu/ros2_ws/build/openarm_hardware' returned '0': CMAKE_PREFIX_PATH=/home/taoqiu/ros2_ws/install/openarm_can:/home/taoqiu/ros2_ws/install/openarm:/home/taoqiu/ros2_ws/install/openarm_hardware:/home/taoqiu/ros2_ws/install/openarm_bringup:/home/taoqiu/ros2_ws/install/openarm_bimanual_moveit_config:/home/taoqiu/ros2_ws/install/openarm_description:/home/taoqiu/ros2_ws/install/openarm_bimanual_planner_msgs:/home/taoqiu/ros2_ws/install/openarm_acm_tool:/home/taoqiu/ros2_ws/install/bio_ik:/home/taoqiu/ros2_ws/install/pick_ik:/home/taoqiu/ros2_ws/install/openarm_bimanual_planner:/opt/ros/humble /usr/bin/cmake --build /home/taoqiu/ros2_ws/build/openarm_hardware -- -j24 -l24
[8.993s] Invoking command in '/home/taoqiu/ros2_ws/build/openarm_hardware': CMAKE_PREFIX_PATH=/home/taoqiu/ros2_ws/install/openarm_can:/home/taoqiu/ros2_ws/install/openarm:/home/taoqiu/ros2_ws/install/openarm_hardware:/home/taoqiu/ros2_ws/install/openarm_bringup:/home/taoqiu/ros2_ws/install/openarm_bimanual_moveit_config:/home/taoqiu/ros2_ws/install/openarm_description:/home/taoqiu/ros2_ws/install/openarm_bimanual_planner_msgs:/home/taoqiu/ros2_ws/install/openarm_acm_tool:/home/taoqiu/ros2_ws/install/bio_ik:/home/taoqiu/ros2_ws/install/pick_ik:/home/taoqiu/ros2_ws/install/openarm_bimanual_planner:/opt/ros/humble /usr/bin/cmake --install /home/taoqiu/ros2_ws/build/openarm_hardware
[9.000s] -- Install configuration: ""
[9.000s] -- Execute custom install script
[9.001s] -- Symlinking: /home/taoqiu/ros2_ws/install/openarm_hardware/share/openarm_hardware//openarm_hardware.xml
[9.009s] -- Symlinking: /home/taoqiu/ros2_ws/install/openarm_hardware/lib/libopenarm_hardware.so
[9.024s] -- Symlinking: /home/taoqiu/ros2_ws/install/openarm_hardware/include/openarm_hardware/openarm_simple_hardware.hpp
[9.039s] -- Symlinking: /home/taoqiu/ros2_ws/install/openarm_hardware/include/openarm_hardware/visibility_control.h
[9.049s] -- Symlinking: /home/taoqiu/ros2_ws/install/openarm_hardware/share/openarm_hardware/environment/library_path.sh
[9.063s] -- Symlinking: /home/taoqiu/ros2_ws/install/openarm_hardware/share/openarm_hardware/environment/library_path.dsv
[9.079s] -- Symlinking: /home/taoqiu/ros2_ws/install/openarm_hardware/share/ament_index/resource_index/package_run_dependencies/openarm_hardware
[9.098s] -- Symlinking: /home/taoqiu/ros2_ws/install/openarm_hardware/share/ament_index/resource_index/parent_prefix_path/openarm_hardware
[9.111s] -- Symlinking: /home/taoqiu/ros2_ws/install/openarm_hardware/share/openarm_hardware/environment/ament_prefix_path.sh
[9.117s] -- Symlinking: /home/taoqiu/ros2_ws/install/openarm_hardware/share/openarm_hardware/environment/ament_prefix_path.dsv
[9.122s] -- Symlinking: /home/taoqiu/ros2_ws/install/openarm_hardware/share/openarm_hardware/environment/path.sh
[9.128s] -- Symlinking: /home/taoqiu/ros2_ws/install/openarm_hardware/share/openarm_hardware/environment/path.dsv
[9.133s] -- Symlinking: /home/taoqiu/ros2_ws/install/openarm_hardware/share/openarm_hardware/local_setup.bash
[9.139s] -- Symlinking: /home/taoqiu/ros2_ws/install/openarm_hardware/share/openarm_hardware/local_setup.sh
[9.143s] -- Symlinking: /home/taoqiu/ros2_ws/install/openarm_hardware/share/openarm_hardware/local_setup.zsh
[9.147s] -- Symlinking: /home/taoqiu/ros2_ws/install/openarm_hardware/share/openarm_hardware/local_setup.dsv
[9.153s] -- Symlinking: /home/taoqiu/ros2_ws/install/openarm_hardware/share/openarm_hardware/package.dsv
[9.159s] -- Symlinking: /home/taoqiu/ros2_ws/install/openarm_hardware/share/ament_index/resource_index/packages/openarm_hardware
[9.164s] -- Symlinking: /home/taoqiu/ros2_ws/install/openarm_hardware/share/ament_index/resource_index/hardware_interface__pluginlib__plugin/openarm_hardware
[9.169s] -- Symlinking: /home/taoqiu/ros2_ws/install/openarm_hardware/share/openarm_hardware/cmake/ament_cmake_export_include_directories-extras.cmake
[9.173s] -- Symlinking: /home/taoqiu/ros2_ws/install/openarm_hardware/share/openarm_hardware/cmake/ament_cmake_export_libraries-extras.cmake
[9.178s] -- Symlinking: /home/taoqiu/ros2_ws/install/openarm_hardware/share/openarm_hardware/cmake/ament_cmake_export_dependencies-extras.cmake
[9.183s] -- Symlinking: /home/taoqiu/ros2_ws/install/openarm_hardware/share/openarm_hardware/cmake/openarm_hardwareConfig.cmake
[9.188s] -- Symlinking: /home/taoqiu/ros2_ws/install/openarm_hardware/share/openarm_hardware/cmake/openarm_hardwareConfig-version.cmake
[9.193s] -- Symlinking: /home/taoqiu/ros2_ws/install/openarm_hardware/share/openarm_hardware/package.xml
[9.198s] Invoked command in '/home/taoqiu/ros2_ws/build/openarm_hardware' returned '0': CMAKE_PREFIX_PATH=/home/taoqiu/ros2_ws/install/openarm_can:/home/taoqiu/ros2_ws/install/openarm:/home/taoqiu/ros2_ws/install/openarm_hardware:/home/taoqiu/ros2_ws/install/openarm_bringup:/home/taoqiu/ros2_ws/install/openarm_bimanual_moveit_config:/home/taoqiu/ros2_ws/install/openarm_description:/home/taoqiu/ros2_ws/install/openarm_bimanual_planner_msgs:/home/taoqiu/ros2_ws/install/openarm_acm_tool:/home/taoqiu/ros2_ws/install/bio_ik:/home/taoqiu/ros2_ws/install/pick_ik:/home/taoqiu/ros2_ws/install/openarm_bimanual_planner:/opt/ros/humble /usr/bin/cmake --install /home/taoqiu/ros2_ws/build/openarm_hardware
