[0.005s] Invoking command in '/home/taoqiu/ros2_ws/build/openarm_acm_tool': CMAKE_PREFIX_PATH=/opt/ros/humble CONDA_PROMPT_MODIFIER=(base) /usr/bin/cmake --build /home/taoqiu/ros2_ws/build/openarm_acm_tool -- -j24 -l24
[0.045s] Consolidate compiler generated dependencies of target openarm-generate-acm
[0.066s] [ 50%] Building CXX object CMakeFiles/openarm-generate-acm.dir/src/generate_acm.cpp.o
[3.032s] [100%] Linking CXX executable openarm-generate-acm
[3.163s] [100%] Built target openarm-generate-acm
[3.171s] Invoked command in '/home/taoqiu/ros2_ws/build/openarm_acm_tool' returned '0': CMAKE_PREFIX_PATH=/opt/ros/humble CONDA_PROMPT_MODIFIER=(base) /usr/bin/cmake --build /home/taoqiu/ros2_ws/build/openarm_acm_tool -- -j24 -l24
[3.176s] Invoking command in '/home/taoqiu/ros2_ws/build/openarm_acm_tool': CMAKE_PREFIX_PATH=/opt/ros/humble CONDA_PROMPT_MODIFIER=(base) /usr/bin/cmake --install /home/taoqiu/ros2_ws/build/openarm_acm_tool
[3.184s] -- Install configuration: ""
[3.184s] -- Installing: /home/taoqiu/ros2_ws/install/openarm_acm_tool/lib/openarm_acm_tool/openarm-generate-acm
[3.185s] -- Set runtime path of "/home/taoqiu/ros2_ws/install/openarm_acm_tool/lib/openarm_acm_tool/openarm-generate-acm" to ""
[3.185s] -- Up-to-date: /home/taoqiu/ros2_ws/install/openarm_acm_tool/share/ament_index/resource_index/package_run_dependencies/openarm_acm_tool
[3.186s] -- Up-to-date: /home/taoqiu/ros2_ws/install/openarm_acm_tool/share/ament_index/resource_index/parent_prefix_path/openarm_acm_tool
[3.186s] -- Up-to-date: /home/taoqiu/ros2_ws/install/openarm_acm_tool/share/openarm_acm_tool/environment/ament_prefix_path.sh
[3.186s] -- Up-to-date: /home/taoqiu/ros2_ws/install/openarm_acm_tool/share/openarm_acm_tool/environment/ament_prefix_path.dsv
[3.186s] -- Up-to-date: /home/taoqiu/ros2_ws/install/openarm_acm_tool/share/openarm_acm_tool/environment/path.sh
[3.186s] -- Up-to-date: /home/taoqiu/ros2_ws/install/openarm_acm_tool/share/openarm_acm_tool/environment/path.dsv
[3.186s] -- Up-to-date: /home/taoqiu/ros2_ws/install/openarm_acm_tool/share/openarm_acm_tool/local_setup.bash
[3.186s] -- Up-to-date: /home/taoqiu/ros2_ws/install/openarm_acm_tool/share/openarm_acm_tool/local_setup.sh
[3.186s] -- Up-to-date: /home/taoqiu/ros2_ws/install/openarm_acm_tool/share/openarm_acm_tool/local_setup.zsh
[3.186s] -- Up-to-date: /home/taoqiu/ros2_ws/install/openarm_acm_tool/share/openarm_acm_tool/local_setup.dsv
[3.186s] -- Installing: /home/taoqiu/ros2_ws/install/openarm_acm_tool/share/openarm_acm_tool/package.dsv
[3.186s] -- Up-to-date: /home/taoqiu/ros2_ws/install/openarm_acm_tool/share/ament_index/resource_index/packages/openarm_acm_tool
[3.186s] -- Up-to-date: /home/taoqiu/ros2_ws/install/openarm_acm_tool/share/openarm_acm_tool/cmake/openarm_acm_toolConfig.cmake
[3.186s] -- Up-to-date: /home/taoqiu/ros2_ws/install/openarm_acm_tool/share/openarm_acm_tool/cmake/openarm_acm_toolConfig-version.cmake
[3.186s] -- Up-to-date: /home/taoqiu/ros2_ws/install/openarm_acm_tool/share/openarm_acm_tool/package.xml
[3.187s] Invoked command in '/home/taoqiu/ros2_ws/build/openarm_acm_tool' returned '0': CMAKE_PREFIX_PATH=/opt/ros/humble CONDA_PROMPT_MODIFIER=(base) /usr/bin/cmake --install /home/taoqiu/ros2_ws/build/openarm_acm_tool
